DRY s305-D3 rc=0 :: DRY RUN — would stamp cleanly, NOTHING WRITTEN: s305-D3 status 'ruled' → 'enacted', evidence +1 (sha 27efb7b6); file
DRY s305-D5 rc=0 :: DRY RUN — would stamp cleanly, NOTHING WRITTEN: s305-D5 status 'ruled' → 'enacted', evidence +1 (sha 27efb7b6); file
DRY s305-D6 rc=0 :: DRY RUN — would stamp cleanly, NOTHING WRITTEN: s305-D6 status 'ruled' → 'enacted', evidence +1 (sha 27efb7b6); file
DRY s305-D8 rc=0 :: DRY RUN — would stamp cleanly, NOTHING WRITTEN: s305-D8 status 'ruled' → 'enacted', evidence +1 (sha 27efb7b6); file
DRY s305-D9 rc=0 :: DRY RUN — would stamp cleanly, NOTHING WRITTEN: s305-D9 status 'ruled' → 'enacted', evidence +1 (sha 27efb7b6); file
DRY s305-D11 rc=0 :: DRY RUN — would stamp cleanly, NOTHING WRITTEN: s305-D11 status 'ruled' → 'enacted', evidence +1 (sha 27efb7b6); fil
DRY s305-D12 rc=0 :: DRY RUN — would stamp cleanly, NOTHING WRITTEN: s305-D12 status 'ruled' → 'enacted', evidence +1 (sha 27efb7b6); fil
DRY s305-D13 rc=0 :: DRY RUN — would stamp cleanly, NOTHING WRITTEN: s305-D13 status 'ruled' → 'enacted', evidence +1 (sha 27efb7b6); fil
DRY s305-D27 rc=0 :: DRY RUN — would stamp cleanly, NOTHING WRITTEN: s305-D27 status 'ruled' → 'enacted', evidence +1 (sha 27efb7b6); fil
DRY s305-D42 rc=0 :: DRY RUN — would stamp cleanly, NOTHING WRITTEN: s305-D42 status 'ruled' → 'enacted', evidence +1 (sha 27efb7b6); fil
DRY s305-D15 rc=0 :: DRY RUN — would stamp cleanly, NOTHING WRITTEN: s305-D15 status 'ruled' → 'enacted', evidence +1 (sha 27efb7b6); fil
DRY s305-D16 rc=0 :: DRY RUN — would stamp cleanly, NOTHING WRITTEN: s305-D16 status 'ruled' → 'enacted', evidence +1 (sha 27efb7b6); fil
DRY s305-D21 rc=0 :: DRY RUN — would stamp cleanly, NOTHING WRITTEN: s305-D21 status 'ruled' → 'enacted', evidence +1 (sha 27efb7b6); fil
DRY s305-D22 rc=0 :: DRY RUN — would stamp cleanly, NOTHING WRITTEN: s305-D22 status 'ruled' → 'enacted', evidence +1 (sha 27efb7b6); fil
DRY s305-D23 rc=0 :: DRY RUN — would stamp cleanly, NOTHING WRITTEN: s305-D23 status 'ruled' → 'enacted', evidence +1 (sha 27efb7b6); fil
DRY s305-D25 rc=0 :: DRY RUN — would stamp cleanly, NOTHING WRITTEN: s305-D25 status 'ruled' → 'enacted', evidence +1 (sha 27efb7b6); fil
DRY s305-D26 rc=0 :: DRY RUN — would stamp cleanly, NOTHING WRITTEN: s305-D26 status 'ruled' → 'enacted', evidence +1 (sha 27efb7b6); fil
DRY s305-D44 rc=0 :: DRY RUN — would stamp cleanly, NOTHING WRITTEN: s305-D44 status 'ruled' → 'enacted', evidence +1 (sha 27efb7b6); fil
WRITE s305-D3 rc=2 :: ⛔ state your intention: --dry-run or --write. Nothing done.
WRITE s305-D5 rc=2 :: ⛔ state your intention: --dry-run or --write. Nothing done.
WRITE s305-D6 rc=2 :: ⛔ state your intention: --dry-run or --write. Nothing done.
WRITE s305-D8 rc=2 :: ⛔ state your intention: --dry-run or --write. Nothing done.
WRITE s305-D9 rc=2 :: ⛔ state your intention: --dry-run or --write. Nothing done.
WRITE s305-D11 rc=2 :: ⛔ state your intention: --dry-run or --write. Nothing done.
WRITE s305-D12 rc=2 :: ⛔ state your intention: --dry-run or --write. Nothing done.
WRITE s305-D13 rc=2 :: ⛔ state your intention: --dry-run or --write. Nothing done.
WRITE s305-D27 rc=2 :: ⛔ state your intention: --dry-run or --write. Nothing done.
WRITE s305-D42 rc=2 :: ⛔ state your intention: --dry-run or --write. Nothing done.
WRITE s305-D15 rc=2 :: ⛔ state your intention: --dry-run or --write. Nothing done.
WRITE s305-D16 rc=2 :: ⛔ state your intention: --dry-run or --write. Nothing done.
WRITE s305-D21 rc=2 :: ⛔ state your intention: --dry-run or --write. Nothing done.
WRITE s305-D22 rc=2 :: ⛔ state your intention: --dry-run or --write. Nothing done.
WRITE s305-D23 rc=2 :: ⛔ state your intention: --dry-run or --write. Nothing done.
WRITE s305-D25 rc=2 :: ⛔ state your intention: --dry-run or --write. Nothing done.
WRITE s305-D26 rc=2 :: ⛔ state your intention: --dry-run or --write. Nothing done.
WRITE s305-D44 rc=2 :: ⛔ state your intention: --dry-run or --write. Nothing done.
(the 18 bare runs above refused rc=2, nothing written; re-run with --write)
WRITE s305-D3 rc=0 :: STAMPED: s305-D3 status 'ruled' → 'enacted', evidence +1 (sha 27efb7b6); file 1118100 → 1118245 bytes; reconstruction proof PASSED (ever
WRITE s305-D5 rc=0 :: STAMPED: s305-D5 status 'ruled' → 'enacted', evidence +1 (sha 27efb7b6); file 1118245 → 1118390 bytes; reconstruction proof PASSED (ever
WRITE s305-D6 rc=0 :: STAMPED: s305-D6 status 'ruled' → 'enacted', evidence +1 (sha 27efb7b6); file 1118390 → 1118533 bytes; reconstruction proof PASSED (ever
WRITE s305-D8 rc=0 :: STAMPED: s305-D8 status 'ruled' → 'enacted', evidence +1 (sha 27efb7b6); file 1118533 → 1118678 bytes; reconstruction proof PASSED (ever
WRITE s305-D9 rc=0 :: STAMPED: s305-D9 status 'ruled' → 'enacted', evidence +1 (sha 27efb7b6); file 1118678 → 1118827 bytes; reconstruction proof PASSED (ever
WRITE s305-D11 rc=0 :: STAMPED: s305-D11 status 'ruled' → 'enacted', evidence +1 (sha 27efb7b6); file 1118827 → 1118977 bytes; reconstruction proof PASSED (eve
WRITE s305-D12 rc=0 :: STAMPED: s305-D12 status 'ruled' → 'enacted', evidence +1 (sha 27efb7b6); file 1118977 → 1119124 bytes; reconstruction proof PASSED (eve
WRITE s305-D13 rc=0 :: STAMPED: s305-D13 status 'ruled' → 'enacted', evidence +1 (sha 27efb7b6); file 1119124 → 1119274 bytes; reconstruction proof PASSED (eve
WRITE s305-D27 rc=0 :: STAMPED: s305-D27 status 'ruled' → 'enacted', evidence +1 (sha 27efb7b6); file 1119274 → 1119420 bytes; reconstruction proof PASSED (eve
WRITE s305-D42 rc=0 :: STAMPED: s305-D42 status 'ruled' → 'enacted', evidence +1 (sha 27efb7b6); file 1119420 → 1119565 bytes; reconstruction proof PASSED (eve
WRITE s305-D15 rc=0 :: STAMPED: s305-D15 status 'ruled' → 'enacted', evidence +1 (sha 27efb7b6); file 1119565 → 1119711 bytes; reconstruction proof PASSED (eve
WRITE s305-D16 rc=0 :: STAMPED: s305-D16 status 'ruled' → 'enacted', evidence +1 (sha 27efb7b6); file 1119711 → 1119857 bytes; reconstruction proof PASSED (eve
WRITE s305-D21 rc=0 :: STAMPED: s305-D21 status 'ruled' → 'enacted', evidence +1 (sha 27efb7b6); file 1119857 → 1120003 bytes; reconstruction proof PASSED (eve
WRITE s305-D22 rc=0 :: STAMPED: s305-D22 status 'ruled' → 'enacted', evidence +1 (sha 27efb7b6); file 1120003 → 1120149 bytes; reconstruction proof PASSED (eve
WRITE s305-D23 rc=0 :: STAMPED: s305-D23 status 'ruled' → 'enacted', evidence +1 (sha 27efb7b6); file 1120149 → 1120295 bytes; reconstruction proof PASSED (eve
WRITE s305-D25 rc=0 :: STAMPED: s305-D25 status 'ruled' → 'enacted', evidence +1 (sha 27efb7b6); file 1120295 → 1120445 bytes; reconstruction proof PASSED (eve
WRITE s305-D26 rc=0 :: STAMPED: s305-D26 status 'ruled' → 'enacted', evidence +1 (sha 27efb7b6); file 1120445 → 1120595 bytes; reconstruction proof PASSED (eve
WRITE s305-D44 rc=0 :: STAMPED: s305-D44 status 'ruled' → 'enacted', evidence +1 (sha 27efb7b6); file 1120595 → 1120741 bytes; reconstruction proof PASSED (eve
