-- pre-checks
knowledge/gen_kg_titles.py --check rc=0 :: gen_kg_titles --check OK — {'artefact': 5, 'guideline': 13, 'polarity': 30, 'rule': 473, 'ruling': 695, 'session': 92} titled · 0 untitled · in sync 
knowledge/gen_dashboard.py --check rc=0 :: gen_dashboard --check OK — dashboard/index.html in sync. 
knowledge/_build_integrity.py --check rc=0 :: schema valid: 137/137 
-- serial after stamps
knowledge/_render_rulings.py rc=0 :: wrote /sessions/rcw-01hph5xdw9a12lkzujcer9xa/mnt/Projects--UX-design/notes/_RULINGS.html  695 rulings  163 sessions  1395772 bytes  sha256 614c76a7f3c5ec2a7653d5f2fe586fb3c13f2eccbadcd2a42d173dfa816c6
knowledge/tokens/_build_blast_radius.py rc=0 :: orphans: 907 
knowledge/_build_memento_index.py rc=0 :: memento index: 2338 records → knowledge/_memento-index.json (brief:206, carries-section:82, component-meta:139, context-node:222, dream:14, gauge-block:286, gm-archive-section:274, gm-section:20, la
knowledge/_build_graph_mention_map.py rc=0 :: graph mention map: 102 of 102 node(s) mentioned, 1971 record hit(s) total -> _graph-mention-map.json 
knowledge/_gen_chain.py rc=0 ::   ✅ _CHAIN.md: 7,848 tiktoken cl100k_base · GM header+LATEST 5346 tk · LS LATEST delta only (of 36 delta lines) 1654 tk · FILE 7,848 tiktoken cl100k_base = slice 7,000 + wrapper 848 · fixed poin
knowledge/_gen_schematic.py rc=0 ::   ✅ reviews/MEMENTO-SCHEMATIC-2026-08-07-v2.html: 30,551 bytes · 0 declared gap(s) rendered 
knowledge/gen_dashboard.py --check rc=0 :: gen_dashboard --check OK — dashboard/index.html in sync. 
knowledge/gen_kg_titles.py --check rc=0 :: gen_kg_titles --check OK — {'artefact': 5, 'guideline': 13, 'polarity': 30, 'rule': 473, 'ruling': 695, 'session': 92} titled · 0 untitled · in sync 
knowledge/_build_kg_explorer.py rc=0 (129s) ::   tokens family (s277-D12, ratified s277-D12; chip OFF by default): 44 new nodes / 835 bindsToken   sources family (s305-D26, ratified s305-D26; chip OFF by default): 116 new nodes / 402 edges 
-- checks
knowledge/_render_rulings.py --check rc=0 :: FRESH _RULINGS.html matches _rulings.json sha256 614c76a7f3c5ec2a7653d5f2fe586fb3c13f2eccbadcd2a42d173dfa816c62ae 
knowledge/tokens/_build_blast_radius.py --check rc=0 :: ✓ _build_blast_radius --check PASS — tokens/_blast-radius.json and _GRAPH-REPORT.md match a fresh compute() (content, not mtime) 
knowledge/_build_memento_index.py --check rc=0 :: memento index --check: current (2338 records) 
knowledge/_build_graph_mention_map.py --check rc=0 :: graph mention map --check: current (102 of 102 node(s) mentioned) 
knowledge/_gen_chain.py --check rc=0 ::   ✅ _CHAIN.md is FRESH — byte-matches the live chain · GM header+LATEST 5346 tk · LS LATEST delta only (of 36 delta lines) 1654 tk · FILE 7,848 tiktoken 
knowledge/_gen_schematic.py --check rc=0 ::   ✅ reviews/MEMENTO-SCHEMATIC-2026-08-07-v2.html is FRESH — byte-matches a render against the live tree 
knowledge/_governs.py --selftest rc=0 ::   _governs.py selftest: all bites green 
