— 146 steps read from _build_all.STEPS by ast (never imported) · per-step timeout 60s · ALL steps (mutating included)

  ✅ [ 1] compliance knowledge graph
  ✅ [ 2] token blast-radius + graph report
  ✅ [ 3] token blast-radius + graph report — determinism/staleness chec
  ✅ [ 4] token blast-radius + graph report selftest (#79 P6)
  ✅ [ 5] guideline rules index (gate)
  ✅ [ 6] runbook index (generated)
  ✅ [ 7] standing-instructions reachability gate
  ❌ [ 8] help-gate — no entry point may write before it reads argv (#15  exit 1
  ✅ [ 9] help-gate selftest — 5 mutation bites (#158 class gate)
  ❌ [10] assertion veracity gate — claims that can rot  exit 1
  ✅ [11] assertion veracity selftest — verbs bite + registry well-forme
  ✅ [12] capture/provenance gate — status+provenance on new notes+dossi
  ❌ [13] capture/provenance selftest (Memento §4.1)  exit 1
  ✅ [14] gauge-tokens selftest -- counting path + cache + degraded-meas
  ✅ [15] roll-state measurer selftest (#77 T1)
  ✅ [16] commit-seam harness — _git_commit.sh fixture-repo arms (#78-D1
  ✅ [17] GM/LS mover selftest — hardened move mechanics (M5)
  ✅ [18] section-usage instrumentation selftest (#23)
  ✅ [19] lane records — regenerate LS §🛤 view (O1′ #24)
  ✅ [20] lane records determinism check (O1′ #24)

==============================================================================
SURVEY: 17 pass · 3 FAIL · 0 COULD-NOT-ASK (self-declared refusals) · 0 unaskable (missing/timed out) · 0 not asked (mutating) · 126 outside --range 1:20 (not asked)
⚠ 'not asked' is NOT 'passing' — it is excluded from the exit code, deliberately.
⚠ 'COULD-NOT-ASK' is NOT 'passing' either. It is a step that named the input it could
  not reach, so the job does not go red for an ENVIRONMENT fact dressed as an artefact
  verdict (#173/#183, generalised #193). Every one is printed in full below. A step
  that timed out or is MISSING is a different thing and still fails: nobody asked it
  and it never said why.
⚠ A RANGED SURVEY IS A PARTIAL VERDICT: only a full pass over all steps, or consecutive ranges covering them, says anything about the build.

THE FULL FAILURE SET (3) — this is the number no single `_build_all.py` run can tell you:

  [8] help-gate — no entry point may write before it reads argv (#158 class gate)
      python3 knowledge/_validate_help_gate.py    (exit 1)
      ❌ knowledge/_bite_goal.py: NO HELP GATE — add

  [10] assertion veracity gate — claims that can rot
      python3 knowledge/_validate_assertions.py    (exit 1)
      [✗] ASSERT-009 environment  count=138 (want eq 137) in root=repo

  [13] capture/provenance selftest (Memento §4.1)
      python3 knowledge/_capture_gate.py --selftest   (exit 1)
      ❌ FAIL GOOD-MORNING.md: no `pre-flight:` stamp — the handoff must carry the estimate the session was priced with (runbook § ★ Half 0b). Form (Dave #56

— recorded → /sessions/rcw-0115rtjy4mpbeejfbjiuhael/clone304/notes/_BUILD-VERDICT-LOG.jsonl
