— 146 steps read from _build_all.STEPS by ast (never imported) · per-step timeout 60s · ALL steps (mutating included)

⚠ --resume: proceeding over a dirty tree. The dirt below must be the PRIOR
  chunk's regeneration — if you cannot name why every path is dirty, STOP.
  (#61's 'gutted' state IS this state: stripped-not-yet-re-enriched, healed
  only by a COMPLETE pass over the remaining steps.)
    M knowledge/_ASSERTIONS.md
     M knowledge/_CAPTURE-GATE.md
     M knowledge/_GRAPH-REPORT.md
     M knowledge/_RUNBOOKS.md
     M knowledge/compliance/graph-index.json
     M knowledge/compliance/rules/wcag-1.1.1-non-text-content.json
     M knowledge/compliance/rules/wcag-1.2.2-captions-prerecorded.json
     M knowledge/compliance/rules/wcag-1.2.5-audio-description-prerecorded.json
     M knowledge/compliance/rules/wcag-1.3.1-info-and-relationships.json
     M knowledge/compliance/rules/wcag-1.3.2-meaningful-sequence.json
     M knowledge/compliance/rules/wcag-1.3.5-identify-input-purpose.json
     M knowledge/compliance/rules/wcag-1.4.1-use-of-color.json
     M knowledge/compliance/rules/wcag-1.4.10-reflow.json
     M knowledge/compliance/rules/wcag-1.4.11-non-text-contrast.json
     M knowledge/compliance/rules/wcag-1.4.12-text-spacing.json
     M knowledge/compliance/rules/wcag-1.4.13-content-on-hover-or-focus.json
     M knowledge/compliance/rules/wcag-1.4.3-contrast-minimum.json
     M knowledge/compliance/rules/wcag-1.4.4-resize-text.json
     M knowledge/compliance/rules/wcag-2.1.1-keyboard.json
     M knowledge/compliance/rules/wcag-2.1.2-no-keyboard-trap.json
     M knowledge/compliance/rules/wcag-2.2.1-timing-adjustable.json
     M knowledge/compliance/rules/wcag-2.2.2-pause-stop-hide.json
     M knowledge/compliance/rules/wcag-2.3.3-animation-from-interactions.json
     M knowledge/compliance/rules/wcag-2.4.1-bypass-blocks.json
     M knowledge/compliance/rules/wcag-2.4.11-focus-not-obscured-minimum.json
     M knowledge/compliance/rules/wcag-2.4.2-page-titled.json
     M knowledge/compliance/rules/wcag-2.4.3-focus-order.json
     M knowledge/compliance/rules/wcag-2.4.4-link-purpose-in-context.json
     M knowledge/compliance/rules/wcag-2.4.5-multiple-ways.json
     M knowledge/compliance/rules/wcag-2.4.6-headings-and-labels.json
     M knowledge/compliance/rules/wcag-2.4.7-focus-visible.json
     M knowledge/compliance/rules/wcag-2.4.8-location.json
     M knowledge/compliance/rules/wcag-2.5.5-target-size-enhanced.json
     M knowledge/compliance/rules/wcag-2.5.7-dragging-movements.json
     M knowledge/compliance/rules/wcag-2.5.8-target-size-minimum.json
     M knowledge/compliance/rules/wcag-3.2.1-on-focus.json
     M knowledge/compliance/rules/wcag-3.2.3-consistent-navigation.json
     M knowledge/compliance/rules/wcag-3.3.1-error-identification.json
     M knowledge/compliance/rules/wcag-3.3.2-labels-or-instructions.json
     M knowledge/compliance/rules/wcag-3.3.3-error-suggestion.json
     M knowledge/compliance/rules/wcag-4.1.1-parsing.json
     M knowledge/compliance/rules/wcag-4.1.2-name-role-value.json
     M knowledge/compliance/rules/wcag-4.1.3-status-messages.json
     M knowledge/tokens/_blast-radius.json
     M notes/_BUILD-VERDICT-LOG.jsonl
  ✅ [21] lane records selftest — schema refusals + routing contract (O1
  ✅ [22] cross-reference index
  ✅ [23] sutherland acceptance fixtures
  ✅ [24] states-completeness probe (advisory)
  ✅ [25] worklist store gate — open items state what would close them; 
  ✅ [26] worklist store selftest — schema presence gates incl. priority
  ✅ [27] decision-graph — typed edges + conflict gate (advisory, ADR-00
  ✅ [28] decision-graph selftest — conflict gate bites on unresolved/op
  ✅ [29] spine-writer selftest — splice invariants + no-half-writes (#7
  ✅ [30] _LIVE-STATE staleness gate + lifecycle-block generation (advis
  ✅ [31] advisory signals — prose rules (advisory)
  ✅ [32] review queue
  ✅ [33] dark-mode coverage audit
  ✅ [34] text/icon contrast audit
  ✅ [35] indicator/accent contrast audit
  ✅ [36] icon contrast delta — brand 4.5 vs 3 (advisory)
  ✅ [37] dark-surface flatness gate
  ❌ [38] component-partials sync — AUTO-PARTIAL injection + contracts (  exit 1
  ✅ [39] component-partials selftest (ADR-0013)
  ✅ [40] token-set distribution sync — AUTO-TOKENS injection (s121-D1)
  ✅ [41] token-set distribution selftest (s121-D1)
  ✅ [42] Behaviour contract gate — dv-behaviour size + banned patterns 
  ✅ [43] Behaviour contract selftest (ADR-0015)
  ✅ [44] canon components — regenerate from snippets (ADR-0013 ruling 4
  ✅ [45] canon components determinism check (ADR-0013 ruling 4)
  ✅ [46] partial re-implementation ratchet (ADR-0013)
  ✅ [47] partial-ratchet selftest (ADR-0013)
  ✅ [48] token projection sync — snippets/tranches/canon literals (gen_
  ✅ [49] snippet gate
  ✅ [50] theme cascade sync — [data-apollo-theme] layer (ADR-0011)

==============================================================================
SURVEY: 29 pass · 1 FAIL · 0 COULD-NOT-ASK (self-declared refusals) · 0 unaskable (missing/timed out) · 0 not asked (mutating) · 116 outside --range 21:50 (not asked)
⚠ 'not asked' is NOT 'passing' — it is excluded from the exit code, deliberately.
⚠ 'COULD-NOT-ASK' is NOT 'passing' either. It is a step that named the input it could
  not reach, so the job does not go red for an ENVIRONMENT fact dressed as an artefact
  verdict (#173/#183, generalised #193). Every one is printed in full below. A step
  that timed out or is MISSING is a different thing and still fails: nobody asked it
  and it never said why.
⚠ A RANGED SURVEY IS A PARTIAL VERDICT: only a full pass over all steps, or consecutive ranges covering them, says anything about the build.

THE FULL FAILURE SET (1) — this is the number no single `_build_all.py` run can tell you:

  [38] component-partials sync — AUTO-PARTIAL injection + contracts (ADR-0013)
      python3 knowledge/gen_component_partials.py --check   (exit 1)
      gen_component_partials CONTRACT FAILURES:

— recorded → /sessions/rcw-0115rtjy4mpbeejfbjiuhael/clone304/notes/_BUILD-VERDICT-LOG.jsonl
