2026-09-27T20:19:32.3056300Z Current runner version: '2.337.0'
2026-09-27T20:19:32.3081181Z ##[group]Runner Image Provisioner
2026-09-27T20:19:32.3082056Z Hosted Compute Agent
2026-09-27T20:19:32.3082943Z Version: 20260828.587
2026-09-27T20:19:32.3083588Z Commit: abac92662cab4cc7352de4f9f9d2e2419aad9c29
2026-09-27T20:19:32.3084581Z Build Date: 2026-08-28T16:44:25Z
2026-09-27T20:19:32.3085330Z Worker ID: {3dd9f2df-8b23-4bd2-9207-04aed662695a}
2026-09-27T20:19:32.3086026Z Azure Region: westcentralus
2026-09-27T20:19:32.3086632Z ##[endgroup]
2026-09-27T20:19:32.3087961Z ##[group]Operating System
2026-09-27T20:19:32.3088564Z Ubuntu
2026-09-27T20:19:32.3089096Z 24.04.5
2026-09-27T20:19:32.3089579Z LTS
2026-09-27T20:19:32.3090098Z ##[endgroup]
2026-09-27T20:19:32.3090631Z ##[group]Runner Image
2026-09-27T20:19:32.3091183Z Image: ubuntu-24.04
2026-09-27T20:19:32.3091742Z Version: 20260920.314.1
2026-09-27T20:19:32.3093083Z Included Software: https://github.com/actions/runner-images/blob/ubuntu24/20260920.314/images/ubuntu/Ubuntu2404-Readme.md
2026-09-27T20:19:32.3094611Z Image Release: https://github.com/actions/runner-images/releases/tag/ubuntu24%2F20260920.314
2026-09-27T20:19:32.3095509Z ##[endgroup]
2026-09-27T20:19:32.3096656Z ##[group]GITHUB_TOKEN Permissions
2026-09-27T20:19:32.3098935Z Contents: read
2026-09-27T20:19:32.3099518Z Metadata: read
2026-09-27T20:19:32.3100049Z Packages: read
2026-09-27T20:19:32.3100630Z ##[endgroup]
2026-09-27T20:19:32.3102572Z Secret source: Actions
2026-09-27T20:19:32.3103589Z Cache mode: write
2026-09-27T20:19:32.3104482Z Prepare workflow directory
2026-09-27T20:19:32.3432446Z Prepare all required actions
2026-09-27T20:19:32.3480882Z Getting action download info
2026-09-27T20:19:32.6481524Z Download action repository 'actions/checkout@v6' (SHA:d23441a48e516b6c34aea4fa41551a30e30af803)
2026-09-27T20:19:32.8072648Z Download action repository 'actions/setup-python@v6' (SHA:ece7cb06caefa5fff74198d8649806c4678c61a1)
2026-09-27T20:19:33.0630903Z Complete job name: release
2026-09-27T20:19:33.1350602Z ##[group]Run actions/checkout@v6
2026-09-27T20:19:33.1351487Z with:
2026-09-27T20:19:33.1352010Z   fetch-depth: 0
2026-09-27T20:19:33.1352549Z   repository: daveasewen/UX-design
2026-09-27T20:19:33.1356378Z   token: ***
2026-09-27T20:19:33.1356892Z   ssh-strict: true
2026-09-27T20:19:33.1357408Z   ssh-user: git
2026-09-27T20:19:33.1357908Z   persist-credentials: true
2026-09-27T20:19:33.1358492Z   clean: true
2026-09-27T20:19:33.1358999Z   sparse-checkout-cone-mode: true
2026-09-27T20:19:33.1359578Z   fetch-tags: false
2026-09-27T20:19:33.1360085Z   show-progress: true
2026-09-27T20:19:33.1360581Z   lfs: false
2026-09-27T20:19:33.1361034Z   submodules: false
2026-09-27T20:19:33.1361567Z   set-safe-directory: true
2026-09-27T20:19:33.1362134Z   allow-unsafe-pr-checkout: false
2026-09-27T20:19:33.1363050Z ##[endgroup]
2026-09-27T20:19:33.2368612Z Syncing repository: daveasewen/UX-design
2026-09-27T20:19:33.2371246Z ##[group]Getting Git version info
2026-09-27T20:19:33.2373433Z Working directory is '/home/runner/work/UX-design/UX-design'
2026-09-27T20:19:33.2375241Z [command]/usr/bin/git version
2026-09-27T20:19:33.2397208Z git version 2.55.0
2026-09-27T20:19:33.2424917Z ##[endgroup]
2026-09-27T20:19:33.2431805Z Temporarily overriding HOME='/home/runner/work/_temp/fc644323-c979-4f43-b07a-729d695c249c' before making global git config changes
2026-09-27T20:19:33.2434386Z Adding repository directory to the temporary git global config as a safe directory
2026-09-27T20:19:33.2436998Z [command]/usr/bin/git config --global --add safe.directory /home/runner/work/UX-design/UX-design
2026-09-27T20:19:33.2488447Z Deleting the contents of '/home/runner/work/UX-design/UX-design'
2026-09-27T20:19:33.2500072Z ##[group]Determining repository object format
2026-09-27T20:19:33.2505257Z ##[endgroup]
2026-09-27T20:19:33.2507922Z ##[group]Initializing the repository
2026-09-27T20:19:33.2509556Z [command]/usr/bin/git init /home/runner/work/UX-design/UX-design
2026-09-27T20:19:33.2607813Z hint: Using 'master' as the name for the initial branch. This default branch name
2026-09-27T20:19:33.2610677Z hint: will change to "main" in Git 3.0. To configure the initial branch name
2026-09-27T20:19:33.2612545Z hint: to use in all of your new repositories, which will suppress this warning,
2026-09-27T20:19:33.2614153Z hint: call:
2026-09-27T20:19:33.2614989Z hint:
2026-09-27T20:19:33.2615943Z hint: 	git config --global init.defaultBranch <name>
2026-09-27T20:19:33.2617089Z hint:
2026-09-27T20:19:33.2618131Z hint: Names commonly chosen instead of 'master' are 'main', 'trunk' and
2026-09-27T20:19:33.2620630Z hint: 'development'. The just-created branch can be renamed via this command:
2026-09-27T20:19:33.2621944Z hint:
2026-09-27T20:19:33.2622938Z hint: 	git branch -m <name>
2026-09-27T20:19:33.2623917Z hint:
2026-09-27T20:19:33.2625547Z hint: Disable this message with "git config set advice.defaultBranchName false"
2026-09-27T20:19:33.2627356Z Initialized empty Git repository in /home/runner/work/UX-design/UX-design/.git/
2026-09-27T20:19:33.2630351Z [command]/usr/bin/git remote add origin https://github.com/daveasewen/UX-design
2026-09-27T20:19:33.2677660Z ##[endgroup]
2026-09-27T20:19:33.2678980Z ##[group]Disabling automatic garbage collection
2026-09-27T20:19:33.2680943Z [command]/usr/bin/git config --local gc.auto 0
2026-09-27T20:19:33.2750641Z ##[endgroup]
2026-09-27T20:19:33.2752069Z ##[group]Setting up auth
2026-09-27T20:19:33.2753570Z Removing SSH command configuration
2026-09-27T20:19:33.2759712Z [command]/usr/bin/git config --local --name-only --get-regexp core\.sshCommand
2026-09-27T20:19:33.2806929Z [command]/usr/bin/git submodule foreach --recursive sh -c "git config --local --name-only --get-regexp 'core\.sshCommand' && git config --local --unset-all 'core.sshCommand' || :"
2026-09-27T20:19:33.3148984Z Removing HTTP extra header
2026-09-27T20:19:33.3159658Z [command]/usr/bin/git config --local --name-only --get-regexp http\.https\:\/\/github\.com\/\.extraheader
2026-09-27T20:19:33.3194321Z [command]/usr/bin/git submodule foreach --recursive sh -c "git config --local --name-only --get-regexp 'http\.https\:\/\/github\.com\/\.extraheader' && git config --local --unset-all 'http.https://github.com/.extraheader' || :"
2026-09-27T20:19:33.3406858Z Removing includeIf entries pointing to credentials config files
2026-09-27T20:19:33.3413220Z [command]/usr/bin/git config --local --name-only --get-regexp ^includeIf\.gitdir:
2026-09-27T20:19:33.3446726Z [command]/usr/bin/git submodule foreach --recursive git config --local --show-origin --name-only --get-regexp remote.origin.url
2026-09-27T20:19:33.3650499Z [command]/usr/bin/git config --file /home/runner/work/_temp/git-credentials-b4bb6746-6d1f-43f9-8d60-73a8a3feab3d.config http.https://github.com/.extraheader AUTHORIZATION: basic ***
2026-09-27T20:19:33.3694762Z [command]/usr/bin/git config --local includeIf.gitdir:/home/runner/work/UX-design/UX-design/.git.path /home/runner/work/_temp/git-credentials-b4bb6746-6d1f-43f9-8d60-73a8a3feab3d.config
2026-09-27T20:19:33.3732435Z [command]/usr/bin/git config --local includeIf.gitdir:/home/runner/work/UX-design/UX-design/.git/worktrees/*.path /home/runner/work/_temp/git-credentials-b4bb6746-6d1f-43f9-8d60-73a8a3feab3d.config
2026-09-27T20:19:33.3773151Z [command]/usr/bin/git config --local includeIf.gitdir:/github/workspace/.git.path /github/runner_temp/git-credentials-b4bb6746-6d1f-43f9-8d60-73a8a3feab3d.config
2026-09-27T20:19:33.3811625Z [command]/usr/bin/git config --local includeIf.gitdir:/github/workspace/.git/worktrees/*.path /github/runner_temp/git-credentials-b4bb6746-6d1f-43f9-8d60-73a8a3feab3d.config
2026-09-27T20:19:33.3839364Z ##[endgroup]
2026-09-27T20:19:33.3840692Z ##[group]Fetching the repository
2026-09-27T20:19:33.3847939Z [command]/usr/bin/git -c protocol.version=2 fetch --no-tags --prune --no-recurse-submodules origin +refs/heads/*:refs/remotes/origin/* +refs/tags/*:refs/tags/*
2026-09-27T20:20:02.2960218Z From https://github.com/daveasewen/UX-design
2026-09-27T20:20:02.2961584Z  * [new branch]        master     -> origin/master
2026-09-27T20:20:02.2970800Z [command]/usr/bin/git branch --list --remote origin/master
2026-09-27T20:20:02.2996354Z   origin/master
2026-09-27T20:20:02.3005846Z [command]/usr/bin/git rev-parse refs/remotes/origin/master
2026-09-27T20:20:02.3033277Z 9c3f466312ada66decdf20eea4350caff5339091
2026-09-27T20:20:02.3038188Z ##[endgroup]
2026-09-27T20:20:02.3039372Z ##[group]Determining the checkout info
2026-09-27T20:20:02.3040419Z ##[endgroup]
2026-09-27T20:20:02.3043420Z [command]/usr/bin/git sparse-checkout disable
2026-09-27T20:20:02.3095719Z [command]/usr/bin/git config --local --unset-all extensions.worktreeConfig
2026-09-27T20:20:02.3123925Z ##[group]Checking out the ref
2026-09-27T20:20:02.3126920Z [command]/usr/bin/git checkout --progress --force -B master refs/remotes/origin/master
2026-09-27T20:20:03.5016167Z Updating files:  15% (2046/12926)
2026-09-27T20:20:03.5243613Z Updating files:  16% (2069/12926)
2026-09-27T20:20:03.5627716Z Updating files:  17% (2198/12926)
2026-09-27T20:20:03.6079687Z Updating files:  18% (2327/12926)
2026-09-27T20:20:03.6113549Z Updating files:  19% (2456/12926)
2026-09-27T20:20:03.6144054Z Updating files:  20% (2586/12926)
2026-09-27T20:20:03.6176270Z Updating files:  21% (2715/12926)
2026-09-27T20:20:03.6209508Z Updating files:  22% (2844/12926)
2026-09-27T20:20:03.6246209Z Updating files:  23% (2973/12926)
2026-09-27T20:20:03.7299266Z Updating files:  24% (3103/12926)
2026-09-27T20:20:03.8260184Z Updating files:  25% (3232/12926)
2026-09-27T20:20:03.8432588Z Updating files:  26% (3361/12926)
2026-09-27T20:20:03.8585667Z Updating files:  27% (3491/12926)
2026-09-27T20:20:03.8709204Z Updating files:  28% (3620/12926)
2026-09-27T20:20:03.8926482Z Updating files:  29% (3749/12926)
2026-09-27T20:20:04.1910976Z Updating files:  30% (3878/12926)
2026-09-27T20:20:04.2098952Z Updating files:  31% (4008/12926)
2026-09-27T20:20:04.2234325Z Updating files:  32% (4137/12926)
2026-09-27T20:20:04.3073604Z Updating files:  33% (4266/12926)
2026-09-27T20:20:04.3270509Z Updating files:  34% (4395/12926)
2026-09-27T20:20:04.3518644Z Updating files:  34% (4470/12926)
2026-09-27T20:20:04.3738400Z Updating files:  35% (4525/12926)
2026-09-27T20:20:04.3806578Z Updating files:  36% (4654/12926)
2026-09-27T20:20:04.6347075Z Updating files:  37% (4783/12926)
2026-09-27T20:20:04.7183421Z Updating files:  38% (4912/12926)
2026-09-27T20:20:04.8225111Z Updating files:  39% (5042/12926)
2026-09-27T20:20:05.0107634Z Updating files:  40% (5171/12926)
2026-09-27T20:20:05.0729447Z Updating files:  41% (5300/12926)
2026-09-27T20:20:05.1342448Z Updating files:  42% (5429/12926)
2026-09-27T20:20:05.2117334Z Updating files:  43% (5559/12926)
2026-09-27T20:20:05.2453837Z Updating files:  44% (5688/12926)
2026-09-27T20:20:05.2529494Z Updating files:  45% (5817/12926)
2026-09-27T20:20:05.2818595Z Updating files:  46% (5946/12926)
2026-09-27T20:20:05.3075126Z Updating files:  47% (6076/12926)
2026-09-27T20:20:05.3275977Z Updating files:  48% (6205/12926)
2026-09-27T20:20:05.3945926Z Updating files:  48% (6283/12926)
2026-09-27T20:20:05.7476529Z Updating files:  49% (6334/12926)
2026-09-27T20:20:05.8752208Z Updating files:  50% (6463/12926)
2026-09-27T20:20:06.0020980Z Updating files:  51% (6593/12926)
2026-09-27T20:20:06.1153311Z Updating files:  52% (6722/12926)
2026-09-27T20:20:06.1554025Z Updating files:  53% (6851/12926)
2026-09-27T20:20:06.1820175Z Updating files:  54% (6981/12926)
2026-09-27T20:20:06.2008144Z Updating files:  55% (7110/12926)
2026-09-27T20:20:06.3045800Z Updating files:  56% (7239/12926)
2026-09-27T20:20:06.3313404Z Updating files:  57% (7368/12926)
2026-09-27T20:20:06.4405518Z Updating files:  57% (7386/12926)
2026-09-27T20:20:06.4981532Z Updating files:  58% (7498/12926)
2026-09-27T20:20:06.5233254Z Updating files:  59% (7627/12926)
2026-09-27T20:20:06.5386477Z Updating files:  60% (7756/12926)
2026-09-27T20:20:06.5637900Z Updating files:  61% (7885/12926)
2026-09-27T20:20:06.5909754Z Updating files:  62% (8015/12926)
2026-09-27T20:20:06.6147196Z Updating files:  63% (8144/12926)
2026-09-27T20:20:06.7013648Z Updating files:  64% (8273/12926)
2026-09-27T20:20:06.7928060Z Updating files:  65% (8402/12926)
2026-09-27T20:20:06.8624694Z Updating files:  66% (8532/12926)
2026-09-27T20:20:06.9985799Z Updating files:  67% (8661/12926)
2026-09-27T20:20:07.0611626Z Updating files:  68% (8790/12926)
2026-09-27T20:20:07.0815944Z Updating files:  69% (8919/12926)
2026-09-27T20:20:07.1245730Z Updating files:  70% (9049/12926)
2026-09-27T20:20:07.1588806Z Updating files:  71% (9178/12926)
2026-09-27T20:20:07.1795329Z Updating files:  72% (9307/12926)
2026-09-27T20:20:07.1945818Z Updating files:  73% (9436/12926)
2026-09-27T20:20:07.2483491Z Updating files:  74% (9566/12926)
2026-09-27T20:20:07.2682287Z Updating files:  75% (9695/12926)
2026-09-27T20:20:07.3246502Z Updating files:  76% (9824/12926)
2026-09-27T20:20:07.3271817Z Updating files:  77% (9954/12926)
2026-09-27T20:20:07.3777083Z Updating files:  77% (9961/12926)
2026-09-27T20:20:07.4245111Z Updating files:  78% (10083/12926)
2026-09-27T20:20:07.4640894Z Updating files:  79% (10212/12926)
2026-09-27T20:20:07.4986957Z Updating files:  80% (10341/12926)
2026-09-27T20:20:07.5205752Z Updating files:  81% (10471/12926)
2026-09-27T20:20:07.5354341Z Updating files:  82% (10600/12926)
2026-09-27T20:20:07.5473301Z Updating files:  83% (10729/12926)
2026-09-27T20:20:07.5618083Z Updating files:  84% (10858/12926)
2026-09-27T20:20:07.6080839Z Updating files:  85% (10988/12926)
2026-09-27T20:20:07.7109634Z Updating files:  86% (11117/12926)
2026-09-27T20:20:07.7148161Z Updating files:  87% (11246/12926)
2026-09-27T20:20:07.7191750Z Updating files:  88% (11375/12926)
2026-09-27T20:20:07.7528929Z Updating files:  89% (11505/12926)
2026-09-27T20:20:07.8029566Z Updating files:  90% (11634/12926)
2026-09-27T20:20:07.8954987Z Updating files:  91% (11763/12926)
2026-09-27T20:20:08.0434856Z Updating files:  92% (11892/12926)
2026-09-27T20:20:08.0939219Z Updating files:  93% (12022/12926)
2026-09-27T20:20:08.1122609Z Updating files:  94% (12151/12926)
2026-09-27T20:20:08.1635445Z Updating files:  95% (12280/12926)
2026-09-27T20:20:08.2028994Z Updating files:  96% (12409/12926)
2026-09-27T20:20:08.2147977Z Updating files:  97% (12539/12926)
2026-09-27T20:20:08.2381187Z Updating files:  98% (12668/12926)
2026-09-27T20:20:08.2910430Z Updating files:  99% (12797/12926)
2026-09-27T20:20:08.2911663Z Updating files: 100% (12926/12926)
2026-09-27T20:20:08.2912104Z Updating files: 100% (12926/12926), done.
2026-09-27T20:20:08.3048159Z Reset branch 'master'
2026-09-27T20:20:08.3052985Z branch 'master' set up to track 'origin/master'.
2026-09-27T20:20:08.3122554Z ##[endgroup]
2026-09-27T20:20:08.3166462Z [command]/usr/bin/git log -1 --format=%H
2026-09-27T20:20:08.3190616Z 9c3f466312ada66decdf20eea4350caff5339091
2026-09-27T20:20:08.3437619Z ##[group]Run actions/setup-python@v6
2026-09-27T20:20:08.3438037Z with:
2026-09-27T20:20:08.3438321Z   python-version: 3.12
2026-09-27T20:20:08.3438670Z   check-latest: false
2026-09-27T20:20:08.3440892Z   token: ***
2026-09-27T20:20:08.3441228Z   update-environment: true
2026-09-27T20:20:08.3441623Z   allow-prereleases: false
2026-09-27T20:20:08.3441982Z   freethreaded: false
2026-09-27T20:20:08.3442318Z ##[endgroup]
2026-09-27T20:20:08.4706386Z ##[group]Installed versions
2026-09-27T20:20:08.4818457Z Successfully set up CPython (3.12.14)
2026-09-27T20:20:08.4819499Z ##[endgroup]
2026-09-27T20:20:08.5001683Z ##[group]Run pip install pyyaml
2026-09-27T20:20:08.5002432Z [36;1mpip install pyyaml[0m
2026-09-27T20:20:08.5281172Z shell: /usr/bin/bash -e {0}
2026-09-27T20:20:08.5281718Z env:
2026-09-27T20:20:08.5282214Z   pythonLocation: /opt/hostedtoolcache/Python/3.12.14/x64
2026-09-27T20:20:08.5283120Z   PKG_CONFIG_PATH: /opt/hostedtoolcache/Python/3.12.14/x64/lib/pkgconfig
2026-09-27T20:20:08.5283676Z   Python_ROOT_DIR: /opt/hostedtoolcache/Python/3.12.14/x64
2026-09-27T20:20:08.5284218Z   Python2_ROOT_DIR: /opt/hostedtoolcache/Python/3.12.14/x64
2026-09-27T20:20:08.5284720Z   Python3_ROOT_DIR: /opt/hostedtoolcache/Python/3.12.14/x64
2026-09-27T20:20:08.5285294Z   LD_LIBRARY_PATH: /opt/hostedtoolcache/Python/3.12.14/x64/lib
2026-09-27T20:20:08.5285893Z ##[endgroup]
2026-09-27T20:20:09.5086844Z Collecting pyyaml
2026-09-27T20:20:09.6227852Z   Downloading pyyaml-6.0.3-cp312-cp312-manylinux2014_x86_64.manylinux_2_17_x86_64.manylinux_2_28_x86_64.whl.metadata (2.4 kB)
2026-09-27T20:20:09.6466580Z Downloading pyyaml-6.0.3-cp312-cp312-manylinux2014_x86_64.manylinux_2_17_x86_64.manylinux_2_28_x86_64.whl (807 kB)
2026-09-27T20:20:09.7411978Z    ━━━━━━━━━━━━━━━━━━━━━━━━━━━━━━━━━━━━━━━━ 807.9/807.9 kB 14.0 MB/s  0:00:00
2026-09-27T20:20:09.7783116Z Installing collected packages: pyyaml
2026-09-27T20:20:09.8315553Z Successfully installed pyyaml-6.0.3
2026-09-27T20:20:09.8876453Z ##[group]Run rc=0; python3 knowledge/_release/_gate_frozen_release.py --check || rc=$?
2026-09-27T20:20:09.8877181Z [36;1mrc=0; python3 knowledge/_release/_gate_frozen_release.py --check || rc=$?[0m
2026-09-27T20:20:09.8877830Z [36;1mif [ "$rc" = "77" ]; then echo "^ COULD-NOT-ASK — printed, not counted, not a verdict."; rc=0; fi[0m
2026-09-27T20:20:09.8878392Z [36;1mexit $rc[0m
2026-09-27T20:20:09.8923162Z shell: /usr/bin/bash -e {0}
2026-09-27T20:20:09.8923620Z env:
2026-09-27T20:20:09.8924025Z   pythonLocation: /opt/hostedtoolcache/Python/3.12.14/x64
2026-09-27T20:20:09.8924556Z   PKG_CONFIG_PATH: /opt/hostedtoolcache/Python/3.12.14/x64/lib/pkgconfig
2026-09-27T20:20:09.8925101Z   Python_ROOT_DIR: /opt/hostedtoolcache/Python/3.12.14/x64
2026-09-27T20:20:09.8925551Z   Python2_ROOT_DIR: /opt/hostedtoolcache/Python/3.12.14/x64
2026-09-27T20:20:09.8926466Z   Python3_ROOT_DIR: /opt/hostedtoolcache/Python/3.12.14/x64
2026-09-27T20:20:09.8927048Z   LD_LIBRARY_PATH: /opt/hostedtoolcache/Python/3.12.14/x64/lib
2026-09-27T20:20:09.8927500Z ##[endgroup]
2026-09-27T20:20:10.1539563Z frozen-release gate — 3 release(s) at 9c3f466312ad
2026-09-27T20:20:10.1540272Z   designer-skills-v1   version v1          6 file(s)  b83d048483b7
2026-09-27T20:20:10.1540849Z   designer-skills-v2   version v2.1     1102 file(s)  ae920995c32e
2026-09-27T20:20:10.1541440Z   apollo-spider        version v1.0.14    14 file(s)  444c58d22a68
2026-09-27T20:20:10.1541817Z 
2026-09-27T20:20:10.1542137Z PASS — 3 arm(s) asked, no frozen surface moved.
2026-09-27T20:20:10.1669008Z ##[group]Run python3 knowledge/_release/_gate_frozen_release.py --selftest
2026-09-27T20:20:10.1669572Z [36;1mpython3 knowledge/_release/_gate_frozen_release.py --selftest[0m
2026-09-27T20:20:10.1711613Z shell: /usr/bin/bash -e {0}
2026-09-27T20:20:10.1712062Z env:
2026-09-27T20:20:10.1712457Z   pythonLocation: /opt/hostedtoolcache/Python/3.12.14/x64
2026-09-27T20:20:10.1713151Z   PKG_CONFIG_PATH: /opt/hostedtoolcache/Python/3.12.14/x64/lib/pkgconfig
2026-09-27T20:20:10.1713680Z   Python_ROOT_DIR: /opt/hostedtoolcache/Python/3.12.14/x64
2026-09-27T20:20:10.1714142Z   Python2_ROOT_DIR: /opt/hostedtoolcache/Python/3.12.14/x64
2026-09-27T20:20:10.1714609Z   Python3_ROOT_DIR: /opt/hostedtoolcache/Python/3.12.14/x64
2026-09-27T20:20:10.1715078Z   LD_LIBRARY_PATH: /opt/hostedtoolcache/Python/3.12.14/x64/lib
2026-09-27T20:20:10.1715491Z ##[endgroup]
2026-09-27T20:20:10.9877649Z selftest: 17 bites, 0 fail(s)
2026-09-27T20:20:10.9971763Z ##[group]Run rc=0; python3 knowledge/_release/_gate_release_audit.py --check || rc=$?
2026-09-27T20:20:10.9972473Z [36;1mrc=0; python3 knowledge/_release/_gate_release_audit.py --check || rc=$?[0m
2026-09-27T20:20:10.9973322Z [36;1mif [ "$rc" = "77" ]; then echo "^ COULD-NOT-ASK — printed, not counted, not a verdict."; rc=0; fi[0m
2026-09-27T20:20:10.9974372Z [36;1mexit $rc[0m
2026-09-27T20:20:11.0015502Z shell: /usr/bin/bash -e {0}
2026-09-27T20:20:11.0015891Z env:
2026-09-27T20:20:11.0016260Z   pythonLocation: /opt/hostedtoolcache/Python/3.12.14/x64
2026-09-27T20:20:11.0016917Z   PKG_CONFIG_PATH: /opt/hostedtoolcache/Python/3.12.14/x64/lib/pkgconfig
2026-09-27T20:20:11.0017430Z   Python_ROOT_DIR: /opt/hostedtoolcache/Python/3.12.14/x64
2026-09-27T20:20:11.0017931Z   Python2_ROOT_DIR: /opt/hostedtoolcache/Python/3.12.14/x64
2026-09-27T20:20:11.0018416Z   Python3_ROOT_DIR: /opt/hostedtoolcache/Python/3.12.14/x64
2026-09-27T20:20:11.0019201Z   LD_LIBRARY_PATH: /opt/hostedtoolcache/Python/3.12.14/x64/lib
2026-09-27T20:20:11.0019598Z ##[endgroup]
2026-09-27T20:20:12.0860089Z PASS — the manifest at knowledge/_release/_pack_manifest.json is byte-identical to a fresh generation at 0ef307460dcf (1781 files, sha256 a5b00c1450dc83c8)
2026-09-27T20:20:12.0861051Z 
2026-09-27T20:20:12.0861736Z PARKED DUE — 7 parked item(s) are due at release-cut — python3 knowledge/_parked.py --due release-cut
2026-09-27T20:20:12.0995339Z ##[group]Run python3 knowledge/_release/_gate_release_audit.py --selftest
2026-09-27T20:20:12.0995965Z [36;1mpython3 knowledge/_release/_gate_release_audit.py --selftest[0m
2026-09-27T20:20:12.1039365Z shell: /usr/bin/bash -e {0}
2026-09-27T20:20:12.1039782Z env:
2026-09-27T20:20:12.1040184Z   pythonLocation: /opt/hostedtoolcache/Python/3.12.14/x64
2026-09-27T20:20:12.1040761Z   PKG_CONFIG_PATH: /opt/hostedtoolcache/Python/3.12.14/x64/lib/pkgconfig
2026-09-27T20:20:12.1041298Z   Python_ROOT_DIR: /opt/hostedtoolcache/Python/3.12.14/x64
2026-09-27T20:20:12.1041858Z   Python2_ROOT_DIR: /opt/hostedtoolcache/Python/3.12.14/x64
2026-09-27T20:20:12.1042372Z   Python3_ROOT_DIR: /opt/hostedtoolcache/Python/3.12.14/x64
2026-09-27T20:20:12.1043109Z   LD_LIBRARY_PATH: /opt/hostedtoolcache/Python/3.12.14/x64/lib
2026-09-27T20:20:12.1043565Z ##[endgroup]
2026-09-27T20:20:13.3228486Z SKIPPED — apollo-spider/dist/Apollo-Spider-v1.0.0.zip is FROZEN HISTORY (not the manifest's v1.0.14); its integrity is _gate_frozen_release.py's jurisdiction, not this arm's
2026-09-27T20:20:13.3230746Z SKIPPED — apollo-spider/dist/Apollo-Spider-v1.0.1.zip is FROZEN HISTORY (not the manifest's v1.0.14); its integrity is _gate_frozen_release.py's jurisdiction, not this arm's
2026-09-27T20:20:13.3232097Z SKIPPED — apollo-spider/dist/Apollo-Spider-v1.0.10.zip is FROZEN HISTORY (not the manifest's v1.0.14); its integrity is _gate_frozen_release.py's jurisdiction, not this arm's
2026-09-27T20:20:13.3233567Z SKIPPED — apollo-spider/dist/Apollo-Spider-v1.0.11.zip is FROZEN HISTORY (not the manifest's v1.0.14); its integrity is _gate_frozen_release.py's jurisdiction, not this arm's
2026-09-27T20:20:13.3234774Z SKIPPED — apollo-spider/dist/Apollo-Spider-v1.0.12.zip is FROZEN HISTORY (not the manifest's v1.0.14); its integrity is _gate_frozen_release.py's jurisdiction, not this arm's
2026-09-27T20:20:13.3235942Z SKIPPED — apollo-spider/dist/Apollo-Spider-v1.0.13.zip is FROZEN HISTORY (not the manifest's v1.0.14); its integrity is _gate_frozen_release.py's jurisdiction, not this arm's
2026-09-27T20:20:13.3236848Z PASS — apollo-spider/dist/Apollo-Spider-v1.0.14.zip matches the manifest at 0ef307460dcf
2026-09-27T20:20:13.3237782Z SKIPPED — apollo-spider/dist/Apollo-Spider-v1.0.2.zip is FROZEN HISTORY (not the manifest's v1.0.14); its integrity is _gate_frozen_release.py's jurisdiction, not this arm's
2026-09-27T20:20:13.3238868Z SKIPPED — apollo-spider/dist/Apollo-Spider-v1.0.3.zip is FROZEN HISTORY (not the manifest's v1.0.14); its integrity is _gate_frozen_release.py's jurisdiction, not this arm's
2026-09-27T20:20:13.3240033Z SKIPPED — apollo-spider/dist/Apollo-Spider-v1.0.4.zip is FROZEN HISTORY (not the manifest's v1.0.14); its integrity is _gate_frozen_release.py's jurisdiction, not this arm's
2026-09-27T20:20:13.3241233Z SKIPPED — apollo-spider/dist/Apollo-Spider-v1.0.6.zip is FROZEN HISTORY (not the manifest's v1.0.14); its integrity is _gate_frozen_release.py's jurisdiction, not this arm's
2026-09-27T20:20:13.3242367Z SKIPPED — apollo-spider/dist/Apollo-Spider-v1.0.7.zip is FROZEN HISTORY (not the manifest's v1.0.14); its integrity is _gate_frozen_release.py's jurisdiction, not this arm's
2026-09-27T20:20:13.3243556Z SKIPPED — apollo-spider/dist/Apollo-Spider-v1.0.8.zip is FROZEN HISTORY (not the manifest's v1.0.14); its integrity is _gate_frozen_release.py's jurisdiction, not this arm's
2026-09-27T20:20:13.3244650Z SKIPPED — apollo-spider/dist/Apollo-Spider-v1.0.9.zip is FROZEN HISTORY (not the manifest's v1.0.14); its integrity is _gate_frozen_release.py's jurisdiction, not this arm's
2026-09-27T20:20:13.3247360Z ❌ the manifest reads version 'v1.0.14' and NO zip in dist/ carries it (zips present: Apollo-Spider-v1.0.0.zip, Apollo-Spider-v1.0.1.zip, Apollo-Spider-v1.0.10.zip, Apollo-Spider-v1.0.11.zip, Apollo-Spider-v1.0.12.zip, Apollo-Spider-v1.0.13.zip, Apollo-Spider-v1.0.2.zip, Apollo-Spider-v1.0.3.zip, Apollo-Spider-v1.0.4.zip, Apollo-Spider-v1.0.6.zip, Apollo-Spider-v1.0.7.zip, Apollo-Spider-v1.0.8.zip, Apollo-Spider-v1.0.9.zip) — the manifest names a release nobody baked.
2026-09-27T20:20:13.3249399Z ADVISORY — the manifest was generated at 0ef307460dcf; HEAD is 9c3f466312ad, 7 commit(s) later.
2026-09-27T20:20:13.3250531Z   A pack cut now would ship the tree as it stood at 0ef307460dcf. That may be exactly right.
2026-09-27T20:20:13.3251398Z   ⬛ WHETHER TO RE-CUT IS DAVE'S (s219-D4(2)): a release is explicit, versioned, his word.
2026-09-27T20:20:13.3252341Z   If he says re-cut: python3 knowledge/_release/_gen_pack_manifest.py --probe --commit <sha> && python3 knowledge/_release/_gen_pack_manifest.py --manifest --commit <sha>
2026-09-27T20:20:13.3253374Z selftest: 10 bites, 0 fail(s)
2026-09-27T20:20:13.3367254Z ##[group]Run rc=0; python3 knowledge/_release/_gate_release_audit.py --pack || rc=$?
2026-09-27T20:20:13.3367906Z [36;1mrc=0; python3 knowledge/_release/_gate_release_audit.py --pack || rc=$?[0m
2026-09-27T20:20:13.3368594Z [36;1mif [ "$rc" = "77" ]; then echo "^ COULD-NOT-ASK — nothing is baked yet. Printed, not counted."; rc=0; fi[0m
2026-09-27T20:20:13.3369117Z [36;1mexit $rc[0m
2026-09-27T20:20:13.3409742Z shell: /usr/bin/bash -e {0}
2026-09-27T20:20:13.3410235Z env:
2026-09-27T20:20:13.3410616Z   pythonLocation: /opt/hostedtoolcache/Python/3.12.14/x64
2026-09-27T20:20:13.3411121Z   PKG_CONFIG_PATH: /opt/hostedtoolcache/Python/3.12.14/x64/lib/pkgconfig
2026-09-27T20:20:13.3411642Z   Python_ROOT_DIR: /opt/hostedtoolcache/Python/3.12.14/x64
2026-09-27T20:20:13.3412088Z   Python2_ROOT_DIR: /opt/hostedtoolcache/Python/3.12.14/x64
2026-09-27T20:20:13.3412564Z   Python3_ROOT_DIR: /opt/hostedtoolcache/Python/3.12.14/x64
2026-09-27T20:20:13.3413244Z   LD_LIBRARY_PATH: /opt/hostedtoolcache/Python/3.12.14/x64/lib
2026-09-27T20:20:13.3413627Z ##[endgroup]
2026-09-27T20:20:13.7926162Z SKIPPED — apollo-spider/dist/Apollo-Spider-v1.0.0.zip is FROZEN HISTORY (not the manifest's v1.0.14); its integrity is _gate_frozen_release.py's jurisdiction, not this arm's
2026-09-27T20:20:13.7927601Z SKIPPED — apollo-spider/dist/Apollo-Spider-v1.0.1.zip is FROZEN HISTORY (not the manifest's v1.0.14); its integrity is _gate_frozen_release.py's jurisdiction, not this arm's
2026-09-27T20:20:13.7929095Z SKIPPED — apollo-spider/dist/Apollo-Spider-v1.0.10.zip is FROZEN HISTORY (not the manifest's v1.0.14); its integrity is _gate_frozen_release.py's jurisdiction, not this arm's
2026-09-27T20:20:13.7930372Z SKIPPED — apollo-spider/dist/Apollo-Spider-v1.0.11.zip is FROZEN HISTORY (not the manifest's v1.0.14); its integrity is _gate_frozen_release.py's jurisdiction, not this arm's
2026-09-27T20:20:13.7931604Z SKIPPED — apollo-spider/dist/Apollo-Spider-v1.0.12.zip is FROZEN HISTORY (not the manifest's v1.0.14); its integrity is _gate_frozen_release.py's jurisdiction, not this arm's
2026-09-27T20:20:13.7933127Z SKIPPED — apollo-spider/dist/Apollo-Spider-v1.0.13.zip is FROZEN HISTORY (not the manifest's v1.0.14); its integrity is _gate_frozen_release.py's jurisdiction, not this arm's
2026-09-27T20:20:13.7934047Z PASS — apollo-spider/dist/Apollo-Spider-v1.0.14.zip matches the manifest at 0ef307460dcf
2026-09-27T20:20:13.7935054Z SKIPPED — apollo-spider/dist/Apollo-Spider-v1.0.2.zip is FROZEN HISTORY (not the manifest's v1.0.14); its integrity is _gate_frozen_release.py's jurisdiction, not this arm's
2026-09-27T20:20:13.7936241Z SKIPPED — apollo-spider/dist/Apollo-Spider-v1.0.3.zip is FROZEN HISTORY (not the manifest's v1.0.14); its integrity is _gate_frozen_release.py's jurisdiction, not this arm's
2026-09-27T20:20:13.7937388Z SKIPPED — apollo-spider/dist/Apollo-Spider-v1.0.4.zip is FROZEN HISTORY (not the manifest's v1.0.14); its integrity is _gate_frozen_release.py's jurisdiction, not this arm's
2026-09-27T20:20:13.7938871Z SKIPPED — apollo-spider/dist/Apollo-Spider-v1.0.6.zip is FROZEN HISTORY (not the manifest's v1.0.14); its integrity is _gate_frozen_release.py's jurisdiction, not this arm's
2026-09-27T20:20:13.7940057Z SKIPPED — apollo-spider/dist/Apollo-Spider-v1.0.7.zip is FROZEN HISTORY (not the manifest's v1.0.14); its integrity is _gate_frozen_release.py's jurisdiction, not this arm's
2026-09-27T20:20:13.7941277Z SKIPPED — apollo-spider/dist/Apollo-Spider-v1.0.8.zip is FROZEN HISTORY (not the manifest's v1.0.14); its integrity is _gate_frozen_release.py's jurisdiction, not this arm's
2026-09-27T20:20:13.7942510Z SKIPPED — apollo-spider/dist/Apollo-Spider-v1.0.9.zip is FROZEN HISTORY (not the manifest's v1.0.14); its integrity is _gate_frozen_release.py's jurisdiction, not this arm's
2026-09-27T20:20:13.8044491Z ##[group]Run rc=0; python3 knowledge/_release/_gate_ci_template.py --check || rc=$?
2026-09-27T20:20:13.8045186Z [36;1mrc=0; python3 knowledge/_release/_gate_ci_template.py --check || rc=$?[0m
2026-09-27T20:20:13.8045799Z [36;1mif [ "$rc" = "77" ]; then echo "^ COULD-NOT-ASK — printed, not counted, not a verdict."; rc=0; fi[0m
2026-09-27T20:20:13.8046366Z [36;1mexit $rc[0m
2026-09-27T20:20:13.8088036Z shell: /usr/bin/bash -e {0}
2026-09-27T20:20:13.8088414Z env:
2026-09-27T20:20:13.8088796Z   pythonLocation: /opt/hostedtoolcache/Python/3.12.14/x64
2026-09-27T20:20:13.8089370Z   PKG_CONFIG_PATH: /opt/hostedtoolcache/Python/3.12.14/x64/lib/pkgconfig
2026-09-27T20:20:13.8089864Z   Python_ROOT_DIR: /opt/hostedtoolcache/Python/3.12.14/x64
2026-09-27T20:20:13.8090311Z   Python2_ROOT_DIR: /opt/hostedtoolcache/Python/3.12.14/x64
2026-09-27T20:20:13.8090802Z   Python3_ROOT_DIR: /opt/hostedtoolcache/Python/3.12.14/x64
2026-09-27T20:20:13.8091359Z   LD_LIBRARY_PATH: /opt/hostedtoolcache/Python/3.12.14/x64/lib
2026-09-27T20:20:13.8091810Z ##[endgroup]
2026-09-27T20:20:13.8686108Z ci-template gate — apollo-spider/ci-template
2026-09-27T20:20:13.8687151Z   2 job(s), 1 referenced script(s), README present
2026-09-27T20:20:13.8688265Z   · actionlint is not installed — the structural arms above carry the check
2026-09-27T20:20:13.8688875Z 
2026-09-27T20:20:13.8689334Z PASS — the template parses, ships what it calls, and hides nothing.
2026-09-27T20:20:13.8793522Z ##[group]Run rc=0; python3 knowledge/_release/_gate_ci_template.py --selftest || rc=$?
2026-09-27T20:20:13.8794166Z [36;1mrc=0; python3 knowledge/_release/_gate_ci_template.py --selftest || rc=$?[0m
2026-09-27T20:20:13.8794816Z [36;1mif [ "$rc" = "77" ]; then echo "^ COULD-NOT-ASK — printed, not counted, not a verdict."; rc=0; fi[0m
2026-09-27T20:20:13.8795306Z [36;1mexit $rc[0m
2026-09-27T20:20:13.8835459Z shell: /usr/bin/bash -e {0}
2026-09-27T20:20:13.8835889Z env:
2026-09-27T20:20:13.8836261Z   pythonLocation: /opt/hostedtoolcache/Python/3.12.14/x64
2026-09-27T20:20:13.8836806Z   PKG_CONFIG_PATH: /opt/hostedtoolcache/Python/3.12.14/x64/lib/pkgconfig
2026-09-27T20:20:13.8837359Z   Python_ROOT_DIR: /opt/hostedtoolcache/Python/3.12.14/x64
2026-09-27T20:20:13.8837816Z   Python2_ROOT_DIR: /opt/hostedtoolcache/Python/3.12.14/x64
2026-09-27T20:20:13.8838243Z   Python3_ROOT_DIR: /opt/hostedtoolcache/Python/3.12.14/x64
2026-09-27T20:20:13.8838940Z   LD_LIBRARY_PATH: /opt/hostedtoolcache/Python/3.12.14/x64/lib
2026-09-27T20:20:13.8839311Z ##[endgroup]
2026-09-27T20:20:13.9864893Z selftest: 10 bites, 0 fail(s)
2026-09-27T20:20:13.9979513Z ##[group]Run bash apollo-spider/build-designer-pack.sh --selftest
2026-09-27T20:20:13.9980122Z [36;1mbash apollo-spider/build-designer-pack.sh --selftest[0m
2026-09-27T20:20:14.0021853Z shell: /usr/bin/bash -e {0}
2026-09-27T20:20:14.0022227Z env:
2026-09-27T20:20:14.0022579Z   pythonLocation: /opt/hostedtoolcache/Python/3.12.14/x64
2026-09-27T20:20:14.0023294Z   PKG_CONFIG_PATH: /opt/hostedtoolcache/Python/3.12.14/x64/lib/pkgconfig
2026-09-27T20:20:14.0023786Z   Python_ROOT_DIR: /opt/hostedtoolcache/Python/3.12.14/x64
2026-09-27T20:20:14.0024429Z   Python2_ROOT_DIR: /opt/hostedtoolcache/Python/3.12.14/x64
2026-09-27T20:20:14.0024927Z   Python3_ROOT_DIR: /opt/hostedtoolcache/Python/3.12.14/x64
2026-09-27T20:20:14.0025365Z   LD_LIBRARY_PATH: /opt/hostedtoolcache/Python/3.12.14/x64/lib
2026-09-27T20:20:14.0025782Z ##[endgroup]
2026-09-27T20:20:14.0126011Z === generator selftest ===
2026-09-27T20:20:14.2101460Z selftest: 248 bites, 0 fail(s)
2026-09-27T20:20:14.2189093Z 
2026-09-27T20:20:14.2189670Z === refusal: no --commit ===
2026-09-27T20:20:14.2230531Z green — refused, as it must
2026-09-27T20:20:14.2230943Z 
2026-09-27T20:20:14.2231194Z === refusal: --release on a dirty tree ===
2026-09-27T20:20:14.2490278Z SKIPPED — tree is clean, the dirty-tree arm cannot be driven honestly right now
2026-09-27T20:20:14.2490871Z 
2026-09-27T20:20:14.2491175Z === refusal: --release over STALE chart receipts (s263-D13) ===
2026-09-27T20:20:14.3537631Z green — one mutated source hash is refused, as it must
2026-09-27T20:20:14.4213225Z green — the real receipts are FRESH (control)
2026-09-27T20:20:14.4213813Z 
2026-09-27T20:20:14.4214170Z === refusal: --release without Dave's ratification ===
2026-09-27T20:20:14.4417974Z SKIPPED — the manifest is already ratified
2026-09-27T20:20:14.4456936Z ##[group]Run python3 apollo-spider/cold-start/gen_projections.py --check
2026-09-27T20:20:14.4457566Z [36;1mpython3 apollo-spider/cold-start/gen_projections.py --check[0m
2026-09-27T20:20:14.4498748Z shell: /usr/bin/bash -e {0}
2026-09-27T20:20:14.4499258Z env:
2026-09-27T20:20:14.4499631Z   pythonLocation: /opt/hostedtoolcache/Python/3.12.14/x64
2026-09-27T20:20:14.4500197Z   PKG_CONFIG_PATH: /opt/hostedtoolcache/Python/3.12.14/x64/lib/pkgconfig
2026-09-27T20:20:14.4500700Z   Python_ROOT_DIR: /opt/hostedtoolcache/Python/3.12.14/x64
2026-09-27T20:20:14.4501167Z   Python2_ROOT_DIR: /opt/hostedtoolcache/Python/3.12.14/x64
2026-09-27T20:20:14.4501645Z   Python3_ROOT_DIR: /opt/hostedtoolcache/Python/3.12.14/x64
2026-09-27T20:20:14.4502127Z   LD_LIBRARY_PATH: /opt/hostedtoolcache/Python/3.12.14/x64/lib
2026-09-27T20:20:14.4502523Z ##[endgroup]
2026-09-27T20:20:14.4790144Z gen_projections --check OK — 3 projection(s) and 3 PLACED host file(s) in sync with cold-start/DESIGN-CONTRACT.md.
2026-09-27T20:20:14.4861951Z ##[group]Run python3 knowledge/_release/_gate_release_audit.py --drift
2026-09-27T20:20:14.4862518Z [36;1mpython3 knowledge/_release/_gate_release_audit.py --drift[0m
2026-09-27T20:20:14.4902999Z shell: /usr/bin/bash -e {0}
2026-09-27T20:20:14.4903370Z env:
2026-09-27T20:20:14.4903799Z   pythonLocation: /opt/hostedtoolcache/Python/3.12.14/x64
2026-09-27T20:20:14.4904314Z   PKG_CONFIG_PATH: /opt/hostedtoolcache/Python/3.12.14/x64/lib/pkgconfig
2026-09-27T20:20:14.4904813Z   Python_ROOT_DIR: /opt/hostedtoolcache/Python/3.12.14/x64
2026-09-27T20:20:14.4905364Z   Python2_ROOT_DIR: /opt/hostedtoolcache/Python/3.12.14/x64
2026-09-27T20:20:14.4905821Z   Python3_ROOT_DIR: /opt/hostedtoolcache/Python/3.12.14/x64
2026-09-27T20:20:14.4906325Z   LD_LIBRARY_PATH: /opt/hostedtoolcache/Python/3.12.14/x64/lib
2026-09-27T20:20:14.4906735Z ##[endgroup]
2026-09-27T20:20:14.5465292Z ADVISORY — the manifest was generated at 0ef307460dcf; HEAD is 9c3f466312ad, 7 commit(s) later.
2026-09-27T20:20:14.5466753Z   A pack cut now would ship the tree as it stood at 0ef307460dcf. That may be exactly right.
2026-09-27T20:20:14.5468152Z   ⬛ WHETHER TO RE-CUT IS DAVE'S (s219-D4(2)): a release is explicit, versioned, his word.
2026-09-27T20:20:14.5469471Z   If he says re-cut: python3 knowledge/_release/_gen_pack_manifest.py --probe --commit <sha> && python3 knowledge/_release/_gen_pack_manifest.py --manifest --commit <sha>
2026-09-27T20:20:14.5557191Z ##[error]Process completed with exit code 1.
2026-09-27T20:20:14.5680987Z Post job cleanup.
2026-09-27T20:20:14.7005612Z Post job cleanup.
2026-09-27T20:20:14.7891469Z [command]/usr/bin/git version
2026-09-27T20:20:14.7929982Z git version 2.55.0
2026-09-27T20:20:14.7966671Z Temporarily overriding HOME='/home/runner/work/_temp/2f2a150c-d413-45a2-8780-625e07dd69c2' before making global git config changes
2026-09-27T20:20:14.7968299Z Adding repository directory to the temporary git global config as a safe directory
2026-09-27T20:20:14.7972187Z [command]/usr/bin/git config --global --add safe.directory /home/runner/work/UX-design/UX-design
2026-09-27T20:20:14.8006843Z Removing SSH command configuration
2026-09-27T20:20:14.8014245Z [command]/usr/bin/git config --local --name-only --get-regexp core\.sshCommand
2026-09-27T20:20:14.8047244Z [command]/usr/bin/git submodule foreach --recursive sh -c "git config --local --name-only --get-regexp 'core\.sshCommand' && git config --local --unset-all 'core.sshCommand' || :"
2026-09-27T20:20:14.8272221Z Removing HTTP extra header
2026-09-27T20:20:14.8281552Z [command]/usr/bin/git config --local --name-only --get-regexp http\.https\:\/\/github\.com\/\.extraheader
2026-09-27T20:20:14.8319591Z [command]/usr/bin/git submodule foreach --recursive sh -c "git config --local --name-only --get-regexp 'http\.https\:\/\/github\.com\/\.extraheader' && git config --local --unset-all 'http.https://github.com/.extraheader' || :"
2026-09-27T20:20:14.8545106Z Removing includeIf entries pointing to credentials config files
2026-09-27T20:20:14.8551803Z [command]/usr/bin/git config --local --name-only --get-regexp ^includeIf\.gitdir:
2026-09-27T20:20:14.8577668Z includeif.gitdir:/home/runner/work/UX-design/UX-design/.git.path
2026-09-27T20:20:14.8578807Z includeif.gitdir:/home/runner/work/UX-design/UX-design/.git/worktrees/*.path
2026-09-27T20:20:14.8579683Z includeif.gitdir:/github/workspace/.git.path
2026-09-27T20:20:14.8580375Z includeif.gitdir:/github/workspace/.git/worktrees/*.path
2026-09-27T20:20:14.8589267Z [command]/usr/bin/git config --local --get-all includeif.gitdir:/home/runner/work/UX-design/UX-design/.git.path
2026-09-27T20:20:14.8611181Z /home/runner/work/_temp/git-credentials-b4bb6746-6d1f-43f9-8d60-73a8a3feab3d.config
2026-09-27T20:20:14.8622493Z [command]/usr/bin/git config --local --unset includeif.gitdir:/home/runner/work/UX-design/UX-design/.git.path /home/runner/work/_temp/git-credentials-b4bb6746-6d1f-43f9-8d60-73a8a3feab3d.config
2026-09-27T20:20:14.8675974Z [command]/usr/bin/git config --local --get-all includeif.gitdir:/home/runner/work/UX-design/UX-design/.git/worktrees/*.path
2026-09-27T20:20:14.8697696Z /home/runner/work/_temp/git-credentials-b4bb6746-6d1f-43f9-8d60-73a8a3feab3d.config
2026-09-27T20:20:14.8707734Z [command]/usr/bin/git config --local --unset includeif.gitdir:/home/runner/work/UX-design/UX-design/.git/worktrees/*.path /home/runner/work/_temp/git-credentials-b4bb6746-6d1f-43f9-8d60-73a8a3feab3d.config
2026-09-27T20:20:14.8744574Z [command]/usr/bin/git config --local --get-all includeif.gitdir:/github/workspace/.git.path
2026-09-27T20:20:14.8775568Z /github/runner_temp/git-credentials-b4bb6746-6d1f-43f9-8d60-73a8a3feab3d.config
2026-09-27T20:20:14.8785062Z [command]/usr/bin/git config --local --unset includeif.gitdir:/github/workspace/.git.path /github/runner_temp/git-credentials-b4bb6746-6d1f-43f9-8d60-73a8a3feab3d.config
2026-09-27T20:20:14.8822155Z [command]/usr/bin/git config --local --get-all includeif.gitdir:/github/workspace/.git/worktrees/*.path
2026-09-27T20:20:14.8848719Z /github/runner_temp/git-credentials-b4bb6746-6d1f-43f9-8d60-73a8a3feab3d.config
2026-09-27T20:20:14.8858125Z [command]/usr/bin/git config --local --unset includeif.gitdir:/github/workspace/.git/worktrees/*.path /github/runner_temp/git-credentials-b4bb6746-6d1f-43f9-8d60-73a8a3feab3d.config
2026-09-27T20:20:14.8906006Z [command]/usr/bin/git submodule foreach --recursive git config --local --show-origin --name-only --get-regexp remote.origin.url
2026-09-27T20:20:14.9118229Z Removing credentials config '/home/runner/work/_temp/git-credentials-b4bb6746-6d1f-43f9-8d60-73a8a3feab3d.config'
2026-09-27T20:20:14.9256387Z Cleaning up orphan processes
