2026-09-27T20:23:40.3037081Z Current runner version: '2.337.0'
2026-09-27T20:23:40.3062612Z ##[group]Runner Image Provisioner
2026-09-27T20:23:40.3063484Z Hosted Compute Agent
2026-09-27T20:23:40.3064101Z Version: 20260828.587
2026-09-27T20:23:40.3064818Z Commit: abac92662cab4cc7352de4f9f9d2e2419aad9c29
2026-09-27T20:23:40.3065615Z Build Date: 2026-08-28T16:44:25Z
2026-09-27T20:23:40.3066375Z Worker ID: {03299cf1-ac46-4061-bf65-f0738d4df27d}
2026-09-27T20:23:40.3067119Z Azure Region: eastus
2026-09-27T20:23:40.3067739Z ##[endgroup]
2026-09-27T20:23:40.3069915Z ##[group]Operating System
2026-09-27T20:23:40.3070590Z Ubuntu
2026-09-27T20:23:40.3071196Z 24.04.5
2026-09-27T20:23:40.3071777Z LTS
2026-09-27T20:23:40.3072306Z ##[endgroup]
2026-09-27T20:23:40.3072947Z ##[group]Runner Image
2026-09-27T20:23:40.3073581Z Image: ubuntu-24.04
2026-09-27T20:23:40.3074151Z Version: 20260920.314.1
2026-09-27T20:23:40.3075534Z Included Software: https://github.com/actions/runner-images/blob/ubuntu24/20260920.314/images/ubuntu/Ubuntu2404-Readme.md
2026-09-27T20:23:40.3077309Z Image Release: https://github.com/actions/runner-images/releases/tag/ubuntu24%2F20260920.314
2026-09-27T20:23:40.3078308Z ##[endgroup]
2026-09-27T20:23:40.3079772Z ##[group]GITHUB_TOKEN Permissions
2026-09-27T20:23:40.3081907Z Contents: read
2026-09-27T20:23:40.3082641Z Metadata: read
2026-09-27T20:23:40.3083256Z Packages: read
2026-09-27T20:23:40.3083816Z ##[endgroup]
2026-09-27T20:23:40.3086223Z Secret source: Actions
2026-09-27T20:23:40.3087157Z Cache mode: write
2026-09-27T20:23:40.3088256Z Prepare workflow directory
2026-09-27T20:23:40.3420936Z Prepare all required actions
2026-09-27T20:23:40.3469289Z Getting action download info
2026-09-27T20:23:40.5970830Z Download action repository 'actions/checkout@v6' (SHA:d23441a48e516b6c34aea4fa41551a30e30af803)
2026-09-27T20:23:40.7035106Z Download action repository 'actions/setup-python@v6' (SHA:ece7cb06caefa5fff74198d8649806c4678c61a1)
2026-09-27T20:23:40.8902674Z Complete job name: release
2026-09-27T20:23:40.9729508Z ##[group]Run actions/checkout@v6
2026-09-27T20:23:40.9730469Z with:
2026-09-27T20:23:40.9730880Z   fetch-depth: 0
2026-09-27T20:23:40.9731346Z   repository: daveasewen/UX-design
2026-09-27T20:23:40.9735410Z   token: ***
2026-09-27T20:23:40.9735836Z   ssh-strict: true
2026-09-27T20:23:40.9736262Z   ssh-user: git
2026-09-27T20:23:40.9736693Z   persist-credentials: true
2026-09-27T20:23:40.9737166Z   clean: true
2026-09-27T20:23:40.9737595Z   sparse-checkout-cone-mode: true
2026-09-27T20:23:40.9738100Z   fetch-tags: false
2026-09-27T20:23:40.9738536Z   show-progress: true
2026-09-27T20:23:40.9739199Z   lfs: false
2026-09-27T20:23:40.9739605Z   submodules: false
2026-09-27T20:23:40.9740043Z   set-safe-directory: true
2026-09-27T20:23:40.9740583Z   allow-unsafe-pr-checkout: false
2026-09-27T20:23:40.9741370Z ##[endgroup]
2026-09-27T20:23:41.0788939Z Syncing repository: daveasewen/UX-design
2026-09-27T20:23:41.0791488Z ##[group]Getting Git version info
2026-09-27T20:23:41.0792725Z Working directory is '/home/runner/work/UX-design/UX-design'
2026-09-27T20:23:41.0794373Z [command]/usr/bin/git version
2026-09-27T20:23:41.0934132Z git version 2.55.0
2026-09-27T20:23:41.0958317Z ##[endgroup]
2026-09-27T20:23:41.0973552Z Temporarily overriding HOME='/home/runner/work/_temp/48247ab2-4eb1-4176-a80f-b86c6527ea2d' before making global git config changes
2026-09-27T20:23:41.0975942Z Adding repository directory to the temporary git global config as a safe directory
2026-09-27T20:23:41.0979267Z [command]/usr/bin/git config --global --add safe.directory /home/runner/work/UX-design/UX-design
2026-09-27T20:23:41.1035278Z Deleting the contents of '/home/runner/work/UX-design/UX-design'
2026-09-27T20:23:41.1040222Z ##[group]Determining repository object format
2026-09-27T20:23:41.1042673Z ##[endgroup]
2026-09-27T20:23:41.1044033Z ##[group]Initializing the repository
2026-09-27T20:23:41.1047182Z [command]/usr/bin/git init /home/runner/work/UX-design/UX-design
2026-09-27T20:23:41.1177654Z hint: Using 'master' as the name for the initial branch. This default branch name
2026-09-27T20:23:41.1180065Z hint: will change to "main" in Git 3.0. To configure the initial branch name
2026-09-27T20:23:41.1181652Z hint: to use in all of your new repositories, which will suppress this warning,
2026-09-27T20:23:41.1182921Z hint: call:
2026-09-27T20:23:41.1183617Z hint:
2026-09-27T20:23:41.1184465Z hint: 	git config --global init.defaultBranch <name>
2026-09-27T20:23:41.1185490Z hint:
2026-09-27T20:23:41.1186464Z hint: Names commonly chosen instead of 'master' are 'main', 'trunk' and
2026-09-27T20:23:41.1187959Z hint: 'development'. The just-created branch can be renamed via this command:
2026-09-27T20:23:41.1189054Z hint:
2026-09-27T20:23:41.1189606Z hint: 	git branch -m <name>
2026-09-27T20:23:41.1190093Z hint:
2026-09-27T20:23:41.1190740Z hint: Disable this message with "git config set advice.defaultBranchName false"
2026-09-27T20:23:41.1191774Z Initialized empty Git repository in /home/runner/work/UX-design/UX-design/.git/
2026-09-27T20:23:41.1198185Z [command]/usr/bin/git remote add origin https://github.com/daveasewen/UX-design
2026-09-27T20:23:41.1250196Z ##[endgroup]
2026-09-27T20:23:41.1251393Z ##[group]Disabling automatic garbage collection
2026-09-27T20:23:41.1254500Z [command]/usr/bin/git config --local gc.auto 0
2026-09-27T20:23:41.1288641Z ##[endgroup]
2026-09-27T20:23:41.1290135Z ##[group]Setting up auth
2026-09-27T20:23:41.1290886Z Removing SSH command configuration
2026-09-27T20:23:41.1298202Z [command]/usr/bin/git config --local --name-only --get-regexp core\.sshCommand
2026-09-27T20:23:41.1350888Z [command]/usr/bin/git submodule foreach --recursive sh -c "git config --local --name-only --get-regexp 'core\.sshCommand' && git config --local --unset-all 'core.sshCommand' || :"
2026-09-27T20:23:41.1750911Z Removing HTTP extra header
2026-09-27T20:23:41.1757446Z [command]/usr/bin/git config --local --name-only --get-regexp http\.https\:\/\/github\.com\/\.extraheader
2026-09-27T20:23:41.1795387Z [command]/usr/bin/git submodule foreach --recursive sh -c "git config --local --name-only --get-regexp 'http\.https\:\/\/github\.com\/\.extraheader' && git config --local --unset-all 'http.https://github.com/.extraheader' || :"
2026-09-27T20:23:41.2020601Z Removing includeIf entries pointing to credentials config files
2026-09-27T20:23:41.2027533Z [command]/usr/bin/git config --local --name-only --get-regexp ^includeIf\.gitdir:
2026-09-27T20:23:41.2064531Z [command]/usr/bin/git submodule foreach --recursive git config --local --show-origin --name-only --get-regexp remote.origin.url
2026-09-27T20:23:41.2293977Z [command]/usr/bin/git config --file /home/runner/work/_temp/git-credentials-5949601f-8431-4ed9-bcf9-13e60ab20020.config http.https://github.com/.extraheader AUTHORIZATION: basic ***
2026-09-27T20:23:41.2336663Z [command]/usr/bin/git config --local includeIf.gitdir:/home/runner/work/UX-design/UX-design/.git.path /home/runner/work/_temp/git-credentials-5949601f-8431-4ed9-bcf9-13e60ab20020.config
2026-09-27T20:23:41.2372925Z [command]/usr/bin/git config --local includeIf.gitdir:/home/runner/work/UX-design/UX-design/.git/worktrees/*.path /home/runner/work/_temp/git-credentials-5949601f-8431-4ed9-bcf9-13e60ab20020.config
2026-09-27T20:23:41.2412442Z [command]/usr/bin/git config --local includeIf.gitdir:/github/workspace/.git.path /github/runner_temp/git-credentials-5949601f-8431-4ed9-bcf9-13e60ab20020.config
2026-09-27T20:23:41.2455149Z [command]/usr/bin/git config --local includeIf.gitdir:/github/workspace/.git/worktrees/*.path /github/runner_temp/git-credentials-5949601f-8431-4ed9-bcf9-13e60ab20020.config
2026-09-27T20:23:41.2486049Z ##[endgroup]
2026-09-27T20:23:41.2486789Z ##[group]Fetching the repository
2026-09-27T20:23:41.2496715Z [command]/usr/bin/git -c protocol.version=2 fetch --no-tags --prune --no-recurse-submodules origin +refs/heads/*:refs/remotes/origin/* +refs/tags/*:refs/tags/*
2026-09-27T20:24:04.8293100Z From https://github.com/daveasewen/UX-design
2026-09-27T20:24:04.8294017Z  * [new branch]        master     -> origin/master
2026-09-27T20:24:04.8303918Z [command]/usr/bin/git branch --list --remote origin/master
2026-09-27T20:24:04.8332782Z   origin/master
2026-09-27T20:24:04.8341740Z [command]/usr/bin/git rev-parse refs/remotes/origin/master
2026-09-27T20:24:04.8367994Z fd607c74b999039a0f712a44bda5bd1740bd89bd
2026-09-27T20:24:04.8372627Z ##[endgroup]
2026-09-27T20:24:04.8373198Z ##[group]Determining the checkout info
2026-09-27T20:24:04.8374167Z ##[endgroup]
2026-09-27T20:24:04.8377850Z [command]/usr/bin/git sparse-checkout disable
2026-09-27T20:24:04.8435898Z [command]/usr/bin/git config --local --unset-all extensions.worktreeConfig
2026-09-27T20:24:04.8467483Z ##[group]Checking out the ref
2026-09-27T20:24:04.8471212Z [command]/usr/bin/git checkout --progress --force -B master refs/remotes/origin/master
2026-09-27T20:24:05.8687832Z Updating files:  16% (2149/12936)
2026-09-27T20:24:05.9038833Z Updating files:  17% (2200/12936)
2026-09-27T20:24:05.9419633Z Updating files:  18% (2329/12936)
2026-09-27T20:24:05.9475457Z Updating files:  19% (2458/12936)
2026-09-27T20:24:05.9538582Z Updating files:  20% (2588/12936)
2026-09-27T20:24:05.9589673Z Updating files:  21% (2717/12936)
2026-09-27T20:24:05.9646851Z Updating files:  22% (2846/12936)
2026-09-27T20:24:05.9710507Z Updating files:  23% (2976/12936)
2026-09-27T20:24:06.0539033Z Updating files:  24% (3105/12936)
2026-09-27T20:24:06.1341269Z Updating files:  25% (3234/12936)
2026-09-27T20:24:06.1439937Z Updating files:  26% (3364/12936)
2026-09-27T20:24:06.1584168Z Updating files:  27% (3493/12936)
2026-09-27T20:24:06.1719644Z Updating files:  28% (3623/12936)
2026-09-27T20:24:06.1911748Z Updating files:  29% (3752/12936)
2026-09-27T20:24:06.4295771Z Updating files:  30% (3881/12936)
2026-09-27T20:24:06.4463127Z Updating files:  31% (4011/12936)
2026-09-27T20:24:06.4587735Z Updating files:  32% (4140/12936)
2026-09-27T20:24:06.5292231Z Updating files:  33% (4269/12936)
2026-09-27T20:24:06.5606880Z Updating files:  34% (4399/12936)
2026-09-27T20:24:06.5806289Z Updating files:  35% (4528/12936)
2026-09-27T20:24:06.5890660Z Updating files:  36% (4657/12936)
2026-09-27T20:24:06.7866941Z Updating files:  37% (4787/12936)
2026-09-27T20:24:06.8550208Z Updating files:  38% (4916/12936)
2026-09-27T20:24:06.8652739Z Updating files:  39% (5046/12936)
2026-09-27T20:24:06.9350370Z Updating files:  39% (5076/12936)
2026-09-27T20:24:07.0806138Z Updating files:  40% (5175/12936)
2026-09-27T20:24:07.1306395Z Updating files:  41% (5304/12936)
2026-09-27T20:24:07.1750625Z Updating files:  42% (5434/12936)
2026-09-27T20:24:07.2364199Z Updating files:  43% (5563/12936)
2026-09-27T20:24:07.2639878Z Updating files:  44% (5692/12936)
2026-09-27T20:24:07.2738216Z Updating files:  45% (5822/12936)
2026-09-27T20:24:07.3000533Z Updating files:  46% (5951/12936)
2026-09-27T20:24:07.3256746Z Updating files:  47% (6080/12936)
2026-09-27T20:24:07.3925492Z Updating files:  48% (6210/12936)
2026-09-27T20:24:07.6627918Z Updating files:  49% (6339/12936)
2026-09-27T20:24:07.7534524Z Updating files:  50% (6468/12936)
2026-09-27T20:24:07.8534205Z Updating files:  51% (6598/12936)
2026-09-27T20:24:07.8621351Z Updating files:  52% (6727/12936)
2026-09-27T20:24:07.9420719Z Updating files:  52% (6738/12936)
2026-09-27T20:24:07.9723865Z Updating files:  53% (6857/12936)
2026-09-27T20:24:08.0024115Z Updating files:  54% (6986/12936)
2026-09-27T20:24:08.0421683Z Updating files:  55% (7115/12936)
2026-09-27T20:24:08.0982905Z Updating files:  56% (7245/12936)
2026-09-27T20:24:08.2008419Z Updating files:  57% (7374/12936)
2026-09-27T20:24:08.2482323Z Updating files:  58% (7503/12936)
2026-09-27T20:24:08.2713748Z Updating files:  59% (7633/12936)
2026-09-27T20:24:08.2890773Z Updating files:  60% (7762/12936)
2026-09-27T20:24:08.3218476Z Updating files:  61% (7891/12936)
2026-09-27T20:24:08.3474879Z Updating files:  62% (8021/12936)
2026-09-27T20:24:08.3692708Z Updating files:  63% (8150/12936)
2026-09-27T20:24:08.4395625Z Updating files:  64% (8280/12936)
2026-09-27T20:24:08.5109040Z Updating files:  65% (8409/12936)
2026-09-27T20:24:08.5767087Z Updating files:  66% (8538/12936)
2026-09-27T20:24:08.6739996Z Updating files:  67% (8668/12936)
2026-09-27T20:24:08.7216023Z Updating files:  68% (8797/12936)
2026-09-27T20:24:08.7395507Z Updating files:  69% (8926/12936)
2026-09-27T20:24:08.7766337Z Updating files:  70% (9056/12936)
2026-09-27T20:24:08.8075684Z Updating files:  71% (9185/12936)
2026-09-27T20:24:08.8262999Z Updating files:  72% (9314/12936)
2026-09-27T20:24:08.8439552Z Updating files:  73% (9444/12936)
2026-09-27T20:24:08.8614858Z Updating files:  74% (9573/12936)
2026-09-27T20:24:08.8917820Z Updating files:  74% (9602/12936)
2026-09-27T20:24:08.9109054Z Updating files:  75% (9702/12936)
2026-09-27T20:24:08.9551893Z Updating files:  76% (9832/12936)
2026-09-27T20:24:08.9965964Z Updating files:  77% (9961/12936)
2026-09-27T20:24:09.0427851Z Updating files:  78% (10091/12936)
2026-09-27T20:24:09.0749193Z Updating files:  79% (10220/12936)
2026-09-27T20:24:09.1070997Z Updating files:  80% (10349/12936)
2026-09-27T20:24:09.1278718Z Updating files:  81% (10479/12936)
2026-09-27T20:24:09.1431281Z Updating files:  82% (10608/12936)
2026-09-27T20:24:09.1560328Z Updating files:  83% (10737/12936)
2026-09-27T20:24:09.1711431Z Updating files:  84% (10867/12936)
2026-09-27T20:24:09.2087733Z Updating files:  85% (10996/12936)
2026-09-27T20:24:09.2881134Z Updating files:  86% (11125/12936)
2026-09-27T20:24:09.2940920Z Updating files:  87% (11255/12936)
2026-09-27T20:24:09.3006146Z Updating files:  88% (11384/12936)
2026-09-27T20:24:09.3290223Z Updating files:  89% (11514/12936)
2026-09-27T20:24:09.3698444Z Updating files:  90% (11643/12936)
2026-09-27T20:24:09.4420878Z Updating files:  91% (11772/12936)
2026-09-27T20:24:09.5538328Z Updating files:  92% (11902/12936)
2026-09-27T20:24:09.6057631Z Updating files:  93% (12031/12936)
2026-09-27T20:24:09.6169810Z Updating files:  94% (12160/12936)
2026-09-27T20:24:09.6600751Z Updating files:  95% (12290/12936)
2026-09-27T20:24:09.6949453Z Updating files:  96% (12419/12936)
2026-09-27T20:24:09.7077815Z Updating files:  97% (12548/12936)
2026-09-27T20:24:09.7297849Z Updating files:  98% (12678/12936)
2026-09-27T20:24:09.7764950Z Updating files:  99% (12807/12936)
2026-09-27T20:24:09.7765453Z Updating files: 100% (12936/12936)
2026-09-27T20:24:09.7765901Z Updating files: 100% (12936/12936), done.
2026-09-27T20:24:09.7899863Z Reset branch 'master'
2026-09-27T20:24:09.7902742Z branch 'master' set up to track 'origin/master'.
2026-09-27T20:24:09.8011631Z ##[endgroup]
2026-09-27T20:24:09.8056921Z [command]/usr/bin/git log -1 --format=%H
2026-09-27T20:24:09.8088009Z fd607c74b999039a0f712a44bda5bd1740bd89bd
2026-09-27T20:24:09.8357509Z ##[group]Run actions/setup-python@v6
2026-09-27T20:24:09.8357811Z with:
2026-09-27T20:24:09.8358012Z   python-version: 3.12
2026-09-27T20:24:09.8358243Z   check-latest: false
2026-09-27T20:24:09.8361216Z   token: ***
2026-09-27T20:24:09.8361445Z   update-environment: true
2026-09-27T20:24:09.8361703Z   allow-prereleases: false
2026-09-27T20:24:09.8361935Z   freethreaded: false
2026-09-27T20:24:09.8362163Z ##[endgroup]
2026-09-27T20:24:09.9723101Z ##[group]Installed versions
2026-09-27T20:24:10.3938546Z Successfully set up CPython (3.12.14)
2026-09-27T20:24:10.3939687Z ##[endgroup]
2026-09-27T20:24:10.4105073Z ##[group]Run pip install pyyaml
2026-09-27T20:24:10.4105570Z [36;1mpip install pyyaml[0m
2026-09-27T20:24:10.4469699Z shell: /usr/bin/bash -e {0}
2026-09-27T20:24:10.4469993Z env:
2026-09-27T20:24:10.4470289Z   pythonLocation: /opt/hostedtoolcache/Python/3.12.14/x64
2026-09-27T20:24:10.4470767Z   PKG_CONFIG_PATH: /opt/hostedtoolcache/Python/3.12.14/x64/lib/pkgconfig
2026-09-27T20:24:10.4471207Z   Python_ROOT_DIR: /opt/hostedtoolcache/Python/3.12.14/x64
2026-09-27T20:24:10.4471597Z   Python2_ROOT_DIR: /opt/hostedtoolcache/Python/3.12.14/x64
2026-09-27T20:24:10.4471986Z   Python3_ROOT_DIR: /opt/hostedtoolcache/Python/3.12.14/x64
2026-09-27T20:24:10.4472372Z   LD_LIBRARY_PATH: /opt/hostedtoolcache/Python/3.12.14/x64/lib
2026-09-27T20:24:10.4472717Z ##[endgroup]
2026-09-27T20:24:11.4005198Z Collecting pyyaml
2026-09-27T20:24:11.4555846Z   Downloading pyyaml-6.0.3-cp312-cp312-manylinux2014_x86_64.manylinux_2_17_x86_64.manylinux_2_28_x86_64.whl.metadata (2.4 kB)
2026-09-27T20:24:11.4637040Z Downloading pyyaml-6.0.3-cp312-cp312-manylinux2014_x86_64.manylinux_2_17_x86_64.manylinux_2_28_x86_64.whl (807 kB)
2026-09-27T20:24:11.5094199Z    ━━━━━━━━━━━━━━━━━━━━━━━━━━━━━━━━━━━━━━━━ 807.9/807.9 kB 35.6 MB/s  0:00:00
2026-09-27T20:24:11.5495649Z Installing collected packages: pyyaml
2026-09-27T20:24:11.6087907Z Successfully installed pyyaml-6.0.3
2026-09-27T20:24:11.6542253Z ##[group]Run rc=0; python3 knowledge/_release/_gate_frozen_release.py --check || rc=$?
2026-09-27T20:24:11.6542908Z [36;1mrc=0; python3 knowledge/_release/_gate_frozen_release.py --check || rc=$?[0m
2026-09-27T20:24:11.6543516Z [36;1mif [ "$rc" = "77" ]; then echo "^ COULD-NOT-ASK — printed, not counted, not a verdict."; rc=0; fi[0m
2026-09-27T20:24:11.6543976Z [36;1mexit $rc[0m
2026-09-27T20:24:11.6609724Z shell: /usr/bin/bash -e {0}
2026-09-27T20:24:11.6609978Z env:
2026-09-27T20:24:11.6610270Z   pythonLocation: /opt/hostedtoolcache/Python/3.12.14/x64
2026-09-27T20:24:11.6610729Z   PKG_CONFIG_PATH: /opt/hostedtoolcache/Python/3.12.14/x64/lib/pkgconfig
2026-09-27T20:24:11.6611181Z   Python_ROOT_DIR: /opt/hostedtoolcache/Python/3.12.14/x64
2026-09-27T20:24:11.6611565Z   Python2_ROOT_DIR: /opt/hostedtoolcache/Python/3.12.14/x64
2026-09-27T20:24:11.6611945Z   Python3_ROOT_DIR: /opt/hostedtoolcache/Python/3.12.14/x64
2026-09-27T20:24:11.6612380Z   LD_LIBRARY_PATH: /opt/hostedtoolcache/Python/3.12.14/x64/lib
2026-09-27T20:24:11.6612709Z ##[endgroup]
2026-09-27T20:24:12.2552091Z frozen-release gate — 3 release(s) at fd607c74b999
2026-09-27T20:24:12.2552796Z   designer-skills-v1   version v1          6 file(s)  b83d048483b7
2026-09-27T20:24:12.2553499Z   designer-skills-v2   version v2.1     1102 file(s)  ae920995c32e
2026-09-27T20:24:12.2554187Z   apollo-spider        version v1.0.14    14 file(s)  444c58d22a68
2026-09-27T20:24:12.2554594Z 
2026-09-27T20:24:12.2554885Z PASS — 3 arm(s) asked, no frozen surface moved.
2026-09-27T20:24:12.2651381Z ##[group]Run python3 knowledge/_release/_gate_frozen_release.py --selftest
2026-09-27T20:24:12.2651951Z [36;1mpython3 knowledge/_release/_gate_frozen_release.py --selftest[0m
2026-09-27T20:24:12.2716716Z shell: /usr/bin/bash -e {0}
2026-09-27T20:24:12.2716966Z env:
2026-09-27T20:24:12.2717237Z   pythonLocation: /opt/hostedtoolcache/Python/3.12.14/x64
2026-09-27T20:24:12.2717689Z   PKG_CONFIG_PATH: /opt/hostedtoolcache/Python/3.12.14/x64/lib/pkgconfig
2026-09-27T20:24:12.2718126Z   Python_ROOT_DIR: /opt/hostedtoolcache/Python/3.12.14/x64
2026-09-27T20:24:12.2718516Z   Python2_ROOT_DIR: /opt/hostedtoolcache/Python/3.12.14/x64
2026-09-27T20:24:12.2719245Z   Python3_ROOT_DIR: /opt/hostedtoolcache/Python/3.12.14/x64
2026-09-27T20:24:12.2719662Z   LD_LIBRARY_PATH: /opt/hostedtoolcache/Python/3.12.14/x64/lib
2026-09-27T20:24:12.2719997Z ##[endgroup]
2026-09-27T20:24:13.1782344Z selftest: 17 bites, 0 fail(s)
2026-09-27T20:24:13.1877259Z ##[group]Run rc=0; python3 knowledge/_release/_gate_release_audit.py --check || rc=$?
2026-09-27T20:24:13.1877929Z [36;1mrc=0; python3 knowledge/_release/_gate_release_audit.py --check || rc=$?[0m
2026-09-27T20:24:13.1878539Z [36;1mif [ "$rc" = "77" ]; then echo "^ COULD-NOT-ASK — printed, not counted, not a verdict."; rc=0; fi[0m
2026-09-27T20:24:13.1879313Z [36;1mexit $rc[0m
2026-09-27T20:24:13.1942144Z shell: /usr/bin/bash -e {0}
2026-09-27T20:24:13.1942403Z env:
2026-09-27T20:24:13.1942675Z   pythonLocation: /opt/hostedtoolcache/Python/3.12.14/x64
2026-09-27T20:24:13.1943120Z   PKG_CONFIG_PATH: /opt/hostedtoolcache/Python/3.12.14/x64/lib/pkgconfig
2026-09-27T20:24:13.1943554Z   Python_ROOT_DIR: /opt/hostedtoolcache/Python/3.12.14/x64
2026-09-27T20:24:13.1943947Z   Python2_ROOT_DIR: /opt/hostedtoolcache/Python/3.12.14/x64
2026-09-27T20:24:13.1944341Z   Python3_ROOT_DIR: /opt/hostedtoolcache/Python/3.12.14/x64
2026-09-27T20:24:13.1944781Z   LD_LIBRARY_PATH: /opt/hostedtoolcache/Python/3.12.14/x64/lib
2026-09-27T20:24:13.1945344Z ##[endgroup]
2026-09-27T20:24:14.3977104Z PASS — the manifest at knowledge/_release/_pack_manifest.json is byte-identical to a fresh generation at 0ef307460dcf (1781 files, sha256 a5b00c1450dc83c8)
2026-09-27T20:24:14.3978389Z 
2026-09-27T20:24:14.3979832Z PARKED DUE — 7 parked item(s) are due at release-cut — python3 knowledge/_parked.py --due release-cut
2026-09-27T20:24:14.4117336Z ##[group]Run python3 knowledge/_release/_gate_release_audit.py --selftest
2026-09-27T20:24:14.4117907Z [36;1mpython3 knowledge/_release/_gate_release_audit.py --selftest[0m
2026-09-27T20:24:14.4179406Z shell: /usr/bin/bash -e {0}
2026-09-27T20:24:14.4179662Z env:
2026-09-27T20:24:14.4179933Z   pythonLocation: /opt/hostedtoolcache/Python/3.12.14/x64
2026-09-27T20:24:14.4180406Z   PKG_CONFIG_PATH: /opt/hostedtoolcache/Python/3.12.14/x64/lib/pkgconfig
2026-09-27T20:24:14.4180854Z   Python_ROOT_DIR: /opt/hostedtoolcache/Python/3.12.14/x64
2026-09-27T20:24:14.4181267Z   Python2_ROOT_DIR: /opt/hostedtoolcache/Python/3.12.14/x64
2026-09-27T20:24:14.4181676Z   Python3_ROOT_DIR: /opt/hostedtoolcache/Python/3.12.14/x64
2026-09-27T20:24:14.4182077Z   LD_LIBRARY_PATH: /opt/hostedtoolcache/Python/3.12.14/x64/lib
2026-09-27T20:24:14.4182409Z ##[endgroup]
2026-09-27T20:24:15.7285040Z SKIPPED — apollo-spider/dist/Apollo-Spider-v1.0.0.zip is FROZEN HISTORY (not the manifest's v1.0.14); its integrity is _gate_frozen_release.py's jurisdiction, not this arm's
2026-09-27T20:24:15.7287352Z SKIPPED — apollo-spider/dist/Apollo-Spider-v1.0.1.zip is FROZEN HISTORY (not the manifest's v1.0.14); its integrity is _gate_frozen_release.py's jurisdiction, not this arm's
2026-09-27T20:24:15.7289702Z SKIPPED — apollo-spider/dist/Apollo-Spider-v1.0.10.zip is FROZEN HISTORY (not the manifest's v1.0.14); its integrity is _gate_frozen_release.py's jurisdiction, not this arm's
2026-09-27T20:24:15.7291693Z SKIPPED — apollo-spider/dist/Apollo-Spider-v1.0.11.zip is FROZEN HISTORY (not the manifest's v1.0.14); its integrity is _gate_frozen_release.py's jurisdiction, not this arm's
2026-09-27T20:24:15.7293643Z SKIPPED — apollo-spider/dist/Apollo-Spider-v1.0.12.zip is FROZEN HISTORY (not the manifest's v1.0.14); its integrity is _gate_frozen_release.py's jurisdiction, not this arm's
2026-09-27T20:24:15.7295574Z SKIPPED — apollo-spider/dist/Apollo-Spider-v1.0.13.zip is FROZEN HISTORY (not the manifest's v1.0.14); its integrity is _gate_frozen_release.py's jurisdiction, not this arm's
2026-09-27T20:24:15.7297112Z PASS — apollo-spider/dist/Apollo-Spider-v1.0.14.zip matches the manifest at 0ef307460dcf
2026-09-27T20:24:15.7298624Z SKIPPED — apollo-spider/dist/Apollo-Spider-v1.0.2.zip is FROZEN HISTORY (not the manifest's v1.0.14); its integrity is _gate_frozen_release.py's jurisdiction, not this arm's
2026-09-27T20:24:15.7300855Z SKIPPED — apollo-spider/dist/Apollo-Spider-v1.0.3.zip is FROZEN HISTORY (not the manifest's v1.0.14); its integrity is _gate_frozen_release.py's jurisdiction, not this arm's
2026-09-27T20:24:15.7302791Z SKIPPED — apollo-spider/dist/Apollo-Spider-v1.0.4.zip is FROZEN HISTORY (not the manifest's v1.0.14); its integrity is _gate_frozen_release.py's jurisdiction, not this arm's
2026-09-27T20:24:15.7304720Z SKIPPED — apollo-spider/dist/Apollo-Spider-v1.0.6.zip is FROZEN HISTORY (not the manifest's v1.0.14); its integrity is _gate_frozen_release.py's jurisdiction, not this arm's
2026-09-27T20:24:15.7306683Z SKIPPED — apollo-spider/dist/Apollo-Spider-v1.0.7.zip is FROZEN HISTORY (not the manifest's v1.0.14); its integrity is _gate_frozen_release.py's jurisdiction, not this arm's
2026-09-27T20:24:15.7308590Z SKIPPED — apollo-spider/dist/Apollo-Spider-v1.0.8.zip is FROZEN HISTORY (not the manifest's v1.0.14); its integrity is _gate_frozen_release.py's jurisdiction, not this arm's
2026-09-27T20:24:15.7310880Z SKIPPED — apollo-spider/dist/Apollo-Spider-v1.0.9.zip is FROZEN HISTORY (not the manifest's v1.0.14); its integrity is _gate_frozen_release.py's jurisdiction, not this arm's
2026-09-27T20:24:15.7315141Z ❌ the manifest reads version 'v1.0.14' and NO zip in dist/ carries it (zips present: Apollo-Spider-v1.0.0.zip, Apollo-Spider-v1.0.1.zip, Apollo-Spider-v1.0.10.zip, Apollo-Spider-v1.0.11.zip, Apollo-Spider-v1.0.12.zip, Apollo-Spider-v1.0.13.zip, Apollo-Spider-v1.0.2.zip, Apollo-Spider-v1.0.3.zip, Apollo-Spider-v1.0.4.zip, Apollo-Spider-v1.0.6.zip, Apollo-Spider-v1.0.7.zip, Apollo-Spider-v1.0.8.zip, Apollo-Spider-v1.0.9.zip) — the manifest names a release nobody baked.
2026-09-27T20:24:15.7318957Z ADVISORY — the manifest was generated at 0ef307460dcf; HEAD is fd607c74b999, 8 commit(s) later.
2026-09-27T20:24:15.7319910Z   A pack cut now would ship the tree as it stood at 0ef307460dcf. That may be exactly right.
2026-09-27T20:24:15.7320934Z   ⬛ WHETHER TO RE-CUT IS DAVE'S (s219-D4(2)): a release is explicit, versioned, his word.
2026-09-27T20:24:15.7322275Z   If he says re-cut: python3 knowledge/_release/_gen_pack_manifest.py --probe --commit <sha> && python3 knowledge/_release/_gen_pack_manifest.py --manifest --commit <sha>
2026-09-27T20:24:15.7323394Z selftest: 10 bites, 0 fail(s)
2026-09-27T20:24:15.7456403Z ##[group]Run rc=0; python3 knowledge/_release/_gate_release_audit.py --pack || rc=$?
2026-09-27T20:24:15.7457011Z [36;1mrc=0; python3 knowledge/_release/_gate_release_audit.py --pack || rc=$?[0m
2026-09-27T20:24:15.7457638Z [36;1mif [ "$rc" = "77" ]; then echo "^ COULD-NOT-ASK — nothing is baked yet. Printed, not counted."; rc=0; fi[0m
2026-09-27T20:24:15.7458120Z [36;1mexit $rc[0m
2026-09-27T20:24:15.7533834Z shell: /usr/bin/bash -e {0}
2026-09-27T20:24:15.7534249Z env:
2026-09-27T20:24:15.7534699Z   pythonLocation: /opt/hostedtoolcache/Python/3.12.14/x64
2026-09-27T20:24:15.7535354Z   PKG_CONFIG_PATH: /opt/hostedtoolcache/Python/3.12.14/x64/lib/pkgconfig
2026-09-27T20:24:15.7535808Z   Python_ROOT_DIR: /opt/hostedtoolcache/Python/3.12.14/x64
2026-09-27T20:24:15.7536198Z   Python2_ROOT_DIR: /opt/hostedtoolcache/Python/3.12.14/x64
2026-09-27T20:24:15.7536583Z   Python3_ROOT_DIR: /opt/hostedtoolcache/Python/3.12.14/x64
2026-09-27T20:24:15.7537018Z   LD_LIBRARY_PATH: /opt/hostedtoolcache/Python/3.12.14/x64/lib
2026-09-27T20:24:15.7537379Z ##[endgroup]
2026-09-27T20:24:16.1989058Z SKIPPED — apollo-spider/dist/Apollo-Spider-v1.0.0.zip is FROZEN HISTORY (not the manifest's v1.0.14); its integrity is _gate_frozen_release.py's jurisdiction, not this arm's
2026-09-27T20:24:16.1991224Z SKIPPED — apollo-spider/dist/Apollo-Spider-v1.0.1.zip is FROZEN HISTORY (not the manifest's v1.0.14); its integrity is _gate_frozen_release.py's jurisdiction, not this arm's
2026-09-27T20:24:16.1993218Z SKIPPED — apollo-spider/dist/Apollo-Spider-v1.0.10.zip is FROZEN HISTORY (not the manifest's v1.0.14); its integrity is _gate_frozen_release.py's jurisdiction, not this arm's
2026-09-27T20:24:16.1995167Z SKIPPED — apollo-spider/dist/Apollo-Spider-v1.0.11.zip is FROZEN HISTORY (not the manifest's v1.0.14); its integrity is _gate_frozen_release.py's jurisdiction, not this arm's
2026-09-27T20:24:16.1997111Z SKIPPED — apollo-spider/dist/Apollo-Spider-v1.0.12.zip is FROZEN HISTORY (not the manifest's v1.0.14); its integrity is _gate_frozen_release.py's jurisdiction, not this arm's
2026-09-27T20:24:16.1999275Z SKIPPED — apollo-spider/dist/Apollo-Spider-v1.0.13.zip is FROZEN HISTORY (not the manifest's v1.0.14); its integrity is _gate_frozen_release.py's jurisdiction, not this arm's
2026-09-27T20:24:16.2000777Z PASS — apollo-spider/dist/Apollo-Spider-v1.0.14.zip matches the manifest at 0ef307460dcf
2026-09-27T20:24:16.2002542Z SKIPPED — apollo-spider/dist/Apollo-Spider-v1.0.2.zip is FROZEN HISTORY (not the manifest's v1.0.14); its integrity is _gate_frozen_release.py's jurisdiction, not this arm's
2026-09-27T20:24:16.2004794Z SKIPPED — apollo-spider/dist/Apollo-Spider-v1.0.3.zip is FROZEN HISTORY (not the manifest's v1.0.14); its integrity is _gate_frozen_release.py's jurisdiction, not this arm's
2026-09-27T20:24:16.2006966Z SKIPPED — apollo-spider/dist/Apollo-Spider-v1.0.4.zip is FROZEN HISTORY (not the manifest's v1.0.14); its integrity is _gate_frozen_release.py's jurisdiction, not this arm's
2026-09-27T20:24:16.2009580Z SKIPPED — apollo-spider/dist/Apollo-Spider-v1.0.6.zip is FROZEN HISTORY (not the manifest's v1.0.14); its integrity is _gate_frozen_release.py's jurisdiction, not this arm's
2026-09-27T20:24:16.2011797Z SKIPPED — apollo-spider/dist/Apollo-Spider-v1.0.7.zip is FROZEN HISTORY (not the manifest's v1.0.14); its integrity is _gate_frozen_release.py's jurisdiction, not this arm's
2026-09-27T20:24:16.2014057Z SKIPPED — apollo-spider/dist/Apollo-Spider-v1.0.8.zip is FROZEN HISTORY (not the manifest's v1.0.14); its integrity is _gate_frozen_release.py's jurisdiction, not this arm's
2026-09-27T20:24:16.2016321Z SKIPPED — apollo-spider/dist/Apollo-Spider-v1.0.9.zip is FROZEN HISTORY (not the manifest's v1.0.14); its integrity is _gate_frozen_release.py's jurisdiction, not this arm's
2026-09-27T20:24:16.2116144Z ##[group]Run rc=0; python3 knowledge/_release/_gate_ci_template.py --check || rc=$?
2026-09-27T20:24:16.2116787Z [36;1mrc=0; python3 knowledge/_release/_gate_ci_template.py --check || rc=$?[0m
2026-09-27T20:24:16.2117399Z [36;1mif [ "$rc" = "77" ]; then echo "^ COULD-NOT-ASK — printed, not counted, not a verdict."; rc=0; fi[0m
2026-09-27T20:24:16.2117854Z [36;1mexit $rc[0m
2026-09-27T20:24:16.2179624Z shell: /usr/bin/bash -e {0}
2026-09-27T20:24:16.2179870Z env:
2026-09-27T20:24:16.2180136Z   pythonLocation: /opt/hostedtoolcache/Python/3.12.14/x64
2026-09-27T20:24:16.2180587Z   PKG_CONFIG_PATH: /opt/hostedtoolcache/Python/3.12.14/x64/lib/pkgconfig
2026-09-27T20:24:16.2181038Z   Python_ROOT_DIR: /opt/hostedtoolcache/Python/3.12.14/x64
2026-09-27T20:24:16.2181422Z   Python2_ROOT_DIR: /opt/hostedtoolcache/Python/3.12.14/x64
2026-09-27T20:24:16.2181803Z   Python3_ROOT_DIR: /opt/hostedtoolcache/Python/3.12.14/x64
2026-09-27T20:24:16.2182244Z   LD_LIBRARY_PATH: /opt/hostedtoolcache/Python/3.12.14/x64/lib
2026-09-27T20:24:16.2182574Z ##[endgroup]
2026-09-27T20:24:16.3001337Z ci-template gate — apollo-spider/ci-template
2026-09-27T20:24:16.3002009Z   2 job(s), 1 referenced script(s), README present
2026-09-27T20:24:16.3002869Z   · actionlint is not installed — the structural arms above carry the check
2026-09-27T20:24:16.3003363Z 
2026-09-27T20:24:16.3003747Z PASS — the template parses, ships what it calls, and hides nothing.
2026-09-27T20:24:16.3103443Z ##[group]Run rc=0; python3 knowledge/_release/_gate_ci_template.py --selftest || rc=$?
2026-09-27T20:24:16.3104098Z [36;1mrc=0; python3 knowledge/_release/_gate_ci_template.py --selftest || rc=$?[0m
2026-09-27T20:24:16.3104697Z [36;1mif [ "$rc" = "77" ]; then echo "^ COULD-NOT-ASK — printed, not counted, not a verdict."; rc=0; fi[0m
2026-09-27T20:24:16.3105161Z [36;1mexit $rc[0m
2026-09-27T20:24:16.3167070Z shell: /usr/bin/bash -e {0}
2026-09-27T20:24:16.3167316Z env:
2026-09-27T20:24:16.3167587Z   pythonLocation: /opt/hostedtoolcache/Python/3.12.14/x64
2026-09-27T20:24:16.3168031Z   PKG_CONFIG_PATH: /opt/hostedtoolcache/Python/3.12.14/x64/lib/pkgconfig
2026-09-27T20:24:16.3168470Z   Python_ROOT_DIR: /opt/hostedtoolcache/Python/3.12.14/x64
2026-09-27T20:24:16.3169136Z   Python2_ROOT_DIR: /opt/hostedtoolcache/Python/3.12.14/x64
2026-09-27T20:24:16.3169544Z   Python3_ROOT_DIR: /opt/hostedtoolcache/Python/3.12.14/x64
2026-09-27T20:24:16.3169978Z   LD_LIBRARY_PATH: /opt/hostedtoolcache/Python/3.12.14/x64/lib
2026-09-27T20:24:16.3170312Z ##[endgroup]
2026-09-27T20:24:16.6367051Z selftest: 10 bites, 0 fail(s)
2026-09-27T20:24:16.7009628Z ##[group]Run bash apollo-spider/build-designer-pack.sh --selftest
2026-09-27T20:24:16.7010195Z [36;1mbash apollo-spider/build-designer-pack.sh --selftest[0m
2026-09-27T20:24:16.7075837Z shell: /usr/bin/bash -e {0}
2026-09-27T20:24:16.7076093Z env:
2026-09-27T20:24:16.7076370Z   pythonLocation: /opt/hostedtoolcache/Python/3.12.14/x64
2026-09-27T20:24:16.7076821Z   PKG_CONFIG_PATH: /opt/hostedtoolcache/Python/3.12.14/x64/lib/pkgconfig
2026-09-27T20:24:16.7077263Z   Python_ROOT_DIR: /opt/hostedtoolcache/Python/3.12.14/x64
2026-09-27T20:24:16.7077654Z   Python2_ROOT_DIR: /opt/hostedtoolcache/Python/3.12.14/x64
2026-09-27T20:24:16.7078328Z   Python3_ROOT_DIR: /opt/hostedtoolcache/Python/3.12.14/x64
2026-09-27T20:24:16.7079034Z   LD_LIBRARY_PATH: /opt/hostedtoolcache/Python/3.12.14/x64/lib
2026-09-27T20:24:16.7079381Z ##[endgroup]
2026-09-27T20:24:16.7508058Z === generator selftest ===
2026-09-27T20:24:16.9874020Z selftest: 248 bites, 0 fail(s)
2026-09-27T20:24:17.0004384Z 
2026-09-27T20:24:17.0005174Z === refusal: no --commit ===
2026-09-27T20:24:17.0051879Z green — refused, as it must
2026-09-27T20:24:17.0052254Z 
2026-09-27T20:24:17.0052576Z === refusal: --release on a dirty tree ===
2026-09-27T20:24:17.0561342Z SKIPPED — tree is clean, the dirty-tree arm cannot be driven honestly right now
2026-09-27T20:24:17.0562057Z 
2026-09-27T20:24:17.0562483Z === refusal: --release over STALE chart receipts (s263-D13) ===
2026-09-27T20:24:17.1774744Z green — one mutated source hash is refused, as it must
2026-09-27T20:24:17.2630940Z green — the real receipts are FRESH (control)
2026-09-27T20:24:17.2631550Z 
2026-09-27T20:24:17.2631978Z === refusal: --release without Dave's ratification ===
2026-09-27T20:24:17.2854110Z SKIPPED — the manifest is already ratified
2026-09-27T20:24:17.2884685Z ##[group]Run python3 apollo-spider/cold-start/gen_projections.py --check
2026-09-27T20:24:17.2885256Z [36;1mpython3 apollo-spider/cold-start/gen_projections.py --check[0m
2026-09-27T20:24:17.2947235Z shell: /usr/bin/bash -e {0}
2026-09-27T20:24:17.2947488Z env:
2026-09-27T20:24:17.2947761Z   pythonLocation: /opt/hostedtoolcache/Python/3.12.14/x64
2026-09-27T20:24:17.2948223Z   PKG_CONFIG_PATH: /opt/hostedtoolcache/Python/3.12.14/x64/lib/pkgconfig
2026-09-27T20:24:17.2948980Z   Python_ROOT_DIR: /opt/hostedtoolcache/Python/3.12.14/x64
2026-09-27T20:24:17.2949420Z   Python2_ROOT_DIR: /opt/hostedtoolcache/Python/3.12.14/x64
2026-09-27T20:24:17.2949827Z   Python3_ROOT_DIR: /opt/hostedtoolcache/Python/3.12.14/x64
2026-09-27T20:24:17.2950224Z   LD_LIBRARY_PATH: /opt/hostedtoolcache/Python/3.12.14/x64/lib
2026-09-27T20:24:17.2950552Z ##[endgroup]
2026-09-27T20:24:17.3585612Z gen_projections --check OK — 3 projection(s) and 3 PLACED host file(s) in sync with cold-start/DESIGN-CONTRACT.md.
2026-09-27T20:24:17.3990888Z ##[group]Run python3 knowledge/_release/_gate_release_audit.py --drift
2026-09-27T20:24:17.3991424Z [36;1mpython3 knowledge/_release/_gate_release_audit.py --drift[0m
2026-09-27T20:24:17.4053318Z shell: /usr/bin/bash -e {0}
2026-09-27T20:24:17.4053572Z env:
2026-09-27T20:24:17.4053856Z   pythonLocation: /opt/hostedtoolcache/Python/3.12.14/x64
2026-09-27T20:24:17.4054310Z   PKG_CONFIG_PATH: /opt/hostedtoolcache/Python/3.12.14/x64/lib/pkgconfig
2026-09-27T20:24:17.4054741Z   Python_ROOT_DIR: /opt/hostedtoolcache/Python/3.12.14/x64
2026-09-27T20:24:17.4055143Z   Python2_ROOT_DIR: /opt/hostedtoolcache/Python/3.12.14/x64
2026-09-27T20:24:17.4055533Z   Python3_ROOT_DIR: /opt/hostedtoolcache/Python/3.12.14/x64
2026-09-27T20:24:17.4055921Z   LD_LIBRARY_PATH: /opt/hostedtoolcache/Python/3.12.14/x64/lib
2026-09-27T20:24:17.4056245Z ##[endgroup]
2026-09-27T20:24:17.5014807Z ADVISORY — the manifest was generated at 0ef307460dcf; HEAD is fd607c74b999, 8 commit(s) later.
2026-09-27T20:24:17.5015557Z   A pack cut now would ship the tree as it stood at 0ef307460dcf. That may be exactly right.
2026-09-27T20:24:17.5016242Z   ⬛ WHETHER TO RE-CUT IS DAVE'S (s219-D4(2)): a release is explicit, versioned, his word.
2026-09-27T20:24:17.5102419Z   If he says re-cut: python3 knowledge/_release/_gen_pack_manifest.py --probe --commit <sha> && python3 knowledge/_release/_gen_pack_manifest.py --manifest --commit <sha>
2026-09-27T20:24:17.5114328Z ##[error]Process completed with exit code 1.
2026-09-27T20:24:17.5367300Z Post job cleanup.
2026-09-27T20:24:17.6844259Z Post job cleanup.
2026-09-27T20:24:17.7760286Z [command]/usr/bin/git version
2026-09-27T20:24:17.7784677Z git version 2.55.0
2026-09-27T20:24:17.7827859Z Temporarily overriding HOME='/home/runner/work/_temp/e3e2a8b3-4062-4413-83fd-833dddc20db4' before making global git config changes
2026-09-27T20:24:17.7829626Z Adding repository directory to the temporary git global config as a safe directory
2026-09-27T20:24:17.7834918Z [command]/usr/bin/git config --global --add safe.directory /home/runner/work/UX-design/UX-design
2026-09-27T20:24:17.7871020Z Removing SSH command configuration
2026-09-27T20:24:17.7878504Z [command]/usr/bin/git config --local --name-only --get-regexp core\.sshCommand
2026-09-27T20:24:17.7917947Z [command]/usr/bin/git submodule foreach --recursive sh -c "git config --local --name-only --get-regexp 'core\.sshCommand' && git config --local --unset-all 'core.sshCommand' || :"
2026-09-27T20:24:17.8194250Z Removing HTTP extra header
2026-09-27T20:24:17.8210337Z [command]/usr/bin/git config --local --name-only --get-regexp http\.https\:\/\/github\.com\/\.extraheader
2026-09-27T20:24:17.8242423Z [command]/usr/bin/git submodule foreach --recursive sh -c "git config --local --name-only --get-regexp 'http\.https\:\/\/github\.com\/\.extraheader' && git config --local --unset-all 'http.https://github.com/.extraheader' || :"
2026-09-27T20:24:17.8522406Z Removing includeIf entries pointing to credentials config files
2026-09-27T20:24:17.8531253Z [command]/usr/bin/git config --local --name-only --get-regexp ^includeIf\.gitdir:
2026-09-27T20:24:17.8559710Z includeif.gitdir:/home/runner/work/UX-design/UX-design/.git.path
2026-09-27T20:24:17.8579760Z includeif.gitdir:/home/runner/work/UX-design/UX-design/.git/worktrees/*.path
2026-09-27T20:24:17.8580501Z includeif.gitdir:/github/workspace/.git.path
2026-09-27T20:24:17.8581048Z includeif.gitdir:/github/workspace/.git/worktrees/*.path
2026-09-27T20:24:17.8611003Z [command]/usr/bin/git config --local --get-all includeif.gitdir:/home/runner/work/UX-design/UX-design/.git.path
2026-09-27T20:24:17.8612622Z /home/runner/work/_temp/git-credentials-5949601f-8431-4ed9-bcf9-13e60ab20020.config
2026-09-27T20:24:17.8621863Z [command]/usr/bin/git config --local --unset includeif.gitdir:/home/runner/work/UX-design/UX-design/.git.path /home/runner/work/_temp/git-credentials-5949601f-8431-4ed9-bcf9-13e60ab20020.config
2026-09-27T20:24:17.8687721Z [command]/usr/bin/git config --local --get-all includeif.gitdir:/home/runner/work/UX-design/UX-design/.git/worktrees/*.path
2026-09-27T20:24:17.8708420Z /home/runner/work/_temp/git-credentials-5949601f-8431-4ed9-bcf9-13e60ab20020.config
2026-09-27T20:24:17.8729486Z [command]/usr/bin/git config --local --unset includeif.gitdir:/home/runner/work/UX-design/UX-design/.git/worktrees/*.path /home/runner/work/_temp/git-credentials-5949601f-8431-4ed9-bcf9-13e60ab20020.config
2026-09-27T20:24:17.8764964Z [command]/usr/bin/git config --local --get-all includeif.gitdir:/github/workspace/.git.path
2026-09-27T20:24:17.8792893Z /github/runner_temp/git-credentials-5949601f-8431-4ed9-bcf9-13e60ab20020.config
2026-09-27T20:24:17.8804086Z [command]/usr/bin/git config --local --unset includeif.gitdir:/github/workspace/.git.path /github/runner_temp/git-credentials-5949601f-8431-4ed9-bcf9-13e60ab20020.config
2026-09-27T20:24:17.8857646Z [command]/usr/bin/git config --local --get-all includeif.gitdir:/github/workspace/.git/worktrees/*.path
2026-09-27T20:24:17.8876446Z /github/runner_temp/git-credentials-5949601f-8431-4ed9-bcf9-13e60ab20020.config
2026-09-27T20:24:17.8891429Z [command]/usr/bin/git config --local --unset includeif.gitdir:/github/workspace/.git/worktrees/*.path /github/runner_temp/git-credentials-5949601f-8431-4ed9-bcf9-13e60ab20020.config
2026-09-27T20:24:17.8937244Z [command]/usr/bin/git submodule foreach --recursive git config --local --show-origin --name-only --get-regexp remote.origin.url
2026-09-27T20:24:17.9262696Z Removing credentials config '/home/runner/work/_temp/git-credentials-5949601f-8431-4ed9-bcf9-13e60ab20020.config'
2026-09-27T20:24:17.9418490Z Cleaning up orphan processes
