# READS.log — lane 288/P composition probe. Every repo file read, in order, with reason.
notes/_briefs/2026-08-31-230-demo-day-brief.md — grep only, "prompt" lines — hunting the frozen demo prompt
notes/_briefs/2026-08-31-229-cold-start-acceptance-brief.md — sed 20-40 + grep — hunting the frozen demo prompt
notes/_briefs/2026-09-08-258-demo-fence-brief.md — grep only, "prompt" — no hits
_DECISION-HISTORY/2026-09-08-257-two-ratifications-and-the-frozen-proposed-zip.md — grep ctx "Chief AI Officer" — prompt hunt (found persona research, not prompt)
knowledge/_memento_search.py — invoked (not read) "cold-start acceptance W-304"
designer-skills-v1/README.md — full — the pack's own instructions (method)
designer-skills-v1/generate-from-canon/SKILL.md — full — the build procedure I am acting out
designer-skills-v1/check-against-design-system/SKILL.md — full — the gate I must run on my result
knowledge/_rulings.json — programmatic query (_README + 80 matching ids; full says for s219-D1, s217-D2, s217-D3, s248-D4, s249-D2/D3/D5, s247-D3/D4, s251-D1, s272-D1) — the graph's rules for dashboards/bento
reviews/DASHBOARD-PRINCIPLES-2026-09-05-v1.html — tag-stripped regex extract of the DP-01..29 principle STATEMENTS only — the dashboard composition principles
knowledge/canon/canon.css — read: :root head (1-12), BASE block (915-960), bento block (1080-1240), grep for theme mechanism, grep for .cn-* scopes — theme mechanism + bento contract + component scope names
knowledge/canon/gen_theme_cascade.py — grep (docstring) — how a theme is selected (data-apollo-theme; Mono = base, no attribute)
knowledge/canon/type.css — head + class inventory — the t-cm-*/t-ed-* type composites
knowledge/tokens/themes/ — ls only — confirms Mono has no overrides file (Mono is the base)
knowledge/_render/role_defaults_219.py --table — invoked — dashboard/mono defaults (mainSpacing 40, subSpacing 4, keylines off, pageBg grey)
knowledge/_render/_bento_edit_rails.json — first 2.5KB — the ruled spacing stop set and dial vocabulary
knowledge/canon/dv-render.js — head + lines 60-140, 167-192, 280-360 — the chart engine contract (window.dvRender(fig, spec))
knowledge/canon/dv-behaviour.js — grep only — the fit pass / dv-fit contract
knowledge/snippets/Stat-card.reference.html — markup extract (tags only, styles stripped) — component markup
knowledge/snippets/Kpi-tile.reference.html — markup extract — component markup
knowledge/snippets/Table.reference.html — markup extract — component markup
knowledge/snippets/Status-indicator.reference.html — markup extract — component markup
knowledge/snippets/Tags.reference.html — markup extract — component markup
knowledge/snippets/Progress-bar.reference.html — markup extract — component markup
knowledge/snippets/Page-header-lockup.reference.html — markup extract — component markup
knowledge/snippets/Card-header-lockup.reference.html — markup extract — component markup
knowledge/snippets/Button.reference.html — markup extract (empty body; class names taken from canon.css .cn-button rules instead)
knowledge/snippets/Chart-bar.reference.html — markup extract (first 4KB, styles/scripts stripped) — the dv figure shell
knowledge/snippets/List-items.reference.html — markup extract — component markup (exceptions list)
knowledge/snippets/Legend.reference.html — markup extract — legend row markup for the grouped column
knowledge/canon/dv-render-bar.js — grep only (registered type names) — which chart types exist
knowledge/canon/dv-render-line.js — grep only (registered type names) — which chart types exist
knowledge/canon/dv-legend.js — head only — whether a static legend renders without the behaviour
knowledge/tokens/layout.json — programmatic read of layout.bento — columns/gutter/row-unit notes and their per-instance clauses
knowledge/_render/seat_env.sh — lines 1-120 — the render recipe (NOT edited; symlinked around line 44's glob)
knowledge/tokens/themes/_themes.json — grep only — "Mono = base, no block emitted"
knowledge/_validate_composition.py — grep only (band reader) — why C9 could not read a page that LINKS canon.css
knowledge/_validate_screen.py / _validate_compose.py / gen_provenance_receipt.py — invoked, not read
knowledge/_screen-gate/composed-dashboard.md — READ BACK (written by the gate on my own page; see the report's declaration)
FENCED FILES READ: none.
