$ _inscribe_ruling.py --entry notes/_lanes/305/A/entries/s305-D1.json --write  rc=0
INSCRIBED: s305-D1 — textual span of 2362 bytes at offset 1036407; file 1036412 → 1038774 bytes; rulings 638 → 639; reconstruction proof PASSED (all other bytes identical).

$ _inscribe_ruling.py --entry notes/_lanes/305/A/entries/s305-D2.json --write  rc=0
INSCRIBED: s305-D2 — textual span of 1847 bytes at offset 1038769; file 1038774 → 1040621 bytes; rulings 639 → 640; reconstruction proof PASSED (all other bytes identical).

$ _inscribe_ruling.py --entry notes/_lanes/305/A/entries/s305-D3.json --write  rc=0
INSCRIBED: s305-D3 — textual span of 1497 bytes at offset 1040616; file 1040621 → 1042118 bytes; rulings 640 → 641; reconstruction proof PASSED (all other bytes identical).

$ _inscribe_ruling.py --entry notes/_lanes/305/A/entries/s305-D4.json --write  rc=0
INSCRIBED: s305-D4 — textual span of 2255 bytes at offset 1042113; file 1042118 → 1044373 bytes; rulings 641 → 642; reconstruction proof PASSED (all other bytes identical).

$ _inscribe_ruling.py --entry notes/_lanes/305/A/entries/s305-D5.json --write  rc=0
INSCRIBED: s305-D5 — textual span of 1365 bytes at offset 1044368; file 1044373 → 1045738 bytes; rulings 642 → 643; reconstruction proof PASSED (all other bytes identical).

$ _inscribe_ruling.py --entry notes/_lanes/305/A/entries/s305-D6.json --write  rc=0
INSCRIBED: s305-D6 — textual span of 1714 bytes at offset 1045733; file 1045738 → 1047452 bytes; rulings 643 → 644; reconstruction proof PASSED (all other bytes identical).

$ _inscribe_ruling.py --entry notes/_lanes/305/A/entries/s305-D7.json --write  rc=0
INSCRIBED: s305-D7 — textual span of 3226 bytes at offset 1047447; file 1047452 → 1050678 bytes; rulings 644 → 645; reconstruction proof PASSED (all other bytes identical).

$ _inscribe_ruling.py --entry notes/_lanes/305/A/entries/s305-D8.json --write  rc=0
INSCRIBED: s305-D8 — textual span of 1281 bytes at offset 1050673; file 1050678 → 1051959 bytes; rulings 645 → 646; reconstruction proof PASSED (all other bytes identical).

$ _inscribe_ruling.py --entry notes/_lanes/305/A/entries/s305-D9.json --write  rc=0
INSCRIBED: s305-D9 — textual span of 2101 bytes at offset 1051954; file 1051959 → 1054060 bytes; rulings 646 → 647; reconstruction proof PASSED (all other bytes identical).

$ _inscribe_ruling.py --entry notes/_lanes/305/A/entries/s305-D10.json --write  rc=0
INSCRIBED: s305-D10 — textual span of 1522 bytes at offset 1054055; file 1054060 → 1055582 bytes; rulings 647 → 648; reconstruction proof PASSED (all other bytes identical).

$ _inscribe_ruling.py --entry notes/_lanes/305/A/entries/s305-D11.json --write  rc=0
INSCRIBED: s305-D11 — textual span of 1075 bytes at offset 1055577; file 1055582 → 1056657 bytes; rulings 648 → 649; reconstruction proof PASSED (all other bytes identical).

$ _inscribe_ruling.py --entry notes/_lanes/305/A/entries/s305-D12.json --write  rc=0
INSCRIBED: s305-D12 — textual span of 1094 bytes at offset 1056652; file 1056657 → 1057751 bytes; rulings 649 → 650; reconstruction proof PASSED (all other bytes identical).

$ _inscribe_ruling.py --entry notes/_lanes/305/A/entries/s305-D13.json --write  rc=0
INSCRIBED: s305-D13 — textual span of 1061 bytes at offset 1057746; file 1057751 → 1058812 bytes; rulings 650 → 651; reconstruction proof PASSED (all other bytes identical).

$ _inscribe_ruling.py --entry notes/_lanes/305/A/entries/s305-D14.json --write  rc=0
INSCRIBED: s305-D14 — textual span of 1930 bytes at offset 1058807; file 1058812 → 1060742 bytes; rulings 651 → 652; reconstruction proof PASSED (all other bytes identical).

$ _inscribe_ruling.py --entry notes/_lanes/305/A/entries/s305-D15.json --write  rc=0
INSCRIBED: s305-D15 — textual span of 1112 bytes at offset 1060737; file 1060742 → 1061854 bytes; rulings 652 → 653; reconstruction proof PASSED (all other bytes identical).

$ _inscribe_ruling.py --entry notes/_lanes/305/A/entries/s305-D16.json --write  rc=0
INSCRIBED: s305-D16 — textual span of 1240 bytes at offset 1061849; file 1061854 → 1063094 bytes; rulings 653 → 654; reconstruction proof PASSED (all other bytes identical).

$ _inscribe_ruling.py --entry notes/_lanes/305/A/entries/s305-D17.json --write  rc=0
INSCRIBED: s305-D17 — textual span of 959 bytes at offset 1063089; file 1063094 → 1064053 bytes; rulings 654 → 655; reconstruction proof PASSED (all other bytes identical).

$ _inscribe_ruling.py --entry notes/_lanes/305/A/entries/s305-D18.json --write  rc=0
INSCRIBED: s305-D18 — textual span of 1043 bytes at offset 1064048; file 1064053 → 1065096 bytes; rulings 655 → 656; reconstruction proof PASSED (all other bytes identical).

$ _inscribe_ruling.py --entry notes/_lanes/305/A/entries/s305-D19.json --write  rc=0
INSCRIBED: s305-D19 — textual span of 1014 bytes at offset 1065091; file 1065096 → 1066110 bytes; rulings 656 → 657; reconstruction proof PASSED (all other bytes identical).

$ _inscribe_ruling.py --entry notes/_lanes/305/A/entries/s305-D20.json --write  rc=0
INSCRIBED: s305-D20 — textual span of 1133 bytes at offset 1066105; file 1066110 → 1067243 bytes; rulings 657 → 658; reconstruction proof PASSED (all other bytes identical).

$ _inscribe_ruling.py --entry notes/_lanes/305/A/entries/s305-D21.json --write  rc=0
INSCRIBED: s305-D21 — textual span of 979 bytes at offset 1067238; file 1067243 → 1068222 bytes; rulings 658 → 659; reconstruction proof PASSED (all other bytes identical).

$ _inscribe_ruling.py --entry notes/_lanes/305/A/entries/s305-D22.json --write  rc=0
INSCRIBED: s305-D22 — textual span of 923 bytes at offset 1068217; file 1068222 → 1069145 bytes; rulings 659 → 660; reconstruction proof PASSED (all other bytes identical).

$ _inscribe_ruling.py --entry notes/_lanes/305/A/entries/s305-D23.json --write  rc=0
INSCRIBED: s305-D23 — textual span of 928 bytes at offset 1069140; file 1069145 → 1070073 bytes; rulings 660 → 661; reconstruction proof PASSED (all other bytes identical).

$ _inscribe_ruling.py --entry notes/_lanes/305/A/entries/s305-D24.json --write  rc=0
INSCRIBED: s305-D24 — textual span of 1181 bytes at offset 1070068; file 1070073 → 1071254 bytes; rulings 661 → 662; reconstruction proof PASSED (all other bytes identical).

$ _inscribe_ruling.py --entry notes/_lanes/305/A/entries/s305-D25.json --write  rc=0
INSCRIBED: s305-D25 — textual span of 1014 bytes at offset 1071249; file 1071254 → 1072268 bytes; rulings 662 → 663; reconstruction proof PASSED (all other bytes identical).

$ _inscribe_ruling.py --entry notes/_lanes/305/A/entries/s305-D26.json --write  rc=0
INSCRIBED: s305-D26 — textual span of 1282 bytes at offset 1072263; file 1072268 → 1073550 bytes; rulings 663 → 664; reconstruction proof PASSED (all other bytes identical).

$ _inscribe_ruling.py --entry notes/_lanes/305/A/entries/s305-D27.json --write  rc=0
INSCRIBED: s305-D27 — textual span of 1270 bytes at offset 1073545; file 1073550 → 1074820 bytes; rulings 664 → 665; reconstruction proof PASSED (all other bytes identical).

$ _inscribe_ruling.py --entry notes/_lanes/305/A/entries/s305-D28.json --write  rc=0
INSCRIBED: s305-D28 — textual span of 1477 bytes at offset 1074815; file 1074820 → 1076297 bytes; rulings 665 → 666; reconstruction proof PASSED (all other bytes identical).

$ _inscribe_ruling.py --entry notes/_lanes/305/A/entries/s305-D29.json --write  rc=0
INSCRIBED: s305-D29 — textual span of 1828 bytes at offset 1076292; file 1076297 → 1078125 bytes; rulings 666 → 667; reconstruction proof PASSED (all other bytes identical).

$ _inscribe_ruling.py --entry notes/_lanes/305/A/entries/s305-D30.json --write  rc=0
INSCRIBED: s305-D30 — textual span of 1007 bytes at offset 1078120; file 1078125 → 1079132 bytes; rulings 667 → 668; reconstruction proof PASSED (all other bytes identical).

$ _inscribe_ruling.py --entry notes/_lanes/305/A/entries/s305-D31.json --write  rc=0
INSCRIBED: s305-D31 — textual span of 934 bytes at offset 1079127; file 1079132 → 1080066 bytes; rulings 668 → 669; reconstruction proof PASSED (all other bytes identical).

$ _inscribe_ruling.py --entry notes/_lanes/305/A/entries/s305-D32.json --write  rc=0
INSCRIBED: s305-D32 — textual span of 1128 bytes at offset 1080061; file 1080066 → 1081194 bytes; rulings 669 → 670; reconstruction proof PASSED (all other bytes identical).

$ _inscribe_ruling.py --entry notes/_lanes/305/A/entries/s305-D33.json --write  rc=0
INSCRIBED: s305-D33 — textual span of 799 bytes at offset 1081189; file 1081194 → 1081993 bytes; rulings 670 → 671; reconstruction proof PASSED (all other bytes identical).

$ _inscribe_ruling.py --entry notes/_lanes/305/A/entries/s305-D34.json --write  rc=0
INSCRIBED: s305-D34 — textual span of 839 bytes at offset 1081988; file 1081993 → 1082832 bytes; rulings 671 → 672; reconstruction proof PASSED (all other bytes identical).

$ _inscribe_ruling.py --entry notes/_lanes/305/A/entries/s305-D35.json --write  rc=0
INSCRIBED: s305-D35 — textual span of 1094 bytes at offset 1082827; file 1082832 → 1083926 bytes; rulings 672 → 673; reconstruction proof PASSED (all other bytes identical).

$ _inscribe_ruling.py --entry notes/_lanes/305/A/entries/s305-D36.json --write  rc=0
INSCRIBED: s305-D36 — textual span of 903 bytes at offset 1083921; file 1083926 → 1084829 bytes; rulings 673 → 674; reconstruction proof PASSED (all other bytes identical).

$ _inscribe_ruling.py --entry notes/_lanes/305/A/entries/s305-D37.json --write  rc=0
INSCRIBED: s305-D37 — textual span of 904 bytes at offset 1084824; file 1084829 → 1085733 bytes; rulings 674 → 675; reconstruction proof PASSED (all other bytes identical).

$ _inscribe_ruling.py --entry notes/_lanes/305/A/entries/s305-D38.json --write  rc=0
INSCRIBED: s305-D38 — textual span of 1500 bytes at offset 1085728; file 1085733 → 1087233 bytes; rulings 675 → 676; reconstruction proof PASSED (all other bytes identical).

$ _inscribe_ruling.py --entry notes/_lanes/305/A/entries/s305-D39.json --write  rc=0
INSCRIBED: s305-D39 — textual span of 1681 bytes at offset 1087228; file 1087233 → 1088914 bytes; rulings 676 → 677; reconstruction proof PASSED (all other bytes identical).

$ _inscribe_ruling.py --entry notes/_lanes/305/A/entries/s305-D40.json --write  rc=0
INSCRIBED: s305-D40 — textual span of 1086 bytes at offset 1088909; file 1088914 → 1090000 bytes; rulings 677 → 678; reconstruction proof PASSED (all other bytes identical).

$ _inscribe_ruling.py --entry notes/_lanes/305/A/entries/s305-D41.json --write  rc=0
INSCRIBED: s305-D41 — textual span of 1536 bytes at offset 1089995; file 1090000 → 1091536 bytes; rulings 678 → 679; reconstruction proof PASSED (all other bytes identical).

$ _inscribe_ruling.py --entry notes/_lanes/305/A/entries/s305-D42.json --write  rc=0
INSCRIBED: s305-D42 — textual span of 1268 bytes at offset 1091531; file 1091536 → 1092804 bytes; rulings 679 → 680; reconstruction proof PASSED (all other bytes identical).

$ _inscribe_ruling.py --entry notes/_lanes/305/A/entries/s305-D43.json --write  rc=0
INSCRIBED: s305-D43 — textual span of 2496 bytes at offset 1092799; file 1092804 → 1095300 bytes; rulings 680 → 681; reconstruction proof PASSED (all other bytes identical).

$ _inscribe_ruling.py --entry notes/_lanes/305/A/entries/s305-D44.json --write  rc=0
INSCRIBED: s305-D44 — textual span of 1597 bytes at offset 1095295; file 1095300 → 1096897 bytes; rulings 681 → 682; reconstruction proof PASSED (all other bytes identical).

$ _inscribe_ruling.py --entry notes/_lanes/305/A/entries/s305-D45.json --write  rc=0
INSCRIBED: s305-D45 — textual span of 1241 bytes at offset 1096892; file 1096897 → 1098138 bytes; rulings 682 → 683; reconstruction proof PASSED (all other bytes identical).

$ _inscribe_ruling.py --entry notes/_lanes/305/A/entries/s305-D46.json --write  rc=0
INSCRIBED: s305-D46 — textual span of 923 bytes at offset 1098133; file 1098138 → 1099061 bytes; rulings 683 → 684; reconstruction proof PASSED (all other bytes identical).

$ _inscribe_ruling.py --entry notes/_lanes/305/A/entries/s305-D47.json --write  rc=0
INSCRIBED: s305-D47 — textual span of 1206 bytes at offset 1099056; file 1099061 → 1100267 bytes; rulings 684 → 685; reconstruction proof PASSED (all other bytes identical).

$ _inscribe_ruling.py --entry notes/_lanes/305/A/entries/s305-D48.json --write  rc=0
INSCRIBED: s305-D48 — textual span of 1466 bytes at offset 1100262; file 1100267 → 1101733 bytes; rulings 685 → 686; reconstruction proof PASSED (all other bytes identical).

$ _inscribe_ruling.py --entry notes/_lanes/305/A/entries/s305-D49.json --write  rc=0
INSCRIBED: s305-D49 — textual span of 951 bytes at offset 1101728; file 1101733 → 1102684 bytes; rulings 686 → 687; reconstruction proof PASSED (all other bytes identical).

$ _inscribe_ruling.py --entry notes/_lanes/305/A/entries/s305-D50.json --write  rc=0
INSCRIBED: s305-D50 — textual span of 1390 bytes at offset 1102679; file 1102684 → 1104074 bytes; rulings 687 → 688; reconstruction proof PASSED (all other bytes identical).

$ _inscribe_ruling.py --entry notes/_lanes/305/A/entries/s305-D51.json --write  rc=0
INSCRIBED: s305-D51 — textual span of 1030 bytes at offset 1104069; file 1104074 → 1105104 bytes; rulings 688 → 689; reconstruction proof PASSED (all other bytes identical).

$ _inscribe_ruling.py --entry notes/_lanes/305/A/entries/s305-D52.json --write  rc=0
INSCRIBED: s305-D52 — textual span of 1037 bytes at offset 1105099; file 1105104 → 1106141 bytes; rulings 689 → 690; reconstruction proof PASSED (all other bytes identical).

$ _inscribe_ruling.py --entry notes/_lanes/305/A/entries/s305-D53.json --write  rc=0
INSCRIBED: s305-D53 — textual span of 1237 bytes at offset 1106136; file 1106141 → 1107378 bytes; rulings 690 → 691; reconstruction proof PASSED (all other bytes identical).

$ _inscribe_ruling.py --entry notes/_lanes/305/A/entries/s305-D54.json --write  rc=0
INSCRIBED: s305-D54 — textual span of 946 bytes at offset 1107373; file 1107378 → 1108324 bytes; rulings 691 → 692; reconstruction proof PASSED (all other bytes identical).

$ _inscribe_ruling.py --entry notes/_lanes/305/A/entries/s305-D55.json --write  rc=0
INSCRIBED: s305-D55 — textual span of 1329 bytes at offset 1108319; file 1108324 → 1109653 bytes; rulings 692 → 693; reconstruction proof PASSED (all other bytes identical).

$ _inscribe_ruling.py --entry notes/_lanes/305/A/entries/s305-D56.json --write  rc=0
INSCRIBED: s305-D56 — textual span of 2139 bytes at offset 1109648; file 1109653 → 1111792 bytes; rulings 693 → 694; reconstruction proof PASSED (all other bytes identical).

=== follow-up (call 27 + five evidence amends)
INSCRIBED: s305-D57 — textual span of 3946 bytes at offset 1111787; file 1111792 → 1115738 bytes; rulings 694 → 695; reconstruction proof PASSED (all other bytes identical).
rc=0
AMENDED: s305-D13 evidence — textual span swap at offset 1058614, 190 → 948 bytes; file 1115738 → 1116496 bytes; evidence lines 3 → 7; reconstruction proof PASSED (every other byte identical; `says` untouched by construction).
rc=0 s305-D13
AMENDED: s305-D26 evidence — textual span swap at offset 1074103, 197 → 543 bytes; file 1116496 → 1116842 bytes; evidence lines 3 → 5; reconstruction proof PASSED (every other byte identical; `says` untouched by construction).
rc=0 s305-D26
AMENDED: s305-D9 evidence — textual span swap at offset 1053850, 202 → 712 bytes; file 1116842 → 1117352 bytes; evidence lines 3 → 4; reconstruction proof PASSED (every other byte identical; `says` untouched by construction).
rc=0 s305-D9
AMENDED: s305-D25 evidence — textual span swap at offset 1073338, 190 → 556 bytes; file 1117352 → 1117718 bytes; evidence lines 3 → 4; reconstruction proof PASSED (every other byte identical; `says` untouched by construction).
rc=0 s305-D25
AMENDED: s305-D11 evidence — textual span swap at offset 1057023, 136 → 518 bytes; file 1117718 → 1118100 bytes; evidence lines 2 → 3; reconstruction proof PASSED (every other byte identical; `says` untouched by construction).
rc=0 s305-D11
