# A2 inscription log — 305 · 2026-09-28
== s305-D58 dry
DRY RUN — would insert cleanly, NOTHING WRITTEN: s305-D58 — textual span of 2745 bytes at offset 1162575; file 1162580 → 1165325 bytes; rulings 695 → 696; reconstruction proof PASSED (all other bytes identical).
rc 0
== s305-D58 write
INSCRIBED: s305-D58 — textual span of 2745 bytes at offset 1162575; file 1162580 → 1165325 bytes; rulings 695 → 696; reconstruction proof PASSED (all other bytes identical).
rc 0
== s305-D59 dry
DRY RUN — would insert cleanly, NOTHING WRITTEN: s305-D59 — textual span of 3308 bytes at offset 1165320; file 1165325 → 1168633 bytes; rulings 696 → 697; reconstruction proof PASSED (all other bytes identical).
rc 0
== s305-D59 write
INSCRIBED: s305-D59 — textual span of 3308 bytes at offset 1165320; file 1165325 → 1168633 bytes; rulings 696 → 697; reconstruction proof PASSED (all other bytes identical).
rc 0
== s305-D60 dry
DRY RUN — would insert cleanly, NOTHING WRITTEN: s305-D60 — textual span of 7678 bytes at offset 1168628; file 1168633 → 1176311 bytes; rulings 697 → 698; reconstruction proof PASSED (all other bytes identical).
rc 0
== s305-D60 write
INSCRIBED: s305-D60 — textual span of 7678 bytes at offset 1168628; file 1168633 → 1176311 bytes; rulings 697 → 698; reconstruction proof PASSED (all other bytes identical).
rc 0
== s305-D61 dry
DRY RUN — would insert cleanly, NOTHING WRITTEN: s305-D61 — textual span of 2402 bytes at offset 1176306; file 1176311 → 1178713 bytes; rulings 698 → 699; reconstruction proof PASSED (all other bytes identical).
rc 0
== s305-D61 write
INSCRIBED: s305-D61 — textual span of 2402 bytes at offset 1176306; file 1176311 → 1178713 bytes; rulings 698 → 699; reconstruction proof PASSED (all other bytes identical).
rc 0
