dry 0 amend s305-D25 DRY RUN — would swap cleanly, NOTHING WRITTEN: s305-D25 evidence — textual span swap at offset 1113111, 1036 → 1541 bytes; file 1178713 → 1179218 bytes; evidenc
write 0 amend s305-D25 AMENDED: s305-D25 evidence — textual span swap at offset 1113111, 1036 → 1541 bytes; file 1178713 → 1179218 bytes; evidence lines 6 → 8; reconstruction proof PASSED (every other byte identical; `says` untouched by constr
dry 0 status s305-D25 DRY RUN — would stamp cleanly, NOTHING WRITTEN: s305-D25 status 'ruled' → 'enacted #305 2026-09-28 — DAVE ACCEPTED THE WORDING: loose-ends page 4a, verdict, ver
write 0 status s305-D25 STAMPED: s305-D25 status 'ruled' → 'enacted #305 2026-09-28 — DAVE ACCEPTED THE WORDING: loose-ends page 4a, verdict, verbatim: "Accept the wording" (saved 07:53). The words are R4a\'s draft `when` in the three metas (mo
dry 0 amend s155-D1 DRY RUN — would swap cleanly, NOTHING WRITTEN: s155-D1 evidence — textual span swap at offset 190705, 134 → 520 bytes; file 1179674 → 1180060 bytes; evidence li
write 0 amend s155-D1 AMENDED: s155-D1 evidence — textual span swap at offset 190705, 134 → 520 bytes; file 1179674 → 1180060 bytes; evidence lines 1 → 3; reconstruction proof PASSED (every other byte identical; `says` untouched by constructi
dry 0 status s155-D1 DRY RUN — would stamp cleanly, NOTHING WRITTEN: s155-D1 status "RULED #155, NOT ENACTED. SHAPE ONLY - the two green VALUES are still Dave's and have never been 
write 0 status s155-D1 STAMPED: s155-D1 status "RULED #155, NOT ENACTED. SHAPE ONLY - the two green VALUES are still Dave's and have never been named by anyone; deriving them from the red pair is forbidden (feedback-dont-launder-a-premise-into
dry 0 amend s229-D3 DRY RUN — would swap cleanly, NOTHING WRITTEN: s229-D3 evidence — textual span swap at offset 527856, 251 → 524 bytes; file 1181307 → 1181580 bytes; evidence li
write 0 amend s229-D3 AMENDED: s229-D3 evidence — textual span swap at offset 527856, 251 → 524 bytes; file 1181307 → 1181580 bytes; evidence lines 2 → 4; reconstruction proof PASSED (every other byte identical; `says` untouched by constructi
dry 0 status s229-D3 DRY RUN — would stamp cleanly, NOTHING WRITTEN: s229-D3 status 'ruled' → 'enacted — READ AS BUILT (#305 2026-09-28): Dave\'s verdict on the loose-ends page 3b, 
write 0 status s229-D3 STAMPED: s229-D3 status 'ruled' → 'enacted — READ AS BUILT (#305 2026-09-28): Dave\'s verdict on the loose-ends page 3b, verbatim "Read as built" (saved 07:53), which takes it off #305 `s305-D38` (Dave, sitting call 38, 
dry 0 status s234-D4 DRY RUN — would stamp cleanly, NOTHING WRITTEN: s234-D4 status 'ruled' → 'ruled — NOT BUILT, ON THE NOT-BUILT LIST (#305 `s305-D38` (Dave, sitting call 38, verb
write 0 status s234-D4 STAMPED: s234-D4 status 'ruled' → 'ruled — NOT BUILT, ON THE NOT-BUILT LIST (#305 `s305-D38` (Dave, sitting call 38, verbatim "yes to all six"; kinds by `notes/_lanes/304/R6b/counts.json`), kind 5 \'no trace of the build
dry 0 status s212-D1 DRY RUN — would stamp cleanly, NOTHING WRITTEN: s212-D1 status 'ruled' → 'ruled — NOT BUILT, ON THE NOT-BUILT LIST (#305 `s305-D38` (Dave, sitting call 38, verb
write 0 status s212-D1 STAMPED: s212-D1 status 'ruled' → 'ruled — NOT BUILT, ON THE NOT-BUILT LIST (#305 `s305-D38` (Dave, sitting call 38, verbatim "yes to all six"; kinds by `notes/_lanes/304/R6b/counts.json`), kind 5 \'no trace of the build
dry 0 status s216-D1 DRY RUN — would stamp cleanly, NOTHING WRITTEN: s216-D1 status 'ruled' → 'ruled — NOT BUILT, ON THE NOT-BUILT LIST (#305 `s305-D38` (Dave, sitting call 38, verb
write 0 status s216-D1 STAMPED: s216-D1 status 'ruled' → 'ruled — NOT BUILT, ON THE NOT-BUILT LIST (#305 `s305-D38` (Dave, sitting call 38, verbatim "yes to all six"; kinds by `notes/_lanes/304/R6b/counts.json`), kind 5 \'no trace of the build
dry 0 status s244-D1 DRY RUN — would stamp cleanly, NOTHING WRITTEN: s244-D1 status 'ruled' → 'ruled — NOT BUILT, ON THE NOT-BUILT LIST (#305 `s305-D38` (Dave, sitting call 38, verb
write 0 status s244-D1 STAMPED: s244-D1 status 'ruled' → 'ruled — NOT BUILT, ON THE NOT-BUILT LIST (#305 `s305-D38` (Dave, sitting call 38, verbatim "yes to all six"; kinds by `notes/_lanes/304/R6b/counts.json`), kind 5 \'no trace of the build
dry 0 status s256-D1 DRY RUN — would stamp cleanly, NOTHING WRITTEN: s256-D1 status 'ruled' → 'ruled — NOT BUILT, ON THE NOT-BUILT LIST (#305 `s305-D38` (Dave, sitting call 38, verb
write 0 status s256-D1 STAMPED: s256-D1 status 'ruled' → 'ruled — NOT BUILT, ON THE NOT-BUILT LIST (#305 `s305-D38` (Dave, sitting call 38, verbatim "yes to all six"; kinds by `notes/_lanes/304/R6b/counts.json`), kind 5 \'no trace of the build
dry 0 status s262-D5 DRY RUN — would stamp cleanly, NOTHING WRITTEN: s262-D5 status 'ruled' → 'ruled — NOT BUILT, ON THE NOT-BUILT LIST (#305 `s305-D38` (Dave, sitting call 38, verb
write 0 status s262-D5 STAMPED: s262-D5 status 'ruled' → 'ruled — NOT BUILT, ON THE NOT-BUILT LIST (#305 `s305-D38` (Dave, sitting call 38, verbatim "yes to all six"; kinds by `notes/_lanes/304/R6b/counts.json`), kind 5 \'no trace of the build
dry 0 amend s305-D38 DRY RUN — would swap cleanly, NOTHING WRITTEN: s305-D38 evidence — textual span swap at offset 1139326, 197 → 872 bytes; file 1186430 → 1187105 bytes; evidence 
write 0 amend s305-D38 AMENDED: s305-D38 evidence — textual span swap at offset 1139326, 197 → 872 bytes; file 1186430 → 1187105 bytes; evidence lines 3 → 5; reconstruction proof PASSED (every other byte identical; `says` untouched by construc
ALL WRITTEN 13
