PASS overview: no ragged rows, no tile overflow  :: []
PASS overview: no horizontal page scroll
PASS overview: filter toolbar is exactly as wide as the bento section it controls  :: [1606, 1606]
    overview groundPad 40px wallGap 40px / 40px | ground inset L 40 R 40 T 40 B 40; h-gutter 40; sub-gutter 4px; v-gutter 40
PASS accounts: no ragged rows, no tile overflow  :: []
PASS accounts: no horizontal page scroll
PASS accounts: filter toolbar is exactly as wide as the bento section it controls  :: [1606, 1606]
    accounts groundPad 40px wallGap 40px / 40px | ground inset L 40 R 40 T 40 B 40; h-gutter 40; sub-gutter 4px; v-gutter 40
PASS liquidity: no ragged rows, no tile overflow  :: []
PASS liquidity: no horizontal page scroll
PASS liquidity: filter toolbar is exactly as wide as the bento section it controls  :: [1606, 1606]
    liquidity groundPad 40px wallGap 40px / 40px | ground inset L 40 R 40 T 40 B 40; h-gutter 40; sub-gutter 4px; v-gutter 40
PASS payments: no ragged rows, no tile overflow  :: []
PASS payments: no horizontal page scroll
PASS payments: filter toolbar is exactly as wide as the bento section it controls  :: [1606, 1606]
    payments groundPad 40px wallGap 40px / 40px | ground inset L 40 R 40 T 40 B 40; h-gutter 40; sub-gutter 4px; v-gutter 40
PASS fx: no ragged rows, no tile overflow  :: []
PASS fx: no horizontal page scroll
PASS fx: filter toolbar is exactly as wide as the bento section it controls  :: [1606, 1606]
    fx groundPad 40px wallGap 40px / 40px | ground inset L 40 R 40 T 40 B 40; h-gutter 40; slack 69px below content in fx-rates; sub-gutter 4px; v-gutter 40
PASS risk: no ragged rows, no tile overflow  :: []
PASS risk: no horizontal page scroll
PASS risk: filter toolbar is exactly as wide as the bento section it controls  :: [1606, 1606]
    risk groundPad 40px wallGap 40px / 40px | ground inset L 40 R 40 T 40 B 40; h-gutter 40; sub-gutter 4px; v-gutter 40
PASS trade: no ragged rows, no tile overflow  :: []
PASS trade: no horizontal page scroll
PASS trade: filter toolbar is exactly as wide as the bento section it controls  :: [1606, 1606]
    trade groundPad 40px wallGap 40px / 40px | ground inset L 40 R 40 T 40 B 40; h-gutter 40; sub-gutter 4px; v-gutter 40
PASS reports: no ragged rows, no tile overflow  :: []
PASS reports: no horizontal page scroll
PASS reports: filter toolbar is exactly as wide as the bento section it controls  :: [1606, 1606]
    reports groundPad 40px wallGap 40px / 40px | ground inset L 40 R 40 T 40 B 40; sub-gutter 4px; v-gutter 40
PASS messages: no ragged rows, no tile overflow  :: []
PASS messages: no horizontal page scroll
PASS messages: filter toolbar is exactly as wide as the bento section it controls  :: [1606, 1606]
    messages groundPad 40px wallGap 40px / 40px | ground inset L 40 R 40 T 40 B 40; h-gutter 40; slack 57px below content in ms-cat; sub-gutter 4px; v-gutter 40
PASS settings: no ragged rows, no tile overflow  :: []
PASS settings: no horizontal page scroll
PASS settings: filter toolbar is exactly as wide as the bento section it controls  :: [1606, 1606]
    settings groundPad 40px wallGap 40px / 40px | ground inset L 40 R 40 T 40 B 40; sub-gutter 4px
PASS KPI tile keeps its showroom padding, gap and value size  :: [[155.140625, '16px', '8px', '32px'], [157.140625, '16px', '8px', '32px']]
    KPI showroom [155.140625, '16px', '8px', '32px'] page [157.140625, '16px', '8px', '32px']
PASS zero console errors or page errors during this section  :: []
