PASS tab deep link selects the exceptions tab
PASS the drawer steps aside while the dialog is open (one modal surface at a time)
PASS acknowledgement refuses a short note and a missing owner, both named  :: ['Write an audit note of at least 15 characters.', 'Choose who follows this up.']
PASS invalid fields carry aria-invalid
PASS acknowledged with an audit note naming the follow-up owner  :: EXC-701
PASS closing the drawer returns focus into the page  :: <main class="sh-main" id="main-app" tabindex="-1">
        <div class="sh-title"
PASS arrow keys move between tabs and show the panel
PASS an empty service request is refused with four named errors
PASS a card-number-like string in the request is refused
PASS a valid request is added, the Service requests tab opens, and the new row is focused
PASS a reply is added to the message thread
PASS a quote outside 0.1–100 is refused
PASS a valid quote books a simulated deal into the hedge book
PASS a drawdown beyond the internal limit is refused with the maximum named
PASS a valid drawdown increases the drawn amount and re-renders  :: [420, 470]
PASS an amendment marks the instrument and raises a linked service request
PASS running a report downloads a CSV  :: RPT-01-group-liquidity-position-2026-09-25.csv
PASS report detail carries a standalone sparkline drawn by the engine
PASS zero console errors or page errors during this section  :: []
