PASS nav to accounts: heading, aria-current, URL, title  :: ['Accounts and transactions', 'Accounts and transactions — Northwind Group — CEO banking (prototype)']
PASS nav to liquidity: heading, aria-current, URL, title  :: ['Liquidity and funding', 'Liquidity and funding — Northwind Group — CEO banking (prototype)']
PASS nav to payments: heading, aria-current, URL, title  :: ['Payments and approvals', 'Payments and approvals — Northwind Group — CEO banking (prototype)']
PASS nav to fx: heading, aria-current, URL, title  :: ['FX and markets', 'FX and markets — Northwind Group — CEO banking (prototype)']
PASS nav to risk: heading, aria-current, URL, title  :: ['Risk and limits', 'Risk and limits — Northwind Group — CEO banking (prototype)']
PASS nav to trade: heading, aria-current, URL, title  :: ['Trade finance', 'Trade finance — Northwind Group — CEO banking (prototype)']
PASS nav to reports: heading, aria-current, URL, title  :: ['Reports', 'Reports — Northwind Group — CEO banking (prototype)']
PASS nav to messages: heading, aria-current, URL, title  :: ['HSBC messages and service requests', 'HSBC messages and service requests — Northwind Group — CEO banking (prototype)']
PASS nav to settings: heading, aria-current, URL, title  :: ['Settings', 'Settings — Northwind Group — CEO banking (prototype)']
PASS nav to overview: heading, aria-current, URL, title  :: ['Overview', 'Overview — Northwind Group — CEO banking (prototype)']
PASS sidebar collapses to its rail and says so
PASS theme switch sets data-theme=dark on <html> and the tiles repaint  :: ['rgb(255, 255, 255)', 'rgb(31, 31, 31)']
PASS the dark masterbrand is the one shown in dark mode  :: [['light', 'none'], ['dark', 'block']]
PASS theme persists across reload
PASS the bento section ground follows the theme (dark wall ground)  :: rgb(26, 26, 26)
PASS hovering a bar shows the value popover  :: A · Money in · GBP: 36.3 £m
PASS clicking a legend name isolates its series (others ghost)  :: 12
PASS "View as table" opens the data table built from the same numbers
PASS the column chart sort switch re-renders in descending order  :: [[34.8, 20, 1.2, 3.5, 0, 7.2, 54.9, 19.6], [54.9, 34.8, 20, 19.6, 7.2, 3.5, 1.2, 0]]
PASS a KPI tile links to its view  :: file:///sessions/rcw-0115rtjy4mpbeejfbjiuhael/cold/cand-r3/out/index.html#/liquidity
PASS first Tab reaches the skip link
PASS zero console errors or page errors during this section  :: []
