ERRORS 0
## overview Overview
  figs [['ov-exposure', 'stacked-column', 25, '956x436'], ['ov-liqtrend', 'stacked-area', 3, '671x469'], ['ov-ccy', 'donut', 5, '580x260']]
  kpis [['ov-cash', '£2,190.7m', '+10.4% upvs 27 Aug'], ['ov-liq', '£4,841.1m', '+5.2% upvs 27 Aug'], ['ov-head', '£2,096.1m', '+12.9% upvs 27 Aug'], ['ov-runway', '247 days', '+5.2% up£19.6m out a day']]
  grids []
## accounts Accounts and transactions
  figs [['ac-trend', 'multiline', 5, '671x260'], ['ac-entity', 'bar', 7, '695x323'], ['ac-hist', 'histogram', 7, '695x273'], ['ac-ccyflow', 'grouped-column', 12, '695x260']]
  kpis [['ac-bal', '£2,190.7m', '+10.4% upvs 27 Aug'], ['ac-in', '£207.5m', '−30.6% downsecond half vs first'], ['ac-out', '£588.8m', '+17.8% upsecond half vs first'], ['ac-count', '320', '−6.1% downsecond half vs first']]
  grids [['dg-tx', 10, '1–10 of 320'], ['dg-acc', 10, '1–10 of 25']]
## liquidity Liquidity and funding
  figs [['lq-trend', 'stacked-area', 5, '671x260'], ['lq-combo', 'combo', 10, '663x285'], ['lq-bullet', 'bullet', 6, '1478x200']]
  kpis [['lq-liq', '£4,841.1m', '+5.2% upvs 27 Aug'], ['lq-undrawn', '£2,195.0m', '51.6% of limitsundrawn'], ['lq-head', '£2,096.1m', '+12.9% upvs 27 Aug'], ['lq-need', '1.8×', '+5.2% upof £2,745m planned']]
  grids [['dg-fac', 9, '1–9 of 9']]
## payments Payments and approvals
  figs [['py-status', 'grouped-column', 20, '695x260'], ['py-flows', 'butterfly-h', 10, '695x260']]
  kpis [['py-pending', '23', '6 of £5m+need a note'], ['py-value', '£88.6m', 'largest £13.3m'], ['py-released', '£489.7m', '−35.7% downsecond half vs first'], ['py-rejected', '15', '15.2% of decisions']]
  grids [['dg-pay', 10, '1–10 of 140']]
## fx FX and markets
  figs [['fx-candle', 'candlestick', 30, '956x260'], ['fx-index', 'multiline', 5, '671x260'], ['fx-box', 'boxplot', 5, '695x323']]
  kpis [['fx-usd', '1.3420', '−1.4% downvs 27 Aug'], ['fx-eur', '1.1650', 'No changevs 27 Aug'], ['fx-unhedged', '£1,145.8m', '−8.4% downvs 27 Aug'], ['fx-ratio', '49.0%', '+4.7 pts upof £2,246m']]
  grids [['dg-deal', 10, '1–10 of 48']]
## risk Risk and limits
  figs [['rk-region', 'bar', 5, '695x260'], ['rk-scatter', 'scatter', 19, '695x288'], ['rk-bullet', 'bullet', 6, '1478x200']]
  kpis [['rk-exp', '£2,990.8m', '+3.3% upvs 27 Aug'], ['rk-breach', '7', '+2 upvs 27 Aug'], ['rk-near', '3', '−1 downvs 27 Aug'], ['rk-open', '14', '9 material']]
  grids [['dg-pos', 10, '1–10 of 72'], ['dg-lim', 10, '1–10 of 24'], ['dg-exc', 10, '1–10 of 14']]
## trade Trade finance
  figs [['tf-mix', 'pie', 5, '580x260'], ['tf-expiry', 'column', 8, '695x479']]
  kpis [['tf-out', '£289.5m', '+57.2% up54 instruments'], ['tf-lc', '£162.2m', '+82.5% upvs 27 Aug'], ['tf-exp', '12', '+11 up£59.6m in value'], ['tf-util', '55.7%', '+20.2 pts upof £520m lines']]
  grids [['dg-tf', 10, '1–10 of 56']]
## reports Reports
  figs [['rp-weekly', 'butterfly-v', 10, '1478x260']]
  kpis [['rp-cash', '£2,190.7m', '+10.4% upvs 27 Aug'], ['rp-liq', '£4,841.1m', '+5.2% upvs 27 Aug'], ['rp-exp', '£2,990.8m', '+3.3% upvs 27 Aug'], ['rp-pay', '£489.7m', '−35.7% downsecond half vs first']]
  grids [['dg-rep', 10, '1–10 of 16']]
## messages HSBC messages and service requests
  figs [['ms-cat', 'donut', 5, '580x260']]
  kpis [['ms-unread', '7', '26 in total'], ['ms-open', '12', '18 raised'], ['ms-you', '10', 'messages and requests'], ['ms-days', '6.3 days', '6 resolved']]
  grids [['dg-msg', 10, '1–10 of 26'], ['dg-sr', 10, '1–10 of 18']]
## settings Settings
  figs []
  kpis []
  grids []
