2026-09-27T19:47:06.3398690Z Current runner version: '2.337.0'
2026-09-27T19:47:06.3438730Z ##[group]Runner Image Provisioner
2026-09-27T19:47:06.3439406Z Hosted Compute Agent
2026-09-27T19:47:06.3439876Z Version: 20260828.587
2026-09-27T19:47:06.3440324Z Commit: abac92662cab4cc7352de4f9f9d2e2419aad9c29
2026-09-27T19:47:06.3440819Z Build Date: 2026-08-28T16:44:25Z
2026-09-27T19:47:06.3441357Z Worker ID: {60cad3c1-41f6-448f-8d9c-c0ff2b7fff38}
2026-09-27T19:47:06.3441870Z Azure Region: centralus
2026-09-27T19:47:06.3442646Z ##[endgroup]
2026-09-27T19:47:06.3443579Z ##[group]Operating System
2026-09-27T19:47:06.3443988Z Ubuntu
2026-09-27T19:47:06.3444382Z 24.04.5
2026-09-27T19:47:06.3444758Z LTS
2026-09-27T19:47:06.3445115Z ##[endgroup]
2026-09-27T19:47:06.3445505Z ##[group]Runner Image
2026-09-27T19:47:06.3446073Z Image: ubuntu-24.04
2026-09-27T19:47:06.3446536Z Version: 20260920.314.1
2026-09-27T19:47:06.3447416Z Included Software: https://github.com/actions/runner-images/blob/ubuntu24/20260920.314/images/ubuntu/Ubuntu2404-Readme.md
2026-09-27T19:47:06.3448503Z Image Release: https://github.com/actions/runner-images/releases/tag/ubuntu24%2F20260920.314
2026-09-27T19:47:06.3449211Z ##[endgroup]
2026-09-27T19:47:06.3450071Z ##[group]GITHUB_TOKEN Permissions
2026-09-27T19:47:06.3451820Z Contents: read
2026-09-27T19:47:06.3452258Z Metadata: read
2026-09-27T19:47:06.3452649Z Packages: read
2026-09-27T19:47:06.3453039Z ##[endgroup]
2026-09-27T19:47:06.3454543Z Secret source: Actions
2026-09-27T19:47:06.3455212Z Cache mode: write
2026-09-27T19:47:06.3455855Z Prepare workflow directory
2026-09-27T19:47:06.3720679Z Prepare all required actions
2026-09-27T19:47:06.3756677Z Getting action download info
2026-09-27T19:47:06.6360578Z Download action repository 'actions/checkout@v6' (SHA:d23441a48e516b6c34aea4fa41551a30e30af803)
2026-09-27T19:47:06.9096976Z Download action repository 'actions/setup-python@v6' (SHA:ece7cb06caefa5fff74198d8649806c4678c61a1)
2026-09-27T19:47:07.5796486Z Complete job name: release
2026-09-27T19:47:07.6555730Z ##[group]Run actions/checkout@v6
2026-09-27T19:47:07.6557199Z with:
2026-09-27T19:47:07.6557900Z   fetch-depth: 0
2026-09-27T19:47:07.6558696Z   repository: daveasewen/UX-design
2026-09-27T19:47:07.6564905Z   token: ***
2026-09-27T19:47:07.6565604Z   ssh-strict: true
2026-09-27T19:47:07.6566591Z   ssh-user: git
2026-09-27T19:47:07.6567357Z   persist-credentials: true
2026-09-27T19:47:07.6568172Z   clean: true
2026-09-27T19:47:07.6568955Z   sparse-checkout-cone-mode: true
2026-09-27T19:47:07.6569838Z   fetch-tags: false
2026-09-27T19:47:07.6570607Z   show-progress: true
2026-09-27T19:47:07.6571350Z   lfs: false
2026-09-27T19:47:07.6572058Z   submodules: false
2026-09-27T19:47:07.6572880Z   set-safe-directory: true
2026-09-27T19:47:07.6573725Z   allow-unsafe-pr-checkout: false
2026-09-27T19:47:07.6574762Z ##[endgroup]
2026-09-27T19:47:07.7388093Z Syncing repository: daveasewen/UX-design
2026-09-27T19:47:07.7391614Z ##[group]Getting Git version info
2026-09-27T19:47:07.7393222Z Working directory is '/home/runner/work/UX-design/UX-design'
2026-09-27T19:47:07.7395391Z [command]/usr/bin/git version
2026-09-27T19:47:07.8486513Z git version 2.55.0
2026-09-27T19:47:07.8504524Z ##[endgroup]
2026-09-27T19:47:07.8517859Z Temporarily overriding HOME='/home/runner/work/_temp/e5ae9a5b-7d36-4b8e-a535-e304b0809e49' before making global git config changes
2026-09-27T19:47:07.8520139Z Adding repository directory to the temporary git global config as a safe directory
2026-09-27T19:47:07.8522188Z [command]/usr/bin/git config --global --add safe.directory /home/runner/work/UX-design/UX-design
2026-09-27T19:47:07.8563532Z Deleting the contents of '/home/runner/work/UX-design/UX-design'
2026-09-27T19:47:07.8567298Z ##[group]Determining repository object format
2026-09-27T19:47:07.8569093Z ##[endgroup]
2026-09-27T19:47:07.8573328Z ##[group]Initializing the repository
2026-09-27T19:47:07.8574530Z [command]/usr/bin/git init /home/runner/work/UX-design/UX-design
2026-09-27T19:47:07.8703841Z hint: Using 'master' as the name for the initial branch. This default branch name
2026-09-27T19:47:07.8706167Z hint: will change to "main" in Git 3.0. To configure the initial branch name
2026-09-27T19:47:07.8707997Z hint: to use in all of your new repositories, which will suppress this warning,
2026-09-27T19:47:07.8709473Z hint: call:
2026-09-27T19:47:07.8710347Z hint:
2026-09-27T19:47:07.8711283Z hint: 	git config --global init.defaultBranch <name>
2026-09-27T19:47:07.8712256Z hint:
2026-09-27T19:47:07.8713251Z hint: Names commonly chosen instead of 'master' are 'main', 'trunk' and
2026-09-27T19:47:07.8714701Z hint: 'development'. The just-created branch can be renamed via this command:
2026-09-27T19:47:07.8716042Z hint:
2026-09-27T19:47:07.8716823Z hint: 	git branch -m <name>
2026-09-27T19:47:07.8717564Z hint:
2026-09-27T19:47:07.8718605Z hint: Disable this message with "git config set advice.defaultBranchName false"
2026-09-27T19:47:07.8783061Z Initialized empty Git repository in /home/runner/work/UX-design/UX-design/.git/
2026-09-27T19:47:07.8792954Z [command]/usr/bin/git remote add origin https://github.com/daveasewen/UX-design
2026-09-27T19:47:07.8844047Z ##[endgroup]
2026-09-27T19:47:07.8845493Z ##[group]Disabling automatic garbage collection
2026-09-27T19:47:07.8846799Z [command]/usr/bin/git config --local gc.auto 0
2026-09-27T19:47:07.8871757Z ##[endgroup]
2026-09-27T19:47:07.8873177Z ##[group]Setting up auth
2026-09-27T19:47:07.8874081Z Removing SSH command configuration
2026-09-27T19:47:07.8875644Z [command]/usr/bin/git config --local --name-only --get-regexp core\.sshCommand
2026-09-27T19:47:07.8901297Z [command]/usr/bin/git submodule foreach --recursive sh -c "git config --local --name-only --get-regexp 'core\.sshCommand' && git config --local --unset-all 'core.sshCommand' || :"
2026-09-27T19:47:07.9193820Z Removing HTTP extra header
2026-09-27T19:47:07.9198065Z [command]/usr/bin/git config --local --name-only --get-regexp http\.https\:\/\/github\.com\/\.extraheader
2026-09-27T19:47:07.9223239Z [command]/usr/bin/git submodule foreach --recursive sh -c "git config --local --name-only --get-regexp 'http\.https\:\/\/github\.com\/\.extraheader' && git config --local --unset-all 'http.https://github.com/.extraheader' || :"
2026-09-27T19:47:07.9368617Z Removing includeIf entries pointing to credentials config files
2026-09-27T19:47:07.9372959Z [command]/usr/bin/git config --local --name-only --get-regexp ^includeIf\.gitdir:
2026-09-27T19:47:07.9398354Z [command]/usr/bin/git submodule foreach --recursive git config --local --show-origin --name-only --get-regexp remote.origin.url
2026-09-27T19:47:07.9550849Z [command]/usr/bin/git config --file /home/runner/work/_temp/git-credentials-3a735602-860b-4e5e-a43b-22c89afee496.config http.https://github.com/.extraheader AUTHORIZATION: basic ***
2026-09-27T19:47:07.9579616Z [command]/usr/bin/git config --local includeIf.gitdir:/home/runner/work/UX-design/UX-design/.git.path /home/runner/work/_temp/git-credentials-3a735602-860b-4e5e-a43b-22c89afee496.config
2026-09-27T19:47:07.9610312Z [command]/usr/bin/git config --local includeIf.gitdir:/home/runner/work/UX-design/UX-design/.git/worktrees/*.path /home/runner/work/_temp/git-credentials-3a735602-860b-4e5e-a43b-22c89afee496.config
2026-09-27T19:47:08.0176584Z [command]/usr/bin/git config --local includeIf.gitdir:/github/workspace/.git.path /github/runner_temp/git-credentials-3a735602-860b-4e5e-a43b-22c89afee496.config
2026-09-27T19:47:08.0209092Z [command]/usr/bin/git config --local includeIf.gitdir:/github/workspace/.git/worktrees/*.path /github/runner_temp/git-credentials-3a735602-860b-4e5e-a43b-22c89afee496.config
2026-09-27T19:47:08.0232431Z ##[endgroup]
2026-09-27T19:47:08.0233733Z ##[group]Fetching the repository
2026-09-27T19:47:08.0241057Z [command]/usr/bin/git -c protocol.version=2 fetch --no-tags --prune --no-recurse-submodules origin +refs/heads/*:refs/remotes/origin/* +refs/tags/*:refs/tags/*
2026-09-27T19:47:28.0771071Z From https://github.com/daveasewen/UX-design
2026-09-27T19:47:28.0771856Z  * [new branch]        master     -> origin/master
2026-09-27T19:47:28.0781263Z [command]/usr/bin/git branch --list --remote origin/master
2026-09-27T19:47:28.0801106Z   origin/master
2026-09-27T19:47:28.0808041Z [command]/usr/bin/git rev-parse refs/remotes/origin/master
2026-09-27T19:47:28.0827361Z e4ff42843926351dcf11fdf229f787048b1c852a
2026-09-27T19:47:28.0829442Z ##[endgroup]
2026-09-27T19:47:28.0830127Z ##[group]Determining the checkout info
2026-09-27T19:47:28.0830805Z ##[endgroup]
2026-09-27T19:47:28.0834628Z [command]/usr/bin/git sparse-checkout disable
2026-09-27T19:47:28.0878443Z [command]/usr/bin/git config --local --unset-all extensions.worktreeConfig
2026-09-27T19:47:28.0901115Z ##[group]Checking out the ref
2026-09-27T19:47:28.0904064Z [command]/usr/bin/git checkout --progress --force -B master refs/remotes/origin/master
2026-09-27T19:47:29.1157355Z Updating files:  18% (2359/12893)
2026-09-27T19:47:29.1183166Z Updating files:  19% (2450/12893)
2026-09-27T19:47:29.1211774Z Updating files:  20% (2579/12893)
2026-09-27T19:47:29.1237158Z Updating files:  21% (2708/12893)
2026-09-27T19:47:29.1262106Z Updating files:  22% (2837/12893)
2026-09-27T19:47:29.1289492Z Updating files:  23% (2966/12893)
2026-09-27T19:47:29.2034960Z Updating files:  24% (3095/12893)
2026-09-27T19:47:29.2831167Z Updating files:  25% (3224/12893)
2026-09-27T19:47:29.2968620Z Updating files:  26% (3353/12893)
2026-09-27T19:47:29.3070940Z Updating files:  27% (3482/12893)
2026-09-27T19:47:29.3166689Z Updating files:  28% (3611/12893)
2026-09-27T19:47:29.3349908Z Updating files:  29% (3739/12893)
2026-09-27T19:47:29.6059161Z Updating files:  30% (3868/12893)
2026-09-27T19:47:29.6248936Z Updating files:  31% (3997/12893)
2026-09-27T19:47:29.6342323Z Updating files:  32% (4126/12893)
2026-09-27T19:47:29.7064691Z Updating files:  33% (4255/12893)
2026-09-27T19:47:29.7354117Z Updating files:  34% (4384/12893)
2026-09-27T19:47:29.7624458Z Updating files:  35% (4513/12893)
2026-09-27T19:47:29.7680173Z Updating files:  36% (4642/12893)
2026-09-27T19:47:29.9744317Z Updating files:  37% (4771/12893)
2026-09-27T19:47:30.0523986Z Updating files:  38% (4900/12893)
2026-09-27T19:47:30.1046947Z Updating files:  39% (5029/12893)
2026-09-27T19:47:30.1250007Z Updating files:  39% (5148/12893)
2026-09-27T19:47:30.2854805Z Updating files:  40% (5158/12893)
2026-09-27T19:47:30.3357357Z Updating files:  41% (5287/12893)
2026-09-27T19:47:30.3952127Z Updating files:  42% (5416/12893)
2026-09-27T19:47:30.4540084Z Updating files:  43% (5544/12893)
2026-09-27T19:47:30.4886975Z Updating files:  44% (5673/12893)
2026-09-27T19:47:30.4951306Z Updating files:  45% (5802/12893)
2026-09-27T19:47:30.5186880Z Updating files:  46% (5931/12893)
2026-09-27T19:47:30.5330719Z Updating files:  47% (6060/12893)
2026-09-27T19:47:30.6024450Z Updating files:  48% (6189/12893)
2026-09-27T19:47:30.9108329Z Updating files:  49% (6318/12893)
2026-09-27T19:47:31.0160673Z Updating files:  50% (6447/12893)
2026-09-27T19:47:31.1016588Z Updating files:  51% (6576/12893)
2026-09-27T19:47:31.1262900Z Updating files:  51% (6673/12893)
2026-09-27T19:47:31.2380532Z Updating files:  52% (6705/12893)
2026-09-27T19:47:31.2704935Z Updating files:  53% (6834/12893)
2026-09-27T19:47:31.2916062Z Updating files:  54% (6963/12893)
2026-09-27T19:47:31.3085716Z Updating files:  55% (7092/12893)
2026-09-27T19:47:31.3971495Z Updating files:  56% (7221/12893)
2026-09-27T19:47:31.5121166Z Updating files:  57% (7350/12893)
2026-09-27T19:47:31.5598933Z Updating files:  58% (7478/12893)
2026-09-27T19:47:31.5804246Z Updating files:  59% (7607/12893)
2026-09-27T19:47:31.5945197Z Updating files:  60% (7736/12893)
2026-09-27T19:47:31.6156769Z Updating files:  61% (7865/12893)
2026-09-27T19:47:31.6353561Z Updating files:  62% (7994/12893)
2026-09-27T19:47:31.6542739Z Updating files:  63% (8123/12893)
2026-09-27T19:47:31.7159934Z Updating files:  64% (8252/12893)
2026-09-27T19:47:31.8059264Z Updating files:  65% (8381/12893)
2026-09-27T19:47:31.8539431Z Updating files:  66% (8510/12893)
2026-09-27T19:47:31.9597737Z Updating files:  67% (8639/12893)
2026-09-27T19:47:32.0269175Z Updating files:  68% (8768/12893)
2026-09-27T19:47:32.0506934Z Updating files:  69% (8897/12893)
2026-09-27T19:47:32.0886754Z Updating files:  70% (9026/12893)
2026-09-27T19:47:32.1013653Z Updating files:  71% (9155/12893)
2026-09-27T19:47:32.1139540Z Updating files:  71% (9231/12893)
2026-09-27T19:47:32.1345843Z Updating files:  72% (9283/12893)
2026-09-27T19:47:32.1387425Z Updating files:  73% (9412/12893)
2026-09-27T19:47:32.1910059Z Updating files:  74% (9541/12893)
2026-09-27T19:47:32.1968466Z Updating files:  75% (9670/12893)
2026-09-27T19:47:32.2441282Z Updating files:  76% (9799/12893)
2026-09-27T19:47:32.2962294Z Updating files:  77% (9928/12893)
2026-09-27T19:47:32.3323110Z Updating files:  78% (10057/12893)
2026-09-27T19:47:32.3723021Z Updating files:  79% (10186/12893)
2026-09-27T19:47:32.3974640Z Updating files:  80% (10315/12893)
2026-09-27T19:47:32.4148897Z Updating files:  81% (10444/12893)
2026-09-27T19:47:32.4266462Z Updating files:  82% (10573/12893)
2026-09-27T19:47:32.4362066Z Updating files:  83% (10702/12893)
2026-09-27T19:47:32.4477549Z Updating files:  84% (10831/12893)
2026-09-27T19:47:32.4856122Z Updating files:  85% (10960/12893)
2026-09-27T19:47:32.5726949Z Updating files:  86% (11088/12893)
2026-09-27T19:47:32.5755345Z Updating files:  87% (11217/12893)
2026-09-27T19:47:32.5789553Z Updating files:  88% (11346/12893)
2026-09-27T19:47:32.6073436Z Updating files:  89% (11475/12893)
2026-09-27T19:47:32.6496499Z Updating files:  90% (11604/12893)
2026-09-27T19:47:32.7279673Z Updating files:  91% (11733/12893)
2026-09-27T19:47:32.8521571Z Updating files:  92% (11862/12893)
2026-09-27T19:47:32.8948927Z Updating files:  93% (11991/12893)
2026-09-27T19:47:32.9100799Z Updating files:  94% (12120/12893)
2026-09-27T19:47:32.9534893Z Updating files:  95% (12249/12893)
2026-09-27T19:47:32.9849537Z Updating files:  96% (12378/12893)
2026-09-27T19:47:32.9942737Z Updating files:  97% (12507/12893)
2026-09-27T19:47:33.0132669Z Updating files:  98% (12636/12893)
2026-09-27T19:47:33.0586553Z Updating files:  99% (12765/12893)
2026-09-27T19:47:33.0587025Z Updating files: 100% (12893/12893)
2026-09-27T19:47:33.0587447Z Updating files: 100% (12893/12893), done.
2026-09-27T19:47:33.0749453Z Reset branch 'master'
2026-09-27T19:47:33.0782135Z branch 'master' set up to track 'origin/master'.
2026-09-27T19:47:33.0845531Z ##[endgroup]
2026-09-27T19:47:33.0889590Z [command]/usr/bin/git log -1 --format=%H
2026-09-27T19:47:33.0914136Z e4ff42843926351dcf11fdf229f787048b1c852a
2026-09-27T19:47:33.1136178Z ##[group]Run actions/setup-python@v6
2026-09-27T19:47:33.1136520Z with:
2026-09-27T19:47:33.1136798Z   python-version: 3.12
2026-09-27T19:47:33.1137071Z   check-latest: false
2026-09-27T19:47:33.1139087Z   token: ***
2026-09-27T19:47:33.1139360Z   update-environment: true
2026-09-27T19:47:33.1139652Z   allow-prereleases: false
2026-09-27T19:47:33.1139920Z   freethreaded: false
2026-09-27T19:47:33.1140188Z ##[endgroup]
2026-09-27T19:47:33.2191773Z ##[group]Installed versions
2026-09-27T19:47:33.2272697Z Successfully set up CPython (3.12.14)
2026-09-27T19:47:33.2273343Z ##[endgroup]
2026-09-27T19:47:33.2410476Z ##[group]Run pip install pyyaml
2026-09-27T19:47:33.2410904Z [36;1mpip install pyyaml[0m
2026-09-27T19:47:33.3336465Z shell: /usr/bin/bash -e {0}
2026-09-27T19:47:33.3336834Z env:
2026-09-27T19:47:33.3337117Z   pythonLocation: /opt/hostedtoolcache/Python/3.12.14/x64
2026-09-27T19:47:33.3337531Z   PKG_CONFIG_PATH: /opt/hostedtoolcache/Python/3.12.14/x64/lib/pkgconfig
2026-09-27T19:47:33.3337891Z   Python_ROOT_DIR: /opt/hostedtoolcache/Python/3.12.14/x64
2026-09-27T19:47:33.3338227Z   Python2_ROOT_DIR: /opt/hostedtoolcache/Python/3.12.14/x64
2026-09-27T19:47:33.3338578Z   Python3_ROOT_DIR: /opt/hostedtoolcache/Python/3.12.14/x64
2026-09-27T19:47:33.3338937Z   LD_LIBRARY_PATH: /opt/hostedtoolcache/Python/3.12.14/x64/lib
2026-09-27T19:47:33.3339253Z ##[endgroup]
2026-09-27T19:47:36.8168468Z Collecting pyyaml
2026-09-27T19:47:36.8953845Z   Downloading pyyaml-6.0.3-cp312-cp312-manylinux2014_x86_64.manylinux_2_17_x86_64.manylinux_2_28_x86_64.whl.metadata (2.4 kB)
2026-09-27T19:47:36.9090337Z Downloading pyyaml-6.0.3-cp312-cp312-manylinux2014_x86_64.manylinux_2_17_x86_64.manylinux_2_28_x86_64.whl (807 kB)
2026-09-27T19:47:37.1129769Z    ━━━━━━━━━━━━━━━━━━━━━━━━━━━━━━━━━━━━━━━━ 807.9/807.9 kB 3.3 MB/s  0:00:00
2026-09-27T19:47:37.1585099Z Installing collected packages: pyyaml
2026-09-27T19:47:37.1977099Z Successfully installed pyyaml-6.0.3
2026-09-27T19:47:37.2468630Z ##[group]Run rc=0; python3 knowledge/_release/_gate_frozen_release.py --check || rc=$?
2026-09-27T19:47:37.2469189Z [36;1mrc=0; python3 knowledge/_release/_gate_frozen_release.py --check || rc=$?[0m
2026-09-27T19:47:37.2469651Z [36;1mif [ "$rc" = "77" ]; then echo "^ COULD-NOT-ASK — printed, not counted, not a verdict."; rc=0; fi[0m
2026-09-27T19:47:37.2470039Z [36;1mexit $rc[0m
2026-09-27T19:47:37.2503300Z shell: /usr/bin/bash -e {0}
2026-09-27T19:47:37.2503575Z env:
2026-09-27T19:47:37.2503878Z   pythonLocation: /opt/hostedtoolcache/Python/3.12.14/x64
2026-09-27T19:47:37.2504244Z   PKG_CONFIG_PATH: /opt/hostedtoolcache/Python/3.12.14/x64/lib/pkgconfig
2026-09-27T19:47:37.2504636Z   Python_ROOT_DIR: /opt/hostedtoolcache/Python/3.12.14/x64
2026-09-27T19:47:37.2504993Z   Python2_ROOT_DIR: /opt/hostedtoolcache/Python/3.12.14/x64
2026-09-27T19:47:37.2505317Z   Python3_ROOT_DIR: /opt/hostedtoolcache/Python/3.12.14/x64
2026-09-27T19:47:37.2505744Z   LD_LIBRARY_PATH: /opt/hostedtoolcache/Python/3.12.14/x64/lib
2026-09-27T19:47:37.2506117Z ##[endgroup]
2026-09-27T19:47:37.3384251Z frozen-release gate — 3 release(s) at e4ff42843926
2026-09-27T19:47:37.3384778Z   designer-skills-v1   version v1          6 file(s)  b83d048483b7
2026-09-27T19:47:37.3385252Z   designer-skills-v2   version v2.1     1102 file(s)  ae920995c32e
2026-09-27T19:47:37.3385596Z   apollo-spider        version v1.0.14    14 file(s)  444c58d22a68
2026-09-27T19:47:37.3385805Z 
2026-09-27T19:47:37.3386177Z PASS — 3 arm(s) asked, no frozen surface moved.
2026-09-27T19:47:37.3467059Z ##[group]Run python3 knowledge/_release/_gate_frozen_release.py --selftest
2026-09-27T19:47:37.3467545Z [36;1mpython3 knowledge/_release/_gate_frozen_release.py --selftest[0m
2026-09-27T19:47:37.3500491Z shell: /usr/bin/bash -e {0}
2026-09-27T19:47:37.3500827Z env:
2026-09-27T19:47:37.3501110Z   pythonLocation: /opt/hostedtoolcache/Python/3.12.14/x64
2026-09-27T19:47:37.3501485Z   PKG_CONFIG_PATH: /opt/hostedtoolcache/Python/3.12.14/x64/lib/pkgconfig
2026-09-27T19:47:37.3501942Z   Python_ROOT_DIR: /opt/hostedtoolcache/Python/3.12.14/x64
2026-09-27T19:47:37.3502269Z   Python2_ROOT_DIR: /opt/hostedtoolcache/Python/3.12.14/x64
2026-09-27T19:47:37.3502621Z   Python3_ROOT_DIR: /opt/hostedtoolcache/Python/3.12.14/x64
2026-09-27T19:47:37.3502954Z   LD_LIBRARY_PATH: /opt/hostedtoolcache/Python/3.12.14/x64/lib
2026-09-27T19:47:37.3503241Z ##[endgroup]
2026-09-27T19:47:38.3403066Z selftest: 17 bites, 0 fail(s)
2026-09-27T19:47:38.3482379Z ##[group]Run rc=0; python3 knowledge/_release/_gate_release_audit.py --check || rc=$?
2026-09-27T19:47:38.3482885Z [36;1mrc=0; python3 knowledge/_release/_gate_release_audit.py --check || rc=$?[0m
2026-09-27T19:47:38.3483427Z [36;1mif [ "$rc" = "77" ]; then echo "^ COULD-NOT-ASK — printed, not counted, not a verdict."; rc=0; fi[0m
2026-09-27T19:47:38.3483803Z [36;1mexit $rc[0m
2026-09-27T19:47:38.3516106Z shell: /usr/bin/bash -e {0}
2026-09-27T19:47:38.3516370Z env:
2026-09-27T19:47:38.3517123Z   pythonLocation: /opt/hostedtoolcache/Python/3.12.14/x64
2026-09-27T19:47:38.3517527Z   PKG_CONFIG_PATH: /opt/hostedtoolcache/Python/3.12.14/x64/lib/pkgconfig
2026-09-27T19:47:38.3517886Z   Python_ROOT_DIR: /opt/hostedtoolcache/Python/3.12.14/x64
2026-09-27T19:47:38.3518232Z   Python2_ROOT_DIR: /opt/hostedtoolcache/Python/3.12.14/x64
2026-09-27T19:47:38.3518579Z   Python3_ROOT_DIR: /opt/hostedtoolcache/Python/3.12.14/x64
2026-09-27T19:47:38.3518988Z   LD_LIBRARY_PATH: /opt/hostedtoolcache/Python/3.12.14/x64/lib
2026-09-27T19:47:38.3519308Z ##[endgroup]
2026-09-27T19:47:39.1791995Z ❌ THE SHIP LIST ON DISK IS NOT WHAT THE GENERATOR PRODUCES at 0ef307460dcf.
2026-09-27T19:47:39.1792878Z    on disk: 1781 files, sha256 a5b00c1450dc83c8
2026-09-27T19:47:39.1793226Z    fresh:   1781 files, sha256 d1c0a01837f33126
2026-09-27T19:47:39.1794019Z    REMEDY: regenerate — never hand-edit the manifest. python3 knowledge/_release/_gen_pack_manifest.py --probe --commit <sha> && python3 knowledge/_release/_gen_pack_manifest.py --manifest --commit <sha>
2026-09-27T19:47:39.1794544Z 
2026-09-27T19:47:39.1794855Z PARKED DUE — 7 parked item(s) are due at release-cut — python3 knowledge/_parked.py --due release-cut
2026-09-27T19:47:39.1884078Z ##[error]Process completed with exit code 1.
2026-09-27T19:47:39.2020498Z Post job cleanup.
2026-09-27T19:47:39.2663124Z [command]/usr/bin/git version
2026-09-27T19:47:39.2690755Z git version 2.55.0
2026-09-27T19:47:39.2718341Z Temporarily overriding HOME='/home/runner/work/_temp/d212ab2d-6829-447e-b284-841069646216' before making global git config changes
2026-09-27T19:47:39.2719371Z Adding repository directory to the temporary git global config as a safe directory
2026-09-27T19:47:39.2732659Z [command]/usr/bin/git config --global --add safe.directory /home/runner/work/UX-design/UX-design
2026-09-27T19:47:39.2746699Z Removing SSH command configuration
2026-09-27T19:47:39.2751118Z [command]/usr/bin/git config --local --name-only --get-regexp core\.sshCommand
2026-09-27T19:47:39.2777183Z [command]/usr/bin/git submodule foreach --recursive sh -c "git config --local --name-only --get-regexp 'core\.sshCommand' && git config --local --unset-all 'core.sshCommand' || :"
2026-09-27T19:47:39.2955520Z Removing HTTP extra header
2026-09-27T19:47:39.2956647Z [command]/usr/bin/git config --local --name-only --get-regexp http\.https\:\/\/github\.com\/\.extraheader
2026-09-27T19:47:39.2978816Z [command]/usr/bin/git submodule foreach --recursive sh -c "git config --local --name-only --get-regexp 'http\.https\:\/\/github\.com\/\.extraheader' && git config --local --unset-all 'http.https://github.com/.extraheader' || :"
2026-09-27T19:47:39.3155486Z Removing includeIf entries pointing to credentials config files
2026-09-27T19:47:39.3159541Z [command]/usr/bin/git config --local --name-only --get-regexp ^includeIf\.gitdir:
2026-09-27T19:47:39.3175647Z includeif.gitdir:/home/runner/work/UX-design/UX-design/.git.path
2026-09-27T19:47:39.3176365Z includeif.gitdir:/home/runner/work/UX-design/UX-design/.git/worktrees/*.path
2026-09-27T19:47:39.3176937Z includeif.gitdir:/github/workspace/.git.path
2026-09-27T19:47:39.3177346Z includeif.gitdir:/github/workspace/.git/worktrees/*.path
2026-09-27T19:47:39.3183777Z [command]/usr/bin/git config --local --get-all includeif.gitdir:/home/runner/work/UX-design/UX-design/.git.path
2026-09-27T19:47:39.3199705Z /home/runner/work/_temp/git-credentials-3a735602-860b-4e5e-a43b-22c89afee496.config
2026-09-27T19:47:39.3208095Z [command]/usr/bin/git config --local --unset includeif.gitdir:/home/runner/work/UX-design/UX-design/.git.path /home/runner/work/_temp/git-credentials-3a735602-860b-4e5e-a43b-22c89afee496.config
2026-09-27T19:47:39.3244169Z [command]/usr/bin/git config --local --get-all includeif.gitdir:/home/runner/work/UX-design/UX-design/.git/worktrees/*.path
2026-09-27T19:47:39.3261952Z /home/runner/work/_temp/git-credentials-3a735602-860b-4e5e-a43b-22c89afee496.config
2026-09-27T19:47:39.3274263Z [command]/usr/bin/git config --local --unset includeif.gitdir:/home/runner/work/UX-design/UX-design/.git/worktrees/*.path /home/runner/work/_temp/git-credentials-3a735602-860b-4e5e-a43b-22c89afee496.config
2026-09-27T19:47:39.3302913Z [command]/usr/bin/git config --local --get-all includeif.gitdir:/github/workspace/.git.path
2026-09-27T19:47:39.3321757Z /github/runner_temp/git-credentials-3a735602-860b-4e5e-a43b-22c89afee496.config
2026-09-27T19:47:39.3327710Z [command]/usr/bin/git config --local --unset includeif.gitdir:/github/workspace/.git.path /github/runner_temp/git-credentials-3a735602-860b-4e5e-a43b-22c89afee496.config
2026-09-27T19:47:39.3359433Z [command]/usr/bin/git config --local --get-all includeif.gitdir:/github/workspace/.git/worktrees/*.path
2026-09-27T19:47:39.3377681Z /github/runner_temp/git-credentials-3a735602-860b-4e5e-a43b-22c89afee496.config
2026-09-27T19:47:39.3384335Z [command]/usr/bin/git config --local --unset includeif.gitdir:/github/workspace/.git/worktrees/*.path /github/runner_temp/git-credentials-3a735602-860b-4e5e-a43b-22c89afee496.config
2026-09-27T19:47:39.3416296Z [command]/usr/bin/git submodule foreach --recursive git config --local --show-origin --name-only --get-regexp remote.origin.url
2026-09-27T19:47:39.3581115Z Removing credentials config '/home/runner/work/_temp/git-credentials-3a735602-860b-4e5e-a43b-22c89afee496.config'
2026-09-27T19:47:39.3692755Z Cleaning up orphan processes
