live constants: {'BUDGET_AMBER': 160000, 'BUDGET_WORKING': 320000, 'BUDGET_HARD': 350000, 'STOP_LINE_TK': 300000, 'TOLERATED_TK': 320000}
control: GREEN (0 failures)

== BUDGET_WORKING set back to 256,000: 8 failure(s); the pin fires: True
   PIN: budget = (160000, 256000, 350000), ruled (160,000 at #56 · 320,000 / 350,000 by `s305-D62`; 256,000 / 300,000 at #301 and `s305-D28`). WORKING is PICKED by Dave #301 (was 200,000, SOURCED); BUDGET_HARD is PICKED by Dave #301 as an experiment (was 256,000, SOUR
   also: pre-flight/tokens [control — priced, in budget, all three terms labelled]: expected green, got ['fixture: pre-flight prices against 320,000, but the ruled working budget is 256,000 (Dave #56, re-diall
   also: pre-flight/tokens [#58: a PROSE MENTION before the real term must not crash, and must not win]: expected green, got ['fixture: pre-flight prices against 320,000, but the ruled working budget is 256,00
   also: pre-flight/tokens [D10 (c): a DECLARED-unobservable term passes]: expected green, got ['fixture: pre-flight prices against 320,000, but the ruled working budget is 256,000 (Dave #56, re-dialled #301 a
   also: pre-flight/tokens [AMBER stated correctly passes]: expected green, got ['fixture: pre-flight prices against 320,000, but the ruled working budget is 256,000 (Dave #56, re-dialled #301 and `s305-D62`).
   also: pre-flight/tokens [over the working budget, MARKED — allowed, warns]: expected green, got ['fixture: pre-flight prices against 320,000, but the ruled working budget is 256,000 (Dave #56, re-dialled #3
   also: pre-flight/tokens [the LIVE banner form `pre-flight #NN:` is the line that gets checked]: expected green, got ['fixture: pre-flight prices against 320,000, but the ruled working budget is 256,000 (Dav
   also: pre-flight/tokens [the REAL bold-laden banner form parses (the #56 bite)]: expected green, got ['fixture: pre-flight prices against 320,000, but the ruled working budget is 256,000 (Dave #56, re-diall

== BUDGET_HARD set back to 300,000: 3 failure(s); the pin fires: True
   PIN: budget = (160000, 320000, 300000), ruled (160,000 at #56 · 320,000 / 350,000 by `s305-D62`; 256,000 / 300,000 at #301 and `s305-D28`). WORKING is PICKED by Dave #301 (was 200,000, SOURCED); BUDGET_HARD is PICKED by Dave #301 as an experiment (was 256,000, SOUR
   also: pre-flight/tokens [over the working budget, MARKED — allowed, warns]: expected green, got ["fixture: pre-flight 336,897 is past the QUALITY-MAX line (300,000; historically called the 'hard line'). Tha
   also: budget floor: budget thresholds are out of order: amber 160,000 < working 320,000 < quality-max 300,000 must hold.

== STOP_LINE_TK set back to 236,000: 1 failure(s); the pin fires: True
   PIN: stop/tolerance = (236000, 320000), ruled (300,000, 320,000) by `s305-D62` (was 236,000 / 276,000 `s305-D28`; 180,000 `s271-D1` / 220,000 `s272-D93` before). Both are ADVISORY lines under working 320,000 / hard 350,000 and both are Dave's to move — updating thi

== TOLERATED_TK set back to 276,000: 1 failure(s); the pin fires: True
   PIN: stop/tolerance = (300000, 276000), ruled (300,000, 320,000) by `s305-D62` (was 236,000 / 276,000 `s305-D28`; 180,000 `s271-D1` / 220,000 `s272-D93` before). Both are ADVISORY lines under working 320,000 / hard 350,000 and both are Dave's to move — updating thi

restored control: GREEN (0 failures)
