15 named
  skip ('knowledge/_state.json', 'unchanged')
  skip ('knowledge/_gauge_tokens.py', 'unchanged')
  skip ('knowledge/_capture_gate.py', 'unchanged')
  skip ('knowledge/_checkin.py', 'unchanged')
  skip ('knowledge/_seam.py', 'unchanged')
  skip ('knowledge/_RUNBOOK-context-gauge.md', 'unchanged')
  skip ('knowledge/_RUNBOOK-capture-ritual.md', 'unchanged')
  skip ('dashboard/index.html', 'unchanged')
  skip ('knowledge/_memento-index.json', 'unchanged')
  skip ('knowledge/_node_titles.json', 'unchanged')
  skip ('reviews/MEMENTO-SCHEMATIC-2026-08-07-v2.html', 'unchanged')
  skip ('knowledge/_graph-mention-map.json', 'unchanged')
  skip ('tokens/_blast-radius.json', 'absent')
  skip ('_GRAPH-REPORT.md', 'absent')
  skip ('knowledge/_graph-mark-observations.jsonl', 'unchanged')
  skip ('notes/_lanes/305/W/SUMMARY-BULLETS.md', 'unchanged')
  skip ('notes/_lanes/305/W/_gitcommit-W5b.log', 'unchanged')
  skip ('notes/_lanes/305/W/_gitcommit-W5b.term', 'unchanged')
  skip ('notes/_lanes/305/W/_4c-hygiene.log', 'unchanged')
  skip ('notes/_lanes/305/W/_ci-gates-W5b.log', 'unchanged')
  skip ('notes/_lanes/305/W/_ci-runs-eb2630bb.txt', 'unchanged')
  skip ('notes/_lanes/305/W/_push-W5b-plain.log', 'unchanged')
  skip ('notes/_lanes/305/W/step6-parse-5b.txt', 'unchanged')
  skip ('notes/_lanes/305/L/DAVE-WORDS-2026-09-28-1141.md', 'unchanged')
  skip ('notes/_lanes/305/L/OWNS.txt', 'unchanged')
  skip ('notes/_lanes/305/L/_ci-gates-L-summary.txt', 'unchanged')
  skip ('notes/_lanes/305/L/_ci-gates-L.log', 'unchanged')
  skip ('notes/_lanes/305/L/_ci-runs-db708760.txt', 'unchanged')
  skip ('notes/_lanes/305/L/_gitcommit-L1.log', 'unchanged')
  skip ('notes/_lanes/305/L/_gitcommit-L1.term', 'unchanged')
  skip ('notes/_lanes/305/L/_gitcommit-L2.log', 'unchanged')
  skip ('notes/_lanes/305/L/_gitcommit-L2.term', 'unchanged')
  skip ('notes/_lanes/305/L/_msg-L1.py', 'unchanged')
  skip ('notes/_lanes/305/L/_msg-L1.txt', 'unchanged')
  skip ('notes/_lanes/305/L/_msg-L1.txt.t3-rendered', 'unchanged')
  skip ('notes/_lanes/305/L/_msg-L2.py', 'unchanged')
  skip ('notes/_lanes/305/L/_msg-L2.txt', 'unchanged')
  skip ('notes/_lanes/305/L/_msg-L2.txt.t3-rendered', 'unchanged')
  skip ('notes/_lanes/305/L/_msg-L3.py', 'unchanged')
  skip ('notes/_lanes/305/L/_msg-L3.txt', 'unchanged')
  skip ('notes/_lanes/305/L/_push-L-plain.log', 'unchanged')
  skip ('notes/_lanes/305/L/boot-arm-D64.log', 'unchanged')
  skip ('notes/_lanes/305/L/cg-selftest-2.log', 'unchanged')
  skip ('notes/_lanes/305/L/cg-selftest.log', 'unchanged')
  skip ('notes/_lanes/305/L/checkin-selftests.log', 'unchanged')
  skip ('notes/_lanes/305/L/edit_gate.py', 'unchanged')
  skip ('notes/_lanes/305/L/edit_gauge.py', 'unchanged')
  skip ('notes/_lanes/305/L/edit_gauge_d64.py', 'unchanged')
  skip ('notes/_lanes/305/L/entries.py', 'unchanged')
  skip ('notes/_lanes/305/L/entry-s305-D62.json', 'unchanged')
  skip ('notes/_lanes/305/L/entry-s305-D63.json', 'unchanged')
  skip ('notes/_lanes/305/L/entry-s305-D64.json', 'unchanged')
  skip ('notes/_lanes/305/L/entry64.py', 'unchanged')
  skip ('notes/_lanes/305/L/inscribe-write-D64.log', 'unchanged')
  skip ('notes/_lanes/305/L/inscribe-write.log', 'unchanged')
  skip ('notes/_lanes/305/L/mint_305l.py', 'unchanged')
  skip ('notes/_lanes/305/L/paths-l1.txt', 'unchanged')
  skip ('notes/_lanes/305/L/paths-l2.txt', 'unchanged')
  skip ('notes/_lanes/305/L/paths_l.py', 'unchanged')
  skip ('notes/_lanes/305/L/pin-d64-driven.log', 'unchanged')
  skip ('notes/_lanes/305/L/pins-driven.log', 'unchanged')
  skip ('notes/_lanes/305/L/selftests-1.log', 'unchanged')
  skip ('notes/_lanes/305/L/stamp-dry.log', 'unchanged')
  skip ('notes/_lanes/305/L/stamp-write.log', 'unchanged')
  skip ('notes/_lanes/305/L/stamp_l.py', 'unchanged')
  skip ('notes/_lanes/305/L/state-boot-line.log', 'unchanged')
  skip ('notes/_lanes/305/L/state-round2.log', 'unchanged')
  skip ('notes/_lanes/305/L/state_boot_line.py', 'unchanged')
  skip ('notes/_lanes/305/L/state_round2.py', 'unchanged')
  skip ('notes/_lanes/305/L/step1-mint.log', 'unchanged')
  skip ('notes/_lanes/305/L/step10-paths.log', 'unchanged')
  skip ('notes/_lanes/305/L/step2-regen.log', 'unchanged')
  skip ('notes/_lanes/305/L/step3-checks.log', 'unchanged')
  skip ('notes/_lanes/305/L/step4-titles-dashboard.log', 'unchanged')
  skip ('notes/_lanes/305/L/step5-paths.log', 'unchanged')
  skip ('notes/_lanes/305/L/step6-parse.txt', 'unchanged')
  skip ('notes/_lanes/305/L/step6-stamp-regen.log', 'unchanged')
  skip ('notes/_lanes/305/L/step7-explorer.log', 'unchanged')
  skip ('notes/_lanes/305/L/step8-paths.log', 'unchanged')
  skip ('notes/_lanes/305/L/step9-regen-r2.log', 'unchanged')
