== knowledge/_render_rulings.py
wrote /sessions/rcw-01hph5xdw9a12lkzujcer9xa/mnt/Projects--UX-design/notes/_RULINGS.html  702 rulings  163 sessions  1483294 bytes  sha256 f2337ccbacdc226805ec72a3cf7a3103a205102867a7ee64c1300b98ae3fa158
rc=0
== knowledge/tokens/_build_blast_radius.py
orphans: 907
rc=0
== knowledge/_build_memento_index.py
memento index: 2343 records → knowledge/_memento-index.json (brief:206, carries-section:83, component-meta:139, context-node:222, dream:14, gauge-block:287, gm-archive-section:275, gm-section:20, lane:4, ledger-section:86, ls-archive-section:559, ls-section:11, pattern-node:380, runbook-section:57)
rc=0
== knowledge/_build_graph_mention_map.py
graph mention map: 102 of 102 node(s) mentioned, 1979 record hit(s) total -> _graph-mention-map.json
rc=0
== knowledge/_gen_chain.py
  ✅ _CHAIN.md: 7,905 tiktoken cl100k_base · GM header+LATEST 5543 tk · LS LATEST delta only (of 36 delta lines) 1511 tk · FILE 7,905 tiktoken cl100k_base = slice 7,054 + wrapper 851 · fixed point in 2 pass(es)
rc=0
== knowledge/_gen_schematic.py
  ✅ reviews/MEMENTO-SCHEMATIC-2026-08-07-v2.html: 30,550 bytes · 0 declared gap(s) rendered
rc=0
WROTE knowledge/_node_titles.json — {'artefact': 5, 'guideline': 13, 'polarity': 30, 'rule': 474, 'ruling': 702, 'session': 92} titled · 0 untitled
gen_dashboard — wrote dashboard/index.html (1231065 bytes).
gen_dashboard --check OK — dashboard/index.html in sync.
PASS — the manifest at knowledge/_release/_pack_manifest.json is byte-identical to a fresh generation at 0ef307460dcf (1781 files, sha256 a5b00c1450dc83c8)
memento-package delta-audit: 0 failure(s)
PASS — 3 arm(s) asked, no frozen surface moved.
obs clean
