2026-09-24T11:57:50.2830753Z Current runner version: '2.337.0'
2026-09-24T11:57:50.2850402Z ##[group]Runner Image Provisioner
2026-09-24T11:57:50.2851145Z Hosted Compute Agent
2026-09-24T11:57:50.2851714Z Version: 20260828.587
2026-09-24T11:57:50.2852243Z Commit: abac92662cab4cc7352de4f9f9d2e2419aad9c29
2026-09-24T11:57:50.2852915Z Build Date: 2026-08-28T16:44:25Z
2026-09-24T11:57:50.2853544Z Worker ID: {bc5c6bf5-a8d6-4663-b8b0-7d02e63ed76a}
2026-09-24T11:57:50.2854144Z Azure Region: centralus
2026-09-24T11:57:50.2854860Z ##[endgroup]
2026-09-24T11:57:50.2856058Z ##[group]Operating System
2026-09-24T11:57:50.2856580Z Ubuntu
2026-09-24T11:57:50.2857026Z 24.04.5
2026-09-24T11:57:50.2857470Z LTS
2026-09-24T11:57:50.2858212Z ##[endgroup]
2026-09-24T11:57:50.2858678Z ##[group]Runner Image
2026-09-24T11:57:50.2859209Z Image: ubuntu-24.04
2026-09-24T11:57:50.2859690Z Version: 20260920.314.1
2026-09-24T11:57:50.2860735Z Included Software: https://github.com/actions/runner-images/blob/ubuntu24/20260920.314/images/ubuntu/Ubuntu2404-Readme.md
2026-09-24T11:57:50.2861956Z Image Release: https://github.com/actions/runner-images/releases/tag/ubuntu24%2F20260920.314
2026-09-24T11:57:50.2862767Z ##[endgroup]
2026-09-24T11:57:50.2863746Z ##[group]GITHUB_TOKEN Permissions
2026-09-24T11:57:50.2866038Z Contents: read
2026-09-24T11:57:50.2866532Z Metadata: read
2026-09-24T11:57:50.2866996Z Packages: read
2026-09-24T11:57:50.2867466Z ##[endgroup]
2026-09-24T11:57:50.2869166Z Secret source: Actions
2026-09-24T11:57:50.2869945Z Cache mode: write
2026-09-24T11:57:50.2870506Z Prepare workflow directory
2026-09-24T11:57:50.3135312Z Prepare all required actions
2026-09-24T11:57:50.3178163Z Getting action download info
2026-09-24T11:57:50.5850899Z Download action repository 'actions/checkout@v6' (SHA:d23441a48e516b6c34aea4fa41551a30e30af803)
2026-09-24T11:57:50.7052303Z Download action repository 'actions/setup-python@v6' (SHA:ece7cb06caefa5fff74198d8649806c4678c61a1)
2026-09-24T11:57:50.9160788Z Complete job name: gates
2026-09-24T11:57:50.9749378Z ##[group]Run actions/checkout@v6
2026-09-24T11:57:50.9750156Z with:
2026-09-24T11:57:50.9750593Z   fetch-depth: 0
2026-09-24T11:57:50.9751128Z   repository: daveasewen/UX-design
2026-09-24T11:57:50.9754949Z   token: ***
2026-09-24T11:57:50.9755380Z   ssh-strict: true
2026-09-24T11:57:50.9755842Z   ssh-user: git
2026-09-24T11:57:50.9756273Z   persist-credentials: true
2026-09-24T11:57:50.9756751Z   clean: true
2026-09-24T11:57:50.9757250Z   sparse-checkout-cone-mode: true
2026-09-24T11:57:50.9757727Z   fetch-tags: false
2026-09-24T11:57:50.9758182Z   show-progress: true
2026-09-24T11:57:50.9758618Z   lfs: false
2026-09-24T11:57:50.9759022Z   submodules: false
2026-09-24T11:57:50.9759484Z   set-safe-directory: true
2026-09-24T11:57:50.9759964Z   allow-unsafe-pr-checkout: false
2026-09-24T11:57:50.9760612Z ##[endgroup]
2026-09-24T11:57:51.0596274Z Syncing repository: daveasewen/UX-design
2026-09-24T11:57:51.0598576Z ##[group]Getting Git version info
2026-09-24T11:57:51.0599600Z Working directory is '/home/runner/work/UX-design/UX-design'
2026-09-24T11:57:51.0600769Z [command]/usr/bin/git version
2026-09-24T11:57:51.0692502Z git version 2.55.0
2026-09-24T11:57:51.0726814Z ##[endgroup]
2026-09-24T11:57:51.0737924Z Temporarily overriding HOME='/home/runner/work/_temp/57f5c697-72af-4f64-8407-504acf96d581' before making global git config changes
2026-09-24T11:57:51.0739721Z Adding repository directory to the temporary git global config as a safe directory
2026-09-24T11:57:51.0743824Z [command]/usr/bin/git config --global --add safe.directory /home/runner/work/UX-design/UX-design
2026-09-24T11:57:51.0787620Z Deleting the contents of '/home/runner/work/UX-design/UX-design'
2026-09-24T11:57:51.0792152Z ##[group]Determining repository object format
2026-09-24T11:57:51.0794337Z ##[endgroup]
2026-09-24T11:57:51.0795440Z ##[group]Initializing the repository
2026-09-24T11:57:51.0799106Z [command]/usr/bin/git init /home/runner/work/UX-design/UX-design
2026-09-24T11:57:51.0928026Z hint: Using 'master' as the name for the initial branch. This default branch name
2026-09-24T11:57:51.0929549Z hint: will change to "main" in Git 3.0. To configure the initial branch name
2026-09-24T11:57:51.0930755Z hint: to use in all of your new repositories, which will suppress this warning,
2026-09-24T11:57:51.0931747Z hint: call:
2026-09-24T11:57:51.0932336Z hint:
2026-09-24T11:57:51.0932935Z hint: 	git config --global init.defaultBranch <name>
2026-09-24T11:57:51.0933515Z hint:
2026-09-24T11:57:51.0934056Z hint: Names commonly chosen instead of 'master' are 'main', 'trunk' and
2026-09-24T11:57:51.0935196Z hint: 'development'. The just-created branch can be renamed via this command:
2026-09-24T11:57:51.0936165Z hint:
2026-09-24T11:57:51.0936589Z hint: 	git branch -m <name>
2026-09-24T11:57:51.0937079Z hint:
2026-09-24T11:57:51.0937684Z hint: Disable this message with "git config set advice.defaultBranchName false"
2026-09-24T11:57:51.0939165Z Initialized empty Git repository in /home/runner/work/UX-design/UX-design/.git/
2026-09-24T11:57:51.0946481Z [command]/usr/bin/git remote add origin https://github.com/daveasewen/UX-design
2026-09-24T11:57:51.0982060Z ##[endgroup]
2026-09-24T11:57:51.0982887Z ##[group]Disabling automatic garbage collection
2026-09-24T11:57:51.0986315Z [command]/usr/bin/git config --local gc.auto 0
2026-09-24T11:57:51.1010702Z ##[endgroup]
2026-09-24T11:57:51.1011788Z ##[group]Setting up auth
2026-09-24T11:57:51.1012579Z Removing SSH command configuration
2026-09-24T11:57:51.1018244Z [command]/usr/bin/git config --local --name-only --get-regexp core\.sshCommand
2026-09-24T11:57:51.1044410Z [command]/usr/bin/git submodule foreach --recursive sh -c "git config --local --name-only --get-regexp 'core\.sshCommand' && git config --local --unset-all 'core.sshCommand' || :"
2026-09-24T11:57:51.1339546Z Removing HTTP extra header
2026-09-24T11:57:51.1345194Z [command]/usr/bin/git config --local --name-only --get-regexp http\.https\:\/\/github\.com\/\.extraheader
2026-09-24T11:57:51.1370612Z [command]/usr/bin/git submodule foreach --recursive sh -c "git config --local --name-only --get-regexp 'http\.https\:\/\/github\.com\/\.extraheader' && git config --local --unset-all 'http.https://github.com/.extraheader' || :"
2026-09-24T11:57:51.1535982Z Removing includeIf entries pointing to credentials config files
2026-09-24T11:57:51.1536946Z [command]/usr/bin/git config --local --name-only --get-regexp ^includeIf\.gitdir:
2026-09-24T11:57:51.1562205Z [command]/usr/bin/git submodule foreach --recursive git config --local --show-origin --name-only --get-regexp remote.origin.url
2026-09-24T11:57:51.1723556Z [command]/usr/bin/git config --file /home/runner/work/_temp/git-credentials-0ed19cb4-1539-4b16-b9fd-ce491870732e.config http.https://github.com/.extraheader AUTHORIZATION: basic ***
2026-09-24T11:57:51.1752082Z [command]/usr/bin/git config --local includeIf.gitdir:/home/runner/work/UX-design/UX-design/.git.path /home/runner/work/_temp/git-credentials-0ed19cb4-1539-4b16-b9fd-ce491870732e.config
2026-09-24T11:57:51.1778065Z [command]/usr/bin/git config --local includeIf.gitdir:/home/runner/work/UX-design/UX-design/.git/worktrees/*.path /home/runner/work/_temp/git-credentials-0ed19cb4-1539-4b16-b9fd-ce491870732e.config
2026-09-24T11:57:51.1807722Z [command]/usr/bin/git config --local includeIf.gitdir:/github/workspace/.git.path /github/runner_temp/git-credentials-0ed19cb4-1539-4b16-b9fd-ce491870732e.config
2026-09-24T11:57:51.1865784Z [command]/usr/bin/git config --local includeIf.gitdir:/github/workspace/.git/worktrees/*.path /github/runner_temp/git-credentials-0ed19cb4-1539-4b16-b9fd-ce491870732e.config
2026-09-24T11:57:51.1886949Z ##[endgroup]
2026-09-24T11:57:51.1887670Z ##[group]Fetching the repository
2026-09-24T11:57:51.1893328Z [command]/usr/bin/git -c protocol.version=2 fetch --no-tags --prune --no-recurse-submodules origin +refs/heads/*:refs/remotes/origin/* +refs/tags/*:refs/tags/*
2026-09-24T11:58:17.5870442Z From https://github.com/daveasewen/UX-design
2026-09-24T11:58:17.5871448Z  * [new branch]        master     -> origin/master
2026-09-24T11:58:17.5880897Z [command]/usr/bin/git branch --list --remote origin/master
2026-09-24T11:58:17.5901690Z   origin/master
2026-09-24T11:58:17.5909230Z [command]/usr/bin/git rev-parse refs/remotes/origin/master
2026-09-24T11:58:17.5927235Z c2d66ff0cae6b4954dc2db57f2c14bf8434aceb6
2026-09-24T11:58:17.5929605Z ##[endgroup]
2026-09-24T11:58:17.5930372Z ##[group]Determining the checkout info
2026-09-24T11:58:17.5931218Z ##[endgroup]
2026-09-24T11:58:17.5936159Z [command]/usr/bin/git sparse-checkout disable
2026-09-24T11:58:17.5975100Z [command]/usr/bin/git config --local --unset-all extensions.worktreeConfig
2026-09-24T11:58:17.5996490Z ##[group]Checking out the ref
2026-09-24T11:58:17.5999874Z [command]/usr/bin/git checkout --progress --force -B master refs/remotes/origin/master
2026-09-24T11:58:18.6108916Z Updating files:  30% (2887/9458)
2026-09-24T11:58:18.6127148Z Updating files:  31% (2932/9458)
2026-09-24T11:58:18.6399547Z Updating files:  32% (3027/9458)
2026-09-24T11:58:18.7046848Z Updating files:  33% (3122/9458)
2026-09-24T11:58:18.7676014Z Updating files:  34% (3216/9458)
2026-09-24T11:58:18.7961587Z Updating files:  35% (3311/9458)
2026-09-24T11:58:18.8007339Z Updating files:  36% (3405/9458)
2026-09-24T11:58:18.8081739Z Updating files:  37% (3500/9458)
2026-09-24T11:58:18.8143897Z Updating files:  38% (3595/9458)
2026-09-24T11:58:18.8231032Z Updating files:  39% (3689/9458)
2026-09-24T11:58:18.8325348Z Updating files:  40% (3784/9458)
2026-09-24T11:58:18.8765169Z Updating files:  41% (3878/9458)
2026-09-24T11:58:18.8909938Z Updating files:  42% (3973/9458)
2026-09-24T11:58:18.8965138Z Updating files:  43% (4067/9458)
2026-09-24T11:58:18.9350546Z Updating files:  44% (4162/9458)
2026-09-24T11:58:18.9753405Z Updating files:  45% (4257/9458)
2026-09-24T11:58:18.9917373Z Updating files:  46% (4351/9458)
2026-09-24T11:58:19.0250459Z Updating files:  47% (4446/9458)
2026-09-24T11:58:19.0310070Z Updating files:  48% (4540/9458)
2026-09-24T11:58:19.0353377Z Updating files:  49% (4635/9458)
2026-09-24T11:58:19.1538657Z Updating files:  50% (4729/9458)
2026-09-24T11:58:19.2911760Z Updating files:  51% (4824/9458)
2026-09-24T11:58:19.3217825Z Updating files:  52% (4919/9458)
2026-09-24T11:58:19.3668275Z Updating files:  53% (5013/9458)
2026-09-24T11:58:19.5209525Z Updating files:  54% (5108/9458)
2026-09-24T11:58:19.6038919Z Updating files:  55% (5202/9458)
2026-09-24T11:58:19.6109981Z Updating files:  56% (5297/9458)
2026-09-24T11:58:19.6290435Z Updating files:  56% (5370/9458)
2026-09-24T11:58:19.6783639Z Updating files:  57% (5392/9458)
2026-09-24T11:58:19.7140851Z Updating files:  58% (5486/9458)
2026-09-24T11:58:19.7483265Z Updating files:  59% (5581/9458)
2026-09-24T11:58:19.7758167Z Updating files:  60% (5675/9458)
2026-09-24T11:58:19.7808510Z Updating files:  61% (5770/9458)
2026-09-24T11:58:19.7896813Z Updating files:  62% (5864/9458)
2026-09-24T11:58:19.8079371Z Updating files:  63% (5959/9458)
2026-09-24T11:58:19.8209898Z Updating files:  64% (6054/9458)
2026-09-24T11:58:19.8423126Z Updating files:  65% (6148/9458)
2026-09-24T11:58:19.9259652Z Updating files:  66% (6243/9458)
2026-09-24T11:58:20.1802346Z Updating files:  67% (6337/9458)
2026-09-24T11:58:20.2527725Z Updating files:  68% (6432/9458)
2026-09-24T11:58:20.3383874Z Updating files:  69% (6527/9458)
2026-09-24T11:58:20.4168175Z Updating files:  70% (6621/9458)
2026-09-24T11:58:20.4849888Z Updating files:  71% (6716/9458)
2026-09-24T11:58:20.5118388Z Updating files:  72% (6810/9458)
2026-09-24T11:58:20.5177634Z Updating files:  73% (6905/9458)
2026-09-24T11:58:20.5301294Z Updating files:  74% (6999/9458)
2026-09-24T11:58:20.5413706Z Updating files:  75% (7094/9458)
2026-09-24T11:58:20.5518778Z Updating files:  76% (7189/9458)
2026-09-24T11:58:20.5588631Z Updating files:  77% (7283/9458)
2026-09-24T11:58:20.5671590Z Updating files:  78% (7378/9458)
2026-09-24T11:58:20.5827510Z Updating files:  79% (7472/9458)
2026-09-24T11:58:20.6101829Z Updating files:  80% (7567/9458)
2026-09-24T11:58:20.6239287Z Updating files:  80% (7637/9458)
2026-09-24T11:58:20.6926687Z Updating files:  81% (7661/9458)
2026-09-24T11:58:20.7028767Z Updating files:  82% (7756/9458)
2026-09-24T11:58:20.7052936Z Updating files:  83% (7851/9458)
2026-09-24T11:58:20.7079006Z Updating files:  84% (7945/9458)
2026-09-24T11:58:20.7349970Z Updating files:  85% (8040/9458)
2026-09-24T11:58:20.7639609Z Updating files:  86% (8134/9458)
2026-09-24T11:58:20.7784280Z Updating files:  87% (8229/9458)
2026-09-24T11:58:20.8558751Z Updating files:  88% (8324/9458)
2026-09-24T11:58:20.9736044Z Updating files:  89% (8418/9458)
2026-09-24T11:58:21.0151280Z Updating files:  90% (8513/9458)
2026-09-24T11:58:21.0303724Z Updating files:  91% (8607/9458)
2026-09-24T11:58:21.0428253Z Updating files:  92% (8702/9458)
2026-09-24T11:58:21.0653862Z Updating files:  93% (8796/9458)
2026-09-24T11:58:21.1117984Z Updating files:  94% (8891/9458)
2026-09-24T11:58:21.1225060Z Updating files:  95% (8986/9458)
2026-09-24T11:58:21.1296751Z Updating files:  96% (9080/9458)
2026-09-24T11:58:21.1350329Z Updating files:  97% (9175/9458)
2026-09-24T11:58:21.1666984Z Updating files:  98% (9269/9458)
2026-09-24T11:58:21.1908513Z Updating files:  99% (9364/9458)
2026-09-24T11:58:21.1909077Z Updating files: 100% (9458/9458)
2026-09-24T11:58:21.1909430Z Updating files: 100% (9458/9458), done.
2026-09-24T11:58:21.1992085Z Reset branch 'master'
2026-09-24T11:58:21.1995684Z branch 'master' set up to track 'origin/master'.
2026-09-24T11:58:21.2047148Z ##[endgroup]
2026-09-24T11:58:21.2085066Z [command]/usr/bin/git log -1 --format=%H
2026-09-24T11:58:21.2106476Z c2d66ff0cae6b4954dc2db57f2c14bf8434aceb6
2026-09-24T11:58:21.2317334Z ##[group]Run actions/setup-python@v6
2026-09-24T11:58:21.2317664Z with:
2026-09-24T11:58:21.2317904Z   python-version: 3.12
2026-09-24T11:58:21.2318205Z   check-latest: false
2026-09-24T11:58:21.2320344Z   token: ***
2026-09-24T11:58:21.2320675Z   update-environment: true
2026-09-24T11:58:21.2320959Z   allow-prereleases: false
2026-09-24T11:58:21.2321229Z   freethreaded: false
2026-09-24T11:58:21.2321517Z ##[endgroup]
2026-09-24T11:58:21.3379932Z ##[group]Installed versions
2026-09-24T11:58:21.3455957Z Successfully set up CPython (3.12.14)
2026-09-24T11:58:21.3456746Z ##[endgroup]
2026-09-24T11:58:21.3562971Z ##[group]Run pip install tiktoken jsonschema
2026-09-24T11:58:21.3563517Z [36;1mpip install tiktoken jsonschema[0m
2026-09-24T11:58:21.3781328Z shell: /usr/bin/bash -e {0}
2026-09-24T11:58:21.3781660Z env:
2026-09-24T11:58:21.3782016Z   pythonLocation: /opt/hostedtoolcache/Python/3.12.14/x64
2026-09-24T11:58:21.3782504Z   PKG_CONFIG_PATH: /opt/hostedtoolcache/Python/3.12.14/x64/lib/pkgconfig
2026-09-24T11:58:21.3782937Z   Python_ROOT_DIR: /opt/hostedtoolcache/Python/3.12.14/x64
2026-09-24T11:58:21.3783348Z   Python2_ROOT_DIR: /opt/hostedtoolcache/Python/3.12.14/x64
2026-09-24T11:58:21.3783738Z   Python3_ROOT_DIR: /opt/hostedtoolcache/Python/3.12.14/x64
2026-09-24T11:58:21.3784160Z   LD_LIBRARY_PATH: /opt/hostedtoolcache/Python/3.12.14/x64/lib
2026-09-24T11:58:21.3784724Z ##[endgroup]
2026-09-24T11:58:22.2215027Z Collecting tiktoken
2026-09-24T11:58:22.3044399Z   Downloading tiktoken-0.14.0-cp312-cp312-manylinux_2_28_x86_64.whl.metadata (6.7 kB)
2026-09-24T11:58:22.3340613Z Collecting jsonschema
2026-09-24T11:58:22.3468690Z   Downloading jsonschema-4.26.0-py3-none-any.whl.metadata (7.6 kB)
2026-09-24T11:58:22.7077079Z Collecting regex (from tiktoken)
2026-09-24T11:58:22.7207368Z   Downloading regex-2026.9.10-cp312-cp312-manylinux2014_x86_64.manylinux_2_17_x86_64.manylinux_2_28_x86_64.whl.metadata (40 kB)
2026-09-24T11:58:22.7608369Z Collecting requests (from tiktoken)
2026-09-24T11:58:22.7736708Z   Downloading requests-2.34.2-py3-none-any.whl.metadata (4.8 kB)
2026-09-24T11:58:22.7949727Z Collecting attrs>=22.2.0 (from jsonschema)
2026-09-24T11:58:22.8079716Z   Downloading attrs-26.1.0-py3-none-any.whl.metadata (8.8 kB)
2026-09-24T11:58:22.8276928Z Collecting jsonschema-specifications>=2023.03.6 (from jsonschema)
2026-09-24T11:58:22.8405705Z   Downloading jsonschema_specifications-2025.9.1-py3-none-any.whl.metadata (2.9 kB)
2026-09-24T11:58:22.8666607Z Collecting referencing>=0.28.4 (from jsonschema)
2026-09-24T11:58:22.8794929Z   Downloading referencing-0.37.0-py3-none-any.whl.metadata (2.8 kB)
2026-09-24T11:58:23.0934482Z Collecting rpds-py>=0.25.0 (from jsonschema)
2026-09-24T11:58:23.1062486Z   Downloading rpds_py-2026.6.3-cp312-cp312-manylinux_2_17_x86_64.manylinux2014_x86_64.whl.metadata (4.1 kB)
2026-09-24T11:58:23.1313171Z Collecting typing-extensions>=4.4.0 (from referencing>=0.28.4->jsonschema)
2026-09-24T11:58:23.1441790Z   Downloading typing_extensions-4.16.0-py3-none-any.whl.metadata (3.3 kB)
2026-09-24T11:58:23.2580179Z Collecting charset_normalizer<4,>=2 (from requests->tiktoken)
2026-09-24T11:58:23.2705070Z   Downloading charset_normalizer-3.5.1-cp312-cp312-manylinux2014_x86_64.manylinux_2_17_x86_64.manylinux_2_28_x86_64.whl.metadata (45 kB)
2026-09-24T11:58:23.2981501Z Collecting idna<4,>=2.5 (from requests->tiktoken)
2026-09-24T11:58:23.3112205Z   Downloading idna-3.20-py3-none-any.whl.metadata (7.2 kB)
2026-09-24T11:58:23.3369118Z Collecting urllib3<3,>=1.26 (from requests->tiktoken)
2026-09-24T11:58:23.3495951Z   Downloading urllib3-2.8.0-py3-none-any.whl.metadata (7.4 kB)
2026-09-24T11:58:23.3729558Z Collecting certifi>=2023.5.7 (from requests->tiktoken)
2026-09-24T11:58:23.3856444Z   Downloading certifi-2026.7.22-py3-none-any.whl.metadata (2.5 kB)
2026-09-24T11:58:23.4021355Z Downloading tiktoken-0.14.0-cp312-cp312-manylinux_2_28_x86_64.whl (1.2 MB)
2026-09-24T11:58:23.4680440Z    ━━━━━━━━━━━━━━━━━━━━━━━━━━━━━━━━━━━━━━━━ 1.2/1.2 MB 24.0 MB/s  0:00:00
2026-09-24T11:58:23.4808076Z Downloading jsonschema-4.26.0-py3-none-any.whl (90 kB)
2026-09-24T11:58:23.4956897Z Downloading attrs-26.1.0-py3-none-any.whl (67 kB)
2026-09-24T11:58:23.5104875Z Downloading jsonschema_specifications-2025.9.1-py3-none-any.whl (18 kB)
2026-09-24T11:58:23.5250614Z Downloading referencing-0.37.0-py3-none-any.whl (26 kB)
2026-09-24T11:58:23.5397152Z Downloading rpds_py-2026.6.3-cp312-cp312-manylinux_2_17_x86_64.manylinux2014_x86_64.whl (366 kB)
2026-09-24T11:58:23.5569838Z Downloading typing_extensions-4.16.0-py3-none-any.whl (45 kB)
2026-09-24T11:58:23.5718000Z Downloading regex-2026.9.10-cp312-cp312-manylinux2014_x86_64.manylinux_2_17_x86_64.manylinux_2_28_x86_64.whl (804 kB)
2026-09-24T11:58:23.5876202Z    ━━━━━━━━━━━━━━━━━━━━━━━━━━━━━━━━━━━━━━━━ 804.6/804.6 kB 41.3 MB/s  0:00:00
2026-09-24T11:58:23.6005469Z Downloading requests-2.34.2-py3-none-any.whl (73 kB)
2026-09-24T11:58:23.6156344Z Downloading charset_normalizer-3.5.1-cp312-cp312-manylinux2014_x86_64.manylinux_2_17_x86_64.manylinux_2_28_x86_64.whl (248 kB)
2026-09-24T11:58:23.6308761Z Downloading idna-3.20-py3-none-any.whl (69 kB)
2026-09-24T11:58:23.6457813Z Downloading urllib3-2.8.0-py3-none-any.whl (135 kB)
2026-09-24T11:58:23.6607988Z Downloading certifi-2026.7.22-py3-none-any.whl (136 kB)
2026-09-24T11:58:23.7289126Z Installing collected packages: urllib3, typing-extensions, rpds-py, regex, idna, charset_normalizer, certifi, attrs, requests, referencing, tiktoken, jsonschema-specifications, jsonschema
2026-09-24T11:58:24.1175878Z 
2026-09-24T11:58:24.1190501Z Successfully installed attrs-26.1.0 certifi-2026.7.22 charset_normalizer-3.5.1 idna-3.20 jsonschema-4.26.0 jsonschema-specifications-2025.9.1 referencing-0.37.0 regex-2026.9.10 requests-2.34.2 rpds-py-2026.6.3 tiktoken-0.14.0 typing-extensions-4.16.0 urllib3-2.8.0
2026-09-24T11:58:24.1868684Z ##[group]Run python3 knowledge/_build_survey.py --timeout 60
2026-09-24T11:58:24.1869149Z [36;1mpython3 knowledge/_build_survey.py --timeout 60[0m
2026-09-24T11:58:24.1908436Z shell: /usr/bin/bash -e {0}
2026-09-24T11:58:24.1908747Z env:
2026-09-24T11:58:24.1909109Z   pythonLocation: /opt/hostedtoolcache/Python/3.12.14/x64
2026-09-24T11:58:24.1909562Z   PKG_CONFIG_PATH: /opt/hostedtoolcache/Python/3.12.14/x64/lib/pkgconfig
2026-09-24T11:58:24.1909990Z   Python_ROOT_DIR: /opt/hostedtoolcache/Python/3.12.14/x64
2026-09-24T11:58:24.1910399Z   Python2_ROOT_DIR: /opt/hostedtoolcache/Python/3.12.14/x64
2026-09-24T11:58:24.1910793Z   Python3_ROOT_DIR: /opt/hostedtoolcache/Python/3.12.14/x64
2026-09-24T11:58:24.1911411Z   LD_LIBRARY_PATH: /opt/hostedtoolcache/Python/3.12.14/x64/lib
2026-09-24T11:58:24.1911832Z ##[endgroup]
2026-09-24T12:01:12.3003517Z — 146 steps read from _build_all.STEPS by ast (never imported) · per-step timeout 60s · non-mutating steps only
2026-09-24T12:01:12.3004713Z 
2026-09-24T12:01:12.3005392Z   ❌ [ 3] token blast-radius + graph report — determinism/staleness chec  exit 1
2026-09-24T12:01:12.3006152Z   ✅ [ 4] token blast-radius + graph report selftest (#79 P6)
2026-09-24T12:01:12.3006741Z   ✅ [ 9] help-gate selftest — 5 mutation bites (#158 class gate)
2026-09-24T12:01:12.3007369Z   ✅ [11] assertion veracity selftest — verbs bite + registry well-forme
2026-09-24T12:01:12.3007968Z   ❌ [13] capture/provenance selftest (Memento §4.1)  exit 1
2026-09-24T12:01:12.3008530Z   ✅ [14] gauge-tokens selftest -- counting path + cache + degraded-meas
2026-09-24T12:01:12.3009052Z   ✅ [15] roll-state measurer selftest (#77 T1)
2026-09-24T12:01:12.3009608Z   ✅ [16] commit-seam harness — _git_commit.sh fixture-repo arms (#78-D1
2026-09-24T12:01:12.3010184Z   ✅ [17] GM/LS mover selftest — hardened move mechanics (M5)
2026-09-24T12:01:12.3010761Z   ✅ [18] section-usage instrumentation selftest (#23)
2026-09-24T12:01:12.3011765Z   ✅ [20] lane records determinism check (O1′ #24)
2026-09-24T12:01:12.3012300Z   ✅ [21] lane records selftest — schema refusals + routing contract (O1
2026-09-24T12:01:12.3012815Z   ✅ [26] worklist store selftest — schema presence gates incl. priority
2026-09-24T12:01:12.3013308Z   ✅ [28] decision-graph selftest — conflict gate bites on unresolved/op
2026-09-24T12:01:12.3013820Z   ✅ [29] spine-writer selftest — splice invariants + no-half-writes (#7
2026-09-24T12:01:12.3014395Z   ❌ [38] component-partials sync — AUTO-PARTIAL injection + contracts (  exit 1
2026-09-24T12:01:12.3015072Z   ✅ [39] component-partials selftest (ADR-0013)
2026-09-24T12:01:12.3015519Z   ✅ [40] token-set distribution sync — AUTO-TOKENS injection (s121-D1)
2026-09-24T12:01:12.3015977Z   ✅ [41] token-set distribution selftest (s121-D1)
2026-09-24T12:01:12.3016376Z   ✅ [43] Behaviour contract selftest (ADR-0015)
2026-09-24T12:01:12.3016785Z   ✅ [45] canon components determinism check (ADR-0013 ruling 4)
2026-09-24T12:01:12.3017193Z   ✅ [47] partial-ratchet selftest (ADR-0013)
2026-09-24T12:01:12.3017657Z   ✅ [50] theme cascade sync — [data-apollo-theme] layer (ADR-0011)
2026-09-24T12:01:12.3018086Z   ✅ [51] theme cascade selftest (ADR-0014)
2026-09-24T12:01:12.3018449Z   ✅ [53] state-snap selftest (ADR-0014)
2026-09-24T12:01:12.3018857Z   ✅ [55] stale-queue selftest — 13 bites incl. both mutation directions
2026-09-24T12:01:12.3019339Z   ✅ [57] palette-tier selftest — 10 mutation bites (s157-D2)
2026-09-24T12:01:12.3019798Z   ✅ [59] showroom sync — generated component library (RULED 2026-07-21)
2026-09-24T12:01:12.3020300Z   ✅ [60] showroom URL-rebase selftest — the srcdoc base-URL trap (2026-
2026-09-24T12:01:12.3020841Z   ⊘ [61] dashboard sync — generated progress dashboard (RULED #164, bui  COULD-NOT-ASK
2026-09-24T12:01:12.3021345Z   ✅ [67] a11y target-measurement selftest (s114-D5)
2026-09-24T12:01:12.3021708Z   ✅ [70] wiring gate selftest — 4 bites
2026-09-24T12:01:12.3022172Z   ⊘ [74] state-contrast gate selftest — paint stack, report arithmetic,  COULD-NOT-ASK
2026-09-24T12:01:12.3022973Z   ✅ [76] type-composites selftest
2026-09-24T12:01:12.3023329Z   ✅ [85] KG edge gate selftest (6 bites)
2026-09-24T12:01:12.3023682Z   ✅ [87] Token fork-ban selftest (2-direction)
2026-09-24T12:01:12.3024104Z   ✅ [91] binds-resolve selftest — 5 bites incl. any-store clause (#146)
2026-09-24T12:01:12.3036014Z   ✅ [93] chart-intent resolve selftest — 4 bites incl. list case + abse
2026-09-24T12:01:12.3036631Z   ✅ [95] roles/answers resolve selftest — 15 bites incl. in-role priori
2026-09-24T12:01:12.3037118Z   ✅ [97] DataViz gate selftest — bite-tests dv-004 + the dtype vocabula
2026-09-24T12:01:12.3037583Z   ✅ [99] property-resolves gate C2 selftest — 4 bites + a bite-the-bite
2026-09-24T12:01:12.3038218Z   ✅ [101] dataviz var-resolution gate selftest — 8 arms incl. alias chai
2026-09-24T12:01:12.3038750Z   ✅ [103] minted-consumption selftest — 10 arms incl. both false-positiv
2026-09-24T12:01:12.3039227Z   ✅ [105] hidden-attr display selftest — 16 bites incl. the real #218 mu
2026-09-24T12:01:12.3039647Z   ✅ [110] consult tool selftest (advisory)
2026-09-24T12:01:12.3040088Z   ✅ [111] search core selftest — two-stage engine + receipt format (O2′ 
2026-09-24T12:01:12.3040498Z   ✅ [113] memento index determinism check (O2′ #25)
2026-09-24T12:01:12.3040969Z   ✅ [114] memento index selftest — contract refusals + determinism (O2′ 
2026-09-24T12:01:12.3041426Z   ✅ [115] memento search selftest — known-answer retrieval + fetch refus
2026-09-24T12:01:12.3041859Z   ✅ [117] graph mention map determinism check (#115 step 0)
2026-09-24T12:01:12.3042299Z   ✅ [118] graph mention map selftest — hit/miss/refusal bites (#115 step
2026-09-24T12:01:12.3042760Z   ✅ [120] read chain determinism check — stale _CHAIN.md serves a PREVIO
2026-09-24T12:01:12.3043263Z   ✅ [121] read chain selftest — verbatim terms + the CUT + refusal on a 
2026-09-24T12:01:12.3043761Z   ✅ [122] GM size stamp check — a TYPED `size:` figure / drift past the 
2026-09-24T12:01:12.3044234Z   ✅ [123] GM size stamp selftest — the fixed point, the 2-cycle refusal,
2026-09-24T12:01:12.3044928Z   ❌ [125] memento schematic determinism check — a stale diagram publishe  exit 1
2026-09-24T12:01:12.3045440Z   ✅ [126] memento schematic selftest — figure provenance, caption geomet
2026-09-24T12:01:12.3045964Z   ❌ [128] memento-package delta-audit selftest — mutation-tested, all 4   exit 1
2026-09-24T12:01:12.3046410Z   ✅ [130] instrument-fit selftest (advisory, ds-015)
2026-09-24T12:01:12.3046814Z   ✅ [133] could-not-ask convention selftest (#193 — the third verdict's 
2026-09-24T12:01:12.3047333Z   ❌ [136] governs matcher selftest — the [12]/[13] trigger-index arm, na  exit 1
2026-09-24T12:01:12.3047816Z   ✅ [137] frozen-release gate — v1/v2 and any baked Spider surface may n
2026-09-24T12:01:12.3048314Z   ✅ [138] frozen-release selftest — 11 bites on a fixture repo incl. the
2026-09-24T12:01:12.3048771Z   ✅ [139] pack ship-list audit — the manifest is byte-identical to a fre
2026-09-24T12:01:12.3049257Z   ✅ [140] release-audit selftest — manifest compare + the pack arm's res
2026-09-24T12:01:12.3049908Z   ⊘ [141] pack-side CI template — parses, ships what it calls, hides not  COULD-NOT-ASK
2026-09-24T12:01:12.3050461Z   ⊘ [142] pack-side CI template selftest — 10 mutants incl. a smuggled c  COULD-NOT-ASK
2026-09-24T12:01:12.3050995Z   ✅ [145] polarity gate — five refusals + content-fresh derived status/e
2026-09-24T12:01:12.3051458Z   ✅ [146] polarity gate selftest — control + every refusal arm on a copy
2026-09-24T12:01:12.3051716Z 
2026-09-24T12:01:12.3051836Z ==============================================================================
2026-09-24T12:01:12.3052509Z SURVEY: 59 pass · 6 FAIL · 4 COULD-NOT-ASK (self-declared refusals) · 0 unaskable (missing/timed out) · 77 not asked (mutating)
2026-09-24T12:01:12.3053160Z ⚠ 'not asked' is NOT 'passing' — it is excluded from the exit code, deliberately.
2026-09-24T12:01:12.3053732Z ⚠ 'COULD-NOT-ASK' is NOT 'passing' either. It is a step that named the input it could
2026-09-24T12:01:12.3054402Z   not reach, so the job does not go red for an ENVIRONMENT fact dressed as an artefact
2026-09-24T12:01:12.3055182Z   verdict (#173/#183, generalised #193). Every one is printed in full below. A step
2026-09-24T12:01:12.3055971Z   that timed out or is MISSING is a different thing and still fails: nobody asked it
2026-09-24T12:01:12.3056563Z   and it never said why.
2026-09-24T12:01:12.3056781Z 
2026-09-24T12:01:12.3106340Z THE FULL FAILURE SET (6) — this is the number no single `_build_all.py` run can tell you:
2026-09-24T12:01:12.3106810Z 
2026-09-24T12:01:12.3107317Z   [3] token blast-radius + graph report — determinism/staleness check (#79 P6)
2026-09-24T12:01:12.3107926Z       python3 knowledge/tokens/_build_blast_radius.py --check   (exit 1)
2026-09-24T12:01:12.3108875Z       ❌ _build_blast_radius --check FAILED — 2 file(s) out of sync with a fresh compute():
2026-09-24T12:01:12.3109231Z 
2026-09-24T12:01:12.3109488Z   [13] capture/provenance selftest (Memento §4.1)
2026-09-24T12:01:12.3109981Z       python3 knowledge/_capture_gate.py --selftest   (exit 1)
2026-09-24T12:01:12.3110865Z       ❌ FAIL GOOD-MORNING.md: no `pre-flight:` stamp — the handoff must carry the estimate the session was priced with (runbook § ★ Half 0b). Form (Dave #56
2026-09-24T12:01:12.3111355Z 
2026-09-24T12:01:12.3111622Z   [38] component-partials sync — AUTO-PARTIAL injection + contracts (ADR-0013)
2026-09-24T12:01:12.3112507Z       python3 knowledge/gen_component_partials.py --check   (exit 1)
2026-09-24T12:01:12.3112918Z       gen_component_partials CONTRACT FAILURES:
2026-09-24T12:01:12.3113114Z 
2026-09-24T12:01:12.3113475Z   [125] memento schematic determinism check — a stale diagram publishes a PREVIOUS tree (#127)
2026-09-24T12:01:12.3114021Z       python3 knowledge/_gen_schematic.py --check   (exit 1)
2026-09-24T12:01:12.3114965Z       ✗ reviews/MEMENTO-SCHEMATIC-2026-08-07-v2.html is STALE — a figure in it no longer matches disk, so the page is asserting something that has gone fals
2026-09-24T12:01:12.3115660Z 
2026-09-24T12:01:12.3115968Z   [128] memento-package delta-audit selftest — mutation-tested, all 4 arms (#79)
2026-09-24T12:01:12.3116498Z       python3 knowledge/_validate_package_delta.py --selftest   (exit 1)
2026-09-24T12:01:12.3117259Z       ✗ real repo: clean (0 findings; got 4: ['VERBATIM SET: memento-package/machinery/_gen_chain.py DIFFERS from knowledge/_gen_chain.py (copy=machinery/ f
2026-09-24T12:01:12.3118091Z 
2026-09-24T12:01:12.3118437Z   [136] governs matcher selftest — the [12]/[13] trigger-index arm, named (#208 legibility)
2026-09-24T12:01:12.3118903Z       python3 knowledge/_governs.py --selftest   (exit 1)
2026-09-24T12:01:12.3119557Z       FAIL _governs: ruling s282-D2 evidence `col26-012 override cross-ref measured present at colour-standards-2026.md:79-81 before this ruling; grep 'seco
2026-09-24T12:01:12.3120060Z 
2026-09-24T12:01:12.3120347Z COULD-NOT-ASK (4) — each step's OWN words about the input it could not reach.
2026-09-24T12:01:12.3120852Z These do NOT fail the survey; they also do not pass. If one of them is here because the
2026-09-24T12:01:12.3121458Z environment is wrong rather than because the input is genuinely unreachable, FIX THE ENVIRONMENT:
2026-09-24T12:01:12.3121780Z 
2026-09-24T12:01:12.3122056Z   [61] dashboard sync — generated progress dashboard (RULED #164, built #165)
2026-09-24T12:01:12.3122507Z       python3 knowledge/gen_dashboard.py --check   (exit 77)
2026-09-24T12:01:12.3253985Z       COULD-NOT-ASK: dashboard/index.html — the page differs, but a live gate baked into it is reading INPUTS OUTSIDE THE COMMITTED TREE, so its verdict — and therefore this page — cannot be reproduced here: provenance names `knowledge/_tmp/l3-245/rename-plan.json`; provenance names `outputs/_FINDING-canon-pri-hover-brand-mono-fork-2026-08-06-v1.md`; provenance names `outputs/_PARTITION-button-primary-2026-08-06-v1.md`. Every one of those paths is untracked, so an environment that has them and one that does not will render different prose from the SAME commit. This is a REFUSAL, not a staleness verdict in either direction: the page's agreement with the stores is UNKNOWN here and is reported as unknown. Ask it where those inputs are present (a working tree that holds them), or commit them.
2026-09-24T12:01:12.3257555Z 
2026-09-24T12:01:12.3258081Z   [74] state-contrast gate selftest — paint stack, report arithmetic, named args
2026-09-24T12:01:12.3258889Z       python3 knowledge/_validate_state_contrast.py --selftest   (exit 77)
2026-09-24T12:01:12.3262212Z       COULD-NOT-ASK: _validate_state_contrast.py — the 'playwright' module is not installed (ModuleNotFoundError("No module named 'playwright'")) — this gate cannot be proven without it; run `pip install playwright && playwright install chromium` ⇒ THIS IS NOT A SKIP: these arms (including the s152-D1 mutation control) run BLOCKING in the `render` job of .github/workflows/gates.yml, which installs chromium — that job is where this gate's proof of record lives. Nothing here is claimed green; the question was unaskable on this box.
2026-09-24T12:01:12.3265210Z 
2026-09-24T12:01:12.3265756Z   [141] pack-side CI template — parses, ships what it calls, hides nothing (BLOCKING, built #219)
2026-09-24T12:01:12.3266537Z       python3 knowledge/_release/_gate_ci_template.py --check   (exit 77)
2026-09-24T12:01:12.3268502Z       COULD-NOT-ASK: apollo-spider/ci-template/gates.yml — PyYAML is not importable in this environment, and this gate parses the template in YAML rather than guessing at it with string matching. Install it (pip install pyyaml) — the release job in .github/workflows/gates.yml does exactly that
2026-09-24T12:01:12.3269866Z 
2026-09-24T12:01:12.3270369Z   [142] pack-side CI template selftest — 10 mutants incl. a smuggled continue-on-error (#219)
2026-09-24T12:01:12.3271340Z       python3 knowledge/_release/_gate_ci_template.py --selftest   (exit 77)
2026-09-24T12:01:12.3272597Z       COULD-NOT-ASK: the ci-template selftest — PyYAML is not importable, and every arm below parses YAML. Install it (pip install pyyaml).
2026-09-24T12:01:12.3273276Z 
2026-09-24T12:01:12.3273712Z NOT ASKED (77 mutating steps) — run --include-mutating on a clean tree to include them:
2026-09-24T12:01:12.3274375Z   [1] compliance knowledge graph
2026-09-24T12:01:12.3274982Z   [2] token blast-radius + graph report
2026-09-24T12:01:12.3275436Z   [5] guideline rules index (gate)
2026-09-24T12:01:12.3275878Z   [6] runbook index (generated)
2026-09-24T12:01:12.3276300Z   [7] standing-instructions reachability gate
2026-09-24T12:01:12.3276975Z   [8] help-gate — no entry point may write before it reads argv (#158 cl
2026-09-24T12:01:12.3277626Z   [10] assertion veracity gate — claims that can rot
2026-09-24T12:01:12.3278339Z   [12] capture/provenance gate — status+provenance on new notes+dossiers 
2026-09-24T12:01:12.3279136Z   … and 69 more
2026-09-24T12:01:12.3279349Z 
2026-09-24T12:01:12.3279781Z — recorded → /home/runner/work/UX-design/UX-design/notes/_BUILD-VERDICT-LOG.jsonl
2026-09-24T12:01:12.3316832Z ##[error]Process completed with exit code 1.
2026-09-24T12:01:12.3370439Z ##[group]Run python3 knowledge/_build_all.py
2026-09-24T12:01:12.3370806Z [36;1mpython3 knowledge/_build_all.py[0m
2026-09-24T12:01:12.3407348Z shell: /usr/bin/bash -e {0}
2026-09-24T12:01:12.3407721Z env:
2026-09-24T12:01:12.3408036Z   pythonLocation: /opt/hostedtoolcache/Python/3.12.14/x64
2026-09-24T12:01:12.3408499Z   PKG_CONFIG_PATH: /opt/hostedtoolcache/Python/3.12.14/x64/lib/pkgconfig
2026-09-24T12:01:12.3408927Z   Python_ROOT_DIR: /opt/hostedtoolcache/Python/3.12.14/x64
2026-09-24T12:01:12.3409341Z   Python2_ROOT_DIR: /opt/hostedtoolcache/Python/3.12.14/x64
2026-09-24T12:01:12.3409742Z   Python3_ROOT_DIR: /opt/hostedtoolcache/Python/3.12.14/x64
2026-09-24T12:01:12.3410135Z   LD_LIBRARY_PATH: /opt/hostedtoolcache/Python/3.12.14/x64/lib
2026-09-24T12:01:12.3410490Z ##[endgroup]
2026-09-24T12:01:12.4083855Z Wrote 38 rule files to compliance/rules/
2026-09-24T12:01:12.4084389Z Index: 38 SCs x 135 components
2026-09-24T12:01:12.4085051Z Validation errors: none
2026-09-24T12:01:12.4085659Z Levels: {'AA': 17, 'A': 18, 'AAA': 3} | Severities: {'serious': 29, 'critical': 3, 'minor': 6}
2026-09-24T12:01:12.4086174Z AAA (beyond AA bar): ['2.3.3', '2.4.8', '2.5.5']
2026-09-24T12:01:23.3863838Z 
2026-09-24T12:01:23.3865799Z PARKED DUE — 4 parked item(s) are due at token-report — python3 knowledge/_parked.py --due token-report
2026-09-24T12:01:23.3866655Z wrote tokens/_blast-radius.json and _GRAPH-REPORT.md
2026-09-24T12:01:23.3867385Z tokens defined=1043 referenced=140 components=137
2026-09-24T12:01:23.3868401Z top god-nodes: [('text/default', 109), ('background/default', 74), ('tertiary/background/default', 51), ('icon/default', 46), ('border-radius/surface', 43), ('focus/ring', 40), ('border/subtle', 39), ('text/secondary', 37)]
2026-09-24T12:01:23.3869718Z depricate-still-bound components: 19
2026-09-24T12:01:23.3870180Z orphans: 903
2026-09-24T12:01:34.3630567Z 
2026-09-24T12:01:34.3632304Z PARKED DUE — 4 parked item(s) are due at token-report — python3 knowledge/_parked.py --due token-report
2026-09-24T12:01:34.3633523Z ✓ _build_blast_radius --check PASS — tokens/_blast-radius.json and _GRAPH-REPORT.md match a fresh compute() (content, not mtime)
2026-09-24T12:01:56.0779309Z 
2026-09-24T12:01:56.0780838Z PARKED DUE — 4 parked item(s) are due at token-report — python3 knowledge/_parked.py --due token-report
2026-09-24T12:01:56.0781826Z   selftest (a): compute() is deterministic across two calls ✓
2026-09-24T12:01:56.0783089Z   selftest (b1): identical fixture pair reports zero drift ✓
2026-09-24T12:01:56.0783586Z   selftest (b2): a doctored fixture pair is flagged on BOTH files, each named ✓
2026-09-24T12:01:56.0784133Z   selftest (b3): a missing on-disk file is flagged, never silently treated as a match ✓
2026-09-24T12:01:56.0785234Z selftest PASS — compute() deterministic; --check bites on drift, quiet on a match, never silently passes a missing file (#79 P6)
2026-09-24T12:01:56.1212322Z rules index: 474 rules from 35 engine-era files — {'ADVISORY': 322, 'BLOCKING': 62, 'REVIEW': 34, 'TASTE': 56}
2026-09-24T12:01:56.1440619Z runbook index: 17 runbooks -> _RUNBOOKS.md
2026-09-24T12:01:56.5070719Z selftest OK — discovers 28 standing docs by glob + STANDING: self-declaration.
2026-09-24T12:01:56.5071516Z STANDING-INSTRUCTIONS GATE PASS — 28 standing doc(s) reachable from the spine; GOOD-MORNING structure intact.
2026-09-24T12:01:56.5072339Z   NOTE: memory files live outside the repo and CANNOT be checked here — capture-ritual step 3 is still a human step.
2026-09-24T12:01:57.8740920Z help-gate: 264 script(s) scanned, 12 failure(s) — a script that can write before it reads argv is the #157 gen_showroom defect
2026-09-24T12:01:57.8741918Z   ❌ knowledge/_bite_goal.py: NO HELP GATE — add
2026-09-24T12:01:57.8742485Z       from _helpgate import help_gate as _help_gate; _help_gate(__doc__, __name__, __file__)
2026-09-24T12:01:57.8743129Z       near the top (before any executable statement). See knowledge/_helpgate.py.
2026-09-24T12:01:57.8744155Z   ❌ knowledge/_bite_kg_edge_proposal.py: NO HELP GATE — add
2026-09-24T12:01:57.8744938Z       from _helpgate import help_gate as _help_gate; _help_gate(__doc__, __name__, __file__)
2026-09-24T12:01:57.8745497Z       near the top (before any executable statement). See knowledge/_helpgate.py.
2026-09-24T12:01:57.8745976Z   ❌ knowledge/_build_kg_explorer.py: NO HELP GATE — add
2026-09-24T12:01:57.8746405Z       from _helpgate import help_gate as _help_gate; _help_gate(__doc__, __name__, __file__)
2026-09-24T12:01:57.8746960Z       near the top (before any executable statement). See knowledge/_helpgate.py.
2026-09-24T12:01:57.8747450Z   ❌ knowledge/_gen_ruling_edges_from_recs.py: NO HELP GATE — add
2026-09-24T12:01:57.8747964Z       from _helpgate import help_gate as _help_gate; _help_gate(__doc__, __name__, __file__)
2026-09-24T12:01:57.8748461Z       near the top (before any executable statement). See knowledge/_helpgate.py.
2026-09-24T12:01:57.8748894Z   ❌ knowledge/_kg_history.py: NO HELP GATE — add
2026-09-24T12:01:57.8749363Z       from _helpgate import help_gate as _help_gate; _help_gate(__doc__, __name__, __file__)
2026-09-24T12:01:57.8749844Z       near the top (before any executable statement). See knowledge/_helpgate.py.
2026-09-24T12:01:57.8750343Z   ❌ knowledge/_render/verify_demo_slides_268.py: NO HELP GATE — add
2026-09-24T12:01:57.8750810Z       from _helpgate import help_gate as _help_gate; _help_gate(__doc__, __name__, __file__)
2026-09-24T12:01:57.8751300Z       near the top (before any executable statement). See knowledge/_helpgate.py.
2026-09-24T12:01:57.8751835Z   ❌ knowledge/_render/verify_demo_slides_268_v3.py: NO HELP GATE — add
2026-09-24T12:01:57.8752305Z       from _helpgate import help_gate as _help_gate; _help_gate(__doc__, __name__, __file__)
2026-09-24T12:01:57.8752783Z       near the top (before any executable statement). See knowledge/_helpgate.py.
2026-09-24T12:01:57.8753411Z   ❌ knowledge/_render/verify_demo_slides_268_v5.py: NO HELP GATE — add
2026-09-24T12:01:57.8753879Z       from _helpgate import help_gate as _help_gate; _help_gate(__doc__, __name__, __file__)
2026-09-24T12:01:57.8754393Z       near the top (before any executable statement). See knowledge/_helpgate.py.
2026-09-24T12:01:57.8755005Z   ❌ knowledge/_render/verify_demo_slides_268_v6.py: NO HELP GATE — add
2026-09-24T12:01:57.8755477Z       from _helpgate import help_gate as _help_gate; _help_gate(__doc__, __name__, __file__)
2026-09-24T12:01:57.8755964Z       near the top (before any executable statement). See knowledge/_helpgate.py.
2026-09-24T12:01:57.8756455Z   ❌ knowledge/_render/verify_demo_slides_268_v7.py: NO HELP GATE — add
2026-09-24T12:01:57.8756945Z       from _helpgate import help_gate as _help_gate; _help_gate(__doc__, __name__, __file__)
2026-09-24T12:01:57.8757426Z       near the top (before any executable statement). See knowledge/_helpgate.py.
2026-09-24T12:01:57.8757940Z   ❌ knowledge/_render/verify_demo_slides_268_v74_gearbox.py: NO HELP GATE — add
2026-09-24T12:01:57.8758489Z       from _helpgate import help_gate as _help_gate; _help_gate(__doc__, __name__, __file__)
2026-09-24T12:01:57.8758964Z       near the top (before any executable statement). See knowledge/_helpgate.py.
2026-09-24T12:01:57.8759507Z   ❌ knowledge/_render/verify_demo_slides_268_v75_gearbox.py: NO HELP GATE — add
2026-09-24T12:01:57.8759992Z       from _helpgate import help_gate as _help_gate; _help_gate(__doc__, __name__, __file__)
2026-09-24T12:01:57.8760457Z       near the top (before any executable statement). See knowledge/_helpgate.py.
2026-09-24T12:01:57.8791480Z 
2026-09-24T12:01:57.8792513Z === [1/146] compliance knowledge graph — compliance/_build_compliance_kg.py ===
2026-09-24T12:01:57.8793202Z 
2026-09-24T12:01:57.8793749Z === [2/146] token blast-radius + graph report — tokens/_build_blast_radius.py ===
2026-09-24T12:01:57.8794146Z 
2026-09-24T12:01:57.8795036Z === [3/146] token blast-radius + graph report — determinism/staleness check (#79 P6) — tokens/_build_blast_radius.py ===
2026-09-24T12:01:57.8795548Z 
2026-09-24T12:01:57.8796245Z === [4/146] token blast-radius + graph report selftest (#79 P6) — tokens/_build_blast_radius.py ===
2026-09-24T12:01:57.8796694Z 
2026-09-24T12:01:57.8796981Z === [5/146] guideline rules index (gate) — guidelines/gen_rules_index.py ===
2026-09-24T12:01:57.8797444Z 
2026-09-24T12:01:57.8797712Z === [6/146] runbook index (generated) — gen_runbook_index.py ===
2026-09-24T12:01:57.8798026Z 
2026-09-24T12:01:57.8798439Z === [7/146] standing-instructions reachability gate — _validate_standing_instructions.py ===
2026-09-24T12:01:57.8798811Z 
2026-09-24T12:01:57.8799351Z === [8/146] help-gate — no entry point may write before it reads argv (#158 class gate) — _validate_help_gate.py ===
2026-09-24T12:01:57.8799853Z 
2026-09-24T12:01:57.8800373Z ❌ step 'help-gate — no entry point may write before it reads argv (#158 class gate)' failed (exit 1) — aborting
2026-09-24T12:01:57.8841081Z ##[error]Process completed with exit code 1.
2026-09-24T12:01:57.8873483Z ##[group]Run python3 knowledge/_tests/test_gates.py
2026-09-24T12:01:57.8873904Z [36;1mpython3 knowledge/_tests/test_gates.py[0m
2026-09-24T12:01:57.8911861Z shell: /usr/bin/bash -e {0}
2026-09-24T12:01:57.8912193Z env:
2026-09-24T12:01:57.8912575Z   pythonLocation: /opt/hostedtoolcache/Python/3.12.14/x64
2026-09-24T12:01:57.8913024Z   PKG_CONFIG_PATH: /opt/hostedtoolcache/Python/3.12.14/x64/lib/pkgconfig
2026-09-24T12:01:57.8913448Z   Python_ROOT_DIR: /opt/hostedtoolcache/Python/3.12.14/x64
2026-09-24T12:01:57.8913932Z   Python2_ROOT_DIR: /opt/hostedtoolcache/Python/3.12.14/x64
2026-09-24T12:01:57.8914325Z   Python3_ROOT_DIR: /opt/hostedtoolcache/Python/3.12.14/x64
2026-09-24T12:01:57.8914894Z   LD_LIBRARY_PATH: /opt/hostedtoolcache/Python/3.12.14/x64/lib
2026-09-24T12:01:57.8915251Z ##[endgroup]
2026-09-24T12:02:12.7642376Z gate self-test: does every gate BITE what it was built to catch?
2026-09-24T12:02:12.7643205Z 
2026-09-24T12:02:12.7644302Z   PASS  control: pristine copy passes all 6 static gates
2026-09-24T12:02:12.7645057Z   PASS  write-gate bites a bare no-args invocation
2026-09-24T12:02:12.7645476Z   PASS  write-gate control: --write proceeds
2026-09-24T12:02:12.7645920Z   PASS  radius gate's own bites run (8 longhand mutants + token controls, #221)
2026-09-24T12:02:12.7646382Z   PASS  no-hardcode gate's own bites run (8 planted + 8 clean, #221)
2026-09-24T12:02:12.7646852Z   PASS  theme-provenance report order is DERIVED, not filesystem order (#221)
2026-09-24T12:02:12.7647366Z   PASS  wiring gate's own bites run (13, incl. the widened glob + the anti-laundering arm, #221)
2026-09-24T12:02:12.7647867Z   PASS  s263-D10 rulings-page wrap check bites a stale page (4 arms, #265-B)
2026-09-24T12:02:12.7648335Z   PASS  snippet gate bites on token drift
2026-09-24T12:02:12.7648664Z   PASS  snippet gate bites on failing contrast
2026-09-24T12:02:12.7649022Z   PASS  snippet gate bites on icon 4.5 dead-zone
2026-09-24T12:02:12.7649353Z   PASS  snippet gate bites on missing focus
2026-09-24T12:02:12.7649668Z   PASS  snippet gate bites on uppercase CSS
2026-09-24T12:02:12.7650043Z   PASS  snippet gate bites on ALL-CAPS text run
2026-09-24T12:02:12.7650376Z   PASS  snippet gate bites on italics
2026-09-24T12:02:12.7650685Z   PASS  snippet gate bites on text-shadow
2026-09-24T12:02:12.7651045Z   PASS  snippet gate bites on raw red text
2026-09-24T12:02:12.7651360Z   PASS  snippet gate bites on possessive HSBC's
2026-09-24T12:02:12.7651738Z   PASS  snippet gate bites on element-type alt
2026-09-24T12:02:12.7652069Z   PASS  snippet gate bites on bare link text
2026-09-24T12:02:12.7652409Z   PASS  a11y gate bites on missing reduced-motion
2026-09-24T12:02:12.7652755Z   PASS  a11y gate bites on sub-24 target floor
2026-09-24T12:02:12.7653071Z   PASS  icon gate bites on invented path
2026-09-24T12:02:12.7653410Z   PASS  icon gate bites on shape-only icon
2026-09-24T12:02:12.7653747Z   PASS  icon gate bites on mis-twinned fill glyph
2026-09-24T12:02:12.7654120Z   PASS  coverage gate bites on orphan snippet
2026-09-24T12:02:12.7654464Z   PASS  coverage gate bites on meta w/o snippet
2026-09-24T12:02:12.7654892Z   PASS  dark-surface gate bites on flat white
2026-09-24T12:02:12.7655249Z   PASS  compose gate bites on rogue hex
2026-09-24T12:02:12.7655562Z   PASS  compose gate bites on undefined class
2026-09-24T12:02:12.7655879Z   PASS  compose gate bites on class redefinition
2026-09-24T12:02:12.7656230Z   PASS  compose gate bites on duplicate title
2026-09-24T12:02:12.7656441Z 
2026-09-24T12:02:12.7656549Z 32 test(s), 0 failure(s)
2026-09-24T12:02:12.7656999Z skipped by design: state-contrast / screen --render (need a browser; see docstring)
2026-09-24T12:02:12.7734201Z ##[group]Run python3 knowledge/_tests/test_advisory.py
2026-09-24T12:02:12.7734817Z [36;1mpython3 knowledge/_tests/test_advisory.py[0m
2026-09-24T12:02:12.7771144Z shell: /usr/bin/bash -e {0}
2026-09-24T12:02:12.7771547Z env:
2026-09-24T12:02:12.7771869Z   pythonLocation: /opt/hostedtoolcache/Python/3.12.14/x64
2026-09-24T12:02:12.7772347Z   PKG_CONFIG_PATH: /opt/hostedtoolcache/Python/3.12.14/x64/lib/pkgconfig
2026-09-24T12:02:12.7772808Z   Python_ROOT_DIR: /opt/hostedtoolcache/Python/3.12.14/x64
2026-09-24T12:02:12.7773246Z   Python2_ROOT_DIR: /opt/hostedtoolcache/Python/3.12.14/x64
2026-09-24T12:02:12.7773661Z   Python3_ROOT_DIR: /opt/hostedtoolcache/Python/3.12.14/x64
2026-09-24T12:02:12.7774037Z   LD_LIBRARY_PATH: /opt/hostedtoolcache/Python/3.12.14/x64/lib
2026-09-24T12:02:12.7774407Z ##[endgroup]
2026-09-24T12:02:13.1749795Z advisory bite-tests: 19 case(s), all bite ✅ (and none block — exit 0 throughout)
2026-09-24T12:02:13.1826368Z ##[group]Run bash knowledge/_git_commit.sh --selftest
2026-09-24T12:02:13.1826804Z [36;1mbash knowledge/_git_commit.sh --selftest[0m
2026-09-24T12:02:13.1861932Z shell: /usr/bin/bash -e {0}
2026-09-24T12:02:13.1862285Z env:
2026-09-24T12:02:13.1862618Z   pythonLocation: /opt/hostedtoolcache/Python/3.12.14/x64
2026-09-24T12:02:13.1863199Z   PKG_CONFIG_PATH: /opt/hostedtoolcache/Python/3.12.14/x64/lib/pkgconfig
2026-09-24T12:02:13.1864022Z   Python_ROOT_DIR: /opt/hostedtoolcache/Python/3.12.14/x64
2026-09-24T12:02:13.1864445Z   Python2_ROOT_DIR: /opt/hostedtoolcache/Python/3.12.14/x64
2026-09-24T12:02:13.1865160Z   Python3_ROOT_DIR: /opt/hostedtoolcache/Python/3.12.14/x64
2026-09-24T12:02:13.1865563Z   LD_LIBRARY_PATH: /opt/hostedtoolcache/Python/3.12.14/x64/lib
2026-09-24T12:02:13.1865906Z ##[endgroup]
2026-09-24T12:02:13.2052056Z — #208 msgfile-prefix gate selftest
2026-09-24T12:02:13.2202684Z   [OK]   non-wrap prefix (the #170 shape) is seen (expected 1)
2026-09-24T12:02:13.2349346Z   [OK]   WRAP prefix (the shape #170 MISSED) is seen (expected 1)
2026-09-24T12:02:13.2497222Z   [OK]   doubled non-wrap prefix counts 2 (expected 2)
2026-09-24T12:02:13.2649958Z   [OK]   wrap-into-non-wrap stack counts 2 (the hole) (expected 2)
2026-09-24T12:02:13.2799165Z   [OK]   tripled counts 3 (expected 3)
2026-09-24T12:02:13.2945452Z   [OK]   a fresh subject carries no prefix (expected 0)
2026-09-24T12:02:13.3093176Z   [OK]   session ref with no date is not a prefix (expected 0)
2026-09-24T12:02:13.3239844Z   [OK]   date with no session ref is not a prefix (expected 0)
2026-09-24T12:02:13.3386248Z   [OK]   hyphen is not the em-dash separator (expected 0)
2026-09-24T12:02:13.3532211Z   [OK]   prose mentioning a session mid-line (expected 0)
2026-09-24T12:02:13.3678823Z   [OK]   honest subject QUOTING a prior prefix mid-line (expected 1)
2026-09-24T12:02:13.3828558Z   [OK]   a quoted prefix with no prefix of its own (expected 0)
2026-09-24T12:02:13.3978321Z   [OK]   a prefix after a leading word is not a stack (expected 0)
2026-09-24T12:02:13.3990253Z   [OK]   PREFIX_ACK hatch present (declared passes, silent fails)
2026-09-24T12:02:13.3991478Z — s294-D5 push-credential expiry gate selftest (fake clock: APOLLO_FAKE_TODAY)
2026-09-24T12:02:13.4012818Z   [OK]   the stamped expiry is READ from the ledger, one place, one date (expected 2026-11-06)
2026-09-24T12:02:13.4066644Z   [OK]   far out (2026-01-01) ⇒ OK (expected OK)
2026-09-24T12:02:13.4120473Z   [OK]   15 days out (2026-10-22) ⇒ OK — the boundary is NOT off by one (expected OK)
2026-09-24T12:02:13.4173273Z   [OK]   14 days out (2026-10-23) ⇒ WARN (expected WARN)
2026-09-24T12:02:13.4225724Z   [OK]   1 day out (2026-11-05) ⇒ WARN (expected WARN)
2026-09-24T12:02:13.4279580Z   [OK]   the day itself (2026-11-06) ⇒ WARN, not yet expired (expected WARN)
2026-09-24T12:02:13.4343080Z   [OK]   one day past (2026-11-07) ⇒ EXPIRED (expected EXPIRED)
2026-09-24T12:02:13.4396265Z   [OK]   long past (2027-03-01) ⇒ EXPIRED (expected EXPIRED)
2026-09-24T12:02:13.4449517Z   [OK]   days-remaining is COMPUTED, not narrated (2026-10-30 ⇒ 7) (expected 7)
2026-09-24T12:02:13.4470535Z   [OK]   an unreadable stamp ⇒ UNREADABLE (a refusal, never a pass) (expected UNREADABLE)
2026-09-24T12:02:13.4486758Z   [OK]   with no fake clock the gate reads the REAL date (YYYY-MM-DD shape) (expected 1)
2026-09-24T12:02:13.4502336Z   [OK]   no refusal instructs pasting a credential into chat (s294-D5) (expected 0)
2026-09-24T12:02:13.4524167Z   [OK]   the credential is only TESTED, never printed (no unpiped git config remote.origin.url) (expected 0)
2026-09-24T12:02:13.4576059Z   [OK]   the expiry gate sits AFTER the credential check and BEFORE the push (expected 1)
2026-09-24T12:02:13.4577057Z ✓ selftest OK — 28 bites: 6 fire, 7 stay silent, 1 hatch present, 14 on the s294-D5 expiry gate
2026-09-24T12:02:13.4606578Z ##[group]Run python3 knowledge/_validate_evidence.py notes/_claims
2026-09-24T12:02:13.4607101Z [36;1mpython3 knowledge/_validate_evidence.py notes/_claims[0m
2026-09-24T12:02:13.4642329Z shell: /usr/bin/bash -e {0}
2026-09-24T12:02:13.4642636Z env:
2026-09-24T12:02:13.4642935Z   pythonLocation: /opt/hostedtoolcache/Python/3.12.14/x64
2026-09-24T12:02:13.4643400Z   PKG_CONFIG_PATH: /opt/hostedtoolcache/Python/3.12.14/x64/lib/pkgconfig
2026-09-24T12:02:13.4643951Z   Python_ROOT_DIR: /opt/hostedtoolcache/Python/3.12.14/x64
2026-09-24T12:02:13.4644373Z   Python2_ROOT_DIR: /opt/hostedtoolcache/Python/3.12.14/x64
2026-09-24T12:02:13.4645025Z   Python3_ROOT_DIR: /opt/hostedtoolcache/Python/3.12.14/x64
2026-09-24T12:02:13.4645415Z   LD_LIBRARY_PATH: /opt/hostedtoolcache/Python/3.12.14/x64/lib
2026-09-24T12:02:13.4645802Z ##[endgroup]
2026-09-24T12:02:44.3577851Z evidence linter: 336 row(s) from 10 file(s) · 297 mechanical
2026-09-24T12:02:44.3580120Z   ⛔ L1-1 — DEAD POINTER: evidence names `tokens/_blast-radius.json`, which does not exist on disk — a dead pointer reads as evidence. If the ABSENCE is the claim, write `absent:tokens/_blast-radius.json`; if the file lives outside the repo, use the ruled s191-D2 marker `(NON-REPO: <where>)`
2026-09-24T12:02:44.3582434Z   ⛔ L1-4 — s182-D1: MECHANICAL row (tag=PROVEN verdict=None) carries NO probeable token — no command, no existing path, no figure. Evidence: "The verbatim gate line in L1-3. ⛔ Do not quote the brief's numbers"
2026-09-24T12:02:44.3583924Z   ⛔ L1-1 — DEAD POINTER: evidence names `tokens/_blast-radius.json`, which does not exist on disk — a dead pointer reads as evidence. If the ABSENCE is the claim, write `absent:tokens/_blast-radius.json`; if the file lives outside the repo, use the ruled s191-D2 marker `(NON-REPO: <where>)`
2026-09-24T12:02:44.3585599Z   ⛔ C-2 — s182-D1: MECHANICAL row (tag=None verdict=CONFIRMED) carries NO probeable token — no command, no existing path, no figure. Evidence: 'The claim table only counted `PROPOSED` in the snippets. The brief (step 3) requires it in'
2026-09-24T12:02:44.3586919Z   ⛔ H-5 — s182-D1: MECHANICAL row (tag=None verdict=CONFIRMED) carries NO probeable token — no command, no existing path, no figure. Evidence: 'C-6 + L1-10: the six are absent from canon, the generators exist, the reconciliation is av'
2026-09-24T12:02:44.3588422Z   ⛔ W2-13 — DEAD POINTER (truncated): evidence names `notes/x.md…`, and NO path on disk starts with it — the trailing ellipsis does not make a dead pointer legal (#208 laundering hole). Write the full path, or `absent:notes/x.md` if the ABSENCE is the claim, or add the ruled `(NON-REPO: <where>)` marker
2026-09-24T12:02:44.3589333Z ── s182-D1 LINT: 6 failure(s)
2026-09-24T12:02:44.3590262Z ── SAMPLER · seed=205 · pool=230 row(s) with a command · 15 with a declared observation (always drawn) · drawn=20: G-c, W1-5, W2-3, W2-3, W46-11, WIRE-10, WIRE-11, WIRE-13, WIRE-14, WIRE-15, WIRE-18, WIRE-19, WIRE-20, WIRE-21, WIRE-3, WIRE-4, WIRE-5, WIRE-6, WIRE-8, WIRE-9
2026-09-24T12:02:44.3591342Z   ⛔ REFUSED [UNSAFE] G-c — `python3 -c "import _gate_doc_rows as g; g.unrowed(store, pop + [('2026-08-19','notes/_briefs/2026-08`
2026-09-24T12:02:44.3591950Z       `python3 -c` runs arbitrary code — cannot be judged read-only
2026-09-24T12:02:44.3592527Z   ⛔ REFUSED [DOES-NOT-TERMINATE] W1-5 — `python3 knowledge/_capture_gate.py --selftest` did not exit within 30s
2026-09-24T12:02:44.3593092Z   ⛔ REFUSED [SIDE-EFFECTS] W2-3 — `python3 knowledge/_state.py`
2026-09-24T12:02:44.3593811Z       a bare `python3` REWRITES its tracked audit output; #204 declared this exact stop. Only --check/--selftest/--dry-run forms are sampled
2026-09-24T12:02:44.3594452Z   ⛔ REFUSED [SIDE-EFFECTS] W2-3 — `python3 knowledge/_state.py`
2026-09-24T12:02:44.3595214Z       a bare `python3` REWRITES its tracked audit output; #204 declared this exact stop. Only --check/--selftest/--dry-run forms are sampled
2026-09-24T12:02:44.3596157Z   ⛔ REFUSED [SIDE-EFFECTS] W46-11 — `python3 knowledge/_memento_search.py "brief generator mint open items fences"`
2026-09-24T12:02:44.3596831Z       a bare `python3` REWRITES its tracked audit output; #204 declared this exact stop. Only --check/--selftest/--dry-run forms are sampled
2026-09-24T12:02:44.3597497Z   ⛔ REFUSED [UNSAFE] WIRE-10 — `bash knowledge/_git_commit.sh --selftest`
2026-09-24T12:02:44.3597899Z       head verb 'bash' is not on the read-only allowlist
2026-09-24T12:02:44.3598464Z   ✅ RAN WIRE-11 — `grep -c 'pat.match(s)' knowledge/_git_commit.sh` → rc=0 (matches declared + OBSERVATION)
2026-09-24T12:02:44.3599187Z   ✅ RAN WIRE-13 — `grep -c PREFIX_ACK knowledge/_git_commit.sh` → rc=0 (matches declared + OBSERVATION)
2026-09-24T12:02:44.3599756Z   ⛔ OBSERVATION MISMATCH WIRE-14 — `python3 knowledge/_build_all.py --selftest`
2026-09-24T12:02:44.3600809Z       stdout does NOT contain 'exact-ID failure routing over 127 steps' (declared expect_stdout_contains). First 120 chars of stdout: '  selftest (a): 146 registered step ID(s), each resolves to exactly one route ✓\n  selftest (b): unknown step ID refuses,'
2026-09-24T12:02:44.3601836Z   ✅ RAN WIRE-15 — `python3 knowledge/_probe_registry/_registry.py --run --probe P-3` → rc=77 (matches declared + OBSERVATION)
2026-09-24T12:02:44.3602506Z   ⛔ REFUSED [SIDE-EFFECTS] WIRE-18 — `python3 knowledge/_validate_evidence.py notes/_claims`
2026-09-24T12:02:44.3603153Z       a bare `python3` REWRITES its tracked audit output; #204 declared this exact stop. Only --check/--selftest/--dry-run forms are sampled
2026-09-24T12:02:44.3603975Z   ⛔ REFUSED [SIDE-EFFECTS] WIRE-19 — `python3 knowledge/_join_claim_tables.py notes/_claims/208-wave1-claims.jsonl notes/_claims/208-wave2`
2026-09-24T12:02:44.3604958Z       a bare `python3` REWRITES its tracked audit output; #204 declared this exact stop. Only --check/--selftest/--dry-run forms are sampled
2026-09-24T12:02:44.3605603Z   ⛔ OBSERVATION MISMATCH WIRE-20 — `python3 knowledge/_governs.py --selftest`
2026-09-24T12:02:44.3606563Z       stdout does NOT contain 'all bites green' (declared expect_stdout_contains). First 120 chars of stdout: '_governs: ⬛ DECLARED (#208) — ruling s202-D3 governs the BARE token `knowledge`, which is a real DIRECTORY. Before #208 '
2026-09-24T12:02:44.3607481Z   ⛔ RC MISMATCH WIRE-20 — `python3 knowledge/_governs.py --selftest` → rc=1, row declares rc=0
2026-09-24T12:02:44.3608055Z   ⛔ OBSERVATION MISMATCH WIRE-21 — `grep -c 'fetch-depth: 0' .github/workflows/gates.yml`
2026-09-24T12:02:44.3608518Z       expect_count=3 declared, command observed 4
2026-09-24T12:02:44.3609074Z   ✅ RAN WIRE-3 — `grep -c expect_stdout_contains knowledge/_claimtable.py` → rc=0 (matches declared + OBSERVATION)
2026-09-24T12:02:44.3609750Z   ✅ RAN WIRE-4 — `python3 knowledge/_validate_evidence.py --selftest` → rc=0 (matches declared + OBSERVATION)
2026-09-24T12:02:44.3610396Z   ✅ RAN WIRE-5 — `python3 knowledge/_validate_evidence.py --selftest` → rc=0 (matches declared + OBSERVATION)
2026-09-24T12:02:44.3611074Z   ✅ RAN WIRE-6 — `python3 knowledge/_validate_evidence.py --selftest` → rc=0 (matches declared + OBSERVATION)
2026-09-24T12:02:44.3611735Z   ✅ RAN WIRE-8 — `python3 knowledge/_validate_evidence.py --selftest` → rc=0 (matches declared + OBSERVATION)
2026-09-24T12:02:44.3612468Z   ⛔ REFUSED [SIDE-EFFECTS] WIRE-9 — `python3 knowledge/_validate_evidence.py notes/_claims/208-wave1-claims.jsonl notes/_claims/208-wave2`
2026-09-24T12:02:44.3613204Z       a bare `python3` REWRITES its tracked audit output; #204 declared this exact stop. Only --check/--selftest/--dry-run forms are sampled
2026-09-24T12:02:44.3613950Z ── DECLARED GAP: 9 of 20 sampled row(s) were NOT run. Refusal is the honest answer; none of them is counted as a pass.
2026-09-24T12:02:44.3614929Z ⛔ EVIDENCE GATE FAIL — 6 lint · 0 unparsed · 4 rc/observation mismatch
2026-09-24T12:02:44.3633935Z ##[error]Process completed with exit code 1.
2026-09-24T12:02:44.3666671Z ##[group]Run python3 knowledge/_gate_artefact_fresh.py --check
2026-09-24T12:02:44.3667141Z [36;1mpython3 knowledge/_gate_artefact_fresh.py --check[0m
2026-09-24T12:02:44.3701496Z shell: /usr/bin/bash -e {0}
2026-09-24T12:02:44.3701789Z env:
2026-09-24T12:02:44.3702153Z   pythonLocation: /opt/hostedtoolcache/Python/3.12.14/x64
2026-09-24T12:02:44.3702575Z   PKG_CONFIG_PATH: /opt/hostedtoolcache/Python/3.12.14/x64/lib/pkgconfig
2026-09-24T12:02:44.3702980Z   Python_ROOT_DIR: /opt/hostedtoolcache/Python/3.12.14/x64
2026-09-24T12:02:44.3703410Z   Python2_ROOT_DIR: /opt/hostedtoolcache/Python/3.12.14/x64
2026-09-24T12:02:44.3703786Z   Python3_ROOT_DIR: /opt/hostedtoolcache/Python/3.12.14/x64
2026-09-24T12:02:44.3704328Z   LD_LIBRARY_PATH: /opt/hostedtoolcache/Python/3.12.14/x64/lib
2026-09-24T12:02:44.3704942Z ##[endgroup]
2026-09-24T12:03:26.1433476Z artefact-freshness comparer (⬛ ADVISORY at birth, #221) — 7 declared row(s)
2026-09-24T12:03:26.1435633Z   method: snapshot -> run the writer -> compare -> RESTORE. The tree is byte-identical
2026-09-24T12:03:26.1436360Z   either side; the md5 line below is the receipt, not a promise.
2026-09-24T12:03:26.1437212Z   ✅ _validate_a11y.py                  FRESH          byte-identical (1 artefact(s))
2026-09-24T12:03:26.1438612Z   ⚠ _validate_advisory.py              STALE          _ADVISORY-SIGNALS.md: 255 line(s) -> 263 | - **143 file(s) scanned · 131 signal(s).** | - ## Footer.reference.html — 1 signal(s) | - ## Kpi-tile.refer
2026-09-24T12:03:26.1439807Z   ✅ _validate_theme_provenance.py      FRESH          byte-identical (1 artefact(s))
2026-09-24T12:03:26.1441198Z   ⚠ _build_integrity.py                STALE          _INTEGRITY-REPORT.md: 85 line(s) -> 85 | - - schema: relationships: Additional properties are not allowed ('composes', '$composes-ver | + - schema: re
2026-09-24T12:03:26.1443293Z   ⚠ _build_instrument_fit.py           STALE          _INSTRUMENT-FIT.md: 149 line(s) -> 154 | - | **UNDER-INSTRUMENTED** | 12 | a gate names it but sits BELOW the rung its property needs | - | **TOTAL** 
2026-09-24T12:03:26.1444870Z   ✅ _validate_radius.py                FRESH          byte-identical (1 artefact(s))
2026-09-24T12:03:26.1445993Z   ✅ _validate_no_hardcode.py           FRESH          byte-identical (1 artefact(s))
2026-09-24T12:03:26.1446871Z   tally: 4 FRESH · 3 STALE · 0 COULD-NOT-ASK
2026-09-24T12:03:26.1447626Z   ⚠ A STALE ROW IS A PUBLISHED REPORT THAT NO LONGER DESCRIBES THE TREE. It is not
2026-09-24T12:03:26.1448564Z     a build failure — the fix is to regenerate and commit the artefact, which is a
2026-09-24T12:03:26.1449320Z     REGENERATION and therefore obeys the ordered-serial rule (#210).
2026-09-24T12:03:26.1450204Z       · _validate_advisory.py -> _ADVISORY-SIGNALS.md   [L1: L1: 123 -> 130 signals]
2026-09-24T12:03:26.1451318Z       · _build_integrity.py -> _INTEGRITY-REPORT.md   [L1: L1: 19 -> 21 warnings, 1030 -> 1035 leaf tokens, 41 -> 42 groups; imports jsonschema]
2026-09-24T12:03:26.1452770Z       · _build_instrument_fit.py -> _INSTRUMENT-FIT.md, _instrument-fit.json   [L1: L1: adds the missing _validate_hidden_display.py row]
2026-09-24T12:03:26.1454241Z   ⬛ ADVISORY: exit 0 regardless of drift. Promotion to blocking is DAVE'S (#220-L1 ruling-shaped Q3).
2026-09-24T12:03:26.1518838Z ##[group]Run python3 knowledge/_gate_inline_style_parse.py --check
2026-09-24T12:03:26.1519353Z [36;1mpython3 knowledge/_gate_inline_style_parse.py --check[0m
2026-09-24T12:03:26.1554992Z shell: /usr/bin/bash -e {0}
2026-09-24T12:03:26.1555364Z env:
2026-09-24T12:03:26.1555677Z   pythonLocation: /opt/hostedtoolcache/Python/3.12.14/x64
2026-09-24T12:03:26.1556115Z   PKG_CONFIG_PATH: /opt/hostedtoolcache/Python/3.12.14/x64/lib/pkgconfig
2026-09-24T12:03:26.1556583Z   Python_ROOT_DIR: /opt/hostedtoolcache/Python/3.12.14/x64
2026-09-24T12:03:26.1556987Z   Python2_ROOT_DIR: /opt/hostedtoolcache/Python/3.12.14/x64
2026-09-24T12:03:26.1557408Z   Python3_ROOT_DIR: /opt/hostedtoolcache/Python/3.12.14/x64
2026-09-24T12:03:26.1557802Z   LD_LIBRARY_PATH: /opt/hostedtoolcache/Python/3.12.14/x64/lib
2026-09-24T12:03:26.1558145Z ##[endgroup]
2026-09-24T12:03:26.2592119Z inline-style parse gate (⬛ ADVISORY at birth, #221 — the #122 seed)
2026-09-24T12:03:26.2593028Z   reader: html.parser (stdlib) · population: 11 file(s) · scope: DEF-004's own property families
2026-09-24T12:03:26.2593867Z   259 style attribute(s) parsed · 0 hardcode finding(s) · 0 PARSER-ONLY (the regex is blind) · 1 REGEX-ONLY (the regex hallucinates)
2026-09-24T12:03:26.2595385Z   ⬛ REGEX-ONLY: Tranche-1-interactive.html — the tree's pattern reads this as a live style attribute; a parse of the static document does NOT. It is in a comment, a <script> string, or a text node: 'margin-top:var(--space-8)'
2026-09-24T12:03:26.2596584Z      ⚠ READ THIS CAREFULLY BEFORE ACTING ON IT — a REGEX-ONLY hit is not
2026-09-24T12:03:26.2597071Z        automatically the regex being wrong. The one on this tree today is inside a
2026-09-24T12:03:26.2597637Z        `card.innerHTML='…'` string, so the static parse is right about the DOCUMENT
2026-09-24T12:03:26.2598174Z        and the value is nonetheless real at RUNTIME. The honest conclusion is that
2026-09-24T12:03:26.2598700Z        NEITHER reader is authoritative over injected markup, and this gate reports
2026-09-24T12:03:26.2599236Z        the disagreement rather than picking a winner. [[measure-dont-convert-units]]
2026-09-24T12:03:26.2599968Z   ✅ every style attribute in the population parses, and every declaration in one is either untouched by DEF-004 or already a token.
2026-09-24T12:03:26.2600891Z   ⬛ ADVISORY: exit 0 regardless. This is ONE parser over the NARROWEST population where a parser would have caught a proved false green (#220-L1 finding 12).
2026-09-24T12:03:26.2601825Z   ⬛ Widening it to the other seven regex gates is PRICED, not built, and whether a non-stdlib CSS parser may enter the gate set is DAVE'S.
2026-09-24T12:03:26.2733103Z Post job cleanup.
2026-09-24T12:03:26.3434220Z [command]/usr/bin/git version
2026-09-24T12:03:26.3471808Z git version 2.55.0
2026-09-24T12:03:26.3508919Z Temporarily overriding HOME='/home/runner/work/_temp/b205a6d7-0bea-4818-89b3-58f5a6b2f547' before making global git config changes
2026-09-24T12:03:26.3509908Z Adding repository directory to the temporary git global config as a safe directory
2026-09-24T12:03:26.3515325Z [command]/usr/bin/git config --global --add safe.directory /home/runner/work/UX-design/UX-design
2026-09-24T12:03:26.3541147Z Removing SSH command configuration
2026-09-24T12:03:26.3547321Z [command]/usr/bin/git config --local --name-only --get-regexp core\.sshCommand
2026-09-24T12:03:26.3576364Z [command]/usr/bin/git submodule foreach --recursive sh -c "git config --local --name-only --get-regexp 'core\.sshCommand' && git config --local --unset-all 'core.sshCommand' || :"
2026-09-24T12:03:26.3768712Z Removing HTTP extra header
2026-09-24T12:03:26.3773881Z [command]/usr/bin/git config --local --name-only --get-regexp http\.https\:\/\/github\.com\/\.extraheader
2026-09-24T12:03:26.3801471Z [command]/usr/bin/git submodule foreach --recursive sh -c "git config --local --name-only --get-regexp 'http\.https\:\/\/github\.com\/\.extraheader' && git config --local --unset-all 'http.https://github.com/.extraheader' || :"
2026-09-24T12:03:26.3986433Z Removing includeIf entries pointing to credentials config files
2026-09-24T12:03:26.3992514Z [command]/usr/bin/git config --local --name-only --get-regexp ^includeIf\.gitdir:
2026-09-24T12:03:26.4024008Z includeif.gitdir:/home/runner/work/UX-design/UX-design/.git.path
2026-09-24T12:03:26.4028586Z includeif.gitdir:/home/runner/work/UX-design/UX-design/.git/worktrees/*.path
2026-09-24T12:03:26.4034682Z includeif.gitdir:/github/workspace/.git.path
2026-09-24T12:03:26.4035503Z includeif.gitdir:/github/workspace/.git/worktrees/*.path
2026-09-24T12:03:26.4037248Z [command]/usr/bin/git config --local --get-all includeif.gitdir:/home/runner/work/UX-design/UX-design/.git.path
2026-09-24T12:03:26.4047983Z /home/runner/work/_temp/git-credentials-0ed19cb4-1539-4b16-b9fd-ce491870732e.config
2026-09-24T12:03:26.4058921Z [command]/usr/bin/git config --local --unset includeif.gitdir:/home/runner/work/UX-design/UX-design/.git.path /home/runner/work/_temp/git-credentials-0ed19cb4-1539-4b16-b9fd-ce491870732e.config
2026-09-24T12:03:26.4089157Z [command]/usr/bin/git config --local --get-all includeif.gitdir:/home/runner/work/UX-design/UX-design/.git/worktrees/*.path
2026-09-24T12:03:26.4109799Z /home/runner/work/_temp/git-credentials-0ed19cb4-1539-4b16-b9fd-ce491870732e.config
2026-09-24T12:03:26.4119185Z [command]/usr/bin/git config --local --unset includeif.gitdir:/home/runner/work/UX-design/UX-design/.git/worktrees/*.path /home/runner/work/_temp/git-credentials-0ed19cb4-1539-4b16-b9fd-ce491870732e.config
2026-09-24T12:03:26.4145572Z [command]/usr/bin/git config --local --get-all includeif.gitdir:/github/workspace/.git.path
2026-09-24T12:03:26.4163470Z /github/runner_temp/git-credentials-0ed19cb4-1539-4b16-b9fd-ce491870732e.config
2026-09-24T12:03:26.4170706Z [command]/usr/bin/git config --local --unset includeif.gitdir:/github/workspace/.git.path /github/runner_temp/git-credentials-0ed19cb4-1539-4b16-b9fd-ce491870732e.config
2026-09-24T12:03:26.4198705Z [command]/usr/bin/git config --local --get-all includeif.gitdir:/github/workspace/.git/worktrees/*.path
2026-09-24T12:03:26.4216429Z /github/runner_temp/git-credentials-0ed19cb4-1539-4b16-b9fd-ce491870732e.config
2026-09-24T12:03:26.4224270Z [command]/usr/bin/git config --local --unset includeif.gitdir:/github/workspace/.git/worktrees/*.path /github/runner_temp/git-credentials-0ed19cb4-1539-4b16-b9fd-ce491870732e.config
2026-09-24T12:03:26.4253939Z [command]/usr/bin/git submodule foreach --recursive git config --local --show-origin --name-only --get-regexp remote.origin.url
2026-09-24T12:03:26.4430038Z Removing credentials config '/home/runner/work/_temp/git-credentials-0ed19cb4-1539-4b16-b9fd-ce491870732e.config'
2026-09-24T12:03:26.4550372Z Cleaning up orphan processes
