2026-09-24T11:33:28.2854377Z Current runner version: '2.337.0'
2026-09-24T11:33:28.2879343Z ##[group]Runner Image Provisioner
2026-09-24T11:33:28.2880364Z Hosted Compute Agent
2026-09-24T11:33:28.2880996Z Version: 20260828.587
2026-09-24T11:33:28.2881966Z Commit: abac92662cab4cc7352de4f9f9d2e2419aad9c29
2026-09-24T11:33:28.2882786Z Build Date: 2026-08-28T16:44:25Z
2026-09-24T11:33:28.2883469Z Worker ID: {c8fffb66-bc85-4dc6-b6e4-b179045287e4}
2026-09-24T11:33:28.2884242Z Azure Region: westus2
2026-09-24T11:33:28.2884820Z ##[endgroup]
2026-09-24T11:33:28.2886514Z ##[group]Operating System
2026-09-24T11:33:28.2887211Z Ubuntu
2026-09-24T11:33:28.2887729Z 24.04.5
2026-09-24T11:33:28.2888302Z LTS
2026-09-24T11:33:28.2888858Z ##[endgroup]
2026-09-24T11:33:28.2889800Z ##[group]Runner Image
2026-09-24T11:33:28.2890540Z Image: ubuntu-24.04
2026-09-24T11:33:28.2891169Z Version: 20260920.314.1
2026-09-24T11:33:28.2892835Z Included Software: https://github.com/actions/runner-images/blob/ubuntu24/20260920.314/images/ubuntu/Ubuntu2404-Readme.md
2026-09-24T11:33:28.2894488Z Image Release: https://github.com/actions/runner-images/releases/tag/ubuntu24%2F20260920.314
2026-09-24T11:33:28.2895583Z ##[endgroup]
2026-09-24T11:33:28.2896832Z ##[group]GITHUB_TOKEN Permissions
2026-09-24T11:33:28.2898965Z Contents: read
2026-09-24T11:33:28.2899614Z Metadata: read
2026-09-24T11:33:28.2900353Z Packages: read
2026-09-24T11:33:28.2900919Z ##[endgroup]
2026-09-24T11:33:28.2903323Z Secret source: Actions
2026-09-24T11:33:28.2904439Z Cache mode: write
2026-09-24T11:33:28.2905119Z Prepare workflow directory
2026-09-24T11:33:28.3239429Z Prepare all required actions
2026-09-24T11:33:28.3289698Z Getting action download info
2026-09-24T11:33:28.6940568Z Download action repository 'actions/checkout@v6' (SHA:d23441a48e516b6c34aea4fa41551a30e30af803)
2026-09-24T11:33:28.8230150Z Download action repository 'actions/setup-python@v6' (SHA:ece7cb06caefa5fff74198d8649806c4678c61a1)
2026-09-24T11:33:29.0418882Z Complete job name: gates
2026-09-24T11:33:29.1219433Z ##[group]Run actions/checkout@v6
2026-09-24T11:33:29.1220365Z with:
2026-09-24T11:33:29.1220808Z   fetch-depth: 0
2026-09-24T11:33:29.1221534Z   repository: daveasewen/UX-design
2026-09-24T11:33:29.1225532Z   token: ***
2026-09-24T11:33:29.1225966Z   ssh-strict: true
2026-09-24T11:33:29.1226403Z   ssh-user: git
2026-09-24T11:33:29.1226841Z   persist-credentials: true
2026-09-24T11:33:29.1227324Z   clean: true
2026-09-24T11:33:29.1227766Z   sparse-checkout-cone-mode: true
2026-09-24T11:33:29.1228305Z   fetch-tags: false
2026-09-24T11:33:29.1228749Z   show-progress: true
2026-09-24T11:33:29.1229190Z   lfs: false
2026-09-24T11:33:29.1229598Z   submodules: false
2026-09-24T11:33:29.1230052Z   set-safe-directory: true
2026-09-24T11:33:29.1230561Z   allow-unsafe-pr-checkout: false
2026-09-24T11:33:29.1231624Z ##[endgroup]
2026-09-24T11:33:29.2256642Z Syncing repository: daveasewen/UX-design
2026-09-24T11:33:29.2259247Z ##[group]Getting Git version info
2026-09-24T11:33:29.2260505Z Working directory is '/home/runner/work/UX-design/UX-design'
2026-09-24T11:33:29.2262379Z [command]/usr/bin/git version
2026-09-24T11:33:29.2318977Z git version 2.55.0
2026-09-24T11:33:29.2343737Z ##[endgroup]
2026-09-24T11:33:29.2369621Z Temporarily overriding HOME='/home/runner/work/_temp/83d6a92f-3cef-4ece-ae3e-a8d486da7f5b' before making global git config changes
2026-09-24T11:33:29.2379782Z Adding repository directory to the temporary git global config as a safe directory
2026-09-24T11:33:29.2382040Z [command]/usr/bin/git config --global --add safe.directory /home/runner/work/UX-design/UX-design
2026-09-24T11:33:29.2431177Z Deleting the contents of '/home/runner/work/UX-design/UX-design'
2026-09-24T11:33:29.2437167Z ##[group]Determining repository object format
2026-09-24T11:33:29.2440013Z ##[endgroup]
2026-09-24T11:33:29.2441559Z ##[group]Initializing the repository
2026-09-24T11:33:29.2446071Z [command]/usr/bin/git init /home/runner/work/UX-design/UX-design
2026-09-24T11:33:29.2583011Z hint: Using 'master' as the name for the initial branch. This default branch name
2026-09-24T11:33:29.2592494Z hint: will change to "main" in Git 3.0. To configure the initial branch name
2026-09-24T11:33:29.2594752Z hint: to use in all of your new repositories, which will suppress this warning,
2026-09-24T11:33:29.2596199Z hint: call:
2026-09-24T11:33:29.2596979Z hint:
2026-09-24T11:33:29.2597898Z hint: 	git config --global init.defaultBranch <name>
2026-09-24T11:33:29.2602334Z hint:
2026-09-24T11:33:29.2603502Z hint: Names commonly chosen instead of 'master' are 'main', 'trunk' and
2026-09-24T11:33:29.2605233Z hint: 'development'. The just-created branch can be renamed via this command:
2026-09-24T11:33:29.2606643Z hint:
2026-09-24T11:33:29.2607506Z hint: 	git branch -m <name>
2026-09-24T11:33:29.2608414Z hint:
2026-09-24T11:33:29.2609529Z hint: Disable this message with "git config set advice.defaultBranchName false"
2026-09-24T11:33:29.2611615Z Initialized empty Git repository in /home/runner/work/UX-design/UX-design/.git/
2026-09-24T11:33:29.2615198Z [command]/usr/bin/git remote add origin https://github.com/daveasewen/UX-design
2026-09-24T11:33:29.2646994Z ##[endgroup]
2026-09-24T11:33:29.2648784Z ##[group]Disabling automatic garbage collection
2026-09-24T11:33:29.2651098Z [command]/usr/bin/git config --local gc.auto 0
2026-09-24T11:33:29.2696964Z ##[endgroup]
2026-09-24T11:33:29.2698639Z ##[group]Setting up auth
2026-09-24T11:33:29.2699849Z Removing SSH command configuration
2026-09-24T11:33:29.2705693Z [command]/usr/bin/git config --local --name-only --get-regexp core\.sshCommand
2026-09-24T11:33:29.2741844Z [command]/usr/bin/git submodule foreach --recursive sh -c "git config --local --name-only --get-regexp 'core\.sshCommand' && git config --local --unset-all 'core.sshCommand' || :"
2026-09-24T11:33:29.3108397Z Removing HTTP extra header
2026-09-24T11:33:29.3118742Z [command]/usr/bin/git config --local --name-only --get-regexp http\.https\:\/\/github\.com\/\.extraheader
2026-09-24T11:33:29.3160301Z [command]/usr/bin/git submodule foreach --recursive sh -c "git config --local --name-only --get-regexp 'http\.https\:\/\/github\.com\/\.extraheader' && git config --local --unset-all 'http.https://github.com/.extraheader' || :"
2026-09-24T11:33:29.3390168Z Removing includeIf entries pointing to credentials config files
2026-09-24T11:33:29.3398095Z [command]/usr/bin/git config --local --name-only --get-regexp ^includeIf\.gitdir:
2026-09-24T11:33:29.3438944Z [command]/usr/bin/git submodule foreach --recursive git config --local --show-origin --name-only --get-regexp remote.origin.url
2026-09-24T11:33:29.3698048Z [command]/usr/bin/git config --file /home/runner/work/_temp/git-credentials-6b65ea7f-4df5-43b2-8725-9043692b0b67.config http.https://github.com/.extraheader AUTHORIZATION: basic ***
2026-09-24T11:33:29.3750365Z [command]/usr/bin/git config --local includeIf.gitdir:/home/runner/work/UX-design/UX-design/.git.path /home/runner/work/_temp/git-credentials-6b65ea7f-4df5-43b2-8725-9043692b0b67.config
2026-09-24T11:33:29.3793374Z [command]/usr/bin/git config --local includeIf.gitdir:/home/runner/work/UX-design/UX-design/.git/worktrees/*.path /home/runner/work/_temp/git-credentials-6b65ea7f-4df5-43b2-8725-9043692b0b67.config
2026-09-24T11:33:29.3840110Z [command]/usr/bin/git config --local includeIf.gitdir:/github/workspace/.git.path /github/runner_temp/git-credentials-6b65ea7f-4df5-43b2-8725-9043692b0b67.config
2026-09-24T11:33:29.3882992Z [command]/usr/bin/git config --local includeIf.gitdir:/github/workspace/.git/worktrees/*.path /github/runner_temp/git-credentials-6b65ea7f-4df5-43b2-8725-9043692b0b67.config
2026-09-24T11:33:29.3928578Z ##[endgroup]
2026-09-24T11:33:29.3929703Z ##[group]Fetching the repository
2026-09-24T11:33:29.3942181Z [command]/usr/bin/git -c protocol.version=2 fetch --no-tags --prune --no-recurse-submodules origin +refs/heads/*:refs/remotes/origin/* +refs/tags/*:refs/tags/*
2026-09-24T11:33:55.5432258Z From https://github.com/daveasewen/UX-design
2026-09-24T11:33:55.5433654Z  * [new branch]        master     -> origin/master
2026-09-24T11:33:55.5443906Z [command]/usr/bin/git branch --list --remote origin/master
2026-09-24T11:33:55.5474022Z   origin/master
2026-09-24T11:33:55.5483425Z [command]/usr/bin/git rev-parse refs/remotes/origin/master
2026-09-24T11:33:55.5508296Z 7f10b5b8b308c25b21083b7e18ddb1868ccd664e
2026-09-24T11:33:55.5513160Z ##[endgroup]
2026-09-24T11:33:55.5514223Z ##[group]Determining the checkout info
2026-09-24T11:33:55.5515586Z ##[endgroup]
2026-09-24T11:33:55.5519804Z [command]/usr/bin/git sparse-checkout disable
2026-09-24T11:33:55.5573769Z [command]/usr/bin/git config --local --unset-all extensions.worktreeConfig
2026-09-24T11:33:55.5615881Z ##[group]Checking out the ref
2026-09-24T11:33:55.5619960Z [command]/usr/bin/git checkout --progress --force -B master refs/remotes/origin/master
2026-09-24T11:33:56.5844855Z Updating files:  24% (2343/9429)
2026-09-24T11:33:56.5893977Z Updating files:  25% (2358/9429)
2026-09-24T11:33:56.5933140Z Updating files:  26% (2452/9429)
2026-09-24T11:33:56.5971962Z Updating files:  27% (2546/9429)
2026-09-24T11:33:56.6007296Z Updating files:  28% (2641/9429)
2026-09-24T11:33:56.6041986Z Updating files:  29% (2735/9429)
2026-09-24T11:33:56.6080387Z Updating files:  30% (2829/9429)
2026-09-24T11:33:56.6118058Z Updating files:  31% (2923/9429)
2026-09-24T11:33:56.6322000Z Updating files:  32% (3018/9429)
2026-09-24T11:33:56.6910958Z Updating files:  33% (3112/9429)
2026-09-24T11:33:56.7476063Z Updating files:  34% (3206/9429)
2026-09-24T11:33:56.7804945Z Updating files:  35% (3301/9429)
2026-09-24T11:33:56.7866316Z Updating files:  36% (3395/9429)
2026-09-24T11:33:56.7953356Z Updating files:  37% (3489/9429)
2026-09-24T11:33:56.8040057Z Updating files:  38% (3584/9429)
2026-09-24T11:33:56.8138742Z Updating files:  39% (3678/9429)
2026-09-24T11:33:56.8254623Z Updating files:  40% (3772/9429)
2026-09-24T11:33:57.0285522Z Updating files:  41% (3866/9429)
2026-09-24T11:33:57.0476864Z Updating files:  42% (3961/9429)
2026-09-24T11:33:57.0549323Z Updating files:  43% (4055/9429)
2026-09-24T11:33:57.0690621Z Updating files:  44% (4149/9429)
2026-09-24T11:33:57.1236750Z Updating files:  45% (4244/9429)
2026-09-24T11:33:57.1444367Z Updating files:  46% (4338/9429)
2026-09-24T11:33:57.1747229Z Updating files:  47% (4432/9429)
2026-09-24T11:33:57.1828066Z Updating files:  48% (4526/9429)
2026-09-24T11:33:57.1889407Z Updating files:  49% (4621/9429)
2026-09-24T11:33:57.2036338Z Updating files:  50% (4715/9429)
2026-09-24T11:33:57.4127687Z Updating files:  51% (4809/9429)
2026-09-24T11:33:57.4517530Z Updating files:  52% (4904/9429)
2026-09-24T11:33:57.4735017Z Updating files:  53% (4998/9429)
2026-09-24T11:33:57.5784639Z Updating files:  54% (5092/9429)
2026-09-24T11:33:57.6187129Z Updating files:  54% (5165/9429)
2026-09-24T11:33:57.6948310Z Updating files:  55% (5186/9429)
2026-09-24T11:33:57.7192905Z Updating files:  56% (5281/9429)
2026-09-24T11:33:57.7632718Z Updating files:  57% (5375/9429)
2026-09-24T11:33:57.8007795Z Updating files:  58% (5469/9429)
2026-09-24T11:33:57.8363384Z Updating files:  59% (5564/9429)
2026-09-24T11:33:57.8619370Z Updating files:  60% (5658/9429)
2026-09-24T11:33:57.8685863Z Updating files:  61% (5752/9429)
2026-09-24T11:33:57.8787635Z Updating files:  62% (5846/9429)
2026-09-24T11:33:57.8977505Z Updating files:  63% (5941/9429)
2026-09-24T11:33:57.9094838Z Updating files:  64% (6035/9429)
2026-09-24T11:33:57.9294880Z Updating files:  65% (6129/9429)
2026-09-24T11:33:57.9946430Z Updating files:  66% (6224/9429)
2026-09-24T11:33:58.2113694Z Updating files:  67% (6318/9429)
2026-09-24T11:33:58.2764358Z Updating files:  68% (6412/9429)
2026-09-24T11:33:58.3591655Z Updating files:  69% (6507/9429)
2026-09-24T11:33:58.4264739Z Updating files:  70% (6601/9429)
2026-09-24T11:33:58.5030300Z Updating files:  71% (6695/9429)
2026-09-24T11:33:58.5291259Z Updating files:  72% (6789/9429)
2026-09-24T11:33:58.5369851Z Updating files:  73% (6884/9429)
2026-09-24T11:33:58.5518918Z Updating files:  74% (6978/9429)
2026-09-24T11:33:58.5650080Z Updating files:  75% (7072/9429)
2026-09-24T11:33:58.5731479Z Updating files:  76% (7167/9429)
2026-09-24T11:33:58.5771531Z Updating files:  76% (7225/9429)
2026-09-24T11:33:58.5858160Z Updating files:  77% (7261/9429)
2026-09-24T11:33:58.5957667Z Updating files:  78% (7355/9429)
2026-09-24T11:33:58.6176309Z Updating files:  79% (7449/9429)
2026-09-24T11:33:58.6577025Z Updating files:  80% (7544/9429)
2026-09-24T11:33:58.7163641Z Updating files:  81% (7638/9429)
2026-09-24T11:33:58.7209510Z Updating files:  82% (7732/9429)
2026-09-24T11:33:58.7254039Z Updating files:  83% (7827/9429)
2026-09-24T11:33:58.7299129Z Updating files:  84% (7921/9429)
2026-09-24T11:33:58.7559664Z Updating files:  85% (8015/9429)
2026-09-24T11:33:58.7835359Z Updating files:  86% (8109/9429)
2026-09-24T11:33:58.8066859Z Updating files:  87% (8204/9429)
2026-09-24T11:33:58.8668110Z Updating files:  88% (8298/9429)
2026-09-24T11:33:58.9683903Z Updating files:  89% (8392/9429)
2026-09-24T11:33:59.0072815Z Updating files:  90% (8487/9429)
2026-09-24T11:33:59.0240790Z Updating files:  91% (8581/9429)
2026-09-24T11:33:59.0377815Z Updating files:  92% (8675/9429)
2026-09-24T11:33:59.0675861Z Updating files:  93% (8769/9429)
2026-09-24T11:33:59.1051687Z Updating files:  94% (8864/9429)
2026-09-24T11:33:59.1169035Z Updating files:  95% (8958/9429)
2026-09-24T11:33:59.1261254Z Updating files:  96% (9052/9429)
2026-09-24T11:33:59.1327524Z Updating files:  97% (9147/9429)
2026-09-24T11:33:59.1643221Z Updating files:  98% (9241/9429)
2026-09-24T11:33:59.1906456Z Updating files:  99% (9335/9429)
2026-09-24T11:33:59.1907455Z Updating files: 100% (9429/9429)
2026-09-24T11:33:59.1908214Z Updating files: 100% (9429/9429), done.
2026-09-24T11:33:59.2011142Z Reset branch 'master'
2026-09-24T11:33:59.2016574Z branch 'master' set up to track 'origin/master'.
2026-09-24T11:33:59.2108622Z ##[endgroup]
2026-09-24T11:33:59.2157393Z [command]/usr/bin/git log -1 --format=%H
2026-09-24T11:33:59.2185978Z 7f10b5b8b308c25b21083b7e18ddb1868ccd664e
2026-09-24T11:33:59.2519347Z ##[group]Run actions/setup-python@v6
2026-09-24T11:33:59.2519653Z with:
2026-09-24T11:33:59.2519871Z   python-version: 3.12
2026-09-24T11:33:59.2520098Z   check-latest: false
2026-09-24T11:33:59.2523094Z   token: ***
2026-09-24T11:33:59.2523315Z   update-environment: true
2026-09-24T11:33:59.2523565Z   allow-prereleases: false
2026-09-24T11:33:59.2523801Z   freethreaded: false
2026-09-24T11:33:59.2524012Z ##[endgroup]
2026-09-24T11:33:59.3826192Z ##[group]Installed versions
2026-09-24T11:33:59.3926936Z Successfully set up CPython (3.12.14)
2026-09-24T11:33:59.3927910Z ##[endgroup]
2026-09-24T11:33:59.4102359Z ##[group]Run pip install tiktoken jsonschema
2026-09-24T11:33:59.4103001Z [36;1mpip install tiktoken jsonschema[0m
2026-09-24T11:33:59.4450533Z shell: /usr/bin/bash -e {0}
2026-09-24T11:33:59.4450961Z env:
2026-09-24T11:33:59.4451471Z   pythonLocation: /opt/hostedtoolcache/Python/3.12.14/x64
2026-09-24T11:33:59.4452201Z   PKG_CONFIG_PATH: /opt/hostedtoolcache/Python/3.12.14/x64/lib/pkgconfig
2026-09-24T11:33:59.4452729Z   Python_ROOT_DIR: /opt/hostedtoolcache/Python/3.12.14/x64
2026-09-24T11:33:59.4453201Z   Python2_ROOT_DIR: /opt/hostedtoolcache/Python/3.12.14/x64
2026-09-24T11:33:59.4453626Z   Python3_ROOT_DIR: /opt/hostedtoolcache/Python/3.12.14/x64
2026-09-24T11:33:59.4454051Z   LD_LIBRARY_PATH: /opt/hostedtoolcache/Python/3.12.14/x64/lib
2026-09-24T11:33:59.4454396Z ##[endgroup]
2026-09-24T11:34:01.1113039Z Collecting tiktoken
2026-09-24T11:34:01.1686590Z   Downloading tiktoken-0.14.0-cp312-cp312-manylinux_2_28_x86_64.whl.metadata (6.7 kB)
2026-09-24T11:34:01.1950790Z Collecting jsonschema
2026-09-24T11:34:01.2015907Z   Downloading jsonschema-4.26.0-py3-none-any.whl.metadata (7.6 kB)
2026-09-24T11:34:01.6191728Z Collecting regex (from tiktoken)
2026-09-24T11:34:01.6259394Z   Downloading regex-2026.9.10-cp312-cp312-manylinux2014_x86_64.manylinux_2_17_x86_64.manylinux_2_28_x86_64.whl.metadata (40 kB)
2026-09-24T11:34:01.6621870Z Collecting requests (from tiktoken)
2026-09-24T11:34:01.6687076Z   Downloading requests-2.34.2-py3-none-any.whl.metadata (4.8 kB)
2026-09-24T11:34:01.6864738Z Collecting attrs>=22.2.0 (from jsonschema)
2026-09-24T11:34:01.6930137Z   Downloading attrs-26.1.0-py3-none-any.whl.metadata (8.8 kB)
2026-09-24T11:34:01.7095936Z Collecting jsonschema-specifications>=2023.03.6 (from jsonschema)
2026-09-24T11:34:01.7161324Z   Downloading jsonschema_specifications-2025.9.1-py3-none-any.whl.metadata (2.9 kB)
2026-09-24T11:34:01.7396051Z Collecting referencing>=0.28.4 (from jsonschema)
2026-09-24T11:34:01.7460297Z   Downloading referencing-0.37.0-py3-none-any.whl.metadata (2.8 kB)
2026-09-24T11:34:01.9981812Z Collecting rpds-py>=0.25.0 (from jsonschema)
2026-09-24T11:34:02.0050464Z   Downloading rpds_py-2026.6.3-cp312-cp312-manylinux_2_17_x86_64.manylinux2014_x86_64.whl.metadata (4.1 kB)
2026-09-24T11:34:02.0275680Z Collecting typing-extensions>=4.4.0 (from referencing>=0.28.4->jsonschema)
2026-09-24T11:34:02.0341612Z   Downloading typing_extensions-4.16.0-py3-none-any.whl.metadata (3.3 kB)
2026-09-24T11:34:02.1661288Z Collecting charset_normalizer<4,>=2 (from requests->tiktoken)
2026-09-24T11:34:02.1730250Z   Downloading charset_normalizer-3.5.1-cp312-cp312-manylinux2014_x86_64.manylinux_2_17_x86_64.manylinux_2_28_x86_64.whl.metadata (45 kB)
2026-09-24T11:34:02.1953930Z Collecting idna<4,>=2.5 (from requests->tiktoken)
2026-09-24T11:34:02.2018032Z   Downloading idna-3.20-py3-none-any.whl.metadata (7.2 kB)
2026-09-24T11:34:02.2262538Z Collecting urllib3<3,>=1.26 (from requests->tiktoken)
2026-09-24T11:34:02.2327655Z   Downloading urllib3-2.8.0-py3-none-any.whl.metadata (7.4 kB)
2026-09-24T11:34:02.2605368Z Collecting certifi>=2023.5.7 (from requests->tiktoken)
2026-09-24T11:34:02.2671344Z   Downloading certifi-2026.7.22-py3-none-any.whl.metadata (2.5 kB)
2026-09-24T11:34:02.2788776Z Downloading tiktoken-0.14.0-cp312-cp312-manylinux_2_28_x86_64.whl (1.2 MB)
2026-09-24T11:34:02.3474409Z    ━━━━━━━━━━━━━━━━━━━━━━━━━━━━━━━━━━━━━━━━ 1.2/1.2 MB 19.4 MB/s  0:00:00
2026-09-24T11:34:02.3538327Z Downloading jsonschema-4.26.0-py3-none-any.whl (90 kB)
2026-09-24T11:34:02.3637814Z Downloading attrs-26.1.0-py3-none-any.whl (67 kB)
2026-09-24T11:34:02.3733872Z Downloading jsonschema_specifications-2025.9.1-py3-none-any.whl (18 kB)
2026-09-24T11:34:02.3818531Z Downloading referencing-0.37.0-py3-none-any.whl (26 kB)
2026-09-24T11:34:02.3899818Z Downloading rpds_py-2026.6.3-cp312-cp312-manylinux_2_17_x86_64.manylinux2014_x86_64.whl (366 kB)
2026-09-24T11:34:02.4104750Z Downloading typing_extensions-4.16.0-py3-none-any.whl (45 kB)
2026-09-24T11:34:02.4191991Z Downloading regex-2026.9.10-cp312-cp312-manylinux2014_x86_64.manylinux_2_17_x86_64.manylinux_2_28_x86_64.whl (804 kB)
2026-09-24T11:34:02.4467221Z    ━━━━━━━━━━━━━━━━━━━━━━━━━━━━━━━━━━━━━━━━ 804.6/804.6 kB 30.0 MB/s  0:00:00
2026-09-24T11:34:02.4531512Z Downloading requests-2.34.2-py3-none-any.whl (73 kB)
2026-09-24T11:34:02.4619045Z Downloading charset_normalizer-3.5.1-cp312-cp312-manylinux2014_x86_64.manylinux_2_17_x86_64.manylinux_2_28_x86_64.whl (248 kB)
2026-09-24T11:34:02.4755028Z Downloading idna-3.20-py3-none-any.whl (69 kB)
2026-09-24T11:34:02.4842918Z Downloading urllib3-2.8.0-py3-none-any.whl (135 kB)
2026-09-24T11:34:02.4942164Z Downloading certifi-2026.7.22-py3-none-any.whl (136 kB)
2026-09-24T11:34:02.6358095Z Installing collected packages: urllib3, typing-extensions, rpds-py, regex, idna, charset_normalizer, certifi, attrs, requests, referencing, tiktoken, jsonschema-specifications, jsonschema
2026-09-24T11:34:03.2228656Z 
2026-09-24T11:34:03.2247742Z Successfully installed attrs-26.1.0 certifi-2026.7.22 charset_normalizer-3.5.1 idna-3.20 jsonschema-4.26.0 jsonschema-specifications-2025.9.1 referencing-0.37.0 regex-2026.9.10 requests-2.34.2 rpds-py-2026.6.3 tiktoken-0.14.0 typing-extensions-4.16.0 urllib3-2.8.0
2026-09-24T11:34:03.2971182Z ##[group]Run python3 knowledge/_build_survey.py --timeout 60
2026-09-24T11:34:03.2971952Z [36;1mpython3 knowledge/_build_survey.py --timeout 60[0m
2026-09-24T11:34:03.3038601Z shell: /usr/bin/bash -e {0}
2026-09-24T11:34:03.3038860Z env:
2026-09-24T11:34:03.3039135Z   pythonLocation: /opt/hostedtoolcache/Python/3.12.14/x64
2026-09-24T11:34:03.3039787Z   PKG_CONFIG_PATH: /opt/hostedtoolcache/Python/3.12.14/x64/lib/pkgconfig
2026-09-24T11:34:03.3040241Z   Python_ROOT_DIR: /opt/hostedtoolcache/Python/3.12.14/x64
2026-09-24T11:34:03.3040639Z   Python2_ROOT_DIR: /opt/hostedtoolcache/Python/3.12.14/x64
2026-09-24T11:34:03.3041017Z   Python3_ROOT_DIR: /opt/hostedtoolcache/Python/3.12.14/x64
2026-09-24T11:34:03.3041646Z   LD_LIBRARY_PATH: /opt/hostedtoolcache/Python/3.12.14/x64/lib
2026-09-24T11:34:03.3041980Z ##[endgroup]
2026-09-24T11:37:27.1531124Z — 146 steps read from _build_all.STEPS by ast (never imported) · per-step timeout 60s · non-mutating steps only
2026-09-24T11:37:27.1532649Z 
2026-09-24T11:37:27.1533440Z   ❌ [ 3] token blast-radius + graph report — determinism/staleness chec  exit 1
2026-09-24T11:37:27.1534815Z   ✅ [ 4] token blast-radius + graph report selftest (#79 P6)
2026-09-24T11:37:27.1536001Z   ✅ [ 9] help-gate selftest — 5 mutation bites (#158 class gate)
2026-09-24T11:37:27.1537034Z   ✅ [11] assertion veracity selftest — verbs bite + registry well-forme
2026-09-24T11:37:27.1538043Z   ❌ [13] capture/provenance selftest (Memento §4.1)  exit 1
2026-09-24T11:37:27.1539092Z   ✅ [14] gauge-tokens selftest -- counting path + cache + degraded-meas
2026-09-24T11:37:27.1540121Z   ✅ [15] roll-state measurer selftest (#77 T1)
2026-09-24T11:37:27.1541080Z   ✅ [16] commit-seam harness — _git_commit.sh fixture-repo arms (#78-D1
2026-09-24T11:37:27.1542364Z   ✅ [17] GM/LS mover selftest — hardened move mechanics (M5)
2026-09-24T11:37:27.1543237Z   ✅ [18] section-usage instrumentation selftest (#23)
2026-09-24T11:37:27.1544690Z   ✅ [20] lane records determinism check (O1′ #24)
2026-09-24T11:37:27.1545726Z   ✅ [21] lane records selftest — schema refusals + routing contract (O1
2026-09-24T11:37:27.1546939Z   ✅ [26] worklist store selftest — schema presence gates incl. priority
2026-09-24T11:37:27.1547944Z   ✅ [28] decision-graph selftest — conflict gate bites on unresolved/op
2026-09-24T11:37:27.1548886Z   ✅ [29] spine-writer selftest — splice invariants + no-half-writes (#7
2026-09-24T11:37:27.1550020Z   ❌ [38] component-partials sync — AUTO-PARTIAL injection + contracts (  exit 1
2026-09-24T11:37:27.1550882Z   ✅ [39] component-partials selftest (ADR-0013)
2026-09-24T11:37:27.1552031Z   ✅ [40] token-set distribution sync — AUTO-TOKENS injection (s121-D1)
2026-09-24T11:37:27.1552851Z   ✅ [41] token-set distribution selftest (s121-D1)
2026-09-24T11:37:27.1553530Z   ✅ [43] Behaviour contract selftest (ADR-0015)
2026-09-24T11:37:27.1554282Z   ✅ [45] canon components determinism check (ADR-0013 ruling 4)
2026-09-24T11:37:27.1555022Z   ✅ [47] partial-ratchet selftest (ADR-0013)
2026-09-24T11:37:27.1555789Z   ✅ [50] theme cascade sync — [data-apollo-theme] layer (ADR-0011)
2026-09-24T11:37:27.1556533Z   ✅ [51] theme cascade selftest (ADR-0014)
2026-09-24T11:37:27.1557142Z   ✅ [53] state-snap selftest (ADR-0014)
2026-09-24T11:37:27.1557922Z   ✅ [55] stale-queue selftest — 13 bites incl. both mutation directions
2026-09-24T11:37:27.1558842Z   ✅ [57] palette-tier selftest — 10 mutation bites (s157-D2)
2026-09-24T11:37:27.1559755Z   ✅ [59] showroom sync — generated component library (RULED 2026-07-21)
2026-09-24T11:37:27.1560670Z   ✅ [60] showroom URL-rebase selftest — the srcdoc base-URL trap (2026-
2026-09-24T11:37:27.1562006Z   ⊘ [61] dashboard sync — generated progress dashboard (RULED #164, bui  COULD-NOT-ASK
2026-09-24T11:37:27.1562957Z   ✅ [67] a11y target-measurement selftest (s114-D5)
2026-09-24T11:37:27.1563617Z   ✅ [70] wiring gate selftest — 4 bites
2026-09-24T11:37:27.1564502Z   ⊘ [74] state-contrast gate selftest — paint stack, report arithmetic,  COULD-NOT-ASK
2026-09-24T11:37:27.1565882Z   ✅ [76] type-composites selftest
2026-09-24T11:37:27.1566485Z   ✅ [85] KG edge gate selftest (6 bites)
2026-09-24T11:37:27.1567100Z   ✅ [87] Token fork-ban selftest (2-direction)
2026-09-24T11:37:27.1567737Z   ✅ [91] binds-resolve selftest — 5 bites incl. any-store clause (#146)
2026-09-24T11:37:27.1568249Z   ✅ [93] chart-intent resolve selftest — 4 bites incl. list case + abse
2026-09-24T11:37:27.1568991Z   ✅ [95] roles/answers resolve selftest — 15 bites incl. in-role priori
2026-09-24T11:37:27.1569478Z   ✅ [97] DataViz gate selftest — bite-tests dv-004 + the dtype vocabula
2026-09-24T11:37:27.1570470Z   ✅ [99] property-resolves gate C2 selftest — 4 bites + a bite-the-bite
2026-09-24T11:37:27.1571104Z   ✅ [101] dataviz var-resolution gate selftest — 8 arms incl. alias chai
2026-09-24T11:37:27.1571943Z   ✅ [103] minted-consumption selftest — 10 arms incl. both false-positiv
2026-09-24T11:37:27.1572462Z   ✅ [105] hidden-attr display selftest — 16 bites incl. the real #218 mu
2026-09-24T11:37:27.1572893Z   ✅ [110] consult tool selftest (advisory)
2026-09-24T11:37:27.1573310Z   ✅ [111] search core selftest — two-stage engine + receipt format (O2′ 
2026-09-24T11:37:27.1573750Z   ✅ [113] memento index determinism check (O2′ #25)
2026-09-24T11:37:27.1574188Z   ✅ [114] memento index selftest — contract refusals + determinism (O2′ 
2026-09-24T11:37:27.1574683Z   ✅ [115] memento search selftest — known-answer retrieval + fetch refus
2026-09-24T11:37:27.1575128Z   ✅ [117] graph mention map determinism check (#115 step 0)
2026-09-24T11:37:27.1575579Z   ✅ [118] graph mention map selftest — hit/miss/refusal bites (#115 step
2026-09-24T11:37:27.1576060Z   ✅ [120] read chain determinism check — stale _CHAIN.md serves a PREVIO
2026-09-24T11:37:27.1576544Z   ✅ [121] read chain selftest — verbatim terms + the CUT + refusal on a 
2026-09-24T11:37:27.1577010Z   ✅ [122] GM size stamp check — a TYPED `size:` figure / drift past the 
2026-09-24T11:37:27.1577497Z   ✅ [123] GM size stamp selftest — the fixed point, the 2-cycle refusal,
2026-09-24T11:37:27.1578016Z   ❌ [125] memento schematic determinism check — a stale diagram publishe  exit 1
2026-09-24T11:37:27.1578566Z   ✅ [126] memento schematic selftest — figure provenance, caption geomet
2026-09-24T11:37:27.1579102Z   ❌ [128] memento-package delta-audit selftest — mutation-tested, all 4   exit 1
2026-09-24T11:37:27.1579580Z   ✅ [130] instrument-fit selftest (advisory, ds-015)
2026-09-24T11:37:27.1580015Z   ✅ [133] could-not-ask convention selftest (#193 — the third verdict's 
2026-09-24T11:37:27.1580551Z   ❌ [136] governs matcher selftest — the [12]/[13] trigger-index arm, na  exit 1
2026-09-24T11:37:27.1581080Z   ✅ [137] frozen-release gate — v1/v2 and any baked Spider surface may n
2026-09-24T11:37:27.1582072Z   ✅ [138] frozen-release selftest — 11 bites on a fixture repo incl. the
2026-09-24T11:37:27.1582620Z   ✅ [139] pack ship-list audit — the manifest is byte-identical to a fre
2026-09-24T11:37:27.1583183Z   ✅ [140] release-audit selftest — manifest compare + the pack arm's res
2026-09-24T11:37:27.1584351Z   ⊘ [141] pack-side CI template — parses, ships what it calls, hides not  COULD-NOT-ASK
2026-09-24T11:37:27.1585513Z   ⊘ [142] pack-side CI template selftest — 10 mutants incl. a smuggled c  COULD-NOT-ASK
2026-09-24T11:37:27.1586446Z   ✅ [145] polarity gate — five refusals + content-fresh derived status/e
2026-09-24T11:37:27.1586990Z   ✅ [146] polarity gate selftest — control + every refusal arm on a copy
2026-09-24T11:37:27.1587265Z 
2026-09-24T11:37:27.1587400Z ==============================================================================
2026-09-24T11:37:27.1588561Z SURVEY: 59 pass · 6 FAIL · 4 COULD-NOT-ASK (self-declared refusals) · 0 unaskable (missing/timed out) · 77 not asked (mutating)
2026-09-24T11:37:27.1589349Z ⚠ 'not asked' is NOT 'passing' — it is excluded from the exit code, deliberately.
2026-09-24T11:37:27.1589962Z ⚠ 'COULD-NOT-ASK' is NOT 'passing' either. It is a step that named the input it could
2026-09-24T11:37:27.1590737Z   not reach, so the job does not go red for an ENVIRONMENT fact dressed as an artefact
2026-09-24T11:37:27.1591561Z   verdict (#173/#183, generalised #193). Every one is printed in full below. A step
2026-09-24T11:37:27.1592148Z   that timed out or is MISSING is a different thing and still fails: nobody asked it
2026-09-24T11:37:27.1592545Z   and it never said why.
2026-09-24T11:37:27.1592862Z 
2026-09-24T11:37:27.1593190Z THE FULL FAILURE SET (6) — this is the number no single `_build_all.py` run can tell you:
2026-09-24T11:37:27.1593527Z 
2026-09-24T11:37:27.1593805Z   [3] token blast-radius + graph report — determinism/staleness check (#79 P6)
2026-09-24T11:37:27.1594360Z       python3 knowledge/tokens/_build_blast_radius.py --check   (exit 1)
2026-09-24T11:37:27.1594958Z       ❌ _build_blast_radius --check FAILED — 2 file(s) out of sync with a fresh compute():
2026-09-24T11:37:27.1595297Z 
2026-09-24T11:37:27.1595470Z   [13] capture/provenance selftest (Memento §4.1)
2026-09-24T11:37:27.1595842Z       python3 knowledge/_capture_gate.py --selftest   (exit 1)
2026-09-24T11:37:27.1596652Z       ❌ FAIL GOOD-MORNING.md: no `pre-flight:` stamp — the handoff must carry the estimate the session was priced with (runbook § ★ Half 0b). Form (Dave #56
2026-09-24T11:37:27.1597194Z 
2026-09-24T11:37:27.1597477Z   [38] component-partials sync — AUTO-PARTIAL injection + contracts (ADR-0013)
2026-09-24T11:37:27.1597969Z       python3 knowledge/gen_component_partials.py --check   (exit 1)
2026-09-24T11:37:27.1598348Z       gen_component_partials CONTRACT FAILURES:
2026-09-24T11:37:27.1598554Z 
2026-09-24T11:37:27.1598882Z   [125] memento schematic determinism check — a stale diagram publishes a PREVIOUS tree (#127)
2026-09-24T11:37:27.1599387Z       python3 knowledge/_gen_schematic.py --check   (exit 1)
2026-09-24T11:37:27.1600186Z       ✗ reviews/MEMENTO-SCHEMATIC-2026-08-07-v2.html is STALE — a figure in it no longer matches disk, so the page is asserting something that has gone fals
2026-09-24T11:37:27.1600732Z 
2026-09-24T11:37:27.1601021Z   [128] memento-package delta-audit selftest — mutation-tested, all 4 arms (#79)
2026-09-24T11:37:27.1601773Z       python3 knowledge/_validate_package_delta.py --selftest   (exit 1)
2026-09-24T11:37:27.1602620Z       ✗ real repo: clean (0 findings; got 4: ['VERBATIM SET: memento-package/machinery/_gen_chain.py DIFFERS from knowledge/_gen_chain.py (copy=machinery/ f
2026-09-24T11:37:27.1603183Z 
2026-09-24T11:37:27.1603482Z   [136] governs matcher selftest — the [12]/[13] trigger-index arm, named (#208 legibility)
2026-09-24T11:37:27.1603959Z       python3 knowledge/_governs.py --selftest   (exit 1)
2026-09-24T11:37:27.1604654Z       FAIL _governs: ruling s282-D2 evidence `col26-012 override cross-ref measured present at colour-standards-2026.md:79-81 before this ruling; grep 'seco
2026-09-24T11:37:27.1605208Z 
2026-09-24T11:37:27.1605467Z COULD-NOT-ASK (4) — each step's OWN words about the input it could not reach.
2026-09-24T11:37:27.1605990Z These do NOT fail the survey; they also do not pass. If one of them is here because the
2026-09-24T11:37:27.1606590Z environment is wrong rather than because the input is genuinely unreachable, FIX THE ENVIRONMENT:
2026-09-24T11:37:27.1606977Z 
2026-09-24T11:37:27.1607230Z   [61] dashboard sync — generated progress dashboard (RULED #164, built #165)
2026-09-24T11:37:27.1607672Z       python3 knowledge/gen_dashboard.py --check   (exit 77)
2026-09-24T11:37:27.1892540Z       COULD-NOT-ASK: dashboard/index.html — the page differs, but a live gate baked into it is reading INPUTS OUTSIDE THE COMMITTED TREE, so its verdict — and therefore this page — cannot be reproduced here: provenance names `knowledge/_tmp/l3-245/rename-plan.json`; provenance names `outputs/_FINDING-canon-pri-hover-brand-mono-fork-2026-08-06-v1.md`; provenance names `outputs/_PARTITION-button-primary-2026-08-06-v1.md`. Every one of those paths is untracked, so an environment that has them and one that does not will render different prose from the SAME commit. This is a REFUSAL, not a staleness verdict in either direction: the page's agreement with the stores is UNKNOWN here and is reported as unknown. Ask it where those inputs are present (a working tree that holds them), or commit them.
2026-09-24T11:37:27.1897677Z 
2026-09-24T11:37:27.1898230Z   [74] state-contrast gate selftest — paint stack, report arithmetic, named args
2026-09-24T11:37:27.1899265Z       python3 knowledge/_validate_state_contrast.py --selftest   (exit 77)
2026-09-24T11:37:27.1903184Z       COULD-NOT-ASK: _validate_state_contrast.py — the 'playwright' module is not installed (ModuleNotFoundError("No module named 'playwright'")) — this gate cannot be proven without it; run `pip install playwright && playwright install chromium` ⇒ THIS IS NOT A SKIP: these arms (including the s152-D1 mutation control) run BLOCKING in the `render` job of .github/workflows/gates.yml, which installs chromium — that job is where this gate's proof of record lives. Nothing here is claimed green; the question was unaskable on this box.
2026-09-24T11:37:27.1906044Z 
2026-09-24T11:37:27.1906655Z   [141] pack-side CI template — parses, ships what it calls, hides nothing (BLOCKING, built #219)
2026-09-24T11:37:27.1907597Z       python3 knowledge/_release/_gate_ci_template.py --check   (exit 77)
2026-09-24T11:37:27.1909900Z       COULD-NOT-ASK: apollo-spider/ci-template/gates.yml — PyYAML is not importable in this environment, and this gate parses the template in YAML rather than guessing at it with string matching. Install it (pip install pyyaml) — the release job in .github/workflows/gates.yml does exactly that
2026-09-24T11:37:27.1911821Z 
2026-09-24T11:37:27.1912390Z   [142] pack-side CI template selftest — 10 mutants incl. a smuggled continue-on-error (#219)
2026-09-24T11:37:27.1913332Z       python3 knowledge/_release/_gate_ci_template.py --selftest   (exit 77)
2026-09-24T11:37:27.1914710Z       COULD-NOT-ASK: the ci-template selftest — PyYAML is not importable, and every arm below parses YAML. Install it (pip install pyyaml).
2026-09-24T11:37:27.1915555Z 
2026-09-24T11:37:27.1916088Z NOT ASKED (77 mutating steps) — run --include-mutating on a clean tree to include them:
2026-09-24T11:37:27.1916740Z   [1] compliance knowledge graph
2026-09-24T11:37:27.1917173Z   [2] token blast-radius + graph report
2026-09-24T11:37:27.1917645Z   [5] guideline rules index (gate)
2026-09-24T11:37:27.1918070Z   [6] runbook index (generated)
2026-09-24T11:37:27.1918515Z   [7] standing-instructions reachability gate
2026-09-24T11:37:27.1919238Z   [8] help-gate — no entry point may write before it reads argv (#158 cl
2026-09-24T11:37:27.1919980Z   [10] assertion veracity gate — claims that can rot
2026-09-24T11:37:27.1920758Z   [12] capture/provenance gate — status+provenance on new notes+dossiers 
2026-09-24T11:37:27.1921685Z   … and 69 more
2026-09-24T11:37:27.1921889Z 
2026-09-24T11:37:27.1922380Z — recorded → /home/runner/work/UX-design/UX-design/notes/_BUILD-VERDICT-LOG.jsonl
2026-09-24T11:37:27.1973844Z ##[error]Process completed with exit code 1.
2026-09-24T11:37:27.2025804Z ##[group]Run python3 knowledge/_build_all.py
2026-09-24T11:37:27.2026181Z [36;1mpython3 knowledge/_build_all.py[0m
2026-09-24T11:37:27.2088820Z shell: /usr/bin/bash -e {0}
2026-09-24T11:37:27.2089068Z env:
2026-09-24T11:37:27.2089337Z   pythonLocation: /opt/hostedtoolcache/Python/3.12.14/x64
2026-09-24T11:37:27.2089789Z   PKG_CONFIG_PATH: /opt/hostedtoolcache/Python/3.12.14/x64/lib/pkgconfig
2026-09-24T11:37:27.2090267Z   Python_ROOT_DIR: /opt/hostedtoolcache/Python/3.12.14/x64
2026-09-24T11:37:27.2090659Z   Python2_ROOT_DIR: /opt/hostedtoolcache/Python/3.12.14/x64
2026-09-24T11:37:27.2091056Z   Python3_ROOT_DIR: /opt/hostedtoolcache/Python/3.12.14/x64
2026-09-24T11:37:27.2091628Z   LD_LIBRARY_PATH: /opt/hostedtoolcache/Python/3.12.14/x64/lib
2026-09-24T11:37:27.2091968Z ##[endgroup]
2026-09-24T11:37:27.2999424Z Wrote 38 rule files to compliance/rules/
2026-09-24T11:37:27.2999843Z Index: 38 SCs x 135 components
2026-09-24T11:37:27.3000127Z Validation errors: none
2026-09-24T11:37:27.3000621Z Levels: {'AA': 17, 'A': 18, 'AAA': 3} | Severities: {'serious': 29, 'critical': 3, 'minor': 6}
2026-09-24T11:37:27.3001103Z AAA (beyond AA bar): ['2.3.3', '2.4.8', '2.5.5']
2026-09-24T11:37:41.9401179Z 
2026-09-24T11:37:41.9403132Z PARKED DUE — 4 parked item(s) are due at token-report — python3 knowledge/_parked.py --due token-report
2026-09-24T11:37:41.9404007Z wrote tokens/_blast-radius.json and _GRAPH-REPORT.md
2026-09-24T11:37:41.9404776Z tokens defined=1043 referenced=140 components=137
2026-09-24T11:37:41.9405892Z top god-nodes: [('text/default', 109), ('background/default', 74), ('tertiary/background/default', 51), ('icon/default', 46), ('border-radius/surface', 43), ('focus/ring', 40), ('border/subtle', 39), ('text/secondary', 37)]
2026-09-24T11:37:41.9406999Z depricate-still-bound components: 19
2026-09-24T11:37:41.9407347Z orphans: 903
2026-09-24T11:37:56.4512267Z 
2026-09-24T11:37:56.4513964Z PARKED DUE — 4 parked item(s) are due at token-report — python3 knowledge/_parked.py --due token-report
2026-09-24T11:37:56.4515497Z ✓ _build_blast_radius --check PASS — tokens/_blast-radius.json and _GRAPH-REPORT.md match a fresh compute() (content, not mtime)
2026-09-24T11:38:25.5830922Z 
2026-09-24T11:38:25.5832499Z PARKED DUE — 4 parked item(s) are due at token-report — python3 knowledge/_parked.py --due token-report
2026-09-24T11:38:25.5833550Z   selftest (a): compute() is deterministic across two calls ✓
2026-09-24T11:38:25.5834265Z   selftest (b1): identical fixture pair reports zero drift ✓
2026-09-24T11:38:25.5835002Z   selftest (b2): a doctored fixture pair is flagged on BOTH files, each named ✓
2026-09-24T11:38:25.5835849Z   selftest (b3): a missing on-disk file is flagged, never silently treated as a match ✓
2026-09-24T11:38:25.5837088Z selftest PASS — compute() deterministic; --check bites on drift, quiet on a match, never silently passes a missing file (#79 P6)
2026-09-24T11:38:25.6408160Z rules index: 474 rules from 35 engine-era files — {'ADVISORY': 322, 'BLOCKING': 62, 'REVIEW': 34, 'TASTE': 56}
2026-09-24T11:38:25.6673060Z runbook index: 17 runbooks -> _RUNBOOKS.md
2026-09-24T11:38:26.1188944Z selftest OK — discovers 28 standing docs by glob + STANDING: self-declaration.
2026-09-24T11:38:26.1190216Z STANDING-INSTRUCTIONS GATE PASS — 28 standing doc(s) reachable from the spine; GOOD-MORNING structure intact.
2026-09-24T11:38:26.1191776Z   NOTE: memory files live outside the repo and CANNOT be checked here — capture-ritual step 3 is still a human step.
2026-09-24T11:38:27.9826923Z help-gate: 264 script(s) scanned, 12 failure(s) — a script that can write before it reads argv is the #157 gen_showroom defect
2026-09-24T11:38:27.9828016Z   ❌ knowledge/_bite_goal.py: NO HELP GATE — add
2026-09-24T11:38:27.9828714Z       from _helpgate import help_gate as _help_gate; _help_gate(__doc__, __name__, __file__)
2026-09-24T11:38:27.9829554Z       near the top (before any executable statement). See knowledge/_helpgate.py.
2026-09-24T11:38:27.9830827Z   ❌ knowledge/_bite_kg_edge_proposal.py: NO HELP GATE — add
2026-09-24T11:38:27.9833377Z       from _helpgate import help_gate as _help_gate; _help_gate(__doc__, __name__, __file__)
2026-09-24T11:38:27.9834327Z       near the top (before any executable statement). See knowledge/_helpgate.py.
2026-09-24T11:38:27.9835210Z   ❌ knowledge/_build_kg_explorer.py: NO HELP GATE — add
2026-09-24T11:38:27.9836017Z       from _helpgate import help_gate as _help_gate; _help_gate(__doc__, __name__, __file__)
2026-09-24T11:38:27.9836941Z       near the top (before any executable statement). See knowledge/_helpgate.py.
2026-09-24T11:38:27.9837818Z   ❌ knowledge/_gen_ruling_edges_from_recs.py: NO HELP GATE — add
2026-09-24T11:38:27.9838662Z       from _helpgate import help_gate as _help_gate; _help_gate(__doc__, __name__, __file__)
2026-09-24T11:38:27.9839642Z       near the top (before any executable statement). See knowledge/_helpgate.py.
2026-09-24T11:38:27.9840493Z   ❌ knowledge/_kg_history.py: NO HELP GATE — add
2026-09-24T11:38:27.9841516Z       from _helpgate import help_gate as _help_gate; _help_gate(__doc__, __name__, __file__)
2026-09-24T11:38:27.9842481Z       near the top (before any executable statement). See knowledge/_helpgate.py.
2026-09-24T11:38:27.9843449Z   ❌ knowledge/_render/verify_demo_slides_268.py: NO HELP GATE — add
2026-09-24T11:38:27.9844344Z       from _helpgate import help_gate as _help_gate; _help_gate(__doc__, __name__, __file__)
2026-09-24T11:38:27.9845519Z       near the top (before any executable statement). See knowledge/_helpgate.py.
2026-09-24T11:38:27.9846421Z   ❌ knowledge/_render/verify_demo_slides_268_v3.py: NO HELP GATE — add
2026-09-24T11:38:27.9847264Z       from _helpgate import help_gate as _help_gate; _help_gate(__doc__, __name__, __file__)
2026-09-24T11:38:27.9848165Z       near the top (before any executable statement). See knowledge/_helpgate.py.
2026-09-24T11:38:27.9849107Z   ❌ knowledge/_render/verify_demo_slides_268_v5.py: NO HELP GATE — add
2026-09-24T11:38:27.9849995Z       from _helpgate import help_gate as _help_gate; _help_gate(__doc__, __name__, __file__)
2026-09-24T11:38:27.9850943Z       near the top (before any executable statement). See knowledge/_helpgate.py.
2026-09-24T11:38:27.9852164Z   ❌ knowledge/_render/verify_demo_slides_268_v6.py: NO HELP GATE — add
2026-09-24T11:38:27.9853071Z       from _helpgate import help_gate as _help_gate; _help_gate(__doc__, __name__, __file__)
2026-09-24T11:38:27.9854034Z       near the top (before any executable statement). See knowledge/_helpgate.py.
2026-09-24T11:38:27.9854950Z   ❌ knowledge/_render/verify_demo_slides_268_v7.py: NO HELP GATE — add
2026-09-24T11:38:27.9855808Z       from _helpgate import help_gate as _help_gate; _help_gate(__doc__, __name__, __file__)
2026-09-24T11:38:27.9856733Z       near the top (before any executable statement). See knowledge/_helpgate.py.
2026-09-24T11:38:27.9857724Z   ❌ knowledge/_render/verify_demo_slides_268_v74_gearbox.py: NO HELP GATE — add
2026-09-24T11:38:27.9858642Z       from _helpgate import help_gate as _help_gate; _help_gate(__doc__, __name__, __file__)
2026-09-24T11:38:27.9859564Z       near the top (before any executable statement). See knowledge/_helpgate.py.
2026-09-24T11:38:27.9860600Z   ❌ knowledge/_render/verify_demo_slides_268_v75_gearbox.py: NO HELP GATE — add
2026-09-24T11:38:27.9861735Z       from _helpgate import help_gate as _help_gate; _help_gate(__doc__, __name__, __file__)
2026-09-24T11:38:27.9862648Z       near the top (before any executable statement). See knowledge/_helpgate.py.
2026-09-24T11:38:27.9904839Z 
2026-09-24T11:38:27.9905595Z === [1/146] compliance knowledge graph — compliance/_build_compliance_kg.py ===
2026-09-24T11:38:27.9906163Z 
2026-09-24T11:38:27.9906480Z === [2/146] token blast-radius + graph report — tokens/_build_blast_radius.py ===
2026-09-24T11:38:27.9906810Z 
2026-09-24T11:38:27.9907277Z === [3/146] token blast-radius + graph report — determinism/staleness check (#79 P6) — tokens/_build_blast_radius.py ===
2026-09-24T11:38:27.9907738Z 
2026-09-24T11:38:27.9908351Z === [4/146] token blast-radius + graph report selftest (#79 P6) — tokens/_build_blast_radius.py ===
2026-09-24T11:38:27.9908743Z 
2026-09-24T11:38:27.9908999Z === [5/146] guideline rules index (gate) — guidelines/gen_rules_index.py ===
2026-09-24T11:38:27.9909298Z 
2026-09-24T11:38:27.9909505Z === [6/146] runbook index (generated) — gen_runbook_index.py ===
2026-09-24T11:38:27.9909753Z 
2026-09-24T11:38:27.9910077Z === [7/146] standing-instructions reachability gate — _validate_standing_instructions.py ===
2026-09-24T11:38:27.9910443Z 
2026-09-24T11:38:27.9910838Z === [8/146] help-gate — no entry point may write before it reads argv (#158 class gate) — _validate_help_gate.py ===
2026-09-24T11:38:27.9911548Z 
2026-09-24T11:38:27.9912106Z ❌ step 'help-gate — no entry point may write before it reads argv (#158 class gate)' failed (exit 1) — aborting
2026-09-24T11:38:27.9962216Z ##[error]Process completed with exit code 1.
2026-09-24T11:38:27.9995564Z ##[group]Run python3 knowledge/_tests/test_gates.py
2026-09-24T11:38:27.9995982Z [36;1mpython3 knowledge/_tests/test_gates.py[0m
2026-09-24T11:38:28.0059437Z shell: /usr/bin/bash -e {0}
2026-09-24T11:38:28.0059688Z env:
2026-09-24T11:38:28.0059957Z   pythonLocation: /opt/hostedtoolcache/Python/3.12.14/x64
2026-09-24T11:38:28.0060417Z   PKG_CONFIG_PATH: /opt/hostedtoolcache/Python/3.12.14/x64/lib/pkgconfig
2026-09-24T11:38:28.0060862Z   Python_ROOT_DIR: /opt/hostedtoolcache/Python/3.12.14/x64
2026-09-24T11:38:28.0061678Z   Python2_ROOT_DIR: /opt/hostedtoolcache/Python/3.12.14/x64
2026-09-24T11:38:28.0062077Z   Python3_ROOT_DIR: /opt/hostedtoolcache/Python/3.12.14/x64
2026-09-24T11:38:28.0062466Z   LD_LIBRARY_PATH: /opt/hostedtoolcache/Python/3.12.14/x64/lib
2026-09-24T11:38:28.0062791Z ##[endgroup]
2026-09-24T11:38:52.1388219Z gate self-test: does every gate BITE what it was built to catch?
2026-09-24T11:38:52.1388582Z 
2026-09-24T11:38:52.1388858Z   PASS  control: pristine copy passes all 6 static gates
2026-09-24T11:38:52.1389298Z   PASS  write-gate bites a bare no-args invocation
2026-09-24T11:38:52.1389702Z   PASS  write-gate control: --write proceeds
2026-09-24T11:38:52.1390185Z   PASS  radius gate's own bites run (8 longhand mutants + token controls, #221)
2026-09-24T11:38:52.1390761Z   PASS  no-hardcode gate's own bites run (8 planted + 8 clean, #221)
2026-09-24T11:38:52.1391762Z   PASS  theme-provenance report order is DERIVED, not filesystem order (#221)
2026-09-24T11:38:52.1392507Z   PASS  wiring gate's own bites run (13, incl. the widened glob + the anti-laundering arm, #221)
2026-09-24T11:38:52.1393166Z   PASS  s263-D10 rulings-page wrap check bites a stale page (4 arms, #265-B)
2026-09-24T11:38:52.1393648Z   PASS  snippet gate bites on token drift
2026-09-24T11:38:52.1394003Z   PASS  snippet gate bites on failing contrast
2026-09-24T11:38:52.1394380Z   PASS  snippet gate bites on icon 4.5 dead-zone
2026-09-24T11:38:52.1394754Z   PASS  snippet gate bites on missing focus
2026-09-24T11:38:52.1395116Z   PASS  snippet gate bites on uppercase CSS
2026-09-24T11:38:52.1395483Z   PASS  snippet gate bites on ALL-CAPS text run
2026-09-24T11:38:52.1395842Z   PASS  snippet gate bites on italics
2026-09-24T11:38:52.1396173Z   PASS  snippet gate bites on text-shadow
2026-09-24T11:38:52.1396517Z   PASS  snippet gate bites on raw red text
2026-09-24T11:38:52.1396874Z   PASS  snippet gate bites on possessive HSBC's
2026-09-24T11:38:52.1397228Z   PASS  snippet gate bites on element-type alt
2026-09-24T11:38:52.1397574Z   PASS  snippet gate bites on bare link text
2026-09-24T11:38:52.1397918Z   PASS  a11y gate bites on missing reduced-motion
2026-09-24T11:38:52.1398270Z   PASS  a11y gate bites on sub-24 target floor
2026-09-24T11:38:52.1398595Z   PASS  icon gate bites on invented path
2026-09-24T11:38:52.1398910Z   PASS  icon gate bites on shape-only icon
2026-09-24T11:38:52.1399243Z   PASS  icon gate bites on mis-twinned fill glyph
2026-09-24T11:38:52.1399594Z   PASS  coverage gate bites on orphan snippet
2026-09-24T11:38:52.1399942Z   PASS  coverage gate bites on meta w/o snippet
2026-09-24T11:38:52.1400283Z   PASS  dark-surface gate bites on flat white
2026-09-24T11:38:52.1400605Z   PASS  compose gate bites on rogue hex
2026-09-24T11:38:52.1400922Z   PASS  compose gate bites on undefined class
2026-09-24T11:38:52.1401401Z   PASS  compose gate bites on class redefinition
2026-09-24T11:38:52.1401755Z   PASS  compose gate bites on duplicate title
2026-09-24T11:38:52.1401976Z 
2026-09-24T11:38:52.1402081Z 32 test(s), 0 failure(s)
2026-09-24T11:38:52.1402499Z skipped by design: state-contrast / screen --render (need a browser; see docstring)
2026-09-24T11:38:52.1487890Z ##[group]Run python3 knowledge/_tests/test_advisory.py
2026-09-24T11:38:52.1488310Z [36;1mpython3 knowledge/_tests/test_advisory.py[0m
2026-09-24T11:38:52.1550436Z shell: /usr/bin/bash -e {0}
2026-09-24T11:38:52.1550687Z env:
2026-09-24T11:38:52.1550956Z   pythonLocation: /opt/hostedtoolcache/Python/3.12.14/x64
2026-09-24T11:38:52.1551664Z   PKG_CONFIG_PATH: /opt/hostedtoolcache/Python/3.12.14/x64/lib/pkgconfig
2026-09-24T11:38:52.1552111Z   Python_ROOT_DIR: /opt/hostedtoolcache/Python/3.12.14/x64
2026-09-24T11:38:52.1552510Z   Python2_ROOT_DIR: /opt/hostedtoolcache/Python/3.12.14/x64
2026-09-24T11:38:52.1552919Z   Python3_ROOT_DIR: /opt/hostedtoolcache/Python/3.12.14/x64
2026-09-24T11:38:52.1553318Z   LD_LIBRARY_PATH: /opt/hostedtoolcache/Python/3.12.14/x64/lib
2026-09-24T11:38:52.1553645Z ##[endgroup]
2026-09-24T11:38:52.7110252Z advisory bite-tests: 19 case(s), all bite ✅ (and none block — exit 0 throughout)
2026-09-24T11:38:52.7214853Z ##[group]Run bash knowledge/_git_commit.sh --selftest
2026-09-24T11:38:52.7215559Z [36;1mbash knowledge/_git_commit.sh --selftest[0m
2026-09-24T11:38:52.7303596Z shell: /usr/bin/bash -e {0}
2026-09-24T11:38:52.7303870Z env:
2026-09-24T11:38:52.7304153Z   pythonLocation: /opt/hostedtoolcache/Python/3.12.14/x64
2026-09-24T11:38:52.7304639Z   PKG_CONFIG_PATH: /opt/hostedtoolcache/Python/3.12.14/x64/lib/pkgconfig
2026-09-24T11:38:52.7305078Z   Python_ROOT_DIR: /opt/hostedtoolcache/Python/3.12.14/x64
2026-09-24T11:38:52.7305475Z   Python2_ROOT_DIR: /opt/hostedtoolcache/Python/3.12.14/x64
2026-09-24T11:38:52.7305862Z   Python3_ROOT_DIR: /opt/hostedtoolcache/Python/3.12.14/x64
2026-09-24T11:38:52.7306282Z   LD_LIBRARY_PATH: /opt/hostedtoolcache/Python/3.12.14/x64/lib
2026-09-24T11:38:52.7306619Z ##[endgroup]
2026-09-24T11:38:52.7564431Z — #208 msgfile-prefix gate selftest
2026-09-24T11:38:52.7762234Z   [OK]   non-wrap prefix (the #170 shape) is seen (expected 1)
2026-09-24T11:38:52.7968954Z   [OK]   WRAP prefix (the shape #170 MISSED) is seen (expected 1)
2026-09-24T11:38:52.8174266Z   [OK]   doubled non-wrap prefix counts 2 (expected 2)
2026-09-24T11:38:52.8370565Z   [OK]   wrap-into-non-wrap stack counts 2 (the hole) (expected 2)
2026-09-24T11:38:52.8563793Z   [OK]   tripled counts 3 (expected 3)
2026-09-24T11:38:52.8756725Z   [OK]   a fresh subject carries no prefix (expected 0)
2026-09-24T11:38:52.8956556Z   [OK]   session ref with no date is not a prefix (expected 0)
2026-09-24T11:38:52.9157895Z   [OK]   date with no session ref is not a prefix (expected 0)
2026-09-24T11:38:52.9353385Z   [OK]   hyphen is not the em-dash separator (expected 0)
2026-09-24T11:38:52.9552911Z   [OK]   prose mentioning a session mid-line (expected 0)
2026-09-24T11:38:52.9750104Z   [OK]   honest subject QUOTING a prior prefix mid-line (expected 1)
2026-09-24T11:38:52.9947942Z   [OK]   a quoted prefix with no prefix of its own (expected 0)
2026-09-24T11:38:53.0150593Z   [OK]   a prefix after a leading word is not a stack (expected 0)
2026-09-24T11:38:53.0166806Z   [OK]   PREFIX_ACK hatch present (declared passes, silent fails)
2026-09-24T11:38:53.0167928Z — s294-D5 push-credential expiry gate selftest (fake clock: APOLLO_FAKE_TODAY)
2026-09-24T11:38:53.0194961Z   [OK]   the stamped expiry is READ from the ledger, one place, one date (expected 2026-11-06)
2026-09-24T11:38:53.0268066Z   [OK]   far out (2026-01-01) ⇒ OK (expected OK)
2026-09-24T11:38:53.0340922Z   [OK]   15 days out (2026-10-22) ⇒ OK — the boundary is NOT off by one (expected OK)
2026-09-24T11:38:53.0413874Z   [OK]   14 days out (2026-10-23) ⇒ WARN (expected WARN)
2026-09-24T11:38:53.0485757Z   [OK]   1 day out (2026-11-05) ⇒ WARN (expected WARN)
2026-09-24T11:38:53.0556493Z   [OK]   the day itself (2026-11-06) ⇒ WARN, not yet expired (expected WARN)
2026-09-24T11:38:53.0630369Z   [OK]   one day past (2026-11-07) ⇒ EXPIRED (expected EXPIRED)
2026-09-24T11:38:53.0703666Z   [OK]   long past (2027-03-01) ⇒ EXPIRED (expected EXPIRED)
2026-09-24T11:38:53.0775825Z   [OK]   days-remaining is COMPUTED, not narrated (2026-10-30 ⇒ 7) (expected 7)
2026-09-24T11:38:53.0803085Z   [OK]   an unreadable stamp ⇒ UNREADABLE (a refusal, never a pass) (expected UNREADABLE)
2026-09-24T11:38:53.0824465Z   [OK]   with no fake clock the gate reads the REAL date (YYYY-MM-DD shape) (expected 1)
2026-09-24T11:38:53.0845129Z   [OK]   no refusal instructs pasting a credential into chat (s294-D5) (expected 0)
2026-09-24T11:38:53.0874694Z   [OK]   the credential is only TESTED, never printed (no unpiped git config remote.origin.url) (expected 0)
2026-09-24T11:38:53.0944763Z   [OK]   the expiry gate sits AFTER the credential check and BEFORE the push (expected 1)
2026-09-24T11:38:53.0946166Z ✓ selftest OK — 28 bites: 6 fire, 7 stay silent, 1 hatch present, 14 on the s294-D5 expiry gate
2026-09-24T11:38:53.0979859Z ##[group]Run python3 knowledge/_validate_evidence.py notes/_claims
2026-09-24T11:38:53.0980359Z [36;1mpython3 knowledge/_validate_evidence.py notes/_claims[0m
2026-09-24T11:38:53.1043857Z shell: /usr/bin/bash -e {0}
2026-09-24T11:38:53.1044121Z env:
2026-09-24T11:38:53.1044399Z   pythonLocation: /opt/hostedtoolcache/Python/3.12.14/x64
2026-09-24T11:38:53.1044872Z   PKG_CONFIG_PATH: /opt/hostedtoolcache/Python/3.12.14/x64/lib/pkgconfig
2026-09-24T11:38:53.1045313Z   Python_ROOT_DIR: /opt/hostedtoolcache/Python/3.12.14/x64
2026-09-24T11:38:53.1045727Z   Python2_ROOT_DIR: /opt/hostedtoolcache/Python/3.12.14/x64
2026-09-24T11:38:53.1046123Z   Python3_ROOT_DIR: /opt/hostedtoolcache/Python/3.12.14/x64
2026-09-24T11:38:53.1046537Z   LD_LIBRARY_PATH: /opt/hostedtoolcache/Python/3.12.14/x64/lib
2026-09-24T11:38:53.1046874Z ##[endgroup]
2026-09-24T11:39:24.3137854Z evidence linter: 336 row(s) from 10 file(s) · 297 mechanical
2026-09-24T11:39:24.3140300Z   ⛔ L1-1 — DEAD POINTER: evidence names `tokens/_blast-radius.json`, which does not exist on disk — a dead pointer reads as evidence. If the ABSENCE is the claim, write `absent:tokens/_blast-radius.json`; if the file lives outside the repo, use the ruled s191-D2 marker `(NON-REPO: <where>)`
2026-09-24T11:39:24.3143511Z   ⛔ L1-4 — s182-D1: MECHANICAL row (tag=PROVEN verdict=None) carries NO probeable token — no command, no existing path, no figure. Evidence: "The verbatim gate line in L1-3. ⛔ Do not quote the brief's numbers"
2026-09-24T11:39:24.3145335Z   ⛔ L1-1 — DEAD POINTER: evidence names `tokens/_blast-radius.json`, which does not exist on disk — a dead pointer reads as evidence. If the ABSENCE is the claim, write `absent:tokens/_blast-radius.json`; if the file lives outside the repo, use the ruled s191-D2 marker `(NON-REPO: <where>)`
2026-09-24T11:39:24.3147170Z   ⛔ C-2 — s182-D1: MECHANICAL row (tag=None verdict=CONFIRMED) carries NO probeable token — no command, no existing path, no figure. Evidence: 'The claim table only counted `PROPOSED` in the snippets. The brief (step 3) requires it in'
2026-09-24T11:39:24.3148800Z   ⛔ H-5 — s182-D1: MECHANICAL row (tag=None verdict=CONFIRMED) carries NO probeable token — no command, no existing path, no figure. Evidence: 'C-6 + L1-10: the six are absent from canon, the generators exist, the reconciliation is av'
2026-09-24T11:39:24.3150704Z   ⛔ W2-13 — DEAD POINTER (truncated): evidence names `notes/x.md…`, and NO path on disk starts with it — the trailing ellipsis does not make a dead pointer legal (#208 laundering hole). Write the full path, or `absent:notes/x.md` if the ABSENCE is the claim, or add the ruled `(NON-REPO: <where>)` marker
2026-09-24T11:39:24.3152105Z ── s182-D1 LINT: 6 failure(s)
2026-09-24T11:39:24.3153224Z ── SAMPLER · seed=205 · pool=230 row(s) with a command · 15 with a declared observation (always drawn) · drawn=20: G-c, W1-5, W2-3, W2-3, W46-11, WIRE-10, WIRE-11, WIRE-13, WIRE-14, WIRE-15, WIRE-18, WIRE-19, WIRE-20, WIRE-21, WIRE-3, WIRE-4, WIRE-5, WIRE-6, WIRE-8, WIRE-9
2026-09-24T11:39:24.3154525Z   ⛔ REFUSED [UNSAFE] G-c — `python3 -c "import _gate_doc_rows as g; g.unrowed(store, pop + [('2026-08-19','notes/_briefs/2026-08`
2026-09-24T11:39:24.3155326Z       `python3 -c` runs arbitrary code — cannot be judged read-only
2026-09-24T11:39:24.3156012Z   ⛔ REFUSED [DOES-NOT-TERMINATE] W1-5 — `python3 knowledge/_capture_gate.py --selftest` did not exit within 30s
2026-09-24T11:39:24.3156645Z   ⛔ REFUSED [SIDE-EFFECTS] W2-3 — `python3 knowledge/_state.py`
2026-09-24T11:39:24.3157301Z       a bare `python3` REWRITES its tracked audit output; #204 declared this exact stop. Only --check/--selftest/--dry-run forms are sampled
2026-09-24T11:39:24.3158000Z   ⛔ REFUSED [SIDE-EFFECTS] W2-3 — `python3 knowledge/_state.py`
2026-09-24T11:39:24.3158644Z       a bare `python3` REWRITES its tracked audit output; #204 declared this exact stop. Only --check/--selftest/--dry-run forms are sampled
2026-09-24T11:39:24.3159976Z   ⛔ REFUSED [SIDE-EFFECTS] W46-11 — `python3 knowledge/_memento_search.py "brief generator mint open items fences"`
2026-09-24T11:39:24.3160868Z       a bare `python3` REWRITES its tracked audit output; #204 declared this exact stop. Only --check/--selftest/--dry-run forms are sampled
2026-09-24T11:39:24.3162308Z   ⛔ REFUSED [UNSAFE] WIRE-10 — `bash knowledge/_git_commit.sh --selftest`
2026-09-24T11:39:24.3162738Z       head verb 'bash' is not on the read-only allowlist
2026-09-24T11:39:24.3163332Z   ✅ RAN WIRE-11 — `grep -c 'pat.match(s)' knowledge/_git_commit.sh` → rc=0 (matches declared + OBSERVATION)
2026-09-24T11:39:24.3164052Z   ✅ RAN WIRE-13 — `grep -c PREFIX_ACK knowledge/_git_commit.sh` → rc=0 (matches declared + OBSERVATION)
2026-09-24T11:39:24.3164687Z   ⛔ OBSERVATION MISMATCH WIRE-14 — `python3 knowledge/_build_all.py --selftest`
2026-09-24T11:39:24.3165926Z       stdout does NOT contain 'exact-ID failure routing over 127 steps' (declared expect_stdout_contains). First 120 chars of stdout: '  selftest (a): 146 registered step ID(s), each resolves to exactly one route ✓\n  selftest (b): unknown step ID refuses,'
2026-09-24T11:39:24.3167209Z   ✅ RAN WIRE-15 — `python3 knowledge/_probe_registry/_registry.py --run --probe P-3` → rc=77 (matches declared + OBSERVATION)
2026-09-24T11:39:24.3167982Z   ⛔ REFUSED [SIDE-EFFECTS] WIRE-18 — `python3 knowledge/_validate_evidence.py notes/_claims`
2026-09-24T11:39:24.3168726Z       a bare `python3` REWRITES its tracked audit output; #204 declared this exact stop. Only --check/--selftest/--dry-run forms are sampled
2026-09-24T11:39:24.3169714Z   ⛔ REFUSED [SIDE-EFFECTS] WIRE-19 — `python3 knowledge/_join_claim_tables.py notes/_claims/208-wave1-claims.jsonl notes/_claims/208-wave2`
2026-09-24T11:39:24.3170597Z       a bare `python3` REWRITES its tracked audit output; #204 declared this exact stop. Only --check/--selftest/--dry-run forms are sampled
2026-09-24T11:39:24.3171689Z   ⛔ OBSERVATION MISMATCH WIRE-20 — `python3 knowledge/_governs.py --selftest`
2026-09-24T11:39:24.3172897Z       stdout does NOT contain 'all bites green' (declared expect_stdout_contains). First 120 chars of stdout: '_governs: ⬛ DECLARED (#208) — ruling s202-D3 governs the BARE token `knowledge`, which is a real DIRECTORY. Before #208 '
2026-09-24T11:39:24.3173993Z   ⛔ RC MISMATCH WIRE-20 — `python3 knowledge/_governs.py --selftest` → rc=1, row declares rc=0
2026-09-24T11:39:24.3174640Z   ⛔ OBSERVATION MISMATCH WIRE-21 — `grep -c 'fetch-depth: 0' .github/workflows/gates.yml`
2026-09-24T11:39:24.3175133Z       expect_count=3 declared, command observed 4
2026-09-24T11:39:24.3175733Z   ✅ RAN WIRE-3 — `grep -c expect_stdout_contains knowledge/_claimtable.py` → rc=0 (matches declared + OBSERVATION)
2026-09-24T11:39:24.3176515Z   ✅ RAN WIRE-4 — `python3 knowledge/_validate_evidence.py --selftest` → rc=0 (matches declared + OBSERVATION)
2026-09-24T11:39:24.3177268Z   ✅ RAN WIRE-5 — `python3 knowledge/_validate_evidence.py --selftest` → rc=0 (matches declared + OBSERVATION)
2026-09-24T11:39:24.3178030Z   ✅ RAN WIRE-6 — `python3 knowledge/_validate_evidence.py --selftest` → rc=0 (matches declared + OBSERVATION)
2026-09-24T11:39:24.3178771Z   ✅ RAN WIRE-8 — `python3 knowledge/_validate_evidence.py --selftest` → rc=0 (matches declared + OBSERVATION)
2026-09-24T11:39:24.3179653Z   ⛔ REFUSED [SIDE-EFFECTS] WIRE-9 — `python3 knowledge/_validate_evidence.py notes/_claims/208-wave1-claims.jsonl notes/_claims/208-wave2`
2026-09-24T11:39:24.3180542Z       a bare `python3` REWRITES its tracked audit output; #204 declared this exact stop. Only --check/--selftest/--dry-run forms are sampled
2026-09-24T11:39:24.3181635Z ── DECLARED GAP: 9 of 20 sampled row(s) were NOT run. Refusal is the honest answer; none of them is counted as a pass.
2026-09-24T11:39:24.3182296Z ⛔ EVIDENCE GATE FAIL — 6 lint · 0 unparsed · 4 rc/observation mismatch
2026-09-24T11:39:24.3205294Z ##[error]Process completed with exit code 1.
2026-09-24T11:39:24.3236822Z ##[group]Run python3 knowledge/_gate_artefact_fresh.py --check
2026-09-24T11:39:24.3237286Z [36;1mpython3 knowledge/_gate_artefact_fresh.py --check[0m
2026-09-24T11:39:24.3300014Z shell: /usr/bin/bash -e {0}
2026-09-24T11:39:24.3300263Z env:
2026-09-24T11:39:24.3300522Z   pythonLocation: /opt/hostedtoolcache/Python/3.12.14/x64
2026-09-24T11:39:24.3301150Z   PKG_CONFIG_PATH: /opt/hostedtoolcache/Python/3.12.14/x64/lib/pkgconfig
2026-09-24T11:39:24.3301840Z   Python_ROOT_DIR: /opt/hostedtoolcache/Python/3.12.14/x64
2026-09-24T11:39:24.3302232Z   Python2_ROOT_DIR: /opt/hostedtoolcache/Python/3.12.14/x64
2026-09-24T11:39:24.3302620Z   Python3_ROOT_DIR: /opt/hostedtoolcache/Python/3.12.14/x64
2026-09-24T11:39:24.3303007Z   LD_LIBRARY_PATH: /opt/hostedtoolcache/Python/3.12.14/x64/lib
2026-09-24T11:39:24.3303328Z ##[endgroup]
2026-09-24T11:40:19.9712738Z artefact-freshness comparer (⬛ ADVISORY at birth, #221) — 7 declared row(s)
2026-09-24T11:40:19.9713786Z   method: snapshot -> run the writer -> compare -> RESTORE. The tree is byte-identical
2026-09-24T11:40:19.9714746Z   either side; the md5 line below is the receipt, not a promise.
2026-09-24T11:40:19.9715644Z   ✅ _validate_a11y.py                  FRESH          byte-identical (1 artefact(s))
2026-09-24T11:40:19.9717336Z   ⚠ _validate_advisory.py              STALE          _ADVISORY-SIGNALS.md: 255 line(s) -> 263 | - **143 file(s) scanned · 131 signal(s).** | - ## Footer.reference.html — 1 signal(s) | - ## Kpi-tile.refer
2026-09-24T11:40:19.9718933Z   ✅ _validate_theme_provenance.py      FRESH          byte-identical (1 artefact(s))
2026-09-24T11:40:19.9720692Z   ⚠ _build_integrity.py                STALE          _INTEGRITY-REPORT.md: 85 line(s) -> 85 | - - schema: relationships: Additional properties are not allowed ('composes', '$composes-ver | + - schema: re
2026-09-24T11:40:19.9724385Z   ⚠ _build_instrument_fit.py           STALE          _INSTRUMENT-FIT.md: 149 line(s) -> 154 | - | **UNDER-INSTRUMENTED** | 12 | a gate names it but sits BELOW the rung its property needs | - | **TOTAL** 
2026-09-24T11:40:19.9726226Z   ✅ _validate_radius.py                FRESH          byte-identical (1 artefact(s))
2026-09-24T11:40:19.9727236Z   ✅ _validate_no_hardcode.py           FRESH          byte-identical (1 artefact(s))
2026-09-24T11:40:19.9728191Z   tally: 4 FRESH · 3 STALE · 0 COULD-NOT-ASK
2026-09-24T11:40:19.9729219Z   ⚠ A STALE ROW IS A PUBLISHED REPORT THAT NO LONGER DESCRIBES THE TREE. It is not
2026-09-24T11:40:19.9730264Z     a build failure — the fix is to regenerate and commit the artefact, which is a
2026-09-24T11:40:19.9731135Z     REGENERATION and therefore obeys the ordered-serial rule (#210).
2026-09-24T11:40:19.9732340Z       · _validate_advisory.py -> _ADVISORY-SIGNALS.md   [L1: L1: 123 -> 130 signals]
2026-09-24T11:40:19.9733763Z       · _build_integrity.py -> _INTEGRITY-REPORT.md   [L1: L1: 19 -> 21 warnings, 1030 -> 1035 leaf tokens, 41 -> 42 groups; imports jsonschema]
2026-09-24T11:40:19.9735357Z       · _build_instrument_fit.py -> _INSTRUMENT-FIT.md, _instrument-fit.json   [L1: L1: adds the missing _validate_hidden_display.py row]
2026-09-24T11:40:19.9736881Z   ⬛ ADVISORY: exit 0 regardless of drift. Promotion to blocking is DAVE'S (#220-L1 ruling-shaped Q3).
2026-09-24T11:40:19.9827649Z ##[group]Run python3 knowledge/_gate_inline_style_parse.py --check
2026-09-24T11:40:19.9828522Z [36;1mpython3 knowledge/_gate_inline_style_parse.py --check[0m
2026-09-24T11:40:19.9917782Z shell: /usr/bin/bash -e {0}
2026-09-24T11:40:19.9918051Z env:
2026-09-24T11:40:19.9918326Z   pythonLocation: /opt/hostedtoolcache/Python/3.12.14/x64
2026-09-24T11:40:19.9918791Z   PKG_CONFIG_PATH: /opt/hostedtoolcache/Python/3.12.14/x64/lib/pkgconfig
2026-09-24T11:40:19.9919247Z   Python_ROOT_DIR: /opt/hostedtoolcache/Python/3.12.14/x64
2026-09-24T11:40:19.9919651Z   Python2_ROOT_DIR: /opt/hostedtoolcache/Python/3.12.14/x64
2026-09-24T11:40:19.9920047Z   Python3_ROOT_DIR: /opt/hostedtoolcache/Python/3.12.14/x64
2026-09-24T11:40:19.9920438Z   LD_LIBRARY_PATH: /opt/hostedtoolcache/Python/3.12.14/x64/lib
2026-09-24T11:40:19.9920760Z ##[endgroup]
2026-09-24T11:40:20.1451165Z inline-style parse gate (⬛ ADVISORY at birth, #221 — the #122 seed)
2026-09-24T11:40:20.1452687Z   reader: html.parser (stdlib) · population: 11 file(s) · scope: DEF-004's own property families
2026-09-24T11:40:20.1454438Z   259 style attribute(s) parsed · 0 hardcode finding(s) · 0 PARSER-ONLY (the regex is blind) · 1 REGEX-ONLY (the regex hallucinates)
2026-09-24T11:40:20.1456453Z   ⬛ REGEX-ONLY: Tranche-1-interactive.html — the tree's pattern reads this as a live style attribute; a parse of the static document does NOT. It is in a comment, a <script> string, or a text node: 'margin-top:var(--space-8)'
2026-09-24T11:40:20.1458266Z      ⚠ READ THIS CAREFULLY BEFORE ACTING ON IT — a REGEX-ONLY hit is not
2026-09-24T11:40:20.1459204Z        automatically the regex being wrong. The one on this tree today is inside a
2026-09-24T11:40:20.1460240Z        `card.innerHTML='…'` string, so the static parse is right about the DOCUMENT
2026-09-24T11:40:20.1461060Z        and the value is nonetheless real at RUNTIME. The honest conclusion is that
2026-09-24T11:40:20.1462187Z        NEITHER reader is authoritative over injected markup, and this gate reports
2026-09-24T11:40:20.1463150Z        the disagreement rather than picking a winner. [[measure-dont-convert-units]]
2026-09-24T11:40:20.1464646Z   ✅ every style attribute in the population parses, and every declaration in one is either untouched by DEF-004 or already a token.
2026-09-24T11:40:20.1466538Z   ⬛ ADVISORY: exit 0 regardless. This is ONE parser over the NARROWEST population where a parser would have caught a proved false green (#220-L1 finding 12).
2026-09-24T11:40:20.1468334Z   ⬛ Widening it to the other seven regex gates is PRICED, not built, and whether a non-stdlib CSS parser may enter the gate set is DAVE'S.
2026-09-24T11:40:20.1618357Z Post job cleanup.
2026-09-24T11:40:20.2492079Z [command]/usr/bin/git version
2026-09-24T11:40:20.2538387Z git version 2.55.0
2026-09-24T11:40:20.2579098Z Temporarily overriding HOME='/home/runner/work/_temp/8f0ca765-fdc0-40d2-b048-a8dd712c17f8' before making global git config changes
2026-09-24T11:40:20.2580550Z Adding repository directory to the temporary git global config as a safe directory
2026-09-24T11:40:20.2585522Z [command]/usr/bin/git config --global --add safe.directory /home/runner/work/UX-design/UX-design
2026-09-24T11:40:20.2619120Z Removing SSH command configuration
2026-09-24T11:40:20.2626591Z [command]/usr/bin/git config --local --name-only --get-regexp core\.sshCommand
2026-09-24T11:40:20.2668721Z [command]/usr/bin/git submodule foreach --recursive sh -c "git config --local --name-only --get-regexp 'core\.sshCommand' && git config --local --unset-all 'core.sshCommand' || :"
2026-09-24T11:40:20.2962623Z Removing HTTP extra header
2026-09-24T11:40:20.2969490Z [command]/usr/bin/git config --local --name-only --get-regexp http\.https\:\/\/github\.com\/\.extraheader
2026-09-24T11:40:20.3009596Z [command]/usr/bin/git submodule foreach --recursive sh -c "git config --local --name-only --get-regexp 'http\.https\:\/\/github\.com\/\.extraheader' && git config --local --unset-all 'http.https://github.com/.extraheader' || :"
2026-09-24T11:40:20.3292647Z Removing includeIf entries pointing to credentials config files
2026-09-24T11:40:20.3310761Z [command]/usr/bin/git config --local --name-only --get-regexp ^includeIf\.gitdir:
2026-09-24T11:40:20.3332906Z includeif.gitdir:/home/runner/work/UX-design/UX-design/.git.path
2026-09-24T11:40:20.3333954Z includeif.gitdir:/home/runner/work/UX-design/UX-design/.git/worktrees/*.path
2026-09-24T11:40:20.3335030Z includeif.gitdir:/github/workspace/.git.path
2026-09-24T11:40:20.3335908Z includeif.gitdir:/github/workspace/.git/worktrees/*.path
2026-09-24T11:40:20.3344067Z [command]/usr/bin/git config --local --get-all includeif.gitdir:/home/runner/work/UX-design/UX-design/.git.path
2026-09-24T11:40:20.3372193Z /home/runner/work/_temp/git-credentials-6b65ea7f-4df5-43b2-8725-9043692b0b67.config
2026-09-24T11:40:20.3385692Z [command]/usr/bin/git config --local --unset includeif.gitdir:/home/runner/work/UX-design/UX-design/.git.path /home/runner/work/_temp/git-credentials-6b65ea7f-4df5-43b2-8725-9043692b0b67.config
2026-09-24T11:40:20.3435397Z [command]/usr/bin/git config --local --get-all includeif.gitdir:/home/runner/work/UX-design/UX-design/.git/worktrees/*.path
2026-09-24T11:40:20.3463408Z /home/runner/work/_temp/git-credentials-6b65ea7f-4df5-43b2-8725-9043692b0b67.config
2026-09-24T11:40:20.3473666Z [command]/usr/bin/git config --local --unset includeif.gitdir:/home/runner/work/UX-design/UX-design/.git/worktrees/*.path /home/runner/work/_temp/git-credentials-6b65ea7f-4df5-43b2-8725-9043692b0b67.config
2026-09-24T11:40:20.3510144Z [command]/usr/bin/git config --local --get-all includeif.gitdir:/github/workspace/.git.path
2026-09-24T11:40:20.3536692Z /github/runner_temp/git-credentials-6b65ea7f-4df5-43b2-8725-9043692b0b67.config
2026-09-24T11:40:20.3546533Z [command]/usr/bin/git config --local --unset includeif.gitdir:/github/workspace/.git.path /github/runner_temp/git-credentials-6b65ea7f-4df5-43b2-8725-9043692b0b67.config
2026-09-24T11:40:20.3584207Z [command]/usr/bin/git config --local --get-all includeif.gitdir:/github/workspace/.git/worktrees/*.path
2026-09-24T11:40:20.3609704Z /github/runner_temp/git-credentials-6b65ea7f-4df5-43b2-8725-9043692b0b67.config
2026-09-24T11:40:20.3620280Z [command]/usr/bin/git config --local --unset includeif.gitdir:/github/workspace/.git/worktrees/*.path /github/runner_temp/git-credentials-6b65ea7f-4df5-43b2-8725-9043692b0b67.config
2026-09-24T11:40:20.3661024Z [command]/usr/bin/git submodule foreach --recursive git config --local --show-origin --name-only --get-regexp remote.origin.url
2026-09-24T11:40:20.3901553Z Removing credentials config '/home/runner/work/_temp/git-credentials-6b65ea7f-4df5-43b2-8725-9043692b0b67.config'
2026-09-24T11:40:20.4047633Z Cleaning up orphan processes
