2026-09-23T20:13:11.6745247Z Current runner version: '2.337.0'
2026-09-23T20:13:11.6779585Z ##[group]Runner Image Provisioner
2026-09-23T20:13:11.6781089Z Hosted Compute Agent
2026-09-23T20:13:11.6782187Z Version: 20260828.587
2026-09-23T20:13:11.6783556Z Commit: abac92662cab4cc7352de4f9f9d2e2419aad9c29
2026-09-23T20:13:11.6784889Z Build Date: 2026-08-28T16:44:25Z
2026-09-23T20:13:11.6786197Z Worker ID: {28469fa2-1986-4276-9b89-8baaecc473a0}
2026-09-23T20:13:11.6787532Z Azure Region: eastus2
2026-09-23T20:13:11.6788537Z ##[endgroup]
2026-09-23T20:13:11.6791272Z ##[group]Operating System
2026-09-23T20:13:11.6792565Z Ubuntu
2026-09-23T20:13:11.6793913Z 24.04.5
2026-09-23T20:13:11.6795028Z LTS
2026-09-23T20:13:11.6795946Z ##[endgroup]
2026-09-23T20:13:11.6797057Z ##[group]Runner Image
2026-09-23T20:13:11.6798034Z Image: ubuntu-24.04
2026-09-23T20:13:11.6799039Z Version: 20260920.314.1
2026-09-23T20:13:11.6801478Z Included Software: https://github.com/actions/runner-images/blob/ubuntu24/20260920.314/images/ubuntu/Ubuntu2404-Readme.md
2026-09-23T20:13:11.6804485Z Image Release: https://github.com/actions/runner-images/releases/tag/ubuntu24%2F20260920.314
2026-09-23T20:13:11.6806294Z ##[endgroup]
2026-09-23T20:13:11.6808639Z ##[group]GITHUB_TOKEN Permissions
2026-09-23T20:13:11.6811836Z Contents: read
2026-09-23T20:13:11.6812858Z Metadata: read
2026-09-23T20:13:11.6813809Z Packages: read
2026-09-23T20:13:11.6814791Z ##[endgroup]
2026-09-23T20:13:11.6817825Z Secret source: Actions
2026-09-23T20:13:11.6819724Z Cache mode: write
2026-09-23T20:13:11.6820867Z Prepare workflow directory
2026-09-23T20:13:11.7286166Z Prepare all required actions
2026-09-23T20:13:11.7356578Z Getting action download info
2026-09-23T20:13:11.9559062Z Download action repository 'actions/checkout@v6' (SHA:d23441a48e516b6c34aea4fa41551a30e30af803)
2026-09-23T20:13:12.0602039Z Download action repository 'actions/setup-python@v6' (SHA:ece7cb06caefa5fff74198d8649806c4678c61a1)
2026-09-23T20:13:12.2823129Z Complete job name: gates
2026-09-23T20:13:12.3609724Z ##[group]Run actions/checkout@v6
2026-09-23T20:13:12.3610676Z with:
2026-09-23T20:13:12.3611109Z   fetch-depth: 0
2026-09-23T20:13:12.3611585Z   repository: daveasewen/UX-design
2026-09-23T20:13:12.3615655Z   token: ***
2026-09-23T20:13:12.3616090Z   ssh-strict: true
2026-09-23T20:13:12.3616539Z   ssh-user: git
2026-09-23T20:13:12.3616991Z   persist-credentials: true
2026-09-23T20:13:12.3617481Z   clean: true
2026-09-23T20:13:12.3617935Z   sparse-checkout-cone-mode: true
2026-09-23T20:13:12.3618461Z   fetch-tags: false
2026-09-23T20:13:12.3618903Z   show-progress: true
2026-09-23T20:13:12.3619533Z   lfs: false
2026-09-23T20:13:12.3619953Z   submodules: false
2026-09-23T20:13:12.3620395Z   set-safe-directory: true
2026-09-23T20:13:12.3620908Z   allow-unsafe-pr-checkout: false
2026-09-23T20:13:12.3621685Z ##[endgroup]
2026-09-23T20:13:12.4639990Z Syncing repository: daveasewen/UX-design
2026-09-23T20:13:12.4642699Z ##[group]Getting Git version info
2026-09-23T20:13:12.4643921Z Working directory is '/home/runner/work/UX-design/UX-design'
2026-09-23T20:13:12.4645640Z [command]/usr/bin/git version
2026-09-23T20:13:12.4722153Z git version 2.55.0
2026-09-23T20:13:12.4757609Z ##[endgroup]
2026-09-23T20:13:12.4766794Z Temporarily overriding HOME='/home/runner/work/_temp/9329015e-ca9b-440e-a8f8-79229739b224' before making global git config changes
2026-09-23T20:13:12.4769133Z Adding repository directory to the temporary git global config as a safe directory
2026-09-23T20:13:12.4771243Z [command]/usr/bin/git config --global --add safe.directory /home/runner/work/UX-design/UX-design
2026-09-23T20:13:12.4825017Z Deleting the contents of '/home/runner/work/UX-design/UX-design'
2026-09-23T20:13:12.4830758Z ##[group]Determining repository object format
2026-09-23T20:13:12.4833463Z ##[endgroup]
2026-09-23T20:13:12.4834752Z ##[group]Initializing the repository
2026-09-23T20:13:12.4837931Z [command]/usr/bin/git init /home/runner/work/UX-design/UX-design
2026-09-23T20:13:12.4962792Z hint: Using 'master' as the name for the initial branch. This default branch name
2026-09-23T20:13:12.4964867Z hint: will change to "main" in Git 3.0. To configure the initial branch name
2026-09-23T20:13:12.4966380Z hint: to use in all of your new repositories, which will suppress this warning,
2026-09-23T20:13:12.4967568Z hint: call:
2026-09-23T20:13:12.4968193Z hint:
2026-09-23T20:13:12.4969036Z hint: 	git config --global init.defaultBranch <name>
2026-09-23T20:13:12.4970329Z hint:
2026-09-23T20:13:12.4971261Z hint: Names commonly chosen instead of 'master' are 'main', 'trunk' and
2026-09-23T20:13:12.4972804Z hint: 'development'. The just-created branch can be renamed via this command:
2026-09-23T20:13:12.4974052Z hint:
2026-09-23T20:13:12.4974784Z hint: 	git branch -m <name>
2026-09-23T20:13:12.4975558Z hint:
2026-09-23T20:13:12.4976546Z hint: Disable this message with "git config set advice.defaultBranchName false"
2026-09-23T20:13:12.4978211Z Initialized empty Git repository in /home/runner/work/UX-design/UX-design/.git/
2026-09-23T20:13:12.4981411Z [command]/usr/bin/git remote add origin https://github.com/daveasewen/UX-design
2026-09-23T20:13:12.5037784Z ##[endgroup]
2026-09-23T20:13:12.5039024Z ##[group]Disabling automatic garbage collection
2026-09-23T20:13:12.5042841Z [command]/usr/bin/git config --local gc.auto 0
2026-09-23T20:13:12.5079043Z ##[endgroup]
2026-09-23T20:13:12.5081539Z ##[group]Setting up auth
2026-09-23T20:13:12.5082989Z Removing SSH command configuration
2026-09-23T20:13:12.5090143Z [command]/usr/bin/git config --local --name-only --get-regexp core\.sshCommand
2026-09-23T20:13:12.5130325Z [command]/usr/bin/git submodule foreach --recursive sh -c "git config --local --name-only --get-regexp 'core\.sshCommand' && git config --local --unset-all 'core.sshCommand' || :"
2026-09-23T20:13:12.5535762Z Removing HTTP extra header
2026-09-23T20:13:12.5543106Z [command]/usr/bin/git config --local --name-only --get-regexp http\.https\:\/\/github\.com\/\.extraheader
2026-09-23T20:13:12.5581169Z [command]/usr/bin/git submodule foreach --recursive sh -c "git config --local --name-only --get-regexp 'http\.https\:\/\/github\.com\/\.extraheader' && git config --local --unset-all 'http.https://github.com/.extraheader' || :"
2026-09-23T20:13:12.5831934Z Removing includeIf entries pointing to credentials config files
2026-09-23T20:13:12.5838866Z [command]/usr/bin/git config --local --name-only --get-regexp ^includeIf\.gitdir:
2026-09-23T20:13:12.5875995Z [command]/usr/bin/git submodule foreach --recursive git config --local --show-origin --name-only --get-regexp remote.origin.url
2026-09-23T20:13:12.6110047Z [command]/usr/bin/git config --file /home/runner/work/_temp/git-credentials-982652ba-6c04-412e-a863-9b72ddd7b2e0.config http.https://github.com/.extraheader AUTHORIZATION: basic ***
2026-09-23T20:13:12.6154697Z [command]/usr/bin/git config --local includeIf.gitdir:/home/runner/work/UX-design/UX-design/.git.path /home/runner/work/_temp/git-credentials-982652ba-6c04-412e-a863-9b72ddd7b2e0.config
2026-09-23T20:13:12.6191115Z [command]/usr/bin/git config --local includeIf.gitdir:/home/runner/work/UX-design/UX-design/.git/worktrees/*.path /home/runner/work/_temp/git-credentials-982652ba-6c04-412e-a863-9b72ddd7b2e0.config
2026-09-23T20:13:12.6229934Z [command]/usr/bin/git config --local includeIf.gitdir:/github/workspace/.git.path /github/runner_temp/git-credentials-982652ba-6c04-412e-a863-9b72ddd7b2e0.config
2026-09-23T20:13:12.6273562Z [command]/usr/bin/git config --local includeIf.gitdir:/github/workspace/.git/worktrees/*.path /github/runner_temp/git-credentials-982652ba-6c04-412e-a863-9b72ddd7b2e0.config
2026-09-23T20:13:12.6306382Z ##[endgroup]
2026-09-23T20:13:12.6307436Z ##[group]Fetching the repository
2026-09-23T20:13:12.6319504Z [command]/usr/bin/git -c protocol.version=2 fetch --no-tags --prune --no-recurse-submodules origin +refs/heads/*:refs/remotes/origin/* +refs/tags/*:refs/tags/*
2026-09-23T20:13:36.4494925Z From https://github.com/daveasewen/UX-design
2026-09-23T20:13:36.4495583Z  * [new branch]        master     -> origin/master
2026-09-23T20:13:36.4512897Z [command]/usr/bin/git branch --list --remote origin/master
2026-09-23T20:13:36.4543707Z   origin/master
2026-09-23T20:13:36.4553345Z [command]/usr/bin/git rev-parse refs/remotes/origin/master
2026-09-23T20:13:36.4579650Z e0411c618e297b0181bb6966251db6c0a636fb82
2026-09-23T20:13:36.4583436Z ##[endgroup]
2026-09-23T20:13:36.4583969Z ##[group]Determining the checkout info
2026-09-23T20:13:36.4584797Z ##[endgroup]
2026-09-23T20:13:36.4589084Z [command]/usr/bin/git sparse-checkout disable
2026-09-23T20:13:36.4643750Z [command]/usr/bin/git config --local --unset-all extensions.worktreeConfig
2026-09-23T20:13:36.4674859Z ##[group]Checking out the ref
2026-09-23T20:13:36.4678932Z [command]/usr/bin/git checkout --progress --force -B master refs/remotes/origin/master
2026-09-23T20:13:37.4805668Z Updating files:  29% (2793/9407)
2026-09-23T20:13:37.4843818Z Updating files:  30% (2823/9407)
2026-09-23T20:13:37.4881952Z Updating files:  31% (2917/9407)
2026-09-23T20:13:37.5038313Z Updating files:  32% (3011/9407)
2026-09-23T20:13:37.5627963Z Updating files:  33% (3105/9407)
2026-09-23T20:13:37.6202405Z Updating files:  34% (3199/9407)
2026-09-23T20:13:37.6588298Z Updating files:  35% (3293/9407)
2026-09-23T20:13:37.6647786Z Updating files:  36% (3387/9407)
2026-09-23T20:13:37.6727896Z Updating files:  37% (3481/9407)
2026-09-23T20:13:37.6829952Z Updating files:  38% (3575/9407)
2026-09-23T20:13:37.6924873Z Updating files:  39% (3669/9407)
2026-09-23T20:13:37.7053506Z Updating files:  40% (3763/9407)
2026-09-23T20:13:37.7199516Z Updating files:  41% (3857/9407)
2026-09-23T20:13:37.7661470Z Updating files:  42% (3951/9407)
2026-09-23T20:13:37.7737533Z Updating files:  43% (4046/9407)
2026-09-23T20:13:37.7842122Z Updating files:  44% (4140/9407)
2026-09-23T20:13:37.8377556Z Updating files:  45% (4234/9407)
2026-09-23T20:13:37.8648315Z Updating files:  46% (4328/9407)
2026-09-23T20:13:37.8935840Z Updating files:  47% (4422/9407)
2026-09-23T20:13:37.9028860Z Updating files:  48% (4516/9407)
2026-09-23T20:13:37.9097987Z Updating files:  49% (4610/9407)
2026-09-23T20:13:37.9282631Z Updating files:  50% (4704/9407)
2026-09-23T20:13:38.1342312Z Updating files:  51% (4798/9407)
2026-09-23T20:13:38.1838178Z Updating files:  52% (4892/9407)
2026-09-23T20:13:38.2055134Z Updating files:  53% (4986/9407)
2026-09-23T20:13:38.3543755Z Updating files:  54% (5080/9407)
2026-09-23T20:13:38.4170978Z Updating files:  55% (5174/9407)
2026-09-23T20:13:38.4430441Z Updating files:  56% (5268/9407)
2026-09-23T20:13:38.4804173Z Updating files:  57% (5362/9407)
2026-09-23T20:13:38.4938724Z Updating files:  57% (5433/9407)
2026-09-23T20:13:38.5278317Z Updating files:  58% (5457/9407)
2026-09-23T20:13:38.5684516Z Updating files:  59% (5551/9407)
2026-09-23T20:13:38.5942677Z Updating files:  60% (5645/9407)
2026-09-23T20:13:38.5994734Z Updating files:  61% (5739/9407)
2026-09-23T20:13:38.6103536Z Updating files:  62% (5833/9407)
2026-09-23T20:13:38.6303994Z Updating files:  63% (5927/9407)
2026-09-23T20:13:38.6440688Z Updating files:  64% (6021/9407)
2026-09-23T20:13:38.6654617Z Updating files:  65% (6115/9407)
2026-09-23T20:13:38.7254971Z Updating files:  66% (6209/9407)
2026-09-23T20:13:38.7680176Z Updating files:  67% (6303/9407)
2026-09-23T20:13:39.0020918Z Updating files:  68% (6397/9407)
2026-09-23T20:13:39.0874634Z Updating files:  69% (6491/9407)
2026-09-23T20:13:39.1510782Z Updating files:  70% (6585/9407)
2026-09-23T20:13:39.2354954Z Updating files:  71% (6679/9407)
2026-09-23T20:13:39.2496594Z Updating files:  72% (6774/9407)
2026-09-23T20:13:39.2735201Z Updating files:  73% (6868/9407)
2026-09-23T20:13:39.2870562Z Updating files:  74% (6962/9407)
2026-09-23T20:13:39.3003370Z Updating files:  75% (7056/9407)
2026-09-23T20:13:39.3121928Z Updating files:  76% (7150/9407)
2026-09-23T20:13:39.3208086Z Updating files:  77% (7244/9407)
2026-09-23T20:13:39.3307225Z Updating files:  78% (7338/9407)
2026-09-23T20:13:39.3523790Z Updating files:  79% (7432/9407)
2026-09-23T20:13:39.3986856Z Updating files:  80% (7526/9407)
2026-09-23T20:13:39.4522702Z Updating files:  81% (7620/9407)
2026-09-23T20:13:39.4567555Z Updating files:  82% (7714/9407)
2026-09-23T20:13:39.4612697Z Updating files:  83% (7808/9407)
2026-09-23T20:13:39.4659374Z Updating files:  84% (7902/9407)
2026-09-23T20:13:39.4794640Z Updating files:  85% (7996/9407)
2026-09-23T20:13:39.4925516Z Updating files:  85% (8034/9407)
2026-09-23T20:13:39.5225850Z Updating files:  86% (8091/9407)
2026-09-23T20:13:39.5561430Z Updating files:  87% (8185/9407)
2026-09-23T20:13:39.6071003Z Updating files:  88% (8279/9407)
2026-09-23T20:13:39.7095818Z Updating files:  89% (8373/9407)
2026-09-23T20:13:39.7466613Z Updating files:  90% (8467/9407)
2026-09-23T20:13:39.7632555Z Updating files:  91% (8561/9407)
2026-09-23T20:13:39.7769579Z Updating files:  92% (8655/9407)
2026-09-23T20:13:39.8063416Z Updating files:  93% (8749/9407)
2026-09-23T20:13:39.8437373Z Updating files:  94% (8843/9407)
2026-09-23T20:13:39.8556094Z Updating files:  95% (8937/9407)
2026-09-23T20:13:39.8648513Z Updating files:  96% (9031/9407)
2026-09-23T20:13:39.8716242Z Updating files:  97% (9125/9407)
2026-09-23T20:13:39.9030793Z Updating files:  98% (9219/9407)
2026-09-23T20:13:39.9287142Z Updating files:  99% (9313/9407)
2026-09-23T20:13:39.9288045Z Updating files: 100% (9407/9407)
2026-09-23T20:13:39.9288502Z Updating files: 100% (9407/9407), done.
2026-09-23T20:13:39.9386543Z Reset branch 'master'
2026-09-23T20:13:39.9390220Z branch 'master' set up to track 'origin/master'.
2026-09-23T20:13:39.9473788Z ##[endgroup]
2026-09-23T20:13:39.9519922Z [command]/usr/bin/git log -1 --format=%H
2026-09-23T20:13:39.9547566Z e0411c618e297b0181bb6966251db6c0a636fb82
2026-09-23T20:13:39.9874995Z ##[group]Run actions/setup-python@v6
2026-09-23T20:13:39.9875294Z with:
2026-09-23T20:13:39.9875498Z   python-version: 3.12
2026-09-23T20:13:39.9875725Z   check-latest: false
2026-09-23T20:13:39.9878483Z   token: ***
2026-09-23T20:13:39.9878702Z   update-environment: true
2026-09-23T20:13:39.9878950Z   allow-prereleases: false
2026-09-23T20:13:39.9879411Z   freethreaded: false
2026-09-23T20:13:39.9879658Z ##[endgroup]
2026-09-23T20:13:40.1226947Z ##[group]Installed versions
2026-09-23T20:13:40.2576489Z Successfully set up CPython (3.12.14)
2026-09-23T20:13:40.2577520Z ##[endgroup]
2026-09-23T20:13:40.2745237Z ##[group]Run pip install tiktoken jsonschema
2026-09-23T20:13:40.2745769Z [36;1mpip install tiktoken jsonschema[0m
2026-09-23T20:13:40.3118835Z shell: /usr/bin/bash -e {0}
2026-09-23T20:13:40.3119405Z env:
2026-09-23T20:13:40.3119769Z   pythonLocation: /opt/hostedtoolcache/Python/3.12.14/x64
2026-09-23T20:13:40.3120369Z   PKG_CONFIG_PATH: /opt/hostedtoolcache/Python/3.12.14/x64/lib/pkgconfig
2026-09-23T20:13:40.3120946Z   Python_ROOT_DIR: /opt/hostedtoolcache/Python/3.12.14/x64
2026-09-23T20:13:40.3121455Z   Python2_ROOT_DIR: /opt/hostedtoolcache/Python/3.12.14/x64
2026-09-23T20:13:40.3121958Z   Python3_ROOT_DIR: /opt/hostedtoolcache/Python/3.12.14/x64
2026-09-23T20:13:40.3122468Z   LD_LIBRARY_PATH: /opt/hostedtoolcache/Python/3.12.14/x64/lib
2026-09-23T20:13:40.3122903Z ##[endgroup]
2026-09-23T20:13:41.9151782Z Collecting tiktoken
2026-09-23T20:13:41.9851847Z   Downloading tiktoken-0.14.0-cp312-cp312-manylinux_2_28_x86_64.whl.metadata (6.7 kB)
2026-09-23T20:13:42.0153700Z Collecting jsonschema
2026-09-23T20:13:42.0232360Z   Downloading jsonschema-4.26.0-py3-none-any.whl.metadata (7.6 kB)
2026-09-23T20:13:42.4404340Z Collecting regex (from tiktoken)
2026-09-23T20:13:42.4480732Z   Downloading regex-2026.9.10-cp312-cp312-manylinux2014_x86_64.manylinux_2_17_x86_64.manylinux_2_28_x86_64.whl.metadata (40 kB)
2026-09-23T20:13:42.4849852Z Collecting requests (from tiktoken)
2026-09-23T20:13:42.4929717Z   Downloading requests-2.34.2-py3-none-any.whl.metadata (4.8 kB)
2026-09-23T20:13:42.5104166Z Collecting attrs>=22.2.0 (from jsonschema)
2026-09-23T20:13:42.5177479Z   Downloading attrs-26.1.0-py3-none-any.whl.metadata (8.8 kB)
2026-09-23T20:13:42.5350293Z Collecting jsonschema-specifications>=2023.03.6 (from jsonschema)
2026-09-23T20:13:42.5425479Z   Downloading jsonschema_specifications-2025.9.1-py3-none-any.whl.metadata (2.9 kB)
2026-09-23T20:13:42.5661548Z Collecting referencing>=0.28.4 (from jsonschema)
2026-09-23T20:13:42.5732063Z   Downloading referencing-0.37.0-py3-none-any.whl.metadata (2.8 kB)
2026-09-23T20:13:42.8319584Z Collecting rpds-py>=0.25.0 (from jsonschema)
2026-09-23T20:13:42.8414393Z   Downloading rpds_py-2026.6.3-cp312-cp312-manylinux_2_17_x86_64.manylinux2014_x86_64.whl.metadata (4.1 kB)
2026-09-23T20:13:42.8657037Z Collecting typing-extensions>=4.4.0 (from referencing>=0.28.4->jsonschema)
2026-09-23T20:13:42.8746623Z   Downloading typing_extensions-4.16.0-py3-none-any.whl.metadata (3.3 kB)
2026-09-23T20:13:43.0050583Z Collecting charset_normalizer<4,>=2 (from requests->tiktoken)
2026-09-23T20:13:43.0128258Z   Downloading charset_normalizer-3.5.1-cp312-cp312-manylinux2014_x86_64.manylinux_2_17_x86_64.manylinux_2_28_x86_64.whl.metadata (45 kB)
2026-09-23T20:13:43.0336041Z Collecting idna<4,>=2.5 (from requests->tiktoken)
2026-09-23T20:13:43.0406699Z   Downloading idna-3.20-py3-none-any.whl.metadata (7.2 kB)
2026-09-23T20:13:43.0663093Z Collecting urllib3<3,>=1.26 (from requests->tiktoken)
2026-09-23T20:13:43.0734342Z   Downloading urllib3-2.8.0-py3-none-any.whl.metadata (7.4 kB)
2026-09-23T20:13:43.0946002Z Collecting certifi>=2023.5.7 (from requests->tiktoken)
2026-09-23T20:13:43.1016860Z   Downloading certifi-2026.7.22-py3-none-any.whl.metadata (2.5 kB)
2026-09-23T20:13:43.1135729Z Downloading tiktoken-0.14.0-cp312-cp312-manylinux_2_28_x86_64.whl (1.2 MB)
2026-09-23T20:13:43.1456900Z    ━━━━━━━━━━━━━━━━━━━━━━━━━━━━━━━━━━━━━━━━ 1.2/1.2 MB 48.4 MB/s  0:00:00
2026-09-23T20:13:43.1527426Z Downloading jsonschema-4.26.0-py3-none-any.whl (90 kB)
2026-09-23T20:13:43.1617732Z Downloading attrs-26.1.0-py3-none-any.whl (67 kB)
2026-09-23T20:13:43.1717473Z Downloading jsonschema_specifications-2025.9.1-py3-none-any.whl (18 kB)
2026-09-23T20:13:43.1823780Z Downloading referencing-0.37.0-py3-none-any.whl (26 kB)
2026-09-23T20:13:43.1928631Z Downloading rpds_py-2026.6.3-cp312-cp312-manylinux_2_17_x86_64.manylinux2014_x86_64.whl (366 kB)
2026-09-23T20:13:43.2045003Z Downloading typing_extensions-4.16.0-py3-none-any.whl (45 kB)
2026-09-23T20:13:43.2138423Z Downloading regex-2026.9.10-cp312-cp312-manylinux2014_x86_64.manylinux_2_17_x86_64.manylinux_2_28_x86_64.whl (804 kB)
2026-09-23T20:13:43.2238023Z    ━━━━━━━━━━━━━━━━━━━━━━━━━━━━━━━━━━━━━━━━ 804.6/804.6 kB 73.6 MB/s  0:00:00
2026-09-23T20:13:43.2478156Z Downloading requests-2.34.2-py3-none-any.whl (73 kB)
2026-09-23T20:13:43.2585010Z Downloading charset_normalizer-3.5.1-cp312-cp312-manylinux2014_x86_64.manylinux_2_17_x86_64.manylinux_2_28_x86_64.whl (248 kB)
2026-09-23T20:13:43.2683605Z Downloading idna-3.20-py3-none-any.whl (69 kB)
2026-09-23T20:13:43.2784346Z Downloading urllib3-2.8.0-py3-none-any.whl (135 kB)
2026-09-23T20:13:43.2883203Z Downloading certifi-2026.7.22-py3-none-any.whl (136 kB)
2026-09-23T20:13:43.3996635Z Installing collected packages: urllib3, typing-extensions, rpds-py, regex, idna, charset_normalizer, certifi, attrs, requests, referencing, tiktoken, jsonschema-specifications, jsonschema
2026-09-23T20:13:43.9705792Z 
2026-09-23T20:13:43.9726406Z Successfully installed attrs-26.1.0 certifi-2026.7.22 charset_normalizer-3.5.1 idna-3.20 jsonschema-4.26.0 jsonschema-specifications-2025.9.1 referencing-0.37.0 regex-2026.9.10 requests-2.34.2 rpds-py-2026.6.3 tiktoken-0.14.0 typing-extensions-4.16.0 urllib3-2.8.0
2026-09-23T20:13:44.0646532Z ##[group]Run python3 knowledge/_build_survey.py --timeout 60
2026-09-23T20:13:44.0647022Z [36;1mpython3 knowledge/_build_survey.py --timeout 60[0m
2026-09-23T20:13:44.0715567Z shell: /usr/bin/bash -e {0}
2026-09-23T20:13:44.0715832Z env:
2026-09-23T20:13:44.0716114Z   pythonLocation: /opt/hostedtoolcache/Python/3.12.14/x64
2026-09-23T20:13:44.0716585Z   PKG_CONFIG_PATH: /opt/hostedtoolcache/Python/3.12.14/x64/lib/pkgconfig
2026-09-23T20:13:44.0717034Z   Python_ROOT_DIR: /opt/hostedtoolcache/Python/3.12.14/x64
2026-09-23T20:13:44.0717426Z   Python2_ROOT_DIR: /opt/hostedtoolcache/Python/3.12.14/x64
2026-09-23T20:13:44.0718041Z   Python3_ROOT_DIR: /opt/hostedtoolcache/Python/3.12.14/x64
2026-09-23T20:13:44.0718442Z   LD_LIBRARY_PATH: /opt/hostedtoolcache/Python/3.12.14/x64/lib
2026-09-23T20:13:44.0718781Z ##[endgroup]
2026-09-23T20:17:10.5580349Z — 146 steps read from _build_all.STEPS by ast (never imported) · per-step timeout 60s · non-mutating steps only
2026-09-23T20:17:10.5581037Z 
2026-09-23T20:17:10.5581593Z   ❌ [ 3] token blast-radius + graph report — determinism/staleness chec  exit 1
2026-09-23T20:17:10.5582538Z   ✅ [ 4] token blast-radius + graph report selftest (#79 P6)
2026-09-23T20:17:10.5583290Z   ✅ [ 9] help-gate selftest — 5 mutation bites (#158 class gate)
2026-09-23T20:17:10.5584147Z   ✅ [11] assertion veracity selftest — verbs bite + registry well-forme
2026-09-23T20:17:10.5585002Z   ❌ [13] capture/provenance selftest (Memento §4.1)  exit 1
2026-09-23T20:17:10.5585972Z   ✅ [14] gauge-tokens selftest -- counting path + cache + degraded-meas
2026-09-23T20:17:10.5586747Z   ✅ [15] roll-state measurer selftest (#77 T1)
2026-09-23T20:17:10.5587496Z   ✅ [16] commit-seam harness — _git_commit.sh fixture-repo arms (#78-D1
2026-09-23T20:17:10.5588260Z   ✅ [17] GM/LS mover selftest — hardened move mechanics (M5)
2026-09-23T20:17:10.5588920Z   ✅ [18] section-usage instrumentation selftest (#23)
2026-09-23T20:17:10.5590096Z   ✅ [20] lane records determinism check (O1′ #24)
2026-09-23T20:17:10.5590912Z   ✅ [21] lane records selftest — schema refusals + routing contract (O1
2026-09-23T20:17:10.5591807Z   ✅ [26] worklist store selftest — schema presence gates incl. priority
2026-09-23T20:17:10.5592691Z   ✅ [28] decision-graph selftest — conflict gate bites on unresolved/op
2026-09-23T20:17:10.5593570Z   ✅ [29] spine-writer selftest — splice invariants + no-half-writes (#7
2026-09-23T20:17:10.5594448Z   ❌ [38] component-partials sync — AUTO-PARTIAL injection + contracts (  exit 1
2026-09-23T20:17:10.5594987Z   ✅ [39] component-partials selftest (ADR-0013)
2026-09-23T20:17:10.5595449Z   ✅ [40] token-set distribution sync — AUTO-TOKENS injection (s121-D1)
2026-09-23T20:17:10.5595923Z   ✅ [41] token-set distribution selftest (s121-D1)
2026-09-23T20:17:10.5596307Z   ✅ [43] Behaviour contract selftest (ADR-0015)
2026-09-23T20:17:10.5596719Z   ✅ [45] canon components determinism check (ADR-0013 ruling 4)
2026-09-23T20:17:10.5597172Z   ✅ [47] partial-ratchet selftest (ADR-0013)
2026-09-23T20:17:10.5597596Z   ✅ [50] theme cascade sync — [data-apollo-theme] layer (ADR-0011)
2026-09-23T20:17:10.5597994Z   ✅ [51] theme cascade selftest (ADR-0014)
2026-09-23T20:17:10.5598314Z   ✅ [53] state-snap selftest (ADR-0014)
2026-09-23T20:17:10.5598725Z   ✅ [55] stale-queue selftest — 13 bites incl. both mutation directions
2026-09-23T20:17:10.5599621Z   ✅ [57] palette-tier selftest — 10 mutation bites (s157-D2)
2026-09-23T20:17:10.5600690Z   ✅ [59] showroom sync — generated component library (RULED 2026-07-21)
2026-09-23T20:17:10.5601683Z   ✅ [60] showroom URL-rebase selftest — the srcdoc base-URL trap (2026-
2026-09-23T20:17:10.5602792Z   ⊘ [61] dashboard sync — generated progress dashboard (RULED #164, bui  COULD-NOT-ASK
2026-09-23T20:17:10.5603746Z   ✅ [67] a11y target-measurement selftest (s114-D5)
2026-09-23T20:17:10.5604409Z   ✅ [70] wiring gate selftest — 4 bites
2026-09-23T20:17:10.5605298Z   ⊘ [74] state-contrast gate selftest — paint stack, report arithmetic,  COULD-NOT-ASK
2026-09-23T20:17:10.5606711Z   ✅ [76] type-composites selftest
2026-09-23T20:17:10.5607314Z   ✅ [85] KG edge gate selftest (6 bites)
2026-09-23T20:17:10.5607941Z   ✅ [87] Token fork-ban selftest (2-direction)
2026-09-23T20:17:10.5608767Z   ✅ [91] binds-resolve selftest — 5 bites incl. any-store clause (#146)
2026-09-23T20:17:10.5610020Z   ✅ [93] chart-intent resolve selftest — 4 bites incl. list case + abse
2026-09-23T20:17:10.5611009Z   ✅ [95] roles/answers resolve selftest — 15 bites incl. in-role priori
2026-09-23T20:17:10.5611910Z   ✅ [97] DataViz gate selftest — bite-tests dv-004 + the dtype vocabula
2026-09-23T20:17:10.5612823Z   ✅ [99] property-resolves gate C2 selftest — 4 bites + a bite-the-bite
2026-09-23T20:17:10.5614059Z   ✅ [101] dataviz var-resolution gate selftest — 8 arms incl. alias chai
2026-09-23T20:17:10.5614617Z   ✅ [103] minted-consumption selftest — 10 arms incl. both false-positiv
2026-09-23T20:17:10.5615157Z   ✅ [105] hidden-attr display selftest — 16 bites incl. the real #218 mu
2026-09-23T20:17:10.5615606Z   ✅ [110] consult tool selftest (advisory)
2026-09-23T20:17:10.5616032Z   ✅ [111] search core selftest — two-stage engine + receipt format (O2′ 
2026-09-23T20:17:10.5617083Z   ✅ [113] memento index determinism check (O2′ #25)
2026-09-23T20:17:10.5617640Z   ✅ [114] memento index selftest — contract refusals + determinism (O2′ 
2026-09-23T20:17:10.5618156Z   ✅ [115] memento search selftest — known-answer retrieval + fetch refus
2026-09-23T20:17:10.5618622Z   ✅ [117] graph mention map determinism check (#115 step 0)
2026-09-23T20:17:10.5619116Z   ✅ [118] graph mention map selftest — hit/miss/refusal bites (#115 step
2026-09-23T20:17:10.5619923Z   ✅ [120] read chain determinism check — stale _CHAIN.md serves a PREVIO
2026-09-23T20:17:10.5620426Z   ✅ [121] read chain selftest — verbatim terms + the CUT + refusal on a 
2026-09-23T20:17:10.5620909Z   ✅ [122] GM size stamp check — a TYPED `size:` figure / drift past the 
2026-09-23T20:17:10.5621403Z   ✅ [123] GM size stamp selftest — the fixed point, the 2-cycle refusal,
2026-09-23T20:17:10.5621936Z   ❌ [125] memento schematic determinism check — a stale diagram publishe  exit 1
2026-09-23T20:17:10.5622475Z   ✅ [126] memento schematic selftest — figure provenance, caption geomet
2026-09-23T20:17:10.5623016Z   ❌ [128] memento-package delta-audit selftest — mutation-tested, all 4   exit 1
2026-09-23T20:17:10.5623498Z   ✅ [130] instrument-fit selftest (advisory, ds-015)
2026-09-23T20:17:10.5623940Z   ✅ [133] could-not-ask convention selftest (#193 — the third verdict's 
2026-09-23T20:17:10.5624464Z   ❌ [136] governs matcher selftest — the [12]/[13] trigger-index arm, na  exit 1
2026-09-23T20:17:10.5624992Z   ✅ [137] frozen-release gate — v1/v2 and any baked Spider surface may n
2026-09-23T20:17:10.5625487Z   ✅ [138] frozen-release selftest — 11 bites on a fixture repo incl. the
2026-09-23T20:17:10.5625985Z   ✅ [139] pack ship-list audit — the manifest is byte-identical to a fre
2026-09-23T20:17:10.5626542Z   ✅ [140] release-audit selftest — manifest compare + the pack arm's res
2026-09-23T20:17:10.5627197Z   ⊘ [141] pack-side CI template — parses, ships what it calls, hides not  COULD-NOT-ASK
2026-09-23T20:17:10.5627820Z   ⊘ [142] pack-side CI template selftest — 10 mutants incl. a smuggled c  COULD-NOT-ASK
2026-09-23T20:17:10.5628613Z   ✅ [145] polarity gate — five refusals + content-fresh derived status/e
2026-09-23T20:17:10.5629355Z   ✅ [146] polarity gate selftest — control + every refusal arm on a copy
2026-09-23T20:17:10.5629705Z 
2026-09-23T20:17:10.5629845Z ==============================================================================
2026-09-23T20:17:10.5631136Z SURVEY: 59 pass · 6 FAIL · 4 COULD-NOT-ASK (self-declared refusals) · 0 unaskable (missing/timed out) · 77 not asked (mutating)
2026-09-23T20:17:10.5632588Z ⚠ 'not asked' is NOT 'passing' — it is excluded from the exit code, deliberately.
2026-09-23T20:17:10.5633257Z ⚠ 'COULD-NOT-ASK' is NOT 'passing' either. It is a step that named the input it could
2026-09-23T20:17:10.5634009Z   not reach, so the job does not go red for an ENVIRONMENT fact dressed as an artefact
2026-09-23T20:17:10.5634960Z   verdict (#173/#183, generalised #193). Every one is printed in full below. A step
2026-09-23T20:17:10.5635507Z   that timed out or is MISSING is a different thing and still fails: nobody asked it
2026-09-23T20:17:10.5635919Z   and it never said why.
2026-09-23T20:17:10.5636066Z 
2026-09-23T20:17:10.5636397Z THE FULL FAILURE SET (6) — this is the number no single `_build_all.py` run can tell you:
2026-09-23T20:17:10.5636723Z 
2026-09-23T20:17:10.5637002Z   [3] token blast-radius + graph report — determinism/staleness check (#79 P6)
2026-09-23T20:17:10.5637693Z       python3 knowledge/tokens/_build_blast_radius.py --check   (exit 1)
2026-09-23T20:17:10.5638283Z       ❌ _build_blast_radius --check FAILED — 2 file(s) out of sync with a fresh compute():
2026-09-23T20:17:10.5638622Z 
2026-09-23T20:17:10.5638790Z   [13] capture/provenance selftest (Memento §4.1)
2026-09-23T20:17:10.5639472Z       python3 knowledge/_capture_gate.py --selftest   (exit 1)
2026-09-23T20:17:10.5640364Z       ❌ FAIL GOOD-MORNING.md: no `pre-flight:` stamp — the handoff must carry the estimate the session was priced with (runbook § ★ Half 0b). Form (Dave #56
2026-09-23T20:17:10.5640921Z 
2026-09-23T20:17:10.5641206Z   [38] component-partials sync — AUTO-PARTIAL injection + contracts (ADR-0013)
2026-09-23T20:17:10.5641698Z       python3 knowledge/gen_component_partials.py --check   (exit 1)
2026-09-23T20:17:10.5642085Z       gen_component_partials CONTRACT FAILURES:
2026-09-23T20:17:10.5642291Z 
2026-09-23T20:17:10.5642663Z   [125] memento schematic determinism check — a stale diagram publishes a PREVIOUS tree (#127)
2026-09-23T20:17:10.5643196Z       python3 knowledge/_gen_schematic.py --check   (exit 1)
2026-09-23T20:17:10.5644011Z       ✗ reviews/MEMENTO-SCHEMATIC-2026-08-07-v2.html is STALE — a figure in it no longer matches disk, so the page is asserting something that has gone fals
2026-09-23T20:17:10.5644561Z 
2026-09-23T20:17:10.5644851Z   [128] memento-package delta-audit selftest — mutation-tested, all 4 arms (#79)
2026-09-23T20:17:10.5645353Z       python3 knowledge/_validate_package_delta.py --selftest   (exit 1)
2026-09-23T20:17:10.5646196Z       ✗ real repo: clean (0 findings; got 4: ['VERBATIM SET: memento-package/machinery/_gen_chain.py DIFFERS from knowledge/_gen_chain.py (copy=machinery/ f
2026-09-23T20:17:10.5646746Z 
2026-09-23T20:17:10.5647048Z   [136] governs matcher selftest — the [12]/[13] trigger-index arm, named (#208 legibility)
2026-09-23T20:17:10.5647522Z       python3 knowledge/_governs.py --selftest   (exit 1)
2026-09-23T20:17:10.5648219Z       FAIL _governs: ruling s282-D2 evidence `col26-012 override cross-ref measured present at colour-standards-2026.md:79-81 before this ruling; grep 'seco
2026-09-23T20:17:10.5648784Z 
2026-09-23T20:17:10.5649049Z COULD-NOT-ASK (4) — each step's OWN words about the input it could not reach.
2026-09-23T20:17:10.5649909Z These do NOT fail the survey; they also do not pass. If one of them is here because the
2026-09-23T20:17:10.5650522Z environment is wrong rather than because the input is genuinely unreachable, FIX THE ENVIRONMENT:
2026-09-23T20:17:10.5650902Z 
2026-09-23T20:17:10.5651170Z   [61] dashboard sync — generated progress dashboard (RULED #164, built #165)
2026-09-23T20:17:10.5651611Z       python3 knowledge/gen_dashboard.py --check   (exit 77)
2026-09-23T20:17:10.5913734Z       COULD-NOT-ASK: dashboard/index.html — the page differs, but a live gate baked into it is reading INPUTS OUTSIDE THE COMMITTED TREE, so its verdict — and therefore this page — cannot be reproduced here: provenance names `knowledge/_tmp/l3-245/rename-plan.json`; provenance names `outputs/_FINDING-canon-pri-hover-brand-mono-fork-2026-08-06-v1.md`; provenance names `outputs/_PARTITION-button-primary-2026-08-06-v1.md`. Every one of those paths is untracked, so an environment that has them and one that does not will render different prose from the SAME commit. This is a REFUSAL, not a staleness verdict in either direction: the page's agreement with the stores is UNKNOWN here and is reported as unknown. Ask it where those inputs are present (a working tree that holds them), or commit them.
2026-09-23T20:17:10.5916580Z 
2026-09-23T20:17:10.5916902Z   [74] state-contrast gate selftest — paint stack, report arithmetic, named args
2026-09-23T20:17:10.5917440Z       python3 knowledge/_validate_state_contrast.py --selftest   (exit 77)
2026-09-23T20:17:10.5920046Z       COULD-NOT-ASK: _validate_state_contrast.py — the 'playwright' module is not installed (ModuleNotFoundError("No module named 'playwright'")) — this gate cannot be proven without it; run `pip install playwright && playwright install chromium` ⇒ THIS IS NOT A SKIP: these arms (including the s152-D1 mutation control) run BLOCKING in the `render` job of .github/workflows/gates.yml, which installs chromium — that job is where this gate's proof of record lives. Nothing here is claimed green; the question was unaskable on this box.
2026-09-23T20:17:10.5922057Z 
2026-09-23T20:17:10.5922432Z   [141] pack-side CI template — parses, ships what it calls, hides nothing (BLOCKING, built #219)
2026-09-23T20:17:10.5923034Z       python3 knowledge/_release/_gate_ci_template.py --check   (exit 77)
2026-09-23T20:17:10.5924488Z       COULD-NOT-ASK: apollo-spider/ci-template/gates.yml — PyYAML is not importable in this environment, and this gate parses the template in YAML rather than guessing at it with string matching. Install it (pip install pyyaml) — the release job in .github/workflows/gates.yml does exactly that
2026-09-23T20:17:10.5925541Z 
2026-09-23T20:17:10.5925876Z   [142] pack-side CI template selftest — 10 mutants incl. a smuggled continue-on-error (#219)
2026-09-23T20:17:10.5926459Z       python3 knowledge/_release/_gate_ci_template.py --selftest   (exit 77)
2026-09-23T20:17:10.5927287Z       COULD-NOT-ASK: the ci-template selftest — PyYAML is not importable, and every arm below parses YAML. Install it (pip install pyyaml).
2026-09-23T20:17:10.5927811Z 
2026-09-23T20:17:10.5928129Z NOT ASKED (77 mutating steps) — run --include-mutating on a clean tree to include them:
2026-09-23T20:17:10.5928570Z   [1] compliance knowledge graph
2026-09-23T20:17:10.5928840Z   [2] token blast-radius + graph report
2026-09-23T20:17:10.5929121Z   [5] guideline rules index (gate)
2026-09-23T20:17:10.5929609Z   [6] runbook index (generated)
2026-09-23T20:17:10.5929889Z   [7] standing-instructions reachability gate
2026-09-23T20:17:10.5930345Z   [8] help-gate — no entry point may write before it reads argv (#158 cl
2026-09-23T20:17:10.5930791Z   [10] assertion veracity gate — claims that can rot
2026-09-23T20:17:10.5931255Z   [12] capture/provenance gate — status+provenance on new notes+dossiers 
2026-09-23T20:17:10.5931669Z   … and 69 more
2026-09-23T20:17:10.5931792Z 
2026-09-23T20:17:10.5932087Z — recorded → /home/runner/work/UX-design/UX-design/notes/_BUILD-VERDICT-LOG.jsonl
2026-09-23T20:17:10.5983991Z ##[error]Process completed with exit code 1.
2026-09-23T20:17:10.6038502Z ##[group]Run python3 knowledge/_build_all.py
2026-09-23T20:17:10.6038879Z [36;1mpython3 knowledge/_build_all.py[0m
2026-09-23T20:17:10.6103501Z shell: /usr/bin/bash -e {0}
2026-09-23T20:17:10.6103773Z env:
2026-09-23T20:17:10.6104069Z   pythonLocation: /opt/hostedtoolcache/Python/3.12.14/x64
2026-09-23T20:17:10.6104576Z   PKG_CONFIG_PATH: /opt/hostedtoolcache/Python/3.12.14/x64/lib/pkgconfig
2026-09-23T20:17:10.6105079Z   Python_ROOT_DIR: /opt/hostedtoolcache/Python/3.12.14/x64
2026-09-23T20:17:10.6105539Z   Python2_ROOT_DIR: /opt/hostedtoolcache/Python/3.12.14/x64
2026-09-23T20:17:10.6105979Z   Python3_ROOT_DIR: /opt/hostedtoolcache/Python/3.12.14/x64
2026-09-23T20:17:10.6106432Z   LD_LIBRARY_PATH: /opt/hostedtoolcache/Python/3.12.14/x64/lib
2026-09-23T20:17:10.6106806Z ##[endgroup]
2026-09-23T20:17:10.6989007Z Wrote 38 rule files to compliance/rules/
2026-09-23T20:17:10.6989803Z Index: 38 SCs x 135 components
2026-09-23T20:17:10.6990243Z Validation errors: none
2026-09-23T20:17:10.6990923Z Levels: {'AA': 17, 'A': 18, 'AAA': 3} | Severities: {'serious': 29, 'critical': 3, 'minor': 6}
2026-09-23T20:17:10.6991659Z AAA (beyond AA bar): ['2.3.3', '2.4.8', '2.5.5']
2026-09-23T20:17:25.1023386Z 
2026-09-23T20:17:25.1024724Z PARKED DUE — 4 parked item(s) are due at token-report — python3 knowledge/_parked.py --due token-report
2026-09-23T20:17:25.1025639Z wrote tokens/_blast-radius.json and _GRAPH-REPORT.md
2026-09-23T20:17:25.1026196Z tokens defined=1043 referenced=140 components=137
2026-09-23T20:17:25.1027580Z top god-nodes: [('text/default', 109), ('background/default', 74), ('tertiary/background/default', 51), ('icon/default', 46), ('border-radius/surface', 43), ('focus/ring', 40), ('border/subtle', 39), ('text/secondary', 37)]
2026-09-23T20:17:25.1029582Z depricate-still-bound components: 19
2026-09-23T20:17:25.1029968Z orphans: 903
2026-09-23T20:17:39.4538222Z 
2026-09-23T20:17:39.4539758Z PARKED DUE — 4 parked item(s) are due at token-report — python3 knowledge/_parked.py --due token-report
2026-09-23T20:17:39.4541357Z ✓ _build_blast_radius --check PASS — tokens/_blast-radius.json and _GRAPH-REPORT.md match a fresh compute() (content, not mtime)
2026-09-23T20:18:08.5161725Z 
2026-09-23T20:18:08.5163181Z PARKED DUE — 4 parked item(s) are due at token-report — python3 knowledge/_parked.py --due token-report
2026-09-23T20:18:08.5164053Z   selftest (a): compute() is deterministic across two calls ✓
2026-09-23T20:18:08.5164631Z   selftest (b1): identical fixture pair reports zero drift ✓
2026-09-23T20:18:08.5165280Z   selftest (b2): a doctored fixture pair is flagged on BOTH files, each named ✓
2026-09-23T20:18:08.5166027Z   selftest (b3): a missing on-disk file is flagged, never silently treated as a match ✓
2026-09-23T20:18:08.5167135Z selftest PASS — compute() deterministic; --check bites on drift, quiet on a match, never silently passes a missing file (#79 P6)
2026-09-23T20:18:08.5731472Z rules index: 474 rules from 35 engine-era files — {'ADVISORY': 322, 'BLOCKING': 62, 'REVIEW': 34, 'TASTE': 56}
2026-09-23T20:18:08.5981855Z runbook index: 17 runbooks -> _RUNBOOKS.md
2026-09-23T20:18:09.0524558Z selftest OK — discovers 28 standing docs by glob + STANDING: self-declaration.
2026-09-23T20:18:09.0525914Z STANDING-INSTRUCTIONS GATE PASS — 28 standing doc(s) reachable from the spine; GOOD-MORNING structure intact.
2026-09-23T20:18:09.0527457Z   NOTE: memory files live outside the repo and CANNOT be checked here — capture-ritual step 3 is still a human step.
2026-09-23T20:18:10.8973721Z help-gate: 264 script(s) scanned, 12 failure(s) — a script that can write before it reads argv is the #157 gen_showroom defect
2026-09-23T20:18:10.8974788Z   ❌ knowledge/_bite_goal.py: NO HELP GATE — add
2026-09-23T20:18:10.8975521Z       from _helpgate import help_gate as _help_gate; _help_gate(__doc__, __name__, __file__)
2026-09-23T20:18:10.8976362Z       near the top (before any executable statement). See knowledge/_helpgate.py.
2026-09-23T20:18:10.8977650Z   ❌ knowledge/_bite_kg_edge_proposal.py: NO HELP GATE — add
2026-09-23T20:18:10.8978407Z       from _helpgate import help_gate as _help_gate; _help_gate(__doc__, __name__, __file__)
2026-09-23T20:18:10.8979530Z       near the top (before any executable statement). See knowledge/_helpgate.py.
2026-09-23T20:18:10.8980488Z   ❌ knowledge/_build_kg_explorer.py: NO HELP GATE — add
2026-09-23T20:18:10.8981294Z       from _helpgate import help_gate as _help_gate; _help_gate(__doc__, __name__, __file__)
2026-09-23T20:18:10.8982252Z       near the top (before any executable statement). See knowledge/_helpgate.py.
2026-09-23T20:18:10.8983170Z   ❌ knowledge/_gen_ruling_edges_from_recs.py: NO HELP GATE — add
2026-09-23T20:18:10.8983926Z       from _helpgate import help_gate as _help_gate; _help_gate(__doc__, __name__, __file__)
2026-09-23T20:18:10.8984864Z       near the top (before any executable statement). See knowledge/_helpgate.py.
2026-09-23T20:18:10.8985687Z   ❌ knowledge/_kg_history.py: NO HELP GATE — add
2026-09-23T20:18:10.8986485Z       from _helpgate import help_gate as _help_gate; _help_gate(__doc__, __name__, __file__)
2026-09-23T20:18:10.8987436Z       near the top (before any executable statement). See knowledge/_helpgate.py.
2026-09-23T20:18:10.8988385Z   ❌ knowledge/_render/verify_demo_slides_268.py: NO HELP GATE — add
2026-09-23T20:18:10.8989460Z       from _helpgate import help_gate as _help_gate; _help_gate(__doc__, __name__, __file__)
2026-09-23T20:18:10.8990428Z       near the top (before any executable statement). See knowledge/_helpgate.py.
2026-09-23T20:18:10.8991362Z   ❌ knowledge/_render/verify_demo_slides_268_v3.py: NO HELP GATE — add
2026-09-23T20:18:10.8992171Z       from _helpgate import help_gate as _help_gate; _help_gate(__doc__, __name__, __file__)
2026-09-23T20:18:10.8993356Z       near the top (before any executable statement). See knowledge/_helpgate.py.
2026-09-23T20:18:10.8994281Z   ❌ knowledge/_render/verify_demo_slides_268_v5.py: NO HELP GATE — add
2026-09-23T20:18:10.8995172Z       from _helpgate import help_gate as _help_gate; _help_gate(__doc__, __name__, __file__)
2026-09-23T20:18:10.8996088Z       near the top (before any executable statement). See knowledge/_helpgate.py.
2026-09-23T20:18:10.8997052Z   ❌ knowledge/_render/verify_demo_slides_268_v6.py: NO HELP GATE — add
2026-09-23T20:18:10.8997968Z       from _helpgate import help_gate as _help_gate; _help_gate(__doc__, __name__, __file__)
2026-09-23T20:18:10.8998921Z       near the top (before any executable statement). See knowledge/_helpgate.py.
2026-09-23T20:18:10.9000093Z   ❌ knowledge/_render/verify_demo_slides_268_v7.py: NO HELP GATE — add
2026-09-23T20:18:10.9000982Z       from _helpgate import help_gate as _help_gate; _help_gate(__doc__, __name__, __file__)
2026-09-23T20:18:10.9001840Z       near the top (before any executable statement). See knowledge/_helpgate.py.
2026-09-23T20:18:10.9002846Z   ❌ knowledge/_render/verify_demo_slides_268_v74_gearbox.py: NO HELP GATE — add
2026-09-23T20:18:10.9003790Z       from _helpgate import help_gate as _help_gate; _help_gate(__doc__, __name__, __file__)
2026-09-23T20:18:10.9004700Z       near the top (before any executable statement). See knowledge/_helpgate.py.
2026-09-23T20:18:10.9005659Z   ❌ knowledge/_render/verify_demo_slides_268_v75_gearbox.py: NO HELP GATE — add
2026-09-23T20:18:10.9006622Z       from _helpgate import help_gate as _help_gate; _help_gate(__doc__, __name__, __file__)
2026-09-23T20:18:10.9007574Z       near the top (before any executable statement). See knowledge/_helpgate.py.
2026-09-23T20:18:10.9055275Z 
2026-09-23T20:18:10.9055927Z === [1/146] compliance knowledge graph — compliance/_build_compliance_kg.py ===
2026-09-23T20:18:10.9056288Z 
2026-09-23T20:18:10.9056798Z === [2/146] token blast-radius + graph report — tokens/_build_blast_radius.py ===
2026-09-23T20:18:10.9057439Z 
2026-09-23T20:18:10.9058278Z === [3/146] token blast-radius + graph report — determinism/staleness check (#79 P6) — tokens/_build_blast_radius.py ===
2026-09-23T20:18:10.9059078Z 
2026-09-23T20:18:10.9060285Z === [4/146] token blast-radius + graph report selftest (#79 P6) — tokens/_build_blast_radius.py ===
2026-09-23T20:18:10.9060971Z 
2026-09-23T20:18:10.9061466Z === [5/146] guideline rules index (gate) — guidelines/gen_rules_index.py ===
2026-09-23T20:18:10.9061985Z 
2026-09-23T20:18:10.9062348Z === [6/146] runbook index (generated) — gen_runbook_index.py ===
2026-09-23T20:18:10.9062779Z 
2026-09-23T20:18:10.9063356Z === [7/146] standing-instructions reachability gate — _validate_standing_instructions.py ===
2026-09-23T20:18:10.9063988Z 
2026-09-23T20:18:10.9064691Z === [8/146] help-gate — no entry point may write before it reads argv (#158 class gate) — _validate_help_gate.py ===
2026-09-23T20:18:10.9065405Z 
2026-09-23T20:18:10.9066097Z ❌ step 'help-gate — no entry point may write before it reads argv (#158 class gate)' failed (exit 1) — aborting
2026-09-23T20:18:10.9110393Z ##[error]Process completed with exit code 1.
2026-09-23T20:18:10.9141729Z ##[group]Run python3 knowledge/_tests/test_gates.py
2026-09-23T20:18:10.9142144Z [36;1mpython3 knowledge/_tests/test_gates.py[0m
2026-09-23T20:18:10.9206533Z shell: /usr/bin/bash -e {0}
2026-09-23T20:18:10.9206799Z env:
2026-09-23T20:18:10.9207078Z   pythonLocation: /opt/hostedtoolcache/Python/3.12.14/x64
2026-09-23T20:18:10.9207549Z   PKG_CONFIG_PATH: /opt/hostedtoolcache/Python/3.12.14/x64/lib/pkgconfig
2026-09-23T20:18:10.9208006Z   Python_ROOT_DIR: /opt/hostedtoolcache/Python/3.12.14/x64
2026-09-23T20:18:10.9208427Z   Python2_ROOT_DIR: /opt/hostedtoolcache/Python/3.12.14/x64
2026-09-23T20:18:10.9208839Z   Python3_ROOT_DIR: /opt/hostedtoolcache/Python/3.12.14/x64
2026-09-23T20:18:10.9209456Z   LD_LIBRARY_PATH: /opt/hostedtoolcache/Python/3.12.14/x64/lib
2026-09-23T20:18:10.9209989Z ##[endgroup]
2026-09-23T20:18:34.9904425Z gate self-test: does every gate BITE what it was built to catch?
2026-09-23T20:18:34.9904877Z 
2026-09-23T20:18:34.9905184Z   PASS  control: pristine copy passes all 6 static gates
2026-09-23T20:18:34.9905727Z   PASS  write-gate bites a bare no-args invocation
2026-09-23T20:18:34.9906216Z   PASS  write-gate control: --write proceeds
2026-09-23T20:18:34.9906807Z   PASS  radius gate's own bites run (8 longhand mutants + token controls, #221)
2026-09-23T20:18:34.9907560Z   PASS  no-hardcode gate's own bites run (8 planted + 8 clean, #221)
2026-09-23T20:18:34.9908259Z   PASS  theme-provenance report order is DERIVED, not filesystem order (#221)
2026-09-23T20:18:34.9909067Z   PASS  wiring gate's own bites run (13, incl. the widened glob + the anti-laundering arm, #221)
2026-09-23T20:18:34.9910147Z   PASS  s263-D10 rulings-page wrap check bites a stale page (4 arms, #265-B)
2026-09-23T20:18:34.9910739Z   PASS  snippet gate bites on token drift
2026-09-23T20:18:34.9911187Z   PASS  snippet gate bites on failing contrast
2026-09-23T20:18:34.9911647Z   PASS  snippet gate bites on icon 4.5 dead-zone
2026-09-23T20:18:34.9912093Z   PASS  snippet gate bites on missing focus
2026-09-23T20:18:34.9912530Z   PASS  snippet gate bites on uppercase CSS
2026-09-23T20:18:34.9912975Z   PASS  snippet gate bites on ALL-CAPS text run
2026-09-23T20:18:34.9913409Z   PASS  snippet gate bites on italics
2026-09-23T20:18:34.9913817Z   PASS  snippet gate bites on text-shadow
2026-09-23T20:18:34.9914230Z   PASS  snippet gate bites on raw red text
2026-09-23T20:18:34.9914660Z   PASS  snippet gate bites on possessive HSBC's
2026-09-23T20:18:34.9915113Z   PASS  snippet gate bites on element-type alt
2026-09-23T20:18:34.9915564Z   PASS  snippet gate bites on bare link text
2026-09-23T20:18:34.9916013Z   PASS  a11y gate bites on missing reduced-motion
2026-09-23T20:18:34.9916467Z   PASS  a11y gate bites on sub-24 target floor
2026-09-23T20:18:34.9916892Z   PASS  icon gate bites on invented path
2026-09-23T20:18:34.9917308Z   PASS  icon gate bites on shape-only icon
2026-09-23T20:18:34.9917740Z   PASS  icon gate bites on mis-twinned fill glyph
2026-09-23T20:18:34.9918200Z   PASS  coverage gate bites on orphan snippet
2026-09-23T20:18:34.9918643Z   PASS  coverage gate bites on meta w/o snippet
2026-09-23T20:18:34.9919036Z   PASS  dark-surface gate bites on flat white
2026-09-23T20:18:34.9919563Z   PASS  compose gate bites on rogue hex
2026-09-23T20:18:34.9919869Z   PASS  compose gate bites on undefined class
2026-09-23T20:18:34.9920215Z   PASS  compose gate bites on class redefinition
2026-09-23T20:18:34.9920535Z   PASS  compose gate bites on duplicate title
2026-09-23T20:18:34.9920730Z 
2026-09-23T20:18:34.9920828Z 32 test(s), 0 failure(s)
2026-09-23T20:18:34.9921212Z skipped by design: state-contrast / screen --render (need a browser; see docstring)
2026-09-23T20:18:34.9996116Z ##[group]Run python3 knowledge/_tests/test_advisory.py
2026-09-23T20:18:34.9996544Z [36;1mpython3 knowledge/_tests/test_advisory.py[0m
2026-09-23T20:18:35.0059680Z shell: /usr/bin/bash -e {0}
2026-09-23T20:18:35.0060103Z env:
2026-09-23T20:18:35.0060538Z   pythonLocation: /opt/hostedtoolcache/Python/3.12.14/x64
2026-09-23T20:18:35.0061205Z   PKG_CONFIG_PATH: /opt/hostedtoolcache/Python/3.12.14/x64/lib/pkgconfig
2026-09-23T20:18:35.0061734Z   Python_ROOT_DIR: /opt/hostedtoolcache/Python/3.12.14/x64
2026-09-23T20:18:35.0062196Z   Python2_ROOT_DIR: /opt/hostedtoolcache/Python/3.12.14/x64
2026-09-23T20:18:35.0062658Z   Python3_ROOT_DIR: /opt/hostedtoolcache/Python/3.12.14/x64
2026-09-23T20:18:35.0063126Z   LD_LIBRARY_PATH: /opt/hostedtoolcache/Python/3.12.14/x64/lib
2026-09-23T20:18:35.0063515Z ##[endgroup]
2026-09-23T20:18:35.5177248Z advisory bite-tests: 19 case(s), all bite ✅ (and none block — exit 0 throughout)
2026-09-23T20:18:35.5271281Z ##[group]Run bash knowledge/_git_commit.sh --selftest
2026-09-23T20:18:35.5271707Z [36;1mbash knowledge/_git_commit.sh --selftest[0m
2026-09-23T20:18:35.5335488Z shell: /usr/bin/bash -e {0}
2026-09-23T20:18:35.5336081Z env:
2026-09-23T20:18:35.5336392Z   pythonLocation: /opt/hostedtoolcache/Python/3.12.14/x64
2026-09-23T20:18:35.5336924Z   PKG_CONFIG_PATH: /opt/hostedtoolcache/Python/3.12.14/x64/lib/pkgconfig
2026-09-23T20:18:35.5337479Z   Python_ROOT_DIR: /opt/hostedtoolcache/Python/3.12.14/x64
2026-09-23T20:18:35.5337943Z   Python2_ROOT_DIR: /opt/hostedtoolcache/Python/3.12.14/x64
2026-09-23T20:18:35.5338403Z   Python3_ROOT_DIR: /opt/hostedtoolcache/Python/3.12.14/x64
2026-09-23T20:18:35.5338867Z   LD_LIBRARY_PATH: /opt/hostedtoolcache/Python/3.12.14/x64/lib
2026-09-23T20:18:35.5339600Z ##[endgroup]
2026-09-23T20:18:35.5589901Z — #208 msgfile-prefix gate selftest
2026-09-23T20:18:35.5788499Z   [OK]   non-wrap prefix (the #170 shape) is seen (expected 1)
2026-09-23T20:18:35.5987726Z   [OK]   WRAP prefix (the shape #170 MISSED) is seen (expected 1)
2026-09-23T20:18:35.6182877Z   [OK]   doubled non-wrap prefix counts 2 (expected 2)
2026-09-23T20:18:35.6377989Z   [OK]   wrap-into-non-wrap stack counts 2 (the hole) (expected 2)
2026-09-23T20:18:35.6572434Z   [OK]   tripled counts 3 (expected 3)
2026-09-23T20:18:35.6763536Z   [OK]   a fresh subject carries no prefix (expected 0)
2026-09-23T20:18:35.6953334Z   [OK]   session ref with no date is not a prefix (expected 0)
2026-09-23T20:18:35.7152280Z   [OK]   date with no session ref is not a prefix (expected 0)
2026-09-23T20:18:35.7349528Z   [OK]   hyphen is not the em-dash separator (expected 0)
2026-09-23T20:18:35.7545098Z   [OK]   prose mentioning a session mid-line (expected 0)
2026-09-23T20:18:35.7740605Z   [OK]   honest subject QUOTING a prior prefix mid-line (expected 1)
2026-09-23T20:18:35.7934947Z   [OK]   a quoted prefix with no prefix of its own (expected 0)
2026-09-23T20:18:35.8128142Z   [OK]   a prefix after a leading word is not a stack (expected 0)
2026-09-23T20:18:35.8144375Z   [OK]   PREFIX_ACK hatch present (declared passes, silent fails)
2026-09-23T20:18:35.8145496Z — s294-D5 push-credential expiry gate selftest (fake clock: APOLLO_FAKE_TODAY)
2026-09-23T20:18:35.8170370Z   [OK]   the stamped expiry is READ from the ledger, one place, one date (expected 2026-11-06)
2026-09-23T20:18:35.8242201Z   [OK]   far out (2026-01-01) ⇒ OK (expected OK)
2026-09-23T20:18:35.8312869Z   [OK]   15 days out (2026-10-22) ⇒ OK — the boundary is NOT off by one (expected OK)
2026-09-23T20:18:35.8382974Z   [OK]   14 days out (2026-10-23) ⇒ WARN (expected WARN)
2026-09-23T20:18:35.8454150Z   [OK]   1 day out (2026-11-05) ⇒ WARN (expected WARN)
2026-09-23T20:18:35.8525214Z   [OK]   the day itself (2026-11-06) ⇒ WARN, not yet expired (expected WARN)
2026-09-23T20:18:35.8595453Z   [OK]   one day past (2026-11-07) ⇒ EXPIRED (expected EXPIRED)
2026-09-23T20:18:35.8667520Z   [OK]   long past (2027-03-01) ⇒ EXPIRED (expected EXPIRED)
2026-09-23T20:18:35.8738853Z   [OK]   days-remaining is COMPUTED, not narrated (2026-10-30 ⇒ 7) (expected 7)
2026-09-23T20:18:35.8765189Z   [OK]   an unreadable stamp ⇒ UNREADABLE (a refusal, never a pass) (expected UNREADABLE)
2026-09-23T20:18:35.8786694Z   [OK]   with no fake clock the gate reads the REAL date (YYYY-MM-DD shape) (expected 1)
2026-09-23T20:18:35.8807622Z   [OK]   no refusal instructs pasting a credential into chat (s294-D5) (expected 0)
2026-09-23T20:18:35.8838388Z   [OK]   the credential is only TESTED, never printed (no unpiped git config remote.origin.url) (expected 0)
2026-09-23T20:18:35.8908126Z   [OK]   the expiry gate sits AFTER the credential check and BEFORE the push (expected 1)
2026-09-23T20:18:35.8909782Z ✓ selftest OK — 28 bites: 6 fire, 7 stay silent, 1 hatch present, 14 on the s294-D5 expiry gate
2026-09-23T20:18:35.8958994Z ##[group]Run python3 knowledge/_validate_evidence.py notes/_claims
2026-09-23T20:18:35.8960255Z [36;1mpython3 knowledge/_validate_evidence.py notes/_claims[0m
2026-09-23T20:18:35.9023167Z shell: /usr/bin/bash -e {0}
2026-09-23T20:18:35.9023550Z env:
2026-09-23T20:18:35.9023832Z   pythonLocation: /opt/hostedtoolcache/Python/3.12.14/x64
2026-09-23T20:18:35.9024304Z   PKG_CONFIG_PATH: /opt/hostedtoolcache/Python/3.12.14/x64/lib/pkgconfig
2026-09-23T20:18:35.9025244Z   Python_ROOT_DIR: /opt/hostedtoolcache/Python/3.12.14/x64
2026-09-23T20:18:35.9025664Z   Python2_ROOT_DIR: /opt/hostedtoolcache/Python/3.12.14/x64
2026-09-23T20:18:35.9026065Z   Python3_ROOT_DIR: /opt/hostedtoolcache/Python/3.12.14/x64
2026-09-23T20:18:35.9026467Z   LD_LIBRARY_PATH: /opt/hostedtoolcache/Python/3.12.14/x64/lib
2026-09-23T20:18:35.9026802Z ##[endgroup]
2026-09-23T20:19:07.0281187Z evidence linter: 336 row(s) from 10 file(s) · 297 mechanical
2026-09-23T20:19:07.0284200Z   ⛔ L1-1 — DEAD POINTER: evidence names `tokens/_blast-radius.json`, which does not exist on disk — a dead pointer reads as evidence. If the ABSENCE is the claim, write `absent:tokens/_blast-radius.json`; if the file lives outside the repo, use the ruled s191-D2 marker `(NON-REPO: <where>)`
2026-09-23T20:19:07.0287723Z   ⛔ L1-4 — s182-D1: MECHANICAL row (tag=PROVEN verdict=None) carries NO probeable token — no command, no existing path, no figure. Evidence: "The verbatim gate line in L1-3. ⛔ Do not quote the brief's numbers"
2026-09-23T20:19:07.0291410Z   ⛔ L1-1 — DEAD POINTER: evidence names `tokens/_blast-radius.json`, which does not exist on disk — a dead pointer reads as evidence. If the ABSENCE is the claim, write `absent:tokens/_blast-radius.json`; if the file lives outside the repo, use the ruled s191-D2 marker `(NON-REPO: <where>)`
2026-09-23T20:19:07.0294760Z   ⛔ C-2 — s182-D1: MECHANICAL row (tag=None verdict=CONFIRMED) carries NO probeable token — no command, no existing path, no figure. Evidence: 'The claim table only counted `PROPOSED` in the snippets. The brief (step 3) requires it in'
2026-09-23T20:19:07.0297781Z   ⛔ H-5 — s182-D1: MECHANICAL row (tag=None verdict=CONFIRMED) carries NO probeable token — no command, no existing path, no figure. Evidence: 'C-6 + L1-10: the six are absent from canon, the generators exist, the reconciliation is av'
2026-09-23T20:19:07.0301450Z   ⛔ W2-13 — DEAD POINTER (truncated): evidence names `notes/x.md…`, and NO path on disk starts with it — the trailing ellipsis does not make a dead pointer legal (#208 laundering hole). Write the full path, or `absent:notes/x.md` if the ABSENCE is the claim, or add the ruled `(NON-REPO: <where>)` marker
2026-09-23T20:19:07.0303522Z ── s182-D1 LINT: 6 failure(s)
2026-09-23T20:19:07.0305538Z ── SAMPLER · seed=205 · pool=230 row(s) with a command · 15 with a declared observation (always drawn) · drawn=20: G-c, W1-5, W2-3, W2-3, W46-11, WIRE-10, WIRE-11, WIRE-13, WIRE-14, WIRE-15, WIRE-18, WIRE-19, WIRE-20, WIRE-21, WIRE-3, WIRE-4, WIRE-5, WIRE-6, WIRE-8, WIRE-9
2026-09-23T20:19:07.0308008Z   ⛔ REFUSED [UNSAFE] G-c — `python3 -c "import _gate_doc_rows as g; g.unrowed(store, pop + [('2026-08-19','notes/_briefs/2026-08`
2026-09-23T20:19:07.0314610Z       `python3 -c` runs arbitrary code — cannot be judged read-only
2026-09-23T20:19:07.0315778Z   ⛔ RC MISMATCH W1-5 — `python3 knowledge/_capture_gate.py --selftest` → rc=1, row declares rc=0
2026-09-23T20:19:07.0316817Z   ⛔ REFUSED [SIDE-EFFECTS] W2-3 — `python3 knowledge/_state.py`
2026-09-23T20:19:07.0318210Z       a bare `python3` REWRITES its tracked audit output; #204 declared this exact stop. Only --check/--selftest/--dry-run forms are sampled
2026-09-23T20:19:07.0319797Z   ⛔ REFUSED [SIDE-EFFECTS] W2-3 — `python3 knowledge/_state.py`
2026-09-23T20:19:07.0320963Z       a bare `python3` REWRITES its tracked audit output; #204 declared this exact stop. Only --check/--selftest/--dry-run forms are sampled
2026-09-23T20:19:07.0322955Z   ⛔ REFUSED [SIDE-EFFECTS] W46-11 — `python3 knowledge/_memento_search.py "brief generator mint open items fences"`
2026-09-23T20:19:07.0324487Z       a bare `python3` REWRITES its tracked audit output; #204 declared this exact stop. Only --check/--selftest/--dry-run forms are sampled
2026-09-23T20:19:07.0325868Z   ⛔ REFUSED [UNSAFE] WIRE-10 — `bash knowledge/_git_commit.sh --selftest`
2026-09-23T20:19:07.0326611Z       head verb 'bash' is not on the read-only allowlist
2026-09-23T20:19:07.0327670Z   ✅ RAN WIRE-11 — `grep -c 'pat.match(s)' knowledge/_git_commit.sh` → rc=0 (matches declared + OBSERVATION)
2026-09-23T20:19:07.0329650Z   ✅ RAN WIRE-13 — `grep -c PREFIX_ACK knowledge/_git_commit.sh` → rc=0 (matches declared + OBSERVATION)
2026-09-23T20:19:07.0330805Z   ⛔ OBSERVATION MISMATCH WIRE-14 — `python3 knowledge/_build_all.py --selftest`
2026-09-23T20:19:07.0333171Z       stdout does NOT contain 'exact-ID failure routing over 127 steps' (declared expect_stdout_contains). First 120 chars of stdout: '  selftest (a): 146 registered step ID(s), each resolves to exactly one route ✓\n  selftest (b): unknown step ID refuses,'
2026-09-23T20:19:07.0335673Z   ✅ RAN WIRE-15 — `python3 knowledge/_probe_registry/_registry.py --run --probe P-3` → rc=77 (matches declared + OBSERVATION)
2026-09-23T20:19:07.0337101Z   ⛔ REFUSED [SIDE-EFFECTS] WIRE-18 — `python3 knowledge/_validate_evidence.py notes/_claims`
2026-09-23T20:19:07.0338472Z       a bare `python3` REWRITES its tracked audit output; #204 declared this exact stop. Only --check/--selftest/--dry-run forms are sampled
2026-09-23T20:19:07.0340573Z   ⛔ REFUSED [SIDE-EFFECTS] WIRE-19 — `python3 knowledge/_join_claim_tables.py notes/_claims/208-wave1-claims.jsonl notes/_claims/208-wave2`
2026-09-23T20:19:07.0342256Z       a bare `python3` REWRITES its tracked audit output; #204 declared this exact stop. Only --check/--selftest/--dry-run forms are sampled
2026-09-23T20:19:07.0343614Z   ⛔ OBSERVATION MISMATCH WIRE-20 — `python3 knowledge/_governs.py --selftest`
2026-09-23T20:19:07.0345736Z       stdout does NOT contain 'all bites green' (declared expect_stdout_contains). First 120 chars of stdout: '_governs: ⬛ DECLARED (#208) — ruling s202-D3 governs the BARE token `knowledge`, which is a real DIRECTORY. Before #208 '
2026-09-23T20:19:07.0347765Z   ⛔ RC MISMATCH WIRE-20 — `python3 knowledge/_governs.py --selftest` → rc=1, row declares rc=0
2026-09-23T20:19:07.0348811Z   ⛔ OBSERVATION MISMATCH WIRE-21 — `grep -c 'fetch-depth: 0' .github/workflows/gates.yml`
2026-09-23T20:19:07.0349866Z       expect_count=3 declared, command observed 4
2026-09-23T20:19:07.0350958Z   ✅ RAN WIRE-3 — `grep -c expect_stdout_contains knowledge/_claimtable.py` → rc=0 (matches declared + OBSERVATION)
2026-09-23T20:19:07.0352318Z   ✅ RAN WIRE-4 — `python3 knowledge/_validate_evidence.py --selftest` → rc=0 (matches declared + OBSERVATION)
2026-09-23T20:19:07.0353679Z   ✅ RAN WIRE-5 — `python3 knowledge/_validate_evidence.py --selftest` → rc=0 (matches declared + OBSERVATION)
2026-09-23T20:19:07.0355064Z   ✅ RAN WIRE-6 — `python3 knowledge/_validate_evidence.py --selftest` → rc=0 (matches declared + OBSERVATION)
2026-09-23T20:19:07.0356398Z   ✅ RAN WIRE-8 — `python3 knowledge/_validate_evidence.py --selftest` → rc=0 (matches declared + OBSERVATION)
2026-09-23T20:19:07.0358062Z   ⛔ REFUSED [SIDE-EFFECTS] WIRE-9 — `python3 knowledge/_validate_evidence.py notes/_claims/208-wave1-claims.jsonl notes/_claims/208-wave2`
2026-09-23T20:19:07.0359930Z       a bare `python3` REWRITES its tracked audit output; #204 declared this exact stop. Only --check/--selftest/--dry-run forms are sampled
2026-09-23T20:19:07.0361619Z ── DECLARED GAP: 8 of 20 sampled row(s) were NOT run. Refusal is the honest answer; none of them is counted as a pass.
2026-09-23T20:19:07.0362823Z ⛔ EVIDENCE GATE FAIL — 6 lint · 0 unparsed · 5 rc/observation mismatch
2026-09-23T20:19:07.0367866Z ##[error]Process completed with exit code 1.
2026-09-23T20:19:07.0400654Z ##[group]Run python3 knowledge/_gate_artefact_fresh.py --check
2026-09-23T20:19:07.0401123Z [36;1mpython3 knowledge/_gate_artefact_fresh.py --check[0m
2026-09-23T20:19:07.0464111Z shell: /usr/bin/bash -e {0}
2026-09-23T20:19:07.0464364Z env:
2026-09-23T20:19:07.0464636Z   pythonLocation: /opt/hostedtoolcache/Python/3.12.14/x64
2026-09-23T20:19:07.0465081Z   PKG_CONFIG_PATH: /opt/hostedtoolcache/Python/3.12.14/x64/lib/pkgconfig
2026-09-23T20:19:07.0465512Z   Python_ROOT_DIR: /opt/hostedtoolcache/Python/3.12.14/x64
2026-09-23T20:19:07.0465899Z   Python2_ROOT_DIR: /opt/hostedtoolcache/Python/3.12.14/x64
2026-09-23T20:19:07.0466480Z   Python3_ROOT_DIR: /opt/hostedtoolcache/Python/3.12.14/x64
2026-09-23T20:19:07.0466877Z   LD_LIBRARY_PATH: /opt/hostedtoolcache/Python/3.12.14/x64/lib
2026-09-23T20:19:07.0467201Z ##[endgroup]
2026-09-23T20:20:02.1641837Z artefact-freshness comparer (⬛ ADVISORY at birth, #221) — 7 declared row(s)
2026-09-23T20:20:02.1642885Z   method: snapshot -> run the writer -> compare -> RESTORE. The tree is byte-identical
2026-09-23T20:20:02.1643965Z   either side; the md5 line below is the receipt, not a promise.
2026-09-23T20:20:02.1645100Z   ✅ _validate_a11y.py                  FRESH          byte-identical (1 artefact(s))
2026-09-23T20:20:02.1647143Z   ⚠ _validate_advisory.py              STALE          _ADVISORY-SIGNALS.md: 255 line(s) -> 263 | - **143 file(s) scanned · 131 signal(s).** | - ## Footer.reference.html — 1 signal(s) | - ## Kpi-tile.refer
2026-09-23T20:20:02.1649096Z   ✅ _validate_theme_provenance.py      FRESH          byte-identical (1 artefact(s))
2026-09-23T20:20:02.1651607Z   ⚠ _build_integrity.py                STALE          _INTEGRITY-REPORT.md: 85 line(s) -> 85 | - - schema: relationships: Additional properties are not allowed ('composes', '$composes-ver | + - schema: re
2026-09-23T20:20:02.1654150Z   ⚠ _build_instrument_fit.py           STALE          _INSTRUMENT-FIT.md: 149 line(s) -> 154 | - | **UNDER-INSTRUMENTED** | 12 | a gate names it but sits BELOW the rung its property needs | - | **TOTAL** 
2026-09-23T20:20:02.1655759Z   ✅ _validate_radius.py                FRESH          byte-identical (1 artefact(s))
2026-09-23T20:20:02.1656644Z   ✅ _validate_no_hardcode.py           FRESH          byte-identical (1 artefact(s))
2026-09-23T20:20:02.1657435Z   tally: 4 FRESH · 3 STALE · 0 COULD-NOT-ASK
2026-09-23T20:20:02.1658248Z   ⚠ A STALE ROW IS A PUBLISHED REPORT THAT NO LONGER DESCRIBES THE TREE. It is not
2026-09-23T20:20:02.1659516Z     a build failure — the fix is to regenerate and commit the artefact, which is a
2026-09-23T20:20:02.1660420Z     REGENERATION and therefore obeys the ordered-serial rule (#210).
2026-09-23T20:20:02.1661473Z       · _validate_advisory.py -> _ADVISORY-SIGNALS.md   [L1: L1: 123 -> 130 signals]
2026-09-23T20:20:02.1662893Z       · _build_integrity.py -> _INTEGRITY-REPORT.md   [L1: L1: 19 -> 21 warnings, 1030 -> 1035 leaf tokens, 41 -> 42 groups; imports jsonschema]
2026-09-23T20:20:02.1664590Z       · _build_instrument_fit.py -> _INSTRUMENT-FIT.md, _instrument-fit.json   [L1: L1: adds the missing _validate_hidden_display.py row]
2026-09-23T20:20:02.1665962Z   ⬛ ADVISORY: exit 0 regardless of drift. Promotion to blocking is DAVE'S (#220-L1 ruling-shaped Q3).
2026-09-23T20:20:02.1738776Z ##[group]Run python3 knowledge/_gate_inline_style_parse.py --check
2026-09-23T20:20:02.1739452Z [36;1mpython3 knowledge/_gate_inline_style_parse.py --check[0m
2026-09-23T20:20:02.1801819Z shell: /usr/bin/bash -e {0}
2026-09-23T20:20:02.1802071Z env:
2026-09-23T20:20:02.1802340Z   pythonLocation: /opt/hostedtoolcache/Python/3.12.14/x64
2026-09-23T20:20:02.1802796Z   PKG_CONFIG_PATH: /opt/hostedtoolcache/Python/3.12.14/x64/lib/pkgconfig
2026-09-23T20:20:02.1803244Z   Python_ROOT_DIR: /opt/hostedtoolcache/Python/3.12.14/x64
2026-09-23T20:20:02.1803627Z   Python2_ROOT_DIR: /opt/hostedtoolcache/Python/3.12.14/x64
2026-09-23T20:20:02.1804014Z   Python3_ROOT_DIR: /opt/hostedtoolcache/Python/3.12.14/x64
2026-09-23T20:20:02.1804415Z   LD_LIBRARY_PATH: /opt/hostedtoolcache/Python/3.12.14/x64/lib
2026-09-23T20:20:02.1804743Z ##[endgroup]
2026-09-23T20:20:02.3400503Z inline-style parse gate (⬛ ADVISORY at birth, #221 — the #122 seed)
2026-09-23T20:20:02.3401580Z   reader: html.parser (stdlib) · population: 11 file(s) · scope: DEF-004's own property families
2026-09-23T20:20:02.3402870Z   259 style attribute(s) parsed · 0 hardcode finding(s) · 0 PARSER-ONLY (the regex is blind) · 1 REGEX-ONLY (the regex hallucinates)
2026-09-23T20:20:02.3404991Z   ⬛ REGEX-ONLY: Tranche-1-interactive.html — the tree's pattern reads this as a live style attribute; a parse of the static document does NOT. It is in a comment, a <script> string, or a text node: 'margin-top:var(--space-8)'
2026-09-23T20:20:02.3406744Z      ⚠ READ THIS CAREFULLY BEFORE ACTING ON IT — a REGEX-ONLY hit is not
2026-09-23T20:20:02.3407465Z        automatically the regex being wrong. The one on this tree today is inside a
2026-09-23T20:20:02.3408309Z        `card.innerHTML='…'` string, so the static parse is right about the DOCUMENT
2026-09-23T20:20:02.3409048Z        and the value is nonetheless real at RUNTIME. The honest conclusion is that
2026-09-23T20:20:02.3409980Z        NEITHER reader is authoritative over injected markup, and this gate reports
2026-09-23T20:20:02.3410767Z        the disagreement rather than picking a winner. [[measure-dont-convert-units]]
2026-09-23T20:20:02.3411938Z   ✅ every style attribute in the population parses, and every declaration in one is either untouched by DEF-004 or already a token.
2026-09-23T20:20:02.3413490Z   ⬛ ADVISORY: exit 0 regardless. This is ONE parser over the NARROWEST population where a parser would have caught a proved false green (#220-L1 finding 12).
2026-09-23T20:20:02.3415023Z   ⬛ Widening it to the other seven regex gates is PRICED, not built, and whether a non-stdlib CSS parser may enter the gate set is DAVE'S.
2026-09-23T20:20:02.3563291Z Post job cleanup.
2026-09-23T20:20:02.4445327Z [command]/usr/bin/git version
2026-09-23T20:20:02.4491413Z git version 2.55.0
2026-09-23T20:20:02.4538157Z Temporarily overriding HOME='/home/runner/work/_temp/81c7f1c1-bee9-468d-879a-0281c8707c38' before making global git config changes
2026-09-23T20:20:02.4539919Z Adding repository directory to the temporary git global config as a safe directory
2026-09-23T20:20:02.4544365Z [command]/usr/bin/git config --global --add safe.directory /home/runner/work/UX-design/UX-design
2026-09-23T20:20:02.4577485Z Removing SSH command configuration
2026-09-23T20:20:02.4584587Z [command]/usr/bin/git config --local --name-only --get-regexp core\.sshCommand
2026-09-23T20:20:02.4619935Z [command]/usr/bin/git submodule foreach --recursive sh -c "git config --local --name-only --get-regexp 'core\.sshCommand' && git config --local --unset-all 'core.sshCommand' || :"
2026-09-23T20:20:02.4888679Z Removing HTTP extra header
2026-09-23T20:20:02.4889792Z [command]/usr/bin/git config --local --name-only --get-regexp http\.https\:\/\/github\.com\/\.extraheader
2026-09-23T20:20:02.4931932Z [command]/usr/bin/git submodule foreach --recursive sh -c "git config --local --name-only --get-regexp 'http\.https\:\/\/github\.com\/\.extraheader' && git config --local --unset-all 'http.https://github.com/.extraheader' || :"
2026-09-23T20:20:02.5201880Z Removing includeIf entries pointing to credentials config files
2026-09-23T20:20:02.5210131Z [command]/usr/bin/git config --local --name-only --get-regexp ^includeIf\.gitdir:
2026-09-23T20:20:02.5239495Z includeif.gitdir:/home/runner/work/UX-design/UX-design/.git.path
2026-09-23T20:20:02.5240588Z includeif.gitdir:/home/runner/work/UX-design/UX-design/.git/worktrees/*.path
2026-09-23T20:20:02.5241658Z includeif.gitdir:/github/workspace/.git.path
2026-09-23T20:20:02.5242627Z includeif.gitdir:/github/workspace/.git/worktrees/*.path
2026-09-23T20:20:02.5251156Z [command]/usr/bin/git config --local --get-all includeif.gitdir:/home/runner/work/UX-design/UX-design/.git.path
2026-09-23T20:20:02.5279874Z /home/runner/work/_temp/git-credentials-982652ba-6c04-412e-a863-9b72ddd7b2e0.config
2026-09-23T20:20:02.5292830Z [command]/usr/bin/git config --local --unset includeif.gitdir:/home/runner/work/UX-design/UX-design/.git.path /home/runner/work/_temp/git-credentials-982652ba-6c04-412e-a863-9b72ddd7b2e0.config
2026-09-23T20:20:02.5335630Z [command]/usr/bin/git config --local --get-all includeif.gitdir:/home/runner/work/UX-design/UX-design/.git/worktrees/*.path
2026-09-23T20:20:02.5363710Z /home/runner/work/_temp/git-credentials-982652ba-6c04-412e-a863-9b72ddd7b2e0.config
2026-09-23T20:20:02.5375046Z [command]/usr/bin/git config --local --unset includeif.gitdir:/home/runner/work/UX-design/UX-design/.git/worktrees/*.path /home/runner/work/_temp/git-credentials-982652ba-6c04-412e-a863-9b72ddd7b2e0.config
2026-09-23T20:20:02.5416056Z [command]/usr/bin/git config --local --get-all includeif.gitdir:/github/workspace/.git.path
2026-09-23T20:20:02.5443369Z /github/runner_temp/git-credentials-982652ba-6c04-412e-a863-9b72ddd7b2e0.config
2026-09-23T20:20:02.5452515Z [command]/usr/bin/git config --local --unset includeif.gitdir:/github/workspace/.git.path /github/runner_temp/git-credentials-982652ba-6c04-412e-a863-9b72ddd7b2e0.config
2026-09-23T20:20:02.5489568Z [command]/usr/bin/git config --local --get-all includeif.gitdir:/github/workspace/.git/worktrees/*.path
2026-09-23T20:20:02.5515159Z /github/runner_temp/git-credentials-982652ba-6c04-412e-a863-9b72ddd7b2e0.config
2026-09-23T20:20:02.5526968Z [command]/usr/bin/git config --local --unset includeif.gitdir:/github/workspace/.git/worktrees/*.path /github/runner_temp/git-credentials-982652ba-6c04-412e-a863-9b72ddd7b2e0.config
2026-09-23T20:20:02.5566615Z [command]/usr/bin/git submodule foreach --recursive git config --local --show-origin --name-only --get-regexp remote.origin.url
2026-09-23T20:20:02.5810523Z Removing credentials config '/home/runner/work/_temp/git-credentials-982652ba-6c04-412e-a863-9b72ddd7b2e0.config'
2026-09-23T20:20:02.5955777Z Cleaning up orphan processes
