— msgfile head: the #301 wrap - the window was raised, and the ask is still open
— msgfile line 1 carries no T3 prefix (#208 reuse gate passed)
  ✅ _CHAIN.md is FRESH — byte-matches the live chain · GM header+LATEST 4855 tk · LS LATEST delta only (of 42 delta lines) 944 tk · FILE 6,650 tiktoken cl100k_base = slice 5,799 + wrapper 851 · fixed point in 2 pass(es)
— chain fresh (_gen_chain.py --check passed)
doc-row gate: population 583 (added >= 2026-08-15, PICKED) · of which staged-in-THIS-commit 0 (#207 postscript: the single-commit blindspot) · unrowed 0
✅ PASS — every in-scope document has a store row.
— doc rows present (_gate_doc_rows.py passed)
gen_showroom --check OK — 137 page(s) + index in sync (index owned by knowledge/_render/gen_library_214.py).
— showroom in sync (gen_showroom --check passed, s191-D1)
polarity gate (s238-D7): home knowledge/brain · rows 30 (live 30 · retired 0) · parties 68 (principle 45 · obligation 6 · ruling 2 · stub 15) · stubs declared 15 · links 21 by type challengedBy=4 explainedBy=1 resolvedBy=7 touches=9 · refusals asked: R1 R2 R3 R4 R5 — none fired
  quotes 21: verbatim against their source rows in notes/_subreports/assets/2026-09-02-236-R1-principles-survey/tensions.json — 21 verified (an unverifiable quote is refused, never declared — Q3 #239) · schema pinned c2c165ac126d… + 54 floors · receipt $migration verified
  receipts (s240-D3): ONE pointer per node — R1 register row 30 · $seed ruling id 0 · retiredBy 0
  RULE R-OBLIGATION: >=1 party resolves to a principles.json row whose grade is L (= OBLIGATION, s237-D1; a node type no principle can outrank, s237-D2) -> settled-by-obligation. Applied FIRST.
  RULE R-RESOLVED: >=1 link typed resolvedBy whose ref is a live ruling in knowledge/_rulings.json -> resolved. (237-T's R-RESOLVED read how_it_resolves prose for an id; the typed link IS that citation, migrated.)
  RULE R-OPEN: the complement.
  RULE RULE-K/RULE-D: knowable_how / disposition / ask_when / factory_default are COPIED per open row from 237-T's open-tensions.json, FLOATED — the four ask-whens are Dave's (s238-D3); this file rules nothing. `factory_default` is the GRILL's sense of default (value used because nothing was asked), not s219-D3's shipped option.
  status derived: settled-by-obligation 6 · resolved 4 · open 20   (237-T at its clock: 6 · 3 · 21)
  RULE EDGES: for each polarity, for each unordered pair of parties on DIFFERENT sides whose refs both resolve to principles.json rows (principle or obligation) -> one edge carrying the polarity id and its mediating variable. Same-side pairs produce NO edge (237-T finding 4: tn-19's three persuasion principles are one side). Stubs and rulings produce NO edge (237-T finding 3: an edge needs a register node at both ends). This is a VIEW: the node is the home (s238-D1).
  edges derived: 22
  D-DECLARE (s238-D5): a polarity's factory default is DECLARED iff it BENT AWAY FROM THE CONSERVATIVE SIDE — not all of them, not on demand.  open 20 · declared 0 · UNPROVEN 20 (conservative side not carried as data)
  ✓ _generated/polarity-status.json fresh (generated_at 2026-09-02T15:18:55Z, content byte-identical)
  ✓ _generated/polarity-edges.json fresh (generated_at 2026-09-02T15:18:55Z, content byte-identical)
  ✓ _generated/defaults-declaration.txt fresh (generated_at 2026-09-02T15:18:55Z, content byte-identical)
✓ polarity gate GREEN — five refusals asked and none fired; generated files content-fresh
— polarity gate green (_validate_polarities.py --check passed, s238-D7)
— mention map STALE — regenerating the ONE file this generator owns:
graph mention map: 102 of 102 node(s) mentioned, 1935 record hit(s) total -> _graph-mention-map.json
graph mention map --check: current (102 of 102 node(s) mentioned)
✗ MENTION-MAP GATE (#208, the [110] re-stale class, 3rd recurrence): the map was stale and has been REGENERATED just now — knowledge/_graph-mention-map.json. It is NOT staged, because this script never stages a path you did not name (P5, ruled 2026-08-02). Re-run this exact command with that path appended to your list. Nothing has been staged by this run.
