— 152 steps read from _build_all.STEPS by ast (never imported) · per-step timeout 60s · ALL steps (mutating included)

  ✅ [101] DataViz gate selftest — bite-tests dv-004 + the dtype vocabula
  ✅ [102] property-resolves gate C2 — silent-lookup class (BLOCKING, ds-
  ✅ [103] property-resolves gate C2 selftest — 4 bites + a bite-the-bite
  ✅ [104] dataviz var-resolution gate — markup fill/stroke var() per the
  ✅ [105] dataviz var-resolution gate selftest — 8 arms incl. alias chai
  ✅ [106] minted-token consumption inventory — declared-but-never-read (
  ✅ [107] minted-consumption selftest — 10 arms incl. both false-positiv
  ✅ [108] hidden-attr vs author-display sweep — painted while hidden (AD
  ✅ [109] hidden-attr display selftest — 16 bites incl. the real #218 mu
  ✅ [110] reverse-text edge-extremity check {#col26-020} (advisory)
  ✅ [111] compliance verification edges — applies_to vs verified_by (adv
  ✅ [112] external automatable-check refs — axe-core import (advisory)
  ✅ [113] consult index — problem-domain query surface
  ✅ [114] consult tool selftest (advisory)
  ✅ [115] search core selftest — two-stage engine + receipt format (O2′ 
  ✅ [116] memento index — the Memento door's corpus (O2′ #25)
  ✅ [117] memento index determinism check (O2′ #25)
  ✅ [118] memento index selftest — contract refusals + determinism (O2′ 
  ✅ [119] memento search selftest — known-answer retrieval + fetch refus
  ✅ [120] graph mention map — the decision-graph/memento-index join (#11
  ✅ [121] graph mention map determinism check (#115 step 0)
  ✅ [122] graph mention map selftest — hit/miss/refusal bites (#115 step
  ✅ [123] read chain file — _CHAIN.md, the cold-start door (#41)
  ✅ [124] read chain determinism check — stale _CHAIN.md serves a PREVIO
  ✅ [125] read chain selftest — verbatim terms + the CUT + refusal on a 
  ✅ [126] GM size stamp check — a TYPED `size:` figure / drift past the 
  ✅ [127] GM size stamp selftest — the fixed point, the 2-cycle refusal,

==============================================================================
SURVEY: 27 pass · 0 FAIL · 0 COULD-NOT-ASK (self-declared refusals) · 0 unaskable (missing/timed out) · 0 not asked (mutating) · 125 outside --range 101:127 (not asked)
⚠ 'not asked' is NOT 'passing' — it is excluded from the exit code, deliberately.
⚠ 'COULD-NOT-ASK' is NOT 'passing' either. It is a step that named the input it could
  not reach, so the job does not go red for an ENVIRONMENT fact dressed as an artefact
  verdict (#173/#183, generalised #193). Every one is printed in full below. A step
  that timed out or is MISSING is a different thing and still fails: nobody asked it
  and it never said why.
⚠ A RANGED SURVEY IS A PARTIAL VERDICT: only a full pass over all steps, or consecutive ranges covering them, says anything about the build.

— recorded → /sessions/rcw-0115rtjy4mpbeejfbjiuhael/c6s/notes/_BUILD-VERDICT-LOG.jsonl
