2026-09-24T17:38:34.5246304Z Current runner version: '2.337.0'
2026-09-24T17:38:34.5281284Z ##[group]Runner Image Provisioner
2026-09-24T17:38:34.5282565Z Hosted Compute Agent
2026-09-24T17:38:34.5283696Z Version: 20260828.587
2026-09-24T17:38:34.5284681Z Commit: abac92662cab4cc7352de4f9f9d2e2419aad9c29
2026-09-24T17:38:34.5285844Z Build Date: 2026-08-28T16:44:25Z
2026-09-24T17:38:34.5287111Z Worker ID: {b7f2375e-aa3e-4b59-966d-f23ea0bf5225}
2026-09-24T17:38:34.5288284Z Azure Region: eastus2
2026-09-24T17:38:34.5289254Z ##[endgroup]
2026-09-24T17:38:34.5291800Z ##[group]Operating System
2026-09-24T17:38:34.5292862Z Ubuntu
2026-09-24T17:38:34.5293834Z 24.04.5
2026-09-24T17:38:34.5294710Z LTS
2026-09-24T17:38:34.5296593Z ##[endgroup]
2026-09-24T17:38:34.5297566Z ##[group]Runner Image
2026-09-24T17:38:34.5298525Z Image: ubuntu-24.04
2026-09-24T17:38:34.5299749Z Version: 20260920.314.1
2026-09-24T17:38:34.5301804Z Included Software: https://github.com/actions/runner-images/blob/ubuntu24/20260920.314/images/ubuntu/Ubuntu2404-Readme.md
2026-09-24T17:38:34.5304508Z Image Release: https://github.com/actions/runner-images/releases/tag/ubuntu24%2F20260920.314
2026-09-24T17:38:34.5306122Z ##[endgroup]
2026-09-24T17:38:34.5308177Z ##[group]GITHUB_TOKEN Permissions
2026-09-24T17:38:34.5311382Z Contents: read
2026-09-24T17:38:34.5312432Z Metadata: read
2026-09-24T17:38:34.5313383Z Packages: read
2026-09-24T17:38:34.5314335Z ##[endgroup]
2026-09-24T17:38:34.5317797Z Secret source: Actions
2026-09-24T17:38:34.5319196Z Cache mode: write
2026-09-24T17:38:34.5320896Z Prepare workflow directory
2026-09-24T17:38:34.5784033Z Prepare all required actions
2026-09-24T17:38:34.5853310Z Getting action download info
2026-09-24T17:38:34.8159218Z Download action repository 'actions/checkout@v6' (SHA:d23441a48e516b6c34aea4fa41551a30e30af803)
2026-09-24T17:38:34.9311879Z Download action repository 'actions/setup-python@v6' (SHA:ece7cb06caefa5fff74198d8649806c4678c61a1)
2026-09-24T17:38:35.1464305Z Complete job name: gates
2026-09-24T17:38:35.2239741Z ##[group]Run actions/checkout@v6
2026-09-24T17:38:35.2240719Z with:
2026-09-24T17:38:35.2241157Z   fetch-depth: 0
2026-09-24T17:38:35.2241616Z   repository: daveasewen/UX-design
2026-09-24T17:38:35.2245402Z   token: ***
2026-09-24T17:38:35.2245843Z   ssh-strict: true
2026-09-24T17:38:35.2246279Z   ssh-user: git
2026-09-24T17:38:35.2246726Z   persist-credentials: true
2026-09-24T17:38:35.2247218Z   clean: true
2026-09-24T17:38:35.2247663Z   sparse-checkout-cone-mode: true
2026-09-24T17:38:35.2248181Z   fetch-tags: false
2026-09-24T17:38:35.2248624Z   show-progress: true
2026-09-24T17:38:35.2249060Z   lfs: false
2026-09-24T17:38:35.2249647Z   submodules: false
2026-09-24T17:38:35.2250098Z   set-safe-directory: true
2026-09-24T17:38:35.2250603Z   allow-unsafe-pr-checkout: false
2026-09-24T17:38:35.2251323Z ##[endgroup]
2026-09-24T17:38:35.3276034Z Syncing repository: daveasewen/UX-design
2026-09-24T17:38:35.3278653Z ##[group]Getting Git version info
2026-09-24T17:38:35.3279717Z Working directory is '/home/runner/work/UX-design/UX-design'
2026-09-24T17:38:35.3280859Z [command]/usr/bin/git version
2026-09-24T17:38:35.3327655Z git version 2.55.0
2026-09-24T17:38:35.3363045Z ##[endgroup]
2026-09-24T17:38:35.3371087Z Temporarily overriding HOME='/home/runner/work/_temp/8e2b1ad8-d728-4a4e-b146-2c9b7cc162c6' before making global git config changes
2026-09-24T17:38:35.3373713Z Adding repository directory to the temporary git global config as a safe directory
2026-09-24T17:38:35.3375954Z [command]/usr/bin/git config --global --add safe.directory /home/runner/work/UX-design/UX-design
2026-09-24T17:38:35.3428194Z Deleting the contents of '/home/runner/work/UX-design/UX-design'
2026-09-24T17:38:35.3434325Z ##[group]Determining repository object format
2026-09-24T17:38:35.3436527Z ##[endgroup]
2026-09-24T17:38:35.3437617Z ##[group]Initializing the repository
2026-09-24T17:38:35.3441728Z [command]/usr/bin/git init /home/runner/work/UX-design/UX-design
2026-09-24T17:38:35.3537588Z hint: Using 'master' as the name for the initial branch. This default branch name
2026-09-24T17:38:35.3540077Z hint: will change to "main" in Git 3.0. To configure the initial branch name
2026-09-24T17:38:35.3541588Z hint: to use in all of your new repositories, which will suppress this warning,
2026-09-24T17:38:35.3542756Z hint: call:
2026-09-24T17:38:35.3543411Z hint:
2026-09-24T17:38:35.3544175Z hint: 	git config --global init.defaultBranch <name>
2026-09-24T17:38:35.3545178Z hint:
2026-09-24T17:38:35.3546127Z hint: Names commonly chosen instead of 'master' are 'main', 'trunk' and
2026-09-24T17:38:35.3547601Z hint: 'development'. The just-created branch can be renamed via this command:
2026-09-24T17:38:35.3548773Z hint:
2026-09-24T17:38:35.3549565Z hint: 	git branch -m <name>
2026-09-24T17:38:35.3550319Z hint:
2026-09-24T17:38:35.3551249Z hint: Disable this message with "git config set advice.defaultBranchName false"
2026-09-24T17:38:35.3552818Z Initialized empty Git repository in /home/runner/work/UX-design/UX-design/.git/
2026-09-24T17:38:35.3556711Z [command]/usr/bin/git remote add origin https://github.com/daveasewen/UX-design
2026-09-24T17:38:35.3605738Z ##[endgroup]
2026-09-24T17:38:35.3606917Z ##[group]Disabling automatic garbage collection
2026-09-24T17:38:35.3610164Z [command]/usr/bin/git config --local gc.auto 0
2026-09-24T17:38:35.3642606Z ##[endgroup]
2026-09-24T17:38:35.3644026Z ##[group]Setting up auth
2026-09-24T17:38:35.3644994Z Removing SSH command configuration
2026-09-24T17:38:35.3650555Z [command]/usr/bin/git config --local --name-only --get-regexp core\.sshCommand
2026-09-24T17:38:35.3686011Z [command]/usr/bin/git submodule foreach --recursive sh -c "git config --local --name-only --get-regexp 'core\.sshCommand' && git config --local --unset-all 'core.sshCommand' || :"
2026-09-24T17:38:35.4070766Z Removing HTTP extra header
2026-09-24T17:38:35.4072404Z [command]/usr/bin/git config --local --name-only --get-regexp http\.https\:\/\/github\.com\/\.extraheader
2026-09-24T17:38:35.4115335Z [command]/usr/bin/git submodule foreach --recursive sh -c "git config --local --name-only --get-regexp 'http\.https\:\/\/github\.com\/\.extraheader' && git config --local --unset-all 'http.https://github.com/.extraheader' || :"
2026-09-24T17:38:35.4370459Z Removing includeIf entries pointing to credentials config files
2026-09-24T17:38:35.4377825Z [command]/usr/bin/git config --local --name-only --get-regexp ^includeIf\.gitdir:
2026-09-24T17:38:35.4419610Z [command]/usr/bin/git submodule foreach --recursive git config --local --show-origin --name-only --get-regexp remote.origin.url
2026-09-24T17:38:35.4751825Z [command]/usr/bin/git config --file /home/runner/work/_temp/git-credentials-a4b01e33-e1cb-4eef-ba4e-d54f20c32b2e.config http.https://github.com/.extraheader AUTHORIZATION: basic ***
2026-09-24T17:38:35.4756080Z [command]/usr/bin/git config --local includeIf.gitdir:/home/runner/work/UX-design/UX-design/.git.path /home/runner/work/_temp/git-credentials-a4b01e33-e1cb-4eef-ba4e-d54f20c32b2e.config
2026-09-24T17:38:35.4768621Z [command]/usr/bin/git config --local includeIf.gitdir:/home/runner/work/UX-design/UX-design/.git/worktrees/*.path /home/runner/work/_temp/git-credentials-a4b01e33-e1cb-4eef-ba4e-d54f20c32b2e.config
2026-09-24T17:38:35.4815251Z [command]/usr/bin/git config --local includeIf.gitdir:/github/workspace/.git.path /github/runner_temp/git-credentials-a4b01e33-e1cb-4eef-ba4e-d54f20c32b2e.config
2026-09-24T17:38:35.4872310Z [command]/usr/bin/git config --local includeIf.gitdir:/github/workspace/.git/worktrees/*.path /github/runner_temp/git-credentials-a4b01e33-e1cb-4eef-ba4e-d54f20c32b2e.config
2026-09-24T17:38:35.4906762Z ##[endgroup]
2026-09-24T17:38:35.4907682Z ##[group]Fetching the repository
2026-09-24T17:38:35.4915946Z [command]/usr/bin/git -c protocol.version=2 fetch --no-tags --prune --no-recurse-submodules origin +refs/heads/*:refs/remotes/origin/* +refs/tags/*:refs/tags/*
2026-09-24T17:39:01.9690174Z From https://github.com/daveasewen/UX-design
2026-09-24T17:39:01.9691668Z  * [new branch]        master     -> origin/master
2026-09-24T17:39:01.9703323Z [command]/usr/bin/git branch --list --remote origin/master
2026-09-24T17:39:01.9736197Z   origin/master
2026-09-24T17:39:01.9745179Z [command]/usr/bin/git rev-parse refs/remotes/origin/master
2026-09-24T17:39:01.9772302Z 6c881313632c144403753788479b5531c1e36a7a
2026-09-24T17:39:01.9776309Z ##[endgroup]
2026-09-24T17:39:01.9776859Z ##[group]Determining the checkout info
2026-09-24T17:39:01.9777803Z ##[endgroup]
2026-09-24T17:39:01.9782403Z [command]/usr/bin/git sparse-checkout disable
2026-09-24T17:39:01.9834397Z [command]/usr/bin/git config --local --unset-all extensions.worktreeConfig
2026-09-24T17:39:01.9868704Z ##[group]Checking out the ref
2026-09-24T17:39:01.9872601Z [command]/usr/bin/git checkout --progress --force -B master refs/remotes/origin/master
2026-09-24T17:39:03.0110163Z Updating files:  21% (2033/9476)
2026-09-24T17:39:03.0295530Z Updating files:  22% (2085/9476)
2026-09-24T17:39:03.0503089Z Updating files:  23% (2180/9476)
2026-09-24T17:39:03.1031333Z Updating files:  24% (2275/9476)
2026-09-24T17:39:03.1069739Z Updating files:  25% (2369/9476)
2026-09-24T17:39:03.1121216Z Updating files:  26% (2464/9476)
2026-09-24T17:39:03.1160222Z Updating files:  27% (2559/9476)
2026-09-24T17:39:03.1195235Z Updating files:  28% (2654/9476)
2026-09-24T17:39:03.1238243Z Updating files:  29% (2749/9476)
2026-09-24T17:39:03.1277254Z Updating files:  30% (2843/9476)
2026-09-24T17:39:03.1314328Z Updating files:  31% (2938/9476)
2026-09-24T17:39:03.1634883Z Updating files:  32% (3033/9476)
2026-09-24T17:39:03.2280784Z Updating files:  33% (3128/9476)
2026-09-24T17:39:03.2935932Z Updating files:  34% (3222/9476)
2026-09-24T17:39:03.3206552Z Updating files:  35% (3317/9476)
2026-09-24T17:39:03.3277512Z Updating files:  36% (3412/9476)
2026-09-24T17:39:03.3380121Z Updating files:  37% (3507/9476)
2026-09-24T17:39:03.3459006Z Updating files:  38% (3601/9476)
2026-09-24T17:39:03.3571002Z Updating files:  39% (3696/9476)
2026-09-24T17:39:03.3685085Z Updating files:  40% (3791/9476)
2026-09-24T17:39:03.6142854Z Updating files:  41% (3886/9476)
2026-09-24T17:39:03.6284486Z Updating files:  42% (3980/9476)
2026-09-24T17:39:03.6354222Z Updating files:  43% (4075/9476)
2026-09-24T17:39:03.6736983Z Updating files:  44% (4170/9476)
2026-09-24T17:39:03.7165640Z Updating files:  45% (4265/9476)
2026-09-24T17:39:03.7316521Z Updating files:  46% (4359/9476)
2026-09-24T17:39:03.7663580Z Updating files:  47% (4454/9476)
2026-09-24T17:39:03.7742605Z Updating files:  48% (4549/9476)
2026-09-24T17:39:03.7806856Z Updating files:  49% (4644/9476)
2026-09-24T17:39:03.8956966Z Updating files:  50% (4738/9476)
2026-09-24T17:39:04.0028087Z Updating files:  51% (4833/9476)
2026-09-24T17:39:04.0554339Z Updating files:  51% (4866/9476)
2026-09-24T17:39:04.0779680Z Updating files:  52% (4928/9476)
2026-09-24T17:39:04.1468416Z Updating files:  53% (5023/9476)
2026-09-24T17:39:04.2932690Z Updating files:  54% (5118/9476)
2026-09-24T17:39:04.3512140Z Updating files:  55% (5212/9476)
2026-09-24T17:39:04.3791941Z Updating files:  56% (5307/9476)
2026-09-24T17:39:04.4249179Z Updating files:  57% (5402/9476)
2026-09-24T17:39:04.4650495Z Updating files:  58% (5497/9476)
2026-09-24T17:39:04.4957390Z Updating files:  59% (5591/9476)
2026-09-24T17:39:04.5248462Z Updating files:  60% (5686/9476)
2026-09-24T17:39:04.5317557Z Updating files:  61% (5781/9476)
2026-09-24T17:39:04.5453469Z Updating files:  62% (5876/9476)
2026-09-24T17:39:04.5624848Z Updating files:  63% (5970/9476)
2026-09-24T17:39:04.5840542Z Updating files:  64% (6065/9476)
2026-09-24T17:39:04.6178791Z Updating files:  65% (6160/9476)
2026-09-24T17:39:04.6894738Z Updating files:  66% (6255/9476)
2026-09-24T17:39:04.9616219Z Updating files:  67% (6349/9476)
2026-09-24T17:39:05.0010487Z Updating files:  68% (6444/9476)
2026-09-24T17:39:05.0214957Z Updating files:  68% (6519/9476)
2026-09-24T17:39:05.1046902Z Updating files:  69% (6539/9476)
2026-09-24T17:39:05.1852938Z Updating files:  70% (6634/9476)
2026-09-24T17:39:05.2453709Z Updating files:  71% (6728/9476)
2026-09-24T17:39:05.2711270Z Updating files:  72% (6823/9476)
2026-09-24T17:39:05.2780392Z Updating files:  73% (6918/9476)
2026-09-24T17:39:05.2925971Z Updating files:  74% (7013/9476)
2026-09-24T17:39:05.3060151Z Updating files:  75% (7107/9476)
2026-09-24T17:39:05.3192342Z Updating files:  76% (7202/9476)
2026-09-24T17:39:05.3282962Z Updating files:  77% (7297/9476)
2026-09-24T17:39:05.3387436Z Updating files:  78% (7392/9476)
2026-09-24T17:39:05.3545882Z Updating files:  79% (7487/9476)
2026-09-24T17:39:05.3904246Z Updating files:  80% (7581/9476)
2026-09-24T17:39:05.4640515Z Updating files:  81% (7676/9476)
2026-09-24T17:39:05.4778735Z Updating files:  82% (7771/9476)
2026-09-24T17:39:05.4823373Z Updating files:  83% (7866/9476)
2026-09-24T17:39:05.4869002Z Updating files:  84% (7960/9476)
2026-09-24T17:39:05.5150767Z Updating files:  85% (8055/9476)
2026-09-24T17:39:05.5436105Z Updating files:  86% (8150/9476)
2026-09-24T17:39:05.5604851Z Updating files:  87% (8245/9476)
2026-09-24T17:39:05.6342176Z Updating files:  88% (8339/9476)
2026-09-24T17:39:05.7656435Z Updating files:  89% (8434/9476)
2026-09-24T17:39:05.8118509Z Updating files:  90% (8529/9476)
2026-09-24T17:39:05.8296345Z Updating files:  91% (8624/9476)
2026-09-24T17:39:05.8444585Z Updating files:  92% (8718/9476)
2026-09-24T17:39:05.8668873Z Updating files:  93% (8813/9476)
2026-09-24T17:39:05.9166572Z Updating files:  94% (8908/9476)
2026-09-24T17:39:05.9290294Z Updating files:  95% (9003/9476)
2026-09-24T17:39:05.9384603Z Updating files:  96% (9097/9476)
2026-09-24T17:39:05.9456254Z Updating files:  97% (9192/9476)
2026-09-24T17:39:05.9798046Z Updating files:  98% (9287/9476)
2026-09-24T17:39:06.0001345Z Updating files:  99% (9382/9476)
2026-09-24T17:39:06.0073135Z Updating files:  99% (9444/9476)
2026-09-24T17:39:06.0073907Z Updating files: 100% (9476/9476)
2026-09-24T17:39:06.0074314Z Updating files: 100% (9476/9476), done.
2026-09-24T17:39:06.0181607Z Reset branch 'master'
2026-09-24T17:39:06.0186803Z branch 'master' set up to track 'origin/master'.
2026-09-24T17:39:06.0274881Z ##[endgroup]
2026-09-24T17:39:06.0325028Z [command]/usr/bin/git log -1 --format=%H
2026-09-24T17:39:06.0356776Z 6c881313632c144403753788479b5531c1e36a7a
2026-09-24T17:39:06.0693126Z ##[group]Run actions/setup-python@v6
2026-09-24T17:39:06.0693420Z with:
2026-09-24T17:39:06.0693641Z   python-version: 3.12
2026-09-24T17:39:06.0693878Z   check-latest: false
2026-09-24T17:39:06.0696225Z   token: ***
2026-09-24T17:39:06.0696460Z   update-environment: true
2026-09-24T17:39:06.0696719Z   allow-prereleases: false
2026-09-24T17:39:06.0696970Z   freethreaded: false
2026-09-24T17:39:06.0697196Z ##[endgroup]
2026-09-24T17:39:06.1981576Z ##[group]Installed versions
2026-09-24T17:39:06.2077112Z Successfully set up CPython (3.12.14)
2026-09-24T17:39:06.2077849Z ##[endgroup]
2026-09-24T17:39:06.2250562Z ##[group]Run pip install tiktoken jsonschema
2026-09-24T17:39:06.2251166Z [36;1mpip install tiktoken jsonschema[0m
2026-09-24T17:39:06.2561622Z shell: /usr/bin/bash -e {0}
2026-09-24T17:39:06.2561944Z env:
2026-09-24T17:39:06.2562256Z   pythonLocation: /opt/hostedtoolcache/Python/3.12.14/x64
2026-09-24T17:39:06.2562784Z   PKG_CONFIG_PATH: /opt/hostedtoolcache/Python/3.12.14/x64/lib/pkgconfig
2026-09-24T17:39:06.2563243Z   Python_ROOT_DIR: /opt/hostedtoolcache/Python/3.12.14/x64
2026-09-24T17:39:06.2563631Z   Python2_ROOT_DIR: /opt/hostedtoolcache/Python/3.12.14/x64
2026-09-24T17:39:06.2564009Z   Python3_ROOT_DIR: /opt/hostedtoolcache/Python/3.12.14/x64
2026-09-24T17:39:06.2564390Z   LD_LIBRARY_PATH: /opt/hostedtoolcache/Python/3.12.14/x64/lib
2026-09-24T17:39:06.2564722Z ##[endgroup]
2026-09-24T17:39:07.1648406Z Collecting tiktoken
2026-09-24T17:39:07.2243676Z   Downloading tiktoken-0.14.0-cp312-cp312-manylinux_2_28_x86_64.whl.metadata (6.7 kB)
2026-09-24T17:39:07.2495169Z Collecting jsonschema
2026-09-24T17:39:07.2566982Z   Downloading jsonschema-4.26.0-py3-none-any.whl.metadata (7.6 kB)
2026-09-24T17:39:07.6375389Z Collecting regex (from tiktoken)
2026-09-24T17:39:07.6453204Z   Downloading regex-2026.9.10-cp312-cp312-manylinux2014_x86_64.manylinux_2_17_x86_64.manylinux_2_28_x86_64.whl.metadata (40 kB)
2026-09-24T17:39:07.6781062Z Collecting requests (from tiktoken)
2026-09-24T17:39:07.6861891Z   Downloading requests-2.34.2-py3-none-any.whl.metadata (4.8 kB)
2026-09-24T17:39:07.7030760Z Collecting attrs>=22.2.0 (from jsonschema)
2026-09-24T17:39:07.7104448Z   Downloading attrs-26.1.0-py3-none-any.whl.metadata (8.8 kB)
2026-09-24T17:39:07.7256353Z Collecting jsonschema-specifications>=2023.03.6 (from jsonschema)
2026-09-24T17:39:07.7328134Z   Downloading jsonschema_specifications-2025.9.1-py3-none-any.whl.metadata (2.9 kB)
2026-09-24T17:39:07.7567174Z Collecting referencing>=0.28.4 (from jsonschema)
2026-09-24T17:39:07.7640314Z   Downloading referencing-0.37.0-py3-none-any.whl.metadata (2.8 kB)
2026-09-24T17:39:07.9948629Z Collecting rpds-py>=0.25.0 (from jsonschema)
2026-09-24T17:39:08.0024618Z   Downloading rpds_py-2026.6.3-cp312-cp312-manylinux_2_17_x86_64.manylinux2014_x86_64.whl.metadata (4.1 kB)
2026-09-24T17:39:08.0243209Z Collecting typing-extensions>=4.4.0 (from referencing>=0.28.4->jsonschema)
2026-09-24T17:39:08.0327780Z   Downloading typing_extensions-4.16.0-py3-none-any.whl.metadata (3.3 kB)
2026-09-24T17:39:08.1532482Z Collecting charset_normalizer<4,>=2 (from requests->tiktoken)
2026-09-24T17:39:08.1641961Z   Downloading charset_normalizer-3.5.1-cp312-cp312-manylinux2014_x86_64.manylinux_2_17_x86_64.manylinux_2_28_x86_64.whl.metadata (45 kB)
2026-09-24T17:39:08.1839065Z Collecting idna<4,>=2.5 (from requests->tiktoken)
2026-09-24T17:39:08.1917474Z   Downloading idna-3.20-py3-none-any.whl.metadata (7.2 kB)
2026-09-24T17:39:08.2144687Z Collecting urllib3<3,>=1.26 (from requests->tiktoken)
2026-09-24T17:39:08.2221206Z   Downloading urllib3-2.8.0-py3-none-any.whl.metadata (7.4 kB)
2026-09-24T17:39:08.2420026Z Collecting certifi>=2023.5.7 (from requests->tiktoken)
2026-09-24T17:39:08.2495215Z   Downloading certifi-2026.7.22-py3-none-any.whl.metadata (2.5 kB)
2026-09-24T17:39:08.2611059Z Downloading tiktoken-0.14.0-cp312-cp312-manylinux_2_28_x86_64.whl (1.2 MB)
2026-09-24T17:39:08.2944366Z    ━━━━━━━━━━━━━━━━━━━━━━━━━━━━━━━━━━━━━━━━ 1.2/1.2 MB 47.7 MB/s  0:00:00
2026-09-24T17:39:08.3022747Z Downloading jsonschema-4.26.0-py3-none-any.whl (90 kB)
2026-09-24T17:39:08.3119143Z Downloading attrs-26.1.0-py3-none-any.whl (67 kB)
2026-09-24T17:39:08.3224655Z Downloading jsonschema_specifications-2025.9.1-py3-none-any.whl (18 kB)
2026-09-24T17:39:08.3316829Z Downloading referencing-0.37.0-py3-none-any.whl (26 kB)
2026-09-24T17:39:08.3415274Z Downloading rpds_py-2026.6.3-cp312-cp312-manylinux_2_17_x86_64.manylinux2014_x86_64.whl (366 kB)
2026-09-24T17:39:08.3514267Z Downloading typing_extensions-4.16.0-py3-none-any.whl (45 kB)
2026-09-24T17:39:08.3638223Z Downloading regex-2026.9.10-cp312-cp312-manylinux2014_x86_64.manylinux_2_17_x86_64.manylinux_2_28_x86_64.whl (804 kB)
2026-09-24T17:39:08.3733959Z    ━━━━━━━━━━━━━━━━━━━━━━━━━━━━━━━━━━━━━━━━ 804.6/804.6 kB 73.0 MB/s  0:00:00
2026-09-24T17:39:08.3807950Z Downloading requests-2.34.2-py3-none-any.whl (73 kB)
2026-09-24T17:39:08.3899652Z Downloading charset_normalizer-3.5.1-cp312-cp312-manylinux2014_x86_64.manylinux_2_17_x86_64.manylinux_2_28_x86_64.whl (248 kB)
2026-09-24T17:39:08.3995336Z Downloading idna-3.20-py3-none-any.whl (69 kB)
2026-09-24T17:39:08.4094825Z Downloading urllib3-2.8.0-py3-none-any.whl (135 kB)
2026-09-24T17:39:08.4186184Z Downloading certifi-2026.7.22-py3-none-any.whl (136 kB)
2026-09-24T17:39:08.5010663Z Installing collected packages: urllib3, typing-extensions, rpds-py, regex, idna, charset_normalizer, certifi, attrs, requests, referencing, tiktoken, jsonschema-specifications, jsonschema
2026-09-24T17:39:09.0606782Z 
2026-09-24T17:39:09.0625278Z Successfully installed attrs-26.1.0 certifi-2026.7.22 charset_normalizer-3.5.1 idna-3.20 jsonschema-4.26.0 jsonschema-specifications-2025.9.1 referencing-0.37.0 regex-2026.9.10 requests-2.34.2 rpds-py-2026.6.3 tiktoken-0.14.0 typing-extensions-4.16.0 urllib3-2.8.0
2026-09-24T17:39:09.1327756Z ##[group]Run python3 knowledge/_build_survey.py --timeout 60
2026-09-24T17:39:09.1328441Z [36;1mpython3 knowledge/_build_survey.py --timeout 60[0m
2026-09-24T17:39:09.1401502Z shell: /usr/bin/bash -e {0}
2026-09-24T17:39:09.1401809Z env:
2026-09-24T17:39:09.1402099Z   pythonLocation: /opt/hostedtoolcache/Python/3.12.14/x64
2026-09-24T17:39:09.1402554Z   PKG_CONFIG_PATH: /opt/hostedtoolcache/Python/3.12.14/x64/lib/pkgconfig
2026-09-24T17:39:09.1403004Z   Python_ROOT_DIR: /opt/hostedtoolcache/Python/3.12.14/x64
2026-09-24T17:39:09.1403393Z   Python2_ROOT_DIR: /opt/hostedtoolcache/Python/3.12.14/x64
2026-09-24T17:39:09.1403771Z   Python3_ROOT_DIR: /opt/hostedtoolcache/Python/3.12.14/x64
2026-09-24T17:39:09.1404149Z   LD_LIBRARY_PATH: /opt/hostedtoolcache/Python/3.12.14/x64/lib
2026-09-24T17:39:09.1404476Z ##[endgroup]
2026-09-24T17:42:24.7135477Z — 146 steps read from _build_all.STEPS by ast (never imported) · per-step timeout 60s · non-mutating steps only
2026-09-24T17:42:24.7137904Z 
2026-09-24T17:42:24.7138546Z   ❌ [ 3] token blast-radius + graph report — determinism/staleness chec  exit 1
2026-09-24T17:42:24.7139689Z   ✅ [ 4] token blast-radius + graph report selftest (#79 P6)
2026-09-24T17:42:24.7140770Z   ✅ [ 9] help-gate selftest — 5 mutation bites (#158 class gate)
2026-09-24T17:42:24.7141525Z   ✅ [11] assertion veracity selftest — verbs bite + registry well-forme
2026-09-24T17:42:24.7142298Z   ❌ [13] capture/provenance selftest (Memento §4.1)  exit 1
2026-09-24T17:42:24.7143090Z   ✅ [14] gauge-tokens selftest -- counting path + cache + degraded-meas
2026-09-24T17:42:24.7143804Z   ✅ [15] roll-state measurer selftest (#77 T1)
2026-09-24T17:42:24.7144494Z   ✅ [16] commit-seam harness — _git_commit.sh fixture-repo arms (#78-D1
2026-09-24T17:42:24.7145236Z   ✅ [17] GM/LS mover selftest — hardened move mechanics (M5)
2026-09-24T17:42:24.7145934Z   ✅ [18] section-usage instrumentation selftest (#23)
2026-09-24T17:42:24.7146591Z   ✅ [20] lane records determinism check (O1′ #24)
2026-09-24T17:42:24.7147296Z   ✅ [21] lane records selftest — schema refusals + routing contract (O1
2026-09-24T17:42:24.7148105Z   ✅ [26] worklist store selftest — schema presence gates incl. priority
2026-09-24T17:42:24.7148928Z   ✅ [28] decision-graph selftest — conflict gate bites on unresolved/op
2026-09-24T17:42:24.7149980Z   ✅ [29] spine-writer selftest — splice invariants + no-half-writes (#7
2026-09-24T17:42:24.7150894Z   ❌ [38] component-partials sync — AUTO-PARTIAL injection + contracts (  exit 1
2026-09-24T17:42:24.7151744Z   ✅ [39] component-partials selftest (ADR-0013)
2026-09-24T17:42:24.7152441Z   ✅ [40] token-set distribution sync — AUTO-TOKENS injection (s121-D1)
2026-09-24T17:42:24.7153144Z   ✅ [41] token-set distribution selftest (s121-D1)
2026-09-24T17:42:24.7153721Z   ✅ [43] Behaviour contract selftest (ADR-0015)
2026-09-24T17:42:24.7154387Z   ✅ [45] canon components determinism check (ADR-0013 ruling 4)
2026-09-24T17:42:24.7155060Z   ✅ [47] partial-ratchet selftest (ADR-0013)
2026-09-24T17:42:24.7155747Z   ✅ [50] theme cascade sync — [data-apollo-theme] layer (ADR-0011)
2026-09-24T17:42:24.7156419Z   ✅ [51] theme cascade selftest (ADR-0014)
2026-09-24T17:42:24.7156955Z   ✅ [53] state-snap selftest (ADR-0014)
2026-09-24T17:42:24.7157653Z   ✅ [55] stale-queue selftest — 13 bites incl. both mutation directions
2026-09-24T17:42:24.7158448Z   ✅ [57] palette-tier selftest — 10 mutation bites (s157-D2)
2026-09-24T17:42:24.7159243Z   ✅ [59] showroom sync — generated component library (RULED 2026-07-21)
2026-09-24T17:42:24.7160287Z   ✅ [60] showroom URL-rebase selftest — the srcdoc base-URL trap (2026-
2026-09-24T17:42:24.7161228Z   ⊘ [61] dashboard sync — generated progress dashboard (RULED #164, bui  COULD-NOT-ASK
2026-09-24T17:42:24.7162011Z   ✅ [67] a11y target-measurement selftest (s114-D5)
2026-09-24T17:42:24.7162584Z   ✅ [70] wiring gate selftest — 4 bites
2026-09-24T17:42:24.7163376Z   ⊘ [74] state-contrast gate selftest — paint stack, report arithmetic,  COULD-NOT-ASK
2026-09-24T17:42:24.7164696Z   ✅ [76] type-composites selftest
2026-09-24T17:42:24.7165236Z   ✅ [85] KG edge gate selftest (6 bites)
2026-09-24T17:42:24.7165980Z   ✅ [87] Token fork-ban selftest (2-direction)
2026-09-24T17:42:24.7166652Z   ✅ [91] binds-resolve selftest — 5 bites incl. any-store clause (#146)
2026-09-24T17:42:24.7167449Z   ✅ [93] chart-intent resolve selftest — 4 bites incl. list case + abse
2026-09-24T17:42:24.7168114Z   ✅ [95] roles/answers resolve selftest — 15 bites incl. in-role priori
2026-09-24T17:42:24.7168617Z   ✅ [97] DataViz gate selftest — bite-tests dv-004 + the dtype vocabula
2026-09-24T17:42:24.7169095Z   ✅ [99] property-resolves gate C2 selftest — 4 bites + a bite-the-bite
2026-09-24T17:42:24.7169820Z   ✅ [101] dataviz var-resolution gate selftest — 8 arms incl. alias chai
2026-09-24T17:42:24.7170328Z   ✅ [103] minted-consumption selftest — 10 arms incl. both false-positiv
2026-09-24T17:42:24.7171039Z   ✅ [105] hidden-attr display selftest — 16 bites incl. the real #218 mu
2026-09-24T17:42:24.7171656Z   ✅ [110] consult tool selftest (advisory)
2026-09-24T17:42:24.7172063Z   ✅ [111] search core selftest — two-stage engine + receipt format (O2′ 
2026-09-24T17:42:24.7172504Z   ✅ [113] memento index determinism check (O2′ #25)
2026-09-24T17:42:24.7172939Z   ✅ [114] memento index selftest — contract refusals + determinism (O2′ 
2026-09-24T17:42:24.7173417Z   ✅ [115] memento search selftest — known-answer retrieval + fetch refus
2026-09-24T17:42:24.7173861Z   ✅ [117] graph mention map determinism check (#115 step 0)
2026-09-24T17:42:24.7174307Z   ✅ [118] graph mention map selftest — hit/miss/refusal bites (#115 step
2026-09-24T17:42:24.7174779Z   ✅ [120] read chain determinism check — stale _CHAIN.md serves a PREVIO
2026-09-24T17:42:24.7175242Z   ✅ [121] read chain selftest — verbatim terms + the CUT + refusal on a 
2026-09-24T17:42:24.7175699Z   ✅ [122] GM size stamp check — a TYPED `size:` figure / drift past the 
2026-09-24T17:42:24.7176169Z   ✅ [123] GM size stamp selftest — the fixed point, the 2-cycle refusal,
2026-09-24T17:42:24.7176689Z   ❌ [125] memento schematic determinism check — a stale diagram publishe  exit 1
2026-09-24T17:42:24.7177246Z   ✅ [126] memento schematic selftest — figure provenance, caption geomet
2026-09-24T17:42:24.7177768Z   ❌ [128] memento-package delta-audit selftest — mutation-tested, all 4   exit 1
2026-09-24T17:42:24.7178225Z   ✅ [130] instrument-fit selftest (advisory, ds-015)
2026-09-24T17:42:24.7178659Z   ✅ [133] could-not-ask convention selftest (#193 — the third verdict's 
2026-09-24T17:42:24.7179166Z   ❌ [136] governs matcher selftest — the [12]/[13] trigger-index arm, na  exit 1
2026-09-24T17:42:24.7179901Z   ✅ [137] frozen-release gate — v1/v2 and any baked Spider surface may n
2026-09-24T17:42:24.7180396Z   ✅ [138] frozen-release selftest — 11 bites on a fixture repo incl. the
2026-09-24T17:42:24.7180875Z   ✅ [139] pack ship-list audit — the manifest is byte-identical to a fre
2026-09-24T17:42:24.7181407Z   ✅ [140] release-audit selftest — manifest compare + the pack arm's res
2026-09-24T17:42:24.7182056Z   ⊘ [141] pack-side CI template — parses, ships what it calls, hides not  COULD-NOT-ASK
2026-09-24T17:42:24.7182675Z   ⊘ [142] pack-side CI template selftest — 10 mutants incl. a smuggled c  COULD-NOT-ASK
2026-09-24T17:42:24.7183209Z   ✅ [145] polarity gate — five refusals + content-fresh derived status/e
2026-09-24T17:42:24.7183875Z   ✅ [146] polarity gate selftest — control + every refusal arm on a copy
2026-09-24T17:42:24.7184140Z 
2026-09-24T17:42:24.7184283Z ==============================================================================
2026-09-24T17:42:24.7184992Z SURVEY: 59 pass · 6 FAIL · 4 COULD-NOT-ASK (self-declared refusals) · 0 unaskable (missing/timed out) · 77 not asked (mutating)
2026-09-24T17:42:24.7186036Z ⚠ 'not asked' is NOT 'passing' — it is excluded from the exit code, deliberately.
2026-09-24T17:42:24.7187022Z ⚠ 'COULD-NOT-ASK' is NOT 'passing' either. It is a step that named the input it could
2026-09-24T17:42:24.7188104Z   not reach, so the job does not go red for an ENVIRONMENT fact dressed as an artefact
2026-09-24T17:42:24.7188642Z   verdict (#173/#183, generalised #193). Every one is printed in full below. A step
2026-09-24T17:42:24.7189298Z   that timed out or is MISSING is a different thing and still fails: nobody asked it
2026-09-24T17:42:24.7190107Z   and it never said why.
2026-09-24T17:42:24.7190474Z 
2026-09-24T17:42:24.7190833Z THE FULL FAILURE SET (6) — this is the number no single `_build_all.py` run can tell you:
2026-09-24T17:42:24.7191159Z 
2026-09-24T17:42:24.7191435Z   [3] token blast-radius + graph report — determinism/staleness check (#79 P6)
2026-09-24T17:42:24.7191920Z       python3 knowledge/tokens/_build_blast_radius.py --check   (exit 1)
2026-09-24T17:42:24.7192494Z       ❌ _build_blast_radius --check FAILED — 2 file(s) out of sync with a fresh compute():
2026-09-24T17:42:24.7192821Z 
2026-09-24T17:42:24.7193002Z   [13] capture/provenance selftest (Memento §4.1)
2026-09-24T17:42:24.7193390Z       python3 knowledge/_capture_gate.py --selftest   (exit 1)
2026-09-24T17:42:24.7194206Z       ❌ FAIL GOOD-MORNING.md: no `pre-flight:` stamp — the handoff must carry the estimate the session was priced with (runbook § ★ Half 0b). Form (Dave #56
2026-09-24T17:42:24.7194724Z 
2026-09-24T17:42:24.7195009Z   [38] component-partials sync — AUTO-PARTIAL injection + contracts (ADR-0013)
2026-09-24T17:42:24.7195480Z       python3 knowledge/gen_component_partials.py --check   (exit 1)
2026-09-24T17:42:24.7195861Z       gen_component_partials CONTRACT FAILURES:
2026-09-24T17:42:24.7196063Z 
2026-09-24T17:42:24.7196388Z   [125] memento schematic determinism check — a stale diagram publishes a PREVIOUS tree (#127)
2026-09-24T17:42:24.7196884Z       python3 knowledge/_gen_schematic.py --check   (exit 1)
2026-09-24T17:42:24.7197748Z       ✗ reviews/MEMENTO-SCHEMATIC-2026-08-07-v2.html is STALE — a figure in it no longer matches disk, so the page is asserting something that has gone fals
2026-09-24T17:42:24.7198267Z 
2026-09-24T17:42:24.7198571Z   [128] memento-package delta-audit selftest — mutation-tested, all 4 arms (#79)
2026-09-24T17:42:24.7199065Z       python3 knowledge/_validate_package_delta.py --selftest   (exit 1)
2026-09-24T17:42:24.7200156Z       ✗ real repo: clean (0 findings; got 4: ['VERBATIM SET: memento-package/machinery/_gen_chain.py DIFFERS from knowledge/_gen_chain.py (copy=machinery/ f
2026-09-24T17:42:24.7200679Z 
2026-09-24T17:42:24.7200990Z   [136] governs matcher selftest — the [12]/[13] trigger-index arm, named (#208 legibility)
2026-09-24T17:42:24.7201455Z       python3 knowledge/_governs.py --selftest   (exit 1)
2026-09-24T17:42:24.7202127Z       FAIL _governs: ruling s282-D2 evidence `col26-012 override cross-ref measured present at colour-standards-2026.md:79-81 before this ruling; grep 'seco
2026-09-24T17:42:24.7202643Z 
2026-09-24T17:42:24.7202928Z COULD-NOT-ASK (4) — each step's OWN words about the input it could not reach.
2026-09-24T17:42:24.7203461Z These do NOT fail the survey; they also do not pass. If one of them is here because the
2026-09-24T17:42:24.7204045Z environment is wrong rather than because the input is genuinely unreachable, FIX THE ENVIRONMENT:
2026-09-24T17:42:24.7204415Z 
2026-09-24T17:42:24.7204674Z   [61] dashboard sync — generated progress dashboard (RULED #164, built #165)
2026-09-24T17:42:24.7205112Z       python3 knowledge/gen_dashboard.py --check   (exit 77)
2026-09-24T17:42:24.7498610Z       COULD-NOT-ASK: dashboard/index.html — the page differs, but a live gate baked into it is reading INPUTS OUTSIDE THE COMMITTED TREE, so its verdict — and therefore this page — cannot be reproduced here: provenance names `knowledge/_tmp/l3-245/rename-plan.json`; provenance names `outputs/_FINDING-canon-pri-hover-brand-mono-fork-2026-08-06-v1.md`; provenance names `outputs/_PARTITION-button-primary-2026-08-06-v1.md`. Every one of those paths is untracked, so an environment that has them and one that does not will render different prose from the SAME commit. This is a REFUSAL, not a staleness verdict in either direction: the page's agreement with the stores is UNKNOWN here and is reported as unknown. Ask it where those inputs are present (a working tree that holds them), or commit them.
2026-09-24T17:42:24.7503226Z 
2026-09-24T17:42:24.7503745Z   [74] state-contrast gate selftest — paint stack, report arithmetic, named args
2026-09-24T17:42:24.7504636Z       python3 knowledge/_validate_state_contrast.py --selftest   (exit 77)
2026-09-24T17:42:24.7508478Z       COULD-NOT-ASK: _validate_state_contrast.py — the 'playwright' module is not installed (ModuleNotFoundError("No module named 'playwright'")) — this gate cannot be proven without it; run `pip install playwright && playwright install chromium` ⇒ THIS IS NOT A SKIP: these arms (including the s152-D1 mutation control) run BLOCKING in the `render` job of .github/workflows/gates.yml, which installs chromium — that job is where this gate's proof of record lives. Nothing here is claimed green; the question was unaskable on this box.
2026-09-24T17:42:24.7511666Z 
2026-09-24T17:42:24.7512289Z   [141] pack-side CI template — parses, ships what it calls, hides nothing (BLOCKING, built #219)
2026-09-24T17:42:24.7513266Z       python3 knowledge/_release/_gate_ci_template.py --check   (exit 77)
2026-09-24T17:42:24.7515743Z       COULD-NOT-ASK: apollo-spider/ci-template/gates.yml — PyYAML is not importable in this environment, and this gate parses the template in YAML rather than guessing at it with string matching. Install it (pip install pyyaml) — the release job in .github/workflows/gates.yml does exactly that
2026-09-24T17:42:24.7517465Z 
2026-09-24T17:42:24.7518016Z   [142] pack-side CI template selftest — 10 mutants incl. a smuggled continue-on-error (#219)
2026-09-24T17:42:24.7518847Z       python3 knowledge/_release/_gate_ci_template.py --selftest   (exit 77)
2026-09-24T17:42:24.7520320Z       COULD-NOT-ASK: the ci-template selftest — PyYAML is not importable, and every arm below parses YAML. Install it (pip install pyyaml).
2026-09-24T17:42:24.7521119Z 
2026-09-24T17:42:24.7521621Z NOT ASKED (77 mutating steps) — run --include-mutating on a clean tree to include them:
2026-09-24T17:42:24.7522322Z   [1] compliance knowledge graph
2026-09-24T17:42:24.7522730Z   [2] token blast-radius + graph report
2026-09-24T17:42:24.7523178Z   [5] guideline rules index (gate)
2026-09-24T17:42:24.7523582Z   [6] runbook index (generated)
2026-09-24T17:42:24.7523998Z   [7] standing-instructions reachability gate
2026-09-24T17:42:24.7524719Z   [8] help-gate — no entry point may write before it reads argv (#158 cl
2026-09-24T17:42:24.7525448Z   [10] assertion veracity gate — claims that can rot
2026-09-24T17:42:24.7526203Z   [12] capture/provenance gate — status+provenance on new notes+dossiers 
2026-09-24T17:42:24.7526836Z   … and 69 more
2026-09-24T17:42:24.7527026Z 
2026-09-24T17:42:24.7527531Z — recorded → /home/runner/work/UX-design/UX-design/notes/_BUILD-VERDICT-LOG.jsonl
2026-09-24T17:42:24.7578414Z ##[error]Process completed with exit code 1.
2026-09-24T17:42:24.7633063Z ##[group]Run python3 knowledge/_build_all.py
2026-09-24T17:42:24.7633434Z [36;1mpython3 knowledge/_build_all.py[0m
2026-09-24T17:42:24.7702229Z shell: /usr/bin/bash -e {0}
2026-09-24T17:42:24.7702492Z env:
2026-09-24T17:42:24.7702776Z   pythonLocation: /opt/hostedtoolcache/Python/3.12.14/x64
2026-09-24T17:42:24.7703248Z   PKG_CONFIG_PATH: /opt/hostedtoolcache/Python/3.12.14/x64/lib/pkgconfig
2026-09-24T17:42:24.7703685Z   Python_ROOT_DIR: /opt/hostedtoolcache/Python/3.12.14/x64
2026-09-24T17:42:24.7704067Z   Python2_ROOT_DIR: /opt/hostedtoolcache/Python/3.12.14/x64
2026-09-24T17:42:24.7704442Z   Python3_ROOT_DIR: /opt/hostedtoolcache/Python/3.12.14/x64
2026-09-24T17:42:24.7704814Z   LD_LIBRARY_PATH: /opt/hostedtoolcache/Python/3.12.14/x64/lib
2026-09-24T17:42:24.7705135Z ##[endgroup]
2026-09-24T17:42:24.8633274Z Wrote 38 rule files to compliance/rules/
2026-09-24T17:42:24.8633836Z Index: 38 SCs x 135 components
2026-09-24T17:42:24.8634257Z Validation errors: none
2026-09-24T17:42:24.8634928Z Levels: {'AA': 17, 'A': 18, 'AAA': 3} | Severities: {'serious': 29, 'critical': 3, 'minor': 6}
2026-09-24T17:42:24.8635626Z AAA (beyond AA bar): ['2.3.3', '2.4.8', '2.5.5']
2026-09-24T17:42:36.8891152Z 
2026-09-24T17:42:36.8892426Z PARKED DUE — 4 parked item(s) are due at token-report — python3 knowledge/_parked.py --due token-report
2026-09-24T17:42:36.8893154Z wrote tokens/_blast-radius.json and _GRAPH-REPORT.md
2026-09-24T17:42:36.8893712Z tokens defined=1043 referenced=140 components=137
2026-09-24T17:42:36.8894976Z top god-nodes: [('text/default', 109), ('background/default', 74), ('tertiary/background/default', 51), ('icon/default', 46), ('border-radius/surface', 43), ('focus/ring', 40), ('border/subtle', 39), ('text/secondary', 37)]
2026-09-24T17:42:36.8895790Z depricate-still-bound components: 19
2026-09-24T17:42:36.8896075Z orphans: 903
2026-09-24T17:42:48.9269853Z 
2026-09-24T17:42:48.9270899Z PARKED DUE — 4 parked item(s) are due at token-report — python3 knowledge/_parked.py --due token-report
2026-09-24T17:42:48.9271891Z ✓ _build_blast_radius --check PASS — tokens/_blast-radius.json and _GRAPH-REPORT.md match a fresh compute() (content, not mtime)
2026-09-24T17:43:12.6915187Z 
2026-09-24T17:43:12.6916486Z PARKED DUE — 4 parked item(s) are due at token-report — python3 knowledge/_parked.py --due token-report
2026-09-24T17:43:12.6917467Z   selftest (a): compute() is deterministic across two calls ✓
2026-09-24T17:43:12.6918131Z   selftest (b1): identical fixture pair reports zero drift ✓
2026-09-24T17:43:12.6918862Z   selftest (b2): a doctored fixture pair is flagged on BOTH files, each named ✓
2026-09-24T17:43:12.6919970Z   selftest (b3): a missing on-disk file is flagged, never silently treated as a match ✓
2026-09-24T17:43:12.6921188Z selftest PASS — compute() deterministic; --check bites on drift, quiet on a match, never silently passes a missing file (#79 P6)
2026-09-24T17:43:12.7500169Z rules index: 474 rules from 35 engine-era files — {'ADVISORY': 322, 'BLOCKING': 62, 'REVIEW': 34, 'TASTE': 56}
2026-09-24T17:43:12.7775250Z runbook index: 17 runbooks -> _RUNBOOKS.md
2026-09-24T17:43:13.2834655Z selftest OK — discovers 28 standing docs by glob + STANDING: self-declaration.
2026-09-24T17:43:13.2835916Z STANDING-INSTRUCTIONS GATE PASS — 28 standing doc(s) reachable from the spine; GOOD-MORNING structure intact.
2026-09-24T17:43:13.2837163Z   NOTE: memory files live outside the repo and CANNOT be checked here — capture-ritual step 3 is still a human step.
2026-09-24T17:43:15.1561346Z help-gate: 264 script(s) scanned, 12 failure(s) — a script that can write before it reads argv is the #157 gen_showroom defect
2026-09-24T17:43:15.1562401Z   ❌ knowledge/_bite_goal.py: NO HELP GATE — add
2026-09-24T17:43:15.1563093Z       from _helpgate import help_gate as _help_gate; _help_gate(__doc__, __name__, __file__)
2026-09-24T17:43:15.1563942Z       near the top (before any executable statement). See knowledge/_helpgate.py.
2026-09-24T17:43:15.1565264Z   ❌ knowledge/_bite_kg_edge_proposal.py: NO HELP GATE — add
2026-09-24T17:43:15.1565978Z       from _helpgate import help_gate as _help_gate; _help_gate(__doc__, __name__, __file__)
2026-09-24T17:43:15.1566823Z       near the top (before any executable statement). See knowledge/_helpgate.py.
2026-09-24T17:43:15.1567576Z   ❌ knowledge/_build_kg_explorer.py: NO HELP GATE — add
2026-09-24T17:43:15.1568301Z       from _helpgate import help_gate as _help_gate; _help_gate(__doc__, __name__, __file__)
2026-09-24T17:43:15.1569142Z       near the top (before any executable statement). See knowledge/_helpgate.py.
2026-09-24T17:43:15.1570148Z   ❌ knowledge/_gen_ruling_edges_from_recs.py: NO HELP GATE — add
2026-09-24T17:43:15.1570899Z       from _helpgate import help_gate as _help_gate; _help_gate(__doc__, __name__, __file__)
2026-09-24T17:43:15.1571739Z       near the top (before any executable statement). See knowledge/_helpgate.py.
2026-09-24T17:43:15.1572488Z   ❌ knowledge/_kg_history.py: NO HELP GATE — add
2026-09-24T17:43:15.1573198Z       from _helpgate import help_gate as _help_gate; _help_gate(__doc__, __name__, __file__)
2026-09-24T17:43:15.1573985Z       near the top (before any executable statement). See knowledge/_helpgate.py.
2026-09-24T17:43:15.1575080Z   ❌ knowledge/_render/verify_demo_slides_268.py: NO HELP GATE — add
2026-09-24T17:43:15.1575894Z       from _helpgate import help_gate as _help_gate; _help_gate(__doc__, __name__, __file__)
2026-09-24T17:43:15.1576733Z       near the top (before any executable statement). See knowledge/_helpgate.py.
2026-09-24T17:43:15.1577600Z   ❌ knowledge/_render/verify_demo_slides_268_v3.py: NO HELP GATE — add
2026-09-24T17:43:15.1578430Z       from _helpgate import help_gate as _help_gate; _help_gate(__doc__, __name__, __file__)
2026-09-24T17:43:15.1579311Z       near the top (before any executable statement). See knowledge/_helpgate.py.
2026-09-24T17:43:15.1580388Z   ❌ knowledge/_render/verify_demo_slides_268_v5.py: NO HELP GATE — add
2026-09-24T17:43:15.1581249Z       from _helpgate import help_gate as _help_gate; _help_gate(__doc__, __name__, __file__)
2026-09-24T17:43:15.1582096Z       near the top (before any executable statement). See knowledge/_helpgate.py.
2026-09-24T17:43:15.1582973Z   ❌ knowledge/_render/verify_demo_slides_268_v6.py: NO HELP GATE — add
2026-09-24T17:43:15.1583797Z       from _helpgate import help_gate as _help_gate; _help_gate(__doc__, __name__, __file__)
2026-09-24T17:43:15.1584620Z       near the top (before any executable statement). See knowledge/_helpgate.py.
2026-09-24T17:43:15.1585482Z   ❌ knowledge/_render/verify_demo_slides_268_v7.py: NO HELP GATE — add
2026-09-24T17:43:15.1586303Z       from _helpgate import help_gate as _help_gate; _help_gate(__doc__, __name__, __file__)
2026-09-24T17:43:15.1587137Z       near the top (before any executable statement). See knowledge/_helpgate.py.
2026-09-24T17:43:15.1588094Z   ❌ knowledge/_render/verify_demo_slides_268_v74_gearbox.py: NO HELP GATE — add
2026-09-24T17:43:15.1589010Z       from _helpgate import help_gate as _help_gate; _help_gate(__doc__, __name__, __file__)
2026-09-24T17:43:15.1590046Z       near the top (before any executable statement). See knowledge/_helpgate.py.
2026-09-24T17:43:15.1591041Z   ❌ knowledge/_render/verify_demo_slides_268_v75_gearbox.py: NO HELP GATE — add
2026-09-24T17:43:15.1591926Z       from _helpgate import help_gate as _help_gate; _help_gate(__doc__, __name__, __file__)
2026-09-24T17:43:15.1592766Z       near the top (before any executable statement). See knowledge/_helpgate.py.
2026-09-24T17:43:15.1646195Z 
2026-09-24T17:43:15.1646995Z === [1/146] compliance knowledge graph — compliance/_build_compliance_kg.py ===
2026-09-24T17:43:15.1647535Z 
2026-09-24T17:43:15.1647833Z === [2/146] token blast-radius + graph report — tokens/_build_blast_radius.py ===
2026-09-24T17:43:15.1648167Z 
2026-09-24T17:43:15.1648613Z === [3/146] token blast-radius + graph report — determinism/staleness check (#79 P6) — tokens/_build_blast_radius.py ===
2026-09-24T17:43:15.1649069Z 
2026-09-24T17:43:15.1649812Z === [4/146] token blast-radius + graph report selftest (#79 P6) — tokens/_build_blast_radius.py ===
2026-09-24T17:43:15.1650188Z 
2026-09-24T17:43:15.1650463Z === [5/146] guideline rules index (gate) — guidelines/gen_rules_index.py ===
2026-09-24T17:43:15.1650767Z 
2026-09-24T17:43:15.1650988Z === [6/146] runbook index (generated) — gen_runbook_index.py ===
2026-09-24T17:43:15.1651236Z 
2026-09-24T17:43:15.1651566Z === [7/146] standing-instructions reachability gate — _validate_standing_instructions.py ===
2026-09-24T17:43:15.1651919Z 
2026-09-24T17:43:15.1652304Z === [8/146] help-gate — no entry point may write before it reads argv (#158 class gate) — _validate_help_gate.py ===
2026-09-24T17:43:15.1652694Z 
2026-09-24T17:43:15.1653100Z ❌ step 'help-gate — no entry point may write before it reads argv (#158 class gate)' failed (exit 1) — aborting
2026-09-24T17:43:15.1703095Z ##[error]Process completed with exit code 1.
2026-09-24T17:43:15.1735740Z ##[group]Run python3 knowledge/_tests/test_gates.py
2026-09-24T17:43:15.1736135Z [36;1mpython3 knowledge/_tests/test_gates.py[0m
2026-09-24T17:43:15.1805785Z shell: /usr/bin/bash -e {0}
2026-09-24T17:43:15.1806055Z env:
2026-09-24T17:43:15.1806517Z   pythonLocation: /opt/hostedtoolcache/Python/3.12.14/x64
2026-09-24T17:43:15.1806961Z   PKG_CONFIG_PATH: /opt/hostedtoolcache/Python/3.12.14/x64/lib/pkgconfig
2026-09-24T17:43:15.1807391Z   Python_ROOT_DIR: /opt/hostedtoolcache/Python/3.12.14/x64
2026-09-24T17:43:15.1807774Z   Python2_ROOT_DIR: /opt/hostedtoolcache/Python/3.12.14/x64
2026-09-24T17:43:15.1808151Z   Python3_ROOT_DIR: /opt/hostedtoolcache/Python/3.12.14/x64
2026-09-24T17:43:15.1808524Z   LD_LIBRARY_PATH: /opt/hostedtoolcache/Python/3.12.14/x64/lib
2026-09-24T17:43:15.1808852Z ##[endgroup]
2026-09-24T17:43:38.7581881Z gate self-test: does every gate BITE what it was built to catch?
2026-09-24T17:43:38.7582210Z 
2026-09-24T17:43:38.7582483Z   PASS  control: pristine copy passes all 6 static gates
2026-09-24T17:43:38.7582865Z   PASS  write-gate bites a bare no-args invocation
2026-09-24T17:43:38.7583218Z   PASS  write-gate control: --write proceeds
2026-09-24T17:43:38.7583630Z   PASS  radius gate's own bites run (8 longhand mutants + token controls, #221)
2026-09-24T17:43:38.7584126Z   PASS  no-hardcode gate's own bites run (8 planted + 8 clean, #221)
2026-09-24T17:43:38.7584607Z   PASS  theme-provenance report order is DERIVED, not filesystem order (#221)
2026-09-24T17:43:38.7585161Z   PASS  wiring gate's own bites run (13, incl. the widened glob + the anti-laundering arm, #221)
2026-09-24T17:43:38.7585692Z   PASS  s263-D10 rulings-page wrap check bites a stale page (4 arms, #265-B)
2026-09-24T17:43:38.7586082Z   PASS  snippet gate bites on token drift
2026-09-24T17:43:38.7586388Z   PASS  snippet gate bites on failing contrast
2026-09-24T17:43:38.7586701Z   PASS  snippet gate bites on icon 4.5 dead-zone
2026-09-24T17:43:38.7587012Z   PASS  snippet gate bites on missing focus
2026-09-24T17:43:38.7587310Z   PASS  snippet gate bites on uppercase CSS
2026-09-24T17:43:38.7587609Z   PASS  snippet gate bites on ALL-CAPS text run
2026-09-24T17:43:38.7587909Z   PASS  snippet gate bites on italics
2026-09-24T17:43:38.7588188Z   PASS  snippet gate bites on text-shadow
2026-09-24T17:43:38.7588479Z   PASS  snippet gate bites on raw red text
2026-09-24T17:43:38.7588770Z   PASS  snippet gate bites on possessive HSBC's
2026-09-24T17:43:38.7589075Z   PASS  snippet gate bites on element-type alt
2026-09-24T17:43:38.7589619Z   PASS  snippet gate bites on bare link text
2026-09-24T17:43:38.7590113Z   PASS  a11y gate bites on missing reduced-motion
2026-09-24T17:43:38.7590655Z   PASS  a11y gate bites on sub-24 target floor
2026-09-24T17:43:38.7591121Z   PASS  icon gate bites on invented path
2026-09-24T17:43:38.7591414Z   PASS  icon gate bites on shape-only icon
2026-09-24T17:43:38.7591713Z   PASS  icon gate bites on mis-twinned fill glyph
2026-09-24T17:43:38.7592036Z   PASS  coverage gate bites on orphan snippet
2026-09-24T17:43:38.7592341Z   PASS  coverage gate bites on meta w/o snippet
2026-09-24T17:43:38.7592638Z   PASS  dark-surface gate bites on flat white
2026-09-24T17:43:38.7592921Z   PASS  compose gate bites on rogue hex
2026-09-24T17:43:38.7593207Z   PASS  compose gate bites on undefined class
2026-09-24T17:43:38.7593508Z   PASS  compose gate bites on class redefinition
2026-09-24T17:43:38.7593850Z   PASS  compose gate bites on duplicate title
2026-09-24T17:43:38.7594037Z 
2026-09-24T17:43:38.7594133Z 32 test(s), 0 failure(s)
2026-09-24T17:43:38.7594513Z skipped by design: state-contrast / screen --render (need a browser; see docstring)
2026-09-24T17:43:38.7682062Z ##[group]Run python3 knowledge/_tests/test_advisory.py
2026-09-24T17:43:38.7682484Z [36;1mpython3 knowledge/_tests/test_advisory.py[0m
2026-09-24T17:43:38.7749721Z shell: /usr/bin/bash -e {0}
2026-09-24T17:43:38.7749981Z env:
2026-09-24T17:43:38.7750256Z   pythonLocation: /opt/hostedtoolcache/Python/3.12.14/x64
2026-09-24T17:43:38.7750709Z   PKG_CONFIG_PATH: /opt/hostedtoolcache/Python/3.12.14/x64/lib/pkgconfig
2026-09-24T17:43:38.7751151Z   Python_ROOT_DIR: /opt/hostedtoolcache/Python/3.12.14/x64
2026-09-24T17:43:38.7751531Z   Python2_ROOT_DIR: /opt/hostedtoolcache/Python/3.12.14/x64
2026-09-24T17:43:38.7752092Z   Python3_ROOT_DIR: /opt/hostedtoolcache/Python/3.12.14/x64
2026-09-24T17:43:38.7752458Z   LD_LIBRARY_PATH: /opt/hostedtoolcache/Python/3.12.14/x64/lib
2026-09-24T17:43:38.7752781Z ##[endgroup]
2026-09-24T17:43:39.3373249Z advisory bite-tests: 19 case(s), all bite ✅ (and none block — exit 0 throughout)
2026-09-24T17:43:39.3465360Z ##[group]Run bash knowledge/_git_commit.sh --selftest
2026-09-24T17:43:39.3465778Z [36;1mbash knowledge/_git_commit.sh --selftest[0m
2026-09-24T17:43:39.3532855Z shell: /usr/bin/bash -e {0}
2026-09-24T17:43:39.3533117Z env:
2026-09-24T17:43:39.3533400Z   pythonLocation: /opt/hostedtoolcache/Python/3.12.14/x64
2026-09-24T17:43:39.3533844Z   PKG_CONFIG_PATH: /opt/hostedtoolcache/Python/3.12.14/x64/lib/pkgconfig
2026-09-24T17:43:39.3534268Z   Python_ROOT_DIR: /opt/hostedtoolcache/Python/3.12.14/x64
2026-09-24T17:43:39.3534651Z   Python2_ROOT_DIR: /opt/hostedtoolcache/Python/3.12.14/x64
2026-09-24T17:43:39.3535026Z   Python3_ROOT_DIR: /opt/hostedtoolcache/Python/3.12.14/x64
2026-09-24T17:43:39.3535422Z   LD_LIBRARY_PATH: /opt/hostedtoolcache/Python/3.12.14/x64/lib
2026-09-24T17:43:39.3535745Z ##[endgroup]
2026-09-24T17:43:39.3798631Z — #208 msgfile-prefix gate selftest
2026-09-24T17:43:39.4014151Z   [OK]   non-wrap prefix (the #170 shape) is seen (expected 1)
2026-09-24T17:43:39.4223116Z   [OK]   WRAP prefix (the shape #170 MISSED) is seen (expected 1)
2026-09-24T17:43:39.4432273Z   [OK]   doubled non-wrap prefix counts 2 (expected 2)
2026-09-24T17:43:39.4641096Z   [OK]   wrap-into-non-wrap stack counts 2 (the hole) (expected 2)
2026-09-24T17:43:39.4847933Z   [OK]   tripled counts 3 (expected 3)
2026-09-24T17:43:39.5059797Z   [OK]   a fresh subject carries no prefix (expected 0)
2026-09-24T17:43:39.5268669Z   [OK]   session ref with no date is not a prefix (expected 0)
2026-09-24T17:43:39.5479286Z   [OK]   date with no session ref is not a prefix (expected 0)
2026-09-24T17:43:39.5689017Z   [OK]   hyphen is not the em-dash separator (expected 0)
2026-09-24T17:43:39.5900255Z   [OK]   prose mentioning a session mid-line (expected 0)
2026-09-24T17:43:39.6115425Z   [OK]   honest subject QUOTING a prior prefix mid-line (expected 1)
2026-09-24T17:43:39.6330853Z   [OK]   a quoted prefix with no prefix of its own (expected 0)
2026-09-24T17:43:39.6548983Z   [OK]   a prefix after a leading word is not a stack (expected 0)
2026-09-24T17:43:39.6565509Z   [OK]   PREFIX_ACK hatch present (declared passes, silent fails)
2026-09-24T17:43:39.6566457Z — s294-D5 push-credential expiry gate selftest (fake clock: APOLLO_FAKE_TODAY)
2026-09-24T17:43:39.6593360Z   [OK]   the stamped expiry is READ from the ledger, one place, one date (expected 2026-11-06)
2026-09-24T17:43:39.6670027Z   [OK]   far out (2026-01-01) ⇒ OK (expected OK)
2026-09-24T17:43:39.6745224Z   [OK]   15 days out (2026-10-22) ⇒ OK — the boundary is NOT off by one (expected OK)
2026-09-24T17:43:39.6820955Z   [OK]   14 days out (2026-10-23) ⇒ WARN (expected WARN)
2026-09-24T17:43:39.6896148Z   [OK]   1 day out (2026-11-05) ⇒ WARN (expected WARN)
2026-09-24T17:43:39.6971128Z   [OK]   the day itself (2026-11-06) ⇒ WARN, not yet expired (expected WARN)
2026-09-24T17:43:39.7046317Z   [OK]   one day past (2026-11-07) ⇒ EXPIRED (expected EXPIRED)
2026-09-24T17:43:39.7121711Z   [OK]   long past (2027-03-01) ⇒ EXPIRED (expected EXPIRED)
2026-09-24T17:43:39.7196875Z   [OK]   days-remaining is COMPUTED, not narrated (2026-10-30 ⇒ 7) (expected 7)
2026-09-24T17:43:39.7226063Z   [OK]   an unreadable stamp ⇒ UNREADABLE (a refusal, never a pass) (expected UNREADABLE)
2026-09-24T17:43:39.7249954Z   [OK]   with no fake clock the gate reads the REAL date (YYYY-MM-DD shape) (expected 1)
2026-09-24T17:43:39.7272747Z   [OK]   no refusal instructs pasting a credential into chat (s294-D5) (expected 0)
2026-09-24T17:43:39.7302624Z   [OK]   the credential is only TESTED, never printed (no unpiped git config remote.origin.url) (expected 0)
2026-09-24T17:43:39.7374991Z   [OK]   the expiry gate sits AFTER the credential check and BEFORE the push (expected 1)
2026-09-24T17:43:39.7376157Z ✓ selftest OK — 28 bites: 6 fire, 7 stay silent, 1 hatch present, 14 on the s294-D5 expiry gate
2026-09-24T17:43:39.7421870Z ##[group]Run python3 knowledge/_validate_evidence.py notes/_claims
2026-09-24T17:43:39.7422674Z [36;1mpython3 knowledge/_validate_evidence.py notes/_claims[0m
2026-09-24T17:43:39.7493343Z shell: /usr/bin/bash -e {0}
2026-09-24T17:43:39.7493614Z env:
2026-09-24T17:43:39.7493898Z   pythonLocation: /opt/hostedtoolcache/Python/3.12.14/x64
2026-09-24T17:43:39.7494369Z   PKG_CONFIG_PATH: /opt/hostedtoolcache/Python/3.12.14/x64/lib/pkgconfig
2026-09-24T17:43:39.7494808Z   Python_ROOT_DIR: /opt/hostedtoolcache/Python/3.12.14/x64
2026-09-24T17:43:39.7495199Z   Python2_ROOT_DIR: /opt/hostedtoolcache/Python/3.12.14/x64
2026-09-24T17:43:39.7495582Z   Python3_ROOT_DIR: /opt/hostedtoolcache/Python/3.12.14/x64
2026-09-24T17:43:39.7495958Z   LD_LIBRARY_PATH: /opt/hostedtoolcache/Python/3.12.14/x64/lib
2026-09-24T17:43:39.7496287Z ##[endgroup]
2026-09-24T17:44:11.0357405Z evidence linter: 336 row(s) from 10 file(s) · 297 mechanical
2026-09-24T17:44:11.0359862Z   ⛔ L1-1 — DEAD POINTER: evidence names `tokens/_blast-radius.json`, which does not exist on disk — a dead pointer reads as evidence. If the ABSENCE is the claim, write `absent:tokens/_blast-radius.json`; if the file lives outside the repo, use the ruled s191-D2 marker `(NON-REPO: <where>)`
2026-09-24T17:44:11.0362572Z   ⛔ L1-4 — s182-D1: MECHANICAL row (tag=PROVEN verdict=None) carries NO probeable token — no command, no existing path, no figure. Evidence: "The verbatim gate line in L1-3. ⛔ Do not quote the brief's numbers"
2026-09-24T17:44:11.0365208Z   ⛔ L1-1 — DEAD POINTER: evidence names `tokens/_blast-radius.json`, which does not exist on disk — a dead pointer reads as evidence. If the ABSENCE is the claim, write `absent:tokens/_blast-radius.json`; if the file lives outside the repo, use the ruled s191-D2 marker `(NON-REPO: <where>)`
2026-09-24T17:44:11.0368136Z   ⛔ C-2 — s182-D1: MECHANICAL row (tag=None verdict=CONFIRMED) carries NO probeable token — no command, no existing path, no figure. Evidence: 'The claim table only counted `PROPOSED` in the snippets. The brief (step 3) requires it in'
2026-09-24T17:44:11.0371069Z   ⛔ H-5 — s182-D1: MECHANICAL row (tag=None verdict=CONFIRMED) carries NO probeable token — no command, no existing path, no figure. Evidence: 'C-6 + L1-10: the six are absent from canon, the generators exist, the reconciliation is av'
2026-09-24T17:44:11.0374082Z   ⛔ W2-13 — DEAD POINTER (truncated): evidence names `notes/x.md…`, and NO path on disk starts with it — the trailing ellipsis does not make a dead pointer legal (#208 laundering hole). Write the full path, or `absent:notes/x.md` if the ABSENCE is the claim, or add the ruled `(NON-REPO: <where>)` marker
2026-09-24T17:44:11.0376015Z ── s182-D1 LINT: 6 failure(s)
2026-09-24T17:44:11.0377905Z ── SAMPLER · seed=205 · pool=230 row(s) with a command · 15 with a declared observation (always drawn) · drawn=20: G-c, W1-5, W2-3, W2-3, W46-11, WIRE-10, WIRE-11, WIRE-13, WIRE-14, WIRE-15, WIRE-18, WIRE-19, WIRE-20, WIRE-21, WIRE-3, WIRE-4, WIRE-5, WIRE-6, WIRE-8, WIRE-9
2026-09-24T17:44:11.0380318Z   ⛔ REFUSED [UNSAFE] G-c — `python3 -c "import _gate_doc_rows as g; g.unrowed(store, pop + [('2026-08-19','notes/_briefs/2026-08`
2026-09-24T17:44:11.0381401Z       `python3 -c` runs arbitrary code — cannot be judged read-only
2026-09-24T17:44:11.0382400Z   ⛔ REFUSED [DOES-NOT-TERMINATE] W1-5 — `python3 knowledge/_capture_gate.py --selftest` did not exit within 30s
2026-09-24T17:44:11.0383484Z   ⛔ REFUSED [SIDE-EFFECTS] W2-3 — `python3 knowledge/_state.py`
2026-09-24T17:44:11.0384572Z       a bare `python3` REWRITES its tracked audit output; #204 declared this exact stop. Only --check/--selftest/--dry-run forms are sampled
2026-09-24T17:44:11.0385656Z   ⛔ REFUSED [SIDE-EFFECTS] W2-3 — `python3 knowledge/_state.py`
2026-09-24T17:44:11.0386670Z       a bare `python3` REWRITES its tracked audit output; #204 declared this exact stop. Only --check/--selftest/--dry-run forms are sampled
2026-09-24T17:44:11.0388707Z   ⛔ REFUSED [SIDE-EFFECTS] W46-11 — `python3 knowledge/_memento_search.py "brief generator mint open items fences"`
2026-09-24T17:44:11.0390219Z       a bare `python3` REWRITES its tracked audit output; #204 declared this exact stop. Only --check/--selftest/--dry-run forms are sampled
2026-09-24T17:44:11.0391413Z   ⛔ REFUSED [UNSAFE] WIRE-10 — `bash knowledge/_git_commit.sh --selftest`
2026-09-24T17:44:11.0392092Z       head verb 'bash' is not on the read-only allowlist
2026-09-24T17:44:11.0393052Z   ✅ RAN WIRE-11 — `grep -c 'pat.match(s)' knowledge/_git_commit.sh` → rc=0 (matches declared + OBSERVATION)
2026-09-24T17:44:11.0394245Z   ✅ RAN WIRE-13 — `grep -c PREFIX_ACK knowledge/_git_commit.sh` → rc=0 (matches declared + OBSERVATION)
2026-09-24T17:44:11.0395310Z   ⛔ OBSERVATION MISMATCH WIRE-14 — `python3 knowledge/_build_all.py --selftest`
2026-09-24T17:44:11.0397466Z       stdout does NOT contain 'exact-ID failure routing over 127 steps' (declared expect_stdout_contains). First 120 chars of stdout: '  selftest (a): 146 registered step ID(s), each resolves to exactly one route ✓\n  selftest (b): unknown step ID refuses,'
2026-09-24T17:44:11.0399801Z   ✅ RAN WIRE-15 — `python3 knowledge/_probe_registry/_registry.py --run --probe P-3` → rc=77 (matches declared + OBSERVATION)
2026-09-24T17:44:11.0401090Z   ⛔ REFUSED [SIDE-EFFECTS] WIRE-18 — `python3 knowledge/_validate_evidence.py notes/_claims`
2026-09-24T17:44:11.0402308Z       a bare `python3` REWRITES its tracked audit output; #204 declared this exact stop. Only --check/--selftest/--dry-run forms are sampled
2026-09-24T17:44:11.0403919Z   ⛔ REFUSED [SIDE-EFFECTS] WIRE-19 — `python3 knowledge/_join_claim_tables.py notes/_claims/208-wave1-claims.jsonl notes/_claims/208-wave2`
2026-09-24T17:44:11.0405418Z       a bare `python3` REWRITES its tracked audit output; #204 declared this exact stop. Only --check/--selftest/--dry-run forms are sampled
2026-09-24T17:44:11.0406698Z   ⛔ OBSERVATION MISMATCH WIRE-20 — `python3 knowledge/_governs.py --selftest`
2026-09-24T17:44:11.0408607Z       stdout does NOT contain 'all bites green' (declared expect_stdout_contains). First 120 chars of stdout: '_governs: ⬛ DECLARED (#208) — ruling s202-D3 governs the BARE token `knowledge`, which is a real DIRECTORY. Before #208 '
2026-09-24T17:44:11.0410613Z   ⛔ RC MISMATCH WIRE-20 — `python3 knowledge/_governs.py --selftest` → rc=1, row declares rc=0
2026-09-24T17:44:11.0411716Z   ⛔ OBSERVATION MISMATCH WIRE-21 — `grep -c 'fetch-depth: 0' .github/workflows/gates.yml`
2026-09-24T17:44:11.0412452Z       expect_count=3 declared, command observed 4
2026-09-24T17:44:11.0413428Z   ✅ RAN WIRE-3 — `grep -c expect_stdout_contains knowledge/_claimtable.py` → rc=0 (matches declared + OBSERVATION)
2026-09-24T17:44:11.0414726Z   ✅ RAN WIRE-4 — `python3 knowledge/_validate_evidence.py --selftest` → rc=0 (matches declared + OBSERVATION)
2026-09-24T17:44:11.0416025Z   ✅ RAN WIRE-5 — `python3 knowledge/_validate_evidence.py --selftest` → rc=0 (matches declared + OBSERVATION)
2026-09-24T17:44:11.0417258Z   ✅ RAN WIRE-6 — `python3 knowledge/_validate_evidence.py --selftest` → rc=0 (matches declared + OBSERVATION)
2026-09-24T17:44:11.0418692Z   ✅ RAN WIRE-8 — `python3 knowledge/_validate_evidence.py --selftest` → rc=0 (matches declared + OBSERVATION)
2026-09-24T17:44:11.0420486Z   ⛔ REFUSED [SIDE-EFFECTS] WIRE-9 — `python3 knowledge/_validate_evidence.py notes/_claims/208-wave1-claims.jsonl notes/_claims/208-wave2`
2026-09-24T17:44:11.0422015Z       a bare `python3` REWRITES its tracked audit output; #204 declared this exact stop. Only --check/--selftest/--dry-run forms are sampled
2026-09-24T17:44:11.0423563Z ── DECLARED GAP: 9 of 20 sampled row(s) were NOT run. Refusal is the honest answer; none of them is counted as a pass.
2026-09-24T17:44:11.0424821Z ⛔ EVIDENCE GATE FAIL — 6 lint · 0 unparsed · 4 rc/observation mismatch
2026-09-24T17:44:11.0440669Z ##[error]Process completed with exit code 1.
2026-09-24T17:44:11.0485478Z ##[group]Run python3 knowledge/_gate_artefact_fresh.py --check
2026-09-24T17:44:11.0486119Z [36;1mpython3 knowledge/_gate_artefact_fresh.py --check[0m
2026-09-24T17:44:11.0552810Z shell: /usr/bin/bash -e {0}
2026-09-24T17:44:11.0553066Z env:
2026-09-24T17:44:11.0553341Z   pythonLocation: /opt/hostedtoolcache/Python/3.12.14/x64
2026-09-24T17:44:11.0553776Z   PKG_CONFIG_PATH: /opt/hostedtoolcache/Python/3.12.14/x64/lib/pkgconfig
2026-09-24T17:44:11.0554201Z   Python_ROOT_DIR: /opt/hostedtoolcache/Python/3.12.14/x64
2026-09-24T17:44:11.0554578Z   Python2_ROOT_DIR: /opt/hostedtoolcache/Python/3.12.14/x64
2026-09-24T17:44:11.0554948Z   Python3_ROOT_DIR: /opt/hostedtoolcache/Python/3.12.14/x64
2026-09-24T17:44:11.0555331Z   LD_LIBRARY_PATH: /opt/hostedtoolcache/Python/3.12.14/x64/lib
2026-09-24T17:44:11.0555662Z ##[endgroup]
2026-09-24T17:45:04.5837156Z artefact-freshness comparer (⬛ ADVISORY at birth, #221) — 7 declared row(s)
2026-09-24T17:45:04.5838178Z   method: snapshot -> run the writer -> compare -> RESTORE. The tree is byte-identical
2026-09-24T17:45:04.5838955Z   either side; the md5 line below is the receipt, not a promise.
2026-09-24T17:45:04.5839974Z   ✅ _validate_a11y.py                  FRESH          byte-identical (1 artefact(s))
2026-09-24T17:45:04.5841471Z   ⚠ _validate_advisory.py              STALE          _ADVISORY-SIGNALS.md: 255 line(s) -> 263 | - **143 file(s) scanned · 131 signal(s).** | - ## Footer.reference.html — 1 signal(s) | - ## Kpi-tile.refer
2026-09-24T17:45:04.5842814Z   ✅ _validate_theme_provenance.py      FRESH          byte-identical (1 artefact(s))
2026-09-24T17:45:04.5844335Z   ⚠ _build_integrity.py                STALE          _INTEGRITY-REPORT.md: 85 line(s) -> 85 | - - schema: relationships: Additional properties are not allowed ('composes', '$composes-ver | + - schema: re
2026-09-24T17:45:04.5846426Z   ⚠ _build_instrument_fit.py           STALE          _INSTRUMENT-FIT.md: 149 line(s) -> 154 | - | **UNDER-INSTRUMENTED** | 12 | a gate names it but sits BELOW the rung its property needs | - | **TOTAL** 
2026-09-24T17:45:04.5847992Z   ✅ _validate_radius.py                FRESH          byte-identical (1 artefact(s))
2026-09-24T17:45:04.5848947Z   ✅ _validate_no_hardcode.py           FRESH          byte-identical (1 artefact(s))
2026-09-24T17:45:04.5849843Z   tally: 4 FRESH · 3 STALE · 0 COULD-NOT-ASK
2026-09-24T17:45:04.5850591Z   ⚠ A STALE ROW IS A PUBLISHED REPORT THAT NO LONGER DESCRIBES THE TREE. It is not
2026-09-24T17:45:04.5851508Z     a build failure — the fix is to regenerate and commit the artefact, which is a
2026-09-24T17:45:04.5852231Z     REGENERATION and therefore obeys the ordered-serial rule (#210).
2026-09-24T17:45:04.5853125Z       · _validate_advisory.py -> _ADVISORY-SIGNALS.md   [L1: L1: 123 -> 130 signals]
2026-09-24T17:45:04.5854487Z       · _build_integrity.py -> _INTEGRITY-REPORT.md   [L1: L1: 19 -> 21 warnings, 1030 -> 1035 leaf tokens, 41 -> 42 groups; imports jsonschema]
2026-09-24T17:45:04.5856161Z       · _build_instrument_fit.py -> _INSTRUMENT-FIT.md, _instrument-fit.json   [L1: L1: adds the missing _validate_hidden_display.py row]
2026-09-24T17:45:04.5857606Z   ⬛ ADVISORY: exit 0 regardless of drift. Promotion to blocking is DAVE'S (#220-L1 ruling-shaped Q3).
2026-09-24T17:45:04.5936995Z ##[group]Run python3 knowledge/_gate_inline_style_parse.py --check
2026-09-24T17:45:04.5937491Z [36;1mpython3 knowledge/_gate_inline_style_parse.py --check[0m
2026-09-24T17:45:04.6005140Z shell: /usr/bin/bash -e {0}
2026-09-24T17:45:04.6005394Z env:
2026-09-24T17:45:04.6005665Z   pythonLocation: /opt/hostedtoolcache/Python/3.12.14/x64
2026-09-24T17:45:04.6006142Z   PKG_CONFIG_PATH: /opt/hostedtoolcache/Python/3.12.14/x64/lib/pkgconfig
2026-09-24T17:45:04.6006571Z   Python_ROOT_DIR: /opt/hostedtoolcache/Python/3.12.14/x64
2026-09-24T17:45:04.6006955Z   Python2_ROOT_DIR: /opt/hostedtoolcache/Python/3.12.14/x64
2026-09-24T17:45:04.6007349Z   Python3_ROOT_DIR: /opt/hostedtoolcache/Python/3.12.14/x64
2026-09-24T17:45:04.6007723Z   LD_LIBRARY_PATH: /opt/hostedtoolcache/Python/3.12.14/x64/lib
2026-09-24T17:45:04.6008248Z ##[endgroup]
2026-09-24T17:45:04.7572050Z inline-style parse gate (⬛ ADVISORY at birth, #221 — the #122 seed)
2026-09-24T17:45:04.7572848Z   reader: html.parser (stdlib) · population: 11 file(s) · scope: DEF-004's own property families
2026-09-24T17:45:04.7573730Z   259 style attribute(s) parsed · 0 hardcode finding(s) · 0 PARSER-ONLY (the regex is blind) · 1 REGEX-ONLY (the regex hallucinates)
2026-09-24T17:45:04.7575029Z   ⬛ REGEX-ONLY: Tranche-1-interactive.html — the tree's pattern reads this as a live style attribute; a parse of the static document does NOT. It is in a comment, a <script> string, or a text node: 'margin-top:var(--space-8)'
2026-09-24T17:45:04.7576027Z      ⚠ READ THIS CAREFULLY BEFORE ACTING ON IT — a REGEX-ONLY hit is not
2026-09-24T17:45:04.7576523Z        automatically the regex being wrong. The one on this tree today is inside a
2026-09-24T17:45:04.7577108Z        `card.innerHTML='…'` string, so the static parse is right about the DOCUMENT
2026-09-24T17:45:04.7577610Z        and the value is nonetheless real at RUNTIME. The honest conclusion is that
2026-09-24T17:45:04.7578140Z        NEITHER reader is authoritative over injected markup, and this gate reports
2026-09-24T17:45:04.7578652Z        the disagreement rather than picking a winner. [[measure-dont-convert-units]]
2026-09-24T17:45:04.7579637Z   ✅ every style attribute in the population parses, and every declaration in one is either untouched by DEF-004 or already a token.
2026-09-24T17:45:04.7580682Z   ⬛ ADVISORY: exit 0 regardless. This is ONE parser over the NARROWEST population where a parser would have caught a proved false green (#220-L1 finding 12).
2026-09-24T17:45:04.7581711Z   ⬛ Widening it to the other seven regex gates is PRICED, not built, and whether a non-stdlib CSS parser may enter the gate set is DAVE'S.
2026-09-24T17:45:04.7735420Z Post job cleanup.
2026-09-24T17:45:04.8620234Z [command]/usr/bin/git version
2026-09-24T17:45:04.8652845Z git version 2.55.0
2026-09-24T17:45:04.8691297Z Temporarily overriding HOME='/home/runner/work/_temp/bee3ab92-4690-4514-add3-5ea854dc7c77' before making global git config changes
2026-09-24T17:45:04.8692623Z Adding repository directory to the temporary git global config as a safe directory
2026-09-24T17:45:04.8697137Z [command]/usr/bin/git config --global --add safe.directory /home/runner/work/UX-design/UX-design
2026-09-24T17:45:04.8732223Z Removing SSH command configuration
2026-09-24T17:45:04.8739001Z [command]/usr/bin/git config --local --name-only --get-regexp core\.sshCommand
2026-09-24T17:45:04.8781969Z [command]/usr/bin/git submodule foreach --recursive sh -c "git config --local --name-only --get-regexp 'core\.sshCommand' && git config --local --unset-all 'core.sshCommand' || :"
2026-09-24T17:45:04.9051443Z Removing HTTP extra header
2026-09-24T17:45:04.9058598Z [command]/usr/bin/git config --local --name-only --get-regexp http\.https\:\/\/github\.com\/\.extraheader
2026-09-24T17:45:04.9102903Z [command]/usr/bin/git submodule foreach --recursive sh -c "git config --local --name-only --get-regexp 'http\.https\:\/\/github\.com\/\.extraheader' && git config --local --unset-all 'http.https://github.com/.extraheader' || :"
2026-09-24T17:45:04.9390116Z Removing includeIf entries pointing to credentials config files
2026-09-24T17:45:04.9399311Z [command]/usr/bin/git config --local --name-only --get-regexp ^includeIf\.gitdir:
2026-09-24T17:45:04.9427727Z includeif.gitdir:/home/runner/work/UX-design/UX-design/.git.path
2026-09-24T17:45:04.9428920Z includeif.gitdir:/home/runner/work/UX-design/UX-design/.git/worktrees/*.path
2026-09-24T17:45:04.9430396Z includeif.gitdir:/github/workspace/.git.path
2026-09-24T17:45:04.9431048Z includeif.gitdir:/github/workspace/.git/worktrees/*.path
2026-09-24T17:45:04.9440184Z [command]/usr/bin/git config --local --get-all includeif.gitdir:/home/runner/work/UX-design/UX-design/.git.path
2026-09-24T17:45:04.9475120Z /home/runner/work/_temp/git-credentials-a4b01e33-e1cb-4eef-ba4e-d54f20c32b2e.config
2026-09-24T17:45:04.9493768Z [command]/usr/bin/git config --local --unset includeif.gitdir:/home/runner/work/UX-design/UX-design/.git.path /home/runner/work/_temp/git-credentials-a4b01e33-e1cb-4eef-ba4e-d54f20c32b2e.config
2026-09-24T17:45:04.9570753Z [command]/usr/bin/git config --local --get-all includeif.gitdir:/home/runner/work/UX-design/UX-design/.git/worktrees/*.path
2026-09-24T17:45:04.9590381Z /home/runner/work/_temp/git-credentials-a4b01e33-e1cb-4eef-ba4e-d54f20c32b2e.config
2026-09-24T17:45:04.9617650Z [command]/usr/bin/git config --local --unset includeif.gitdir:/home/runner/work/UX-design/UX-design/.git/worktrees/*.path /home/runner/work/_temp/git-credentials-a4b01e33-e1cb-4eef-ba4e-d54f20c32b2e.config
2026-09-24T17:45:04.9654993Z [command]/usr/bin/git config --local --get-all includeif.gitdir:/github/workspace/.git.path
2026-09-24T17:45:04.9685541Z /github/runner_temp/git-credentials-a4b01e33-e1cb-4eef-ba4e-d54f20c32b2e.config
2026-09-24T17:45:04.9695283Z [command]/usr/bin/git config --local --unset includeif.gitdir:/github/workspace/.git.path /github/runner_temp/git-credentials-a4b01e33-e1cb-4eef-ba4e-d54f20c32b2e.config
2026-09-24T17:45:04.9740530Z [command]/usr/bin/git config --local --get-all includeif.gitdir:/github/workspace/.git/worktrees/*.path
2026-09-24T17:45:04.9770941Z /github/runner_temp/git-credentials-a4b01e33-e1cb-4eef-ba4e-d54f20c32b2e.config
2026-09-24T17:45:04.9790905Z [command]/usr/bin/git config --local --unset includeif.gitdir:/github/workspace/.git/worktrees/*.path /github/runner_temp/git-credentials-a4b01e33-e1cb-4eef-ba4e-d54f20c32b2e.config
2026-09-24T17:45:04.9831196Z [command]/usr/bin/git submodule foreach --recursive git config --local --show-origin --name-only --get-regexp remote.origin.url
2026-09-24T17:45:05.0115271Z Removing credentials config '/home/runner/work/_temp/git-credentials-a4b01e33-e1cb-4eef-ba4e-d54f20c32b2e.config'
2026-09-24T17:45:05.0284433Z Cleaning up orphan processes
