2026-09-24T17:41:47.9793531Z Current runner version: '2.337.0'
2026-09-24T17:41:47.9817611Z ##[group]Runner Image Provisioner
2026-09-24T17:41:47.9818431Z Hosted Compute Agent
2026-09-24T17:41:47.9819022Z Version: 20260828.587
2026-09-24T17:41:47.9819625Z Commit: abac92662cab4cc7352de4f9f9d2e2419aad9c29
2026-09-24T17:41:47.9820286Z Build Date: 2026-08-28T16:44:25Z
2026-09-24T17:41:47.9820916Z Worker ID: {0d3cb69a-a145-41b8-a1c1-387a3fc1a571}
2026-09-24T17:41:47.9821557Z Azure Region: westus3
2026-09-24T17:41:47.9822054Z ##[endgroup]
2026-09-24T17:41:47.9823678Z ##[group]Operating System
2026-09-24T17:41:47.9824239Z Ubuntu
2026-09-24T17:41:47.9824732Z 24.04.5
2026-09-24T17:41:47.9825196Z LTS
2026-09-24T17:41:47.9825657Z ##[endgroup]
2026-09-24T17:41:47.9826208Z ##[group]Runner Image
2026-09-24T17:41:47.9826749Z Image: ubuntu-24.04
2026-09-24T17:41:47.9827571Z Version: 20260920.314.1
2026-09-24T17:41:47.9828748Z Included Software: https://github.com/actions/runner-images/blob/ubuntu24/20260920.314/images/ubuntu/Ubuntu2404-Readme.md
2026-09-24T17:41:47.9830149Z Image Release: https://github.com/actions/runner-images/releases/tag/ubuntu24%2F20260920.314
2026-09-24T17:41:47.9831003Z ##[endgroup]
2026-09-24T17:41:47.9832077Z ##[group]GITHUB_TOKEN Permissions
2026-09-24T17:41:47.9834639Z Contents: read
2026-09-24T17:41:47.9835245Z Metadata: read
2026-09-24T17:41:47.9835751Z Packages: read
2026-09-24T17:41:47.9836240Z ##[endgroup]
2026-09-24T17:41:47.9838369Z Secret source: Actions
2026-09-24T17:41:47.9839258Z Cache mode: write
2026-09-24T17:41:47.9839927Z Prepare workflow directory
2026-09-24T17:41:48.0214859Z Prepare all required actions
2026-09-24T17:41:48.0262497Z Getting action download info
2026-09-24T17:41:48.3551794Z Download action repository 'actions/checkout@v6' (SHA:d23441a48e516b6c34aea4fa41551a30e30af803)
2026-09-24T17:41:48.4309681Z Download action repository 'actions/setup-python@v6' (SHA:ece7cb06caefa5fff74198d8649806c4678c61a1)
2026-09-24T17:41:48.5884933Z Complete job name: gates
2026-09-24T17:41:48.6742743Z ##[group]Run actions/checkout@v6
2026-09-24T17:41:48.6744368Z with:
2026-09-24T17:41:48.6745052Z   fetch-depth: 0
2026-09-24T17:41:48.6745784Z   repository: daveasewen/UX-design
2026-09-24T17:41:48.6752480Z   token: ***
2026-09-24T17:41:48.6753338Z   ssh-strict: true
2026-09-24T17:41:48.6754015Z   ssh-user: git
2026-09-24T17:41:48.6754714Z   persist-credentials: true
2026-09-24T17:41:48.6755503Z   clean: true
2026-09-24T17:41:48.6756226Z   sparse-checkout-cone-mode: true
2026-09-24T17:41:48.6757176Z   fetch-tags: false
2026-09-24T17:41:48.6758047Z   show-progress: true
2026-09-24T17:41:48.6758726Z   lfs: false
2026-09-24T17:41:48.6759363Z   submodules: false
2026-09-24T17:41:48.6760076Z   set-safe-directory: true
2026-09-24T17:41:48.6760784Z   allow-unsafe-pr-checkout: false
2026-09-24T17:41:48.6761925Z ##[endgroup]
2026-09-24T17:41:48.7771863Z Syncing repository: daveasewen/UX-design
2026-09-24T17:41:48.7774089Z ##[group]Getting Git version info
2026-09-24T17:41:48.7774940Z Working directory is '/home/runner/work/UX-design/UX-design'
2026-09-24T17:41:48.7775882Z [command]/usr/bin/git version
2026-09-24T17:41:48.7876971Z git version 2.55.0
2026-09-24T17:41:48.7914890Z ##[endgroup]
2026-09-24T17:41:48.7925060Z Temporarily overriding HOME='/home/runner/work/_temp/35fdcae3-262f-45d2-8e41-14aa629e8a32' before making global git config changes
2026-09-24T17:41:48.7926786Z Adding repository directory to the temporary git global config as a safe directory
2026-09-24T17:41:48.7932030Z [command]/usr/bin/git config --global --add safe.directory /home/runner/work/UX-design/UX-design
2026-09-24T17:41:48.7983512Z Deleting the contents of '/home/runner/work/UX-design/UX-design'
2026-09-24T17:41:48.7989796Z ##[group]Determining repository object format
2026-09-24T17:41:48.7991937Z ##[endgroup]
2026-09-24T17:41:48.7993344Z ##[group]Initializing the repository
2026-09-24T17:41:48.7998179Z [command]/usr/bin/git init /home/runner/work/UX-design/UX-design
2026-09-24T17:41:48.8105409Z hint: Using 'master' as the name for the initial branch. This default branch name
2026-09-24T17:41:48.8107456Z hint: will change to "main" in Git 3.0. To configure the initial branch name
2026-09-24T17:41:48.8108346Z hint: to use in all of your new repositories, which will suppress this warning,
2026-09-24T17:41:48.8109023Z hint: call:
2026-09-24T17:41:48.8109384Z hint:
2026-09-24T17:41:48.8109859Z hint: 	git config --global init.defaultBranch <name>
2026-09-24T17:41:48.8110408Z hint:
2026-09-24T17:41:48.8110933Z hint: Names commonly chosen instead of 'master' are 'main', 'trunk' and
2026-09-24T17:41:48.8111768Z hint: 'development'. The just-created branch can be renamed via this command:
2026-09-24T17:41:48.8112428Z hint:
2026-09-24T17:41:48.8112790Z hint: 	git branch -m <name>
2026-09-24T17:41:48.8113436Z hint:
2026-09-24T17:41:48.8114446Z hint: Disable this message with "git config set advice.defaultBranchName false"
2026-09-24T17:41:48.8117718Z Initialized empty Git repository in /home/runner/work/UX-design/UX-design/.git/
2026-09-24T17:41:48.8129784Z [command]/usr/bin/git remote add origin https://github.com/daveasewen/UX-design
2026-09-24T17:41:48.8191218Z ##[endgroup]
2026-09-24T17:41:48.8192579Z ##[group]Disabling automatic garbage collection
2026-09-24T17:41:48.8195202Z [command]/usr/bin/git config --local gc.auto 0
2026-09-24T17:41:48.8225907Z ##[endgroup]
2026-09-24T17:41:48.8227654Z ##[group]Setting up auth
2026-09-24T17:41:48.8228721Z Removing SSH command configuration
2026-09-24T17:41:48.8234721Z [command]/usr/bin/git config --local --name-only --get-regexp core\.sshCommand
2026-09-24T17:41:48.8269003Z [command]/usr/bin/git submodule foreach --recursive sh -c "git config --local --name-only --get-regexp 'core\.sshCommand' && git config --local --unset-all 'core.sshCommand' || :"
2026-09-24T17:41:48.8578198Z Removing HTTP extra header
2026-09-24T17:41:48.8586700Z [command]/usr/bin/git config --local --name-only --get-regexp http\.https\:\/\/github\.com\/\.extraheader
2026-09-24T17:41:48.8619668Z [command]/usr/bin/git submodule foreach --recursive sh -c "git config --local --name-only --get-regexp 'http\.https\:\/\/github\.com\/\.extraheader' && git config --local --unset-all 'http.https://github.com/.extraheader' || :"
2026-09-24T17:41:48.8804370Z Removing includeIf entries pointing to credentials config files
2026-09-24T17:41:48.8811471Z [command]/usr/bin/git config --local --name-only --get-regexp ^includeIf\.gitdir:
2026-09-24T17:41:48.8841406Z [command]/usr/bin/git submodule foreach --recursive git config --local --show-origin --name-only --get-regexp remote.origin.url
2026-09-24T17:41:48.9028474Z [command]/usr/bin/git config --file /home/runner/work/_temp/git-credentials-332d278c-050b-40a7-bc40-fe7aba193244.config http.https://github.com/.extraheader AUTHORIZATION: basic ***
2026-09-24T17:41:48.9065379Z [command]/usr/bin/git config --local includeIf.gitdir:/home/runner/work/UX-design/UX-design/.git.path /home/runner/work/_temp/git-credentials-332d278c-050b-40a7-bc40-fe7aba193244.config
2026-09-24T17:41:48.9097519Z [command]/usr/bin/git config --local includeIf.gitdir:/home/runner/work/UX-design/UX-design/.git/worktrees/*.path /home/runner/work/_temp/git-credentials-332d278c-050b-40a7-bc40-fe7aba193244.config
2026-09-24T17:41:48.9131736Z [command]/usr/bin/git config --local includeIf.gitdir:/github/workspace/.git.path /github/runner_temp/git-credentials-332d278c-050b-40a7-bc40-fe7aba193244.config
2026-09-24T17:41:48.9169504Z [command]/usr/bin/git config --local includeIf.gitdir:/github/workspace/.git/worktrees/*.path /github/runner_temp/git-credentials-332d278c-050b-40a7-bc40-fe7aba193244.config
2026-09-24T17:41:48.9194758Z ##[endgroup]
2026-09-24T17:41:48.9195893Z ##[group]Fetching the repository
2026-09-24T17:41:48.9205117Z [command]/usr/bin/git -c protocol.version=2 fetch --no-tags --prune --no-recurse-submodules origin +refs/heads/*:refs/remotes/origin/* +refs/tags/*:refs/tags/*
2026-09-24T17:42:22.8661618Z From https://github.com/daveasewen/UX-design
2026-09-24T17:42:22.8662596Z  * [new branch]        master     -> origin/master
2026-09-24T17:42:22.8672105Z [command]/usr/bin/git branch --list --remote origin/master
2026-09-24T17:42:22.8698018Z   origin/master
2026-09-24T17:42:22.8706047Z [command]/usr/bin/git rev-parse refs/remotes/origin/master
2026-09-24T17:42:22.8728754Z 683f4cca25b3ff6ffb5bc10129fc31e3d1ab67ba
2026-09-24T17:42:22.8733739Z ##[endgroup]
2026-09-24T17:42:22.8734276Z ##[group]Determining the checkout info
2026-09-24T17:42:22.8734785Z ##[endgroup]
2026-09-24T17:42:22.8737709Z [command]/usr/bin/git sparse-checkout disable
2026-09-24T17:42:22.8778869Z [command]/usr/bin/git config --local --unset-all extensions.worktreeConfig
2026-09-24T17:42:22.8800944Z ##[group]Checking out the ref
2026-09-24T17:42:22.8805708Z [command]/usr/bin/git checkout --progress --force -B master refs/remotes/origin/master
2026-09-24T17:42:23.8997635Z Updating files:  21% (2033/9476)
2026-09-24T17:42:23.9164756Z Updating files:  22% (2085/9476)
2026-09-24T17:42:23.9350331Z Updating files:  23% (2180/9476)
2026-09-24T17:42:23.9836119Z Updating files:  24% (2275/9476)
2026-09-24T17:42:23.9858422Z Updating files:  25% (2369/9476)
2026-09-24T17:42:23.9881588Z Updating files:  26% (2464/9476)
2026-09-24T17:42:23.9906498Z Updating files:  27% (2559/9476)
2026-09-24T17:42:23.9926965Z Updating files:  28% (2654/9476)
2026-09-24T17:42:23.9947299Z Updating files:  29% (2749/9476)
2026-09-24T17:42:23.9970066Z Updating files:  30% (2843/9476)
2026-09-24T17:42:23.9992626Z Updating files:  31% (2938/9476)
2026-09-24T17:42:24.0281287Z Updating files:  32% (3033/9476)
2026-09-24T17:42:24.0870789Z Updating files:  33% (3128/9476)
2026-09-24T17:42:24.1444638Z Updating files:  34% (3222/9476)
2026-09-24T17:42:24.1687398Z Updating files:  35% (3317/9476)
2026-09-24T17:42:24.1741653Z Updating files:  36% (3412/9476)
2026-09-24T17:42:24.1824455Z Updating files:  37% (3507/9476)
2026-09-24T17:42:24.1886020Z Updating files:  38% (3601/9476)
2026-09-24T17:42:24.1982896Z Updating files:  39% (3696/9476)
2026-09-24T17:42:24.2075265Z Updating files:  40% (3791/9476)
2026-09-24T17:42:24.4517471Z Updating files:  41% (3886/9476)
2026-09-24T17:42:24.4636461Z Updating files:  42% (3980/9476)
2026-09-24T17:42:24.4687850Z Updating files:  43% (4075/9476)
2026-09-24T17:42:24.5040209Z Updating files:  44% (4170/9476)
2026-09-24T17:42:24.5433751Z Updating files:  45% (4265/9476)
2026-09-24T17:42:24.5565773Z Updating files:  46% (4359/9476)
2026-09-24T17:42:24.5883673Z Updating files:  47% (4454/9476)
2026-09-24T17:42:24.5948289Z Updating files:  48% (4549/9476)
2026-09-24T17:42:24.5997109Z Updating files:  49% (4644/9476)
2026-09-24T17:42:24.7087530Z Updating files:  50% (4738/9476)
2026-09-24T17:42:24.8613612Z Updating files:  51% (4833/9476)
2026-09-24T17:42:24.8820093Z Updating files:  52% (4928/9476)
2026-09-24T17:42:24.8915785Z Updating files:  53% (5023/9476)
2026-09-24T17:42:24.9465634Z Updating files:  53% (5039/9476)
2026-09-24T17:42:25.0871090Z Updating files:  54% (5118/9476)
2026-09-24T17:42:25.1410493Z Updating files:  55% (5212/9476)
2026-09-24T17:42:25.1667441Z Updating files:  56% (5307/9476)
2026-09-24T17:42:25.2090360Z Updating files:  57% (5402/9476)
2026-09-24T17:42:25.2466278Z Updating files:  58% (5497/9476)
2026-09-24T17:42:25.2758141Z Updating files:  59% (5591/9476)
2026-09-24T17:42:25.3018826Z Updating files:  60% (5686/9476)
2026-09-24T17:42:25.3075096Z Updating files:  61% (5781/9476)
2026-09-24T17:42:25.3194756Z Updating files:  62% (5876/9476)
2026-09-24T17:42:25.3346805Z Updating files:  63% (5970/9476)
2026-09-24T17:42:25.3539095Z Updating files:  64% (6065/9476)
2026-09-24T17:42:25.3846901Z Updating files:  65% (6160/9476)
2026-09-24T17:42:25.4501045Z Updating files:  66% (6255/9476)
2026-09-24T17:42:25.7297232Z Updating files:  67% (6349/9476)
2026-09-24T17:42:25.7859514Z Updating files:  68% (6444/9476)
2026-09-24T17:42:25.8648451Z Updating files:  69% (6539/9476)
2026-09-24T17:42:25.8913343Z Updating files:  70% (6634/9476)
2026-09-24T17:42:25.9407432Z Updating files:  70% (6673/9476)
2026-09-24T17:42:25.9963780Z Updating files:  71% (6728/9476)
2026-09-24T17:42:26.0215619Z Updating files:  72% (6823/9476)
2026-09-24T17:42:26.0266520Z Updating files:  73% (6918/9476)
2026-09-24T17:42:26.0408957Z Updating files:  74% (7013/9476)
2026-09-24T17:42:26.0525174Z Updating files:  75% (7107/9476)
2026-09-24T17:42:26.0650745Z Updating files:  76% (7202/9476)
2026-09-24T17:42:26.0722751Z Updating files:  77% (7297/9476)
2026-09-24T17:42:26.0807722Z Updating files:  78% (7392/9476)
2026-09-24T17:42:26.0935712Z Updating files:  79% (7487/9476)
2026-09-24T17:42:26.1262447Z Updating files:  80% (7581/9476)
2026-09-24T17:42:26.1952741Z Updating files:  81% (7676/9476)
2026-09-24T17:42:26.2070720Z Updating files:  82% (7771/9476)
2026-09-24T17:42:26.2096974Z Updating files:  83% (7866/9476)
2026-09-24T17:42:26.2127896Z Updating files:  84% (7960/9476)
2026-09-24T17:42:26.2388476Z Updating files:  85% (8055/9476)
2026-09-24T17:42:26.2650162Z Updating files:  86% (8150/9476)
2026-09-24T17:42:26.2802527Z Updating files:  87% (8245/9476)
2026-09-24T17:42:26.3443877Z Updating files:  88% (8339/9476)
2026-09-24T17:42:26.4571382Z Updating files:  89% (8434/9476)
2026-09-24T17:42:26.4984248Z Updating files:  90% (8529/9476)
2026-09-24T17:42:26.5139619Z Updating files:  91% (8624/9476)
2026-09-24T17:42:26.5265215Z Updating files:  92% (8718/9476)
2026-09-24T17:42:26.5466485Z Updating files:  93% (8813/9476)
2026-09-24T17:42:26.5933468Z Updating files:  94% (8908/9476)
2026-09-24T17:42:26.6041447Z Updating files:  95% (9003/9476)
2026-09-24T17:42:26.6118433Z Updating files:  96% (9097/9476)
2026-09-24T17:42:26.6170952Z Updating files:  97% (9192/9476)
2026-09-24T17:42:26.6492386Z Updating files:  98% (9287/9476)
2026-09-24T17:42:26.6743522Z Updating files:  99% (9382/9476)
2026-09-24T17:42:26.6744257Z Updating files: 100% (9476/9476)
2026-09-24T17:42:26.6744513Z Updating files: 100% (9476/9476), done.
2026-09-24T17:42:26.6851081Z Reset branch 'master'
2026-09-24T17:42:26.6856482Z branch 'master' set up to track 'origin/master'.
2026-09-24T17:42:26.6918503Z ##[endgroup]
2026-09-24T17:42:26.6962433Z [command]/usr/bin/git log -1 --format=%H
2026-09-24T17:42:26.6985659Z 683f4cca25b3ff6ffb5bc10129fc31e3d1ab67ba
2026-09-24T17:42:26.7230838Z ##[group]Run actions/setup-python@v6
2026-09-24T17:42:26.7231123Z with:
2026-09-24T17:42:26.7231340Z   python-version: 3.12
2026-09-24T17:42:26.7231558Z   check-latest: false
2026-09-24T17:42:26.7234195Z   token: ***
2026-09-24T17:42:26.7234409Z   update-environment: true
2026-09-24T17:42:26.7234666Z   allow-prereleases: false
2026-09-24T17:42:26.7234905Z   freethreaded: false
2026-09-24T17:42:26.7235133Z ##[endgroup]
2026-09-24T17:42:26.8604805Z ##[group]Installed versions
2026-09-24T17:42:26.8701960Z Successfully set up CPython (3.12.14)
2026-09-24T17:42:26.8702883Z ##[endgroup]
2026-09-24T17:42:26.8837124Z ##[group]Run pip install tiktoken jsonschema
2026-09-24T17:42:26.8837806Z [36;1mpip install tiktoken jsonschema[0m
2026-09-24T17:42:26.9130441Z shell: /usr/bin/bash -e {0}
2026-09-24T17:42:26.9130764Z env:
2026-09-24T17:42:26.9131063Z   pythonLocation: /opt/hostedtoolcache/Python/3.12.14/x64
2026-09-24T17:42:26.9131547Z   PKG_CONFIG_PATH: /opt/hostedtoolcache/Python/3.12.14/x64/lib/pkgconfig
2026-09-24T17:42:26.9131978Z   Python_ROOT_DIR: /opt/hostedtoolcache/Python/3.12.14/x64
2026-09-24T17:42:26.9132364Z   Python2_ROOT_DIR: /opt/hostedtoolcache/Python/3.12.14/x64
2026-09-24T17:42:26.9132746Z   Python3_ROOT_DIR: /opt/hostedtoolcache/Python/3.12.14/x64
2026-09-24T17:42:26.9133345Z   LD_LIBRARY_PATH: /opt/hostedtoolcache/Python/3.12.14/x64/lib
2026-09-24T17:42:26.9133779Z ##[endgroup]
2026-09-24T17:42:28.1320892Z Collecting tiktoken
2026-09-24T17:42:28.1807710Z   Downloading tiktoken-0.14.0-cp312-cp312-manylinux_2_28_x86_64.whl.metadata (6.7 kB)
2026-09-24T17:42:28.2010913Z Collecting jsonschema
2026-09-24T17:42:28.2051778Z   Downloading jsonschema-4.26.0-py3-none-any.whl.metadata (7.6 kB)
2026-09-24T17:42:28.5424909Z Collecting regex (from tiktoken)
2026-09-24T17:42:28.5466619Z   Downloading regex-2026.9.10-cp312-cp312-manylinux2014_x86_64.manylinux_2_17_x86_64.manylinux_2_28_x86_64.whl.metadata (40 kB)
2026-09-24T17:42:28.5729116Z Collecting requests (from tiktoken)
2026-09-24T17:42:28.5765100Z   Downloading requests-2.34.2-py3-none-any.whl.metadata (4.8 kB)
2026-09-24T17:42:28.5948668Z Collecting attrs>=22.2.0 (from jsonschema)
2026-09-24T17:42:28.5989804Z   Downloading attrs-26.1.0-py3-none-any.whl.metadata (8.8 kB)
2026-09-24T17:42:28.6124666Z Collecting jsonschema-specifications>=2023.03.6 (from jsonschema)
2026-09-24T17:42:28.6160022Z   Downloading jsonschema_specifications-2025.9.1-py3-none-any.whl.metadata (2.9 kB)
2026-09-24T17:42:28.6358949Z Collecting referencing>=0.28.4 (from jsonschema)
2026-09-24T17:42:28.6392921Z   Downloading referencing-0.37.0-py3-none-any.whl.metadata (2.8 kB)
2026-09-24T17:42:28.8602677Z Collecting rpds-py>=0.25.0 (from jsonschema)
2026-09-24T17:42:28.8638610Z   Downloading rpds_py-2026.6.3-cp312-cp312-manylinux_2_17_x86_64.manylinux2014_x86_64.whl.metadata (4.1 kB)
2026-09-24T17:42:28.8815880Z Collecting typing-extensions>=4.4.0 (from referencing>=0.28.4->jsonschema)
2026-09-24T17:42:28.8849469Z   Downloading typing_extensions-4.16.0-py3-none-any.whl.metadata (3.3 kB)
2026-09-24T17:42:29.0046259Z Collecting charset_normalizer<4,>=2 (from requests->tiktoken)
2026-09-24T17:42:29.0082667Z   Downloading charset_normalizer-3.5.1-cp312-cp312-manylinux2014_x86_64.manylinux_2_17_x86_64.manylinux_2_28_x86_64.whl.metadata (45 kB)
2026-09-24T17:42:29.0248105Z Collecting idna<4,>=2.5 (from requests->tiktoken)
2026-09-24T17:42:29.0284994Z   Downloading idna-3.20-py3-none-any.whl.metadata (7.2 kB)
2026-09-24T17:42:29.0467532Z Collecting urllib3<3,>=1.26 (from requests->tiktoken)
2026-09-24T17:42:29.0504613Z   Downloading urllib3-2.8.0-py3-none-any.whl.metadata (7.4 kB)
2026-09-24T17:42:29.0660144Z Collecting certifi>=2023.5.7 (from requests->tiktoken)
2026-09-24T17:42:29.0699677Z   Downloading certifi-2026.7.22-py3-none-any.whl.metadata (2.5 kB)
2026-09-24T17:42:29.0787839Z Downloading tiktoken-0.14.0-cp312-cp312-manylinux_2_28_x86_64.whl (1.2 MB)
2026-09-24T17:42:29.0958570Z    ━━━━━━━━━━━━━━━━━━━━━━━━━━━━━━━━━━━━━━━━ 1.2/1.2 MB 87.7 MB/s  0:00:00
2026-09-24T17:42:29.0995137Z Downloading jsonschema-4.26.0-py3-none-any.whl (90 kB)
2026-09-24T17:42:29.1054010Z Downloading attrs-26.1.0-py3-none-any.whl (67 kB)
2026-09-24T17:42:29.1114037Z Downloading jsonschema_specifications-2025.9.1-py3-none-any.whl (18 kB)
2026-09-24T17:42:29.1167012Z Downloading referencing-0.37.0-py3-none-any.whl (26 kB)
2026-09-24T17:42:29.1220020Z Downloading rpds_py-2026.6.3-cp312-cp312-manylinux_2_17_x86_64.manylinux2014_x86_64.whl (366 kB)
2026-09-24T17:42:29.1284418Z Downloading typing_extensions-4.16.0-py3-none-any.whl (45 kB)
2026-09-24T17:42:29.1340940Z Downloading regex-2026.9.10-cp312-cp312-manylinux2014_x86_64.manylinux_2_17_x86_64.manylinux_2_28_x86_64.whl (804 kB)
2026-09-24T17:42:29.1410062Z    ━━━━━━━━━━━━━━━━━━━━━━━━━━━━━━━━━━━━━━━━ 804.6/804.6 kB 117.1 MB/s  0:00:00
2026-09-24T17:42:29.1447640Z Downloading requests-2.34.2-py3-none-any.whl (73 kB)
2026-09-24T17:42:29.1505490Z Downloading charset_normalizer-3.5.1-cp312-cp312-manylinux2014_x86_64.manylinux_2_17_x86_64.manylinux_2_28_x86_64.whl (248 kB)
2026-09-24T17:42:29.1564693Z Downloading idna-3.20-py3-none-any.whl (69 kB)
2026-09-24T17:42:29.1618096Z Downloading urllib3-2.8.0-py3-none-any.whl (135 kB)
2026-09-24T17:42:29.1676151Z Downloading certifi-2026.7.22-py3-none-any.whl (136 kB)
2026-09-24T17:42:29.2509005Z Installing collected packages: urllib3, typing-extensions, rpds-py, regex, idna, charset_normalizer, certifi, attrs, requests, referencing, tiktoken, jsonschema-specifications, jsonschema
2026-09-24T17:42:29.7410173Z 
2026-09-24T17:42:29.7427193Z Successfully installed attrs-26.1.0 certifi-2026.7.22 charset_normalizer-3.5.1 idna-3.20 jsonschema-4.26.0 jsonschema-specifications-2025.9.1 referencing-0.37.0 regex-2026.9.10 requests-2.34.2 rpds-py-2026.6.3 tiktoken-0.14.0 typing-extensions-4.16.0 urllib3-2.8.0
2026-09-24T17:42:29.8377423Z ##[group]Run python3 knowledge/_build_survey.py --timeout 60
2026-09-24T17:42:29.8377968Z [36;1mpython3 knowledge/_build_survey.py --timeout 60[0m
2026-09-24T17:42:29.8423755Z shell: /usr/bin/bash -e {0}
2026-09-24T17:42:29.8424033Z env:
2026-09-24T17:42:29.8424322Z   pythonLocation: /opt/hostedtoolcache/Python/3.12.14/x64
2026-09-24T17:42:29.8424760Z   PKG_CONFIG_PATH: /opt/hostedtoolcache/Python/3.12.14/x64/lib/pkgconfig
2026-09-24T17:42:29.8425192Z   Python_ROOT_DIR: /opt/hostedtoolcache/Python/3.12.14/x64
2026-09-24T17:42:29.8425608Z   Python2_ROOT_DIR: /opt/hostedtoolcache/Python/3.12.14/x64
2026-09-24T17:42:29.8425994Z   Python3_ROOT_DIR: /opt/hostedtoolcache/Python/3.12.14/x64
2026-09-24T17:42:29.8426385Z   LD_LIBRARY_PATH: /opt/hostedtoolcache/Python/3.12.14/x64/lib
2026-09-24T17:42:29.8426717Z ##[endgroup]
2026-09-24T17:45:49.3085102Z — 146 steps read from _build_all.STEPS by ast (never imported) · per-step timeout 60s · non-mutating steps only
2026-09-24T17:45:49.3085919Z 
2026-09-24T17:45:49.3088075Z   ❌ [ 3] token blast-radius + graph report — determinism/staleness chec  exit 1
2026-09-24T17:45:49.3088866Z   ✅ [ 4] token blast-radius + graph report selftest (#79 P6)
2026-09-24T17:45:49.3089514Z   ✅ [ 9] help-gate selftest — 5 mutation bites (#158 class gate)
2026-09-24T17:45:49.3090167Z   ✅ [11] assertion veracity selftest — verbs bite + registry well-forme
2026-09-24T17:45:49.3090787Z   ❌ [13] capture/provenance selftest (Memento §4.1)  exit 1
2026-09-24T17:45:49.3091410Z   ✅ [14] gauge-tokens selftest -- counting path + cache + degraded-meas
2026-09-24T17:45:49.3091991Z   ✅ [15] roll-state measurer selftest (#77 T1)
2026-09-24T17:45:49.3092634Z   ✅ [16] commit-seam harness — _git_commit.sh fixture-repo arms (#78-D1
2026-09-24T17:45:49.3103928Z   ✅ [17] GM/LS mover selftest — hardened move mechanics (M5)
2026-09-24T17:45:49.3104750Z   ✅ [18] section-usage instrumentation selftest (#23)
2026-09-24T17:45:49.3105850Z   ✅ [20] lane records determinism check (O1′ #24)
2026-09-24T17:45:49.3106397Z   ✅ [21] lane records selftest — schema refusals + routing contract (O1
2026-09-24T17:45:49.3106958Z   ✅ [26] worklist store selftest — schema presence gates incl. priority
2026-09-24T17:45:49.3107530Z   ✅ [28] decision-graph selftest — conflict gate bites on unresolved/op
2026-09-24T17:45:49.3108083Z   ✅ [29] spine-writer selftest — splice invariants + no-half-writes (#7
2026-09-24T17:45:49.3108722Z   ❌ [38] component-partials sync — AUTO-PARTIAL injection + contracts (  exit 1
2026-09-24T17:45:49.3109238Z   ✅ [39] component-partials selftest (ADR-0013)
2026-09-24T17:45:49.3109683Z   ✅ [40] token-set distribution sync — AUTO-TOKENS injection (s121-D1)
2026-09-24T17:45:49.3110111Z   ✅ [41] token-set distribution selftest (s121-D1)
2026-09-24T17:45:49.3110473Z   ✅ [43] Behaviour contract selftest (ADR-0015)
2026-09-24T17:45:49.3110867Z   ✅ [45] canon components determinism check (ADR-0013 ruling 4)
2026-09-24T17:45:49.3111250Z   ✅ [47] partial-ratchet selftest (ADR-0013)
2026-09-24T17:45:49.3111645Z   ✅ [50] theme cascade sync — [data-apollo-theme] layer (ADR-0011)
2026-09-24T17:45:49.3112022Z   ✅ [51] theme cascade selftest (ADR-0014)
2026-09-24T17:45:49.3112350Z   ✅ [53] state-snap selftest (ADR-0014)
2026-09-24T17:45:49.3112735Z   ✅ [55] stale-queue selftest — 13 bites incl. both mutation directions
2026-09-24T17:45:49.3113331Z   ✅ [57] palette-tier selftest — 10 mutation bites (s157-D2)
2026-09-24T17:45:49.3113778Z   ✅ [59] showroom sync — generated component library (RULED 2026-07-21)
2026-09-24T17:45:49.3114252Z   ✅ [60] showroom URL-rebase selftest — the srcdoc base-URL trap (2026-
2026-09-24T17:45:49.3114775Z   ⊘ [61] dashboard sync — generated progress dashboard (RULED #164, bui  COULD-NOT-ASK
2026-09-24T17:45:49.3115254Z   ✅ [67] a11y target-measurement selftest (s114-D5)
2026-09-24T17:45:49.3115584Z   ✅ [70] wiring gate selftest — 4 bites
2026-09-24T17:45:49.3116020Z   ⊘ [74] state-contrast gate selftest — paint stack, report arithmetic,  COULD-NOT-ASK
2026-09-24T17:45:49.3116820Z   ✅ [76] type-composites selftest
2026-09-24T17:45:49.3117132Z   ✅ [85] KG edge gate selftest (6 bites)
2026-09-24T17:45:49.3117466Z   ✅ [87] Token fork-ban selftest (2-direction)
2026-09-24T17:45:49.3117992Z   ✅ [91] binds-resolve selftest — 5 bites incl. any-store clause (#146)
2026-09-24T17:45:49.3118453Z   ✅ [93] chart-intent resolve selftest — 4 bites incl. list case + abse
2026-09-24T17:45:49.3118906Z   ✅ [95] roles/answers resolve selftest — 15 bites incl. in-role priori
2026-09-24T17:45:49.3119353Z   ✅ [97] DataViz gate selftest — bite-tests dv-004 + the dtype vocabula
2026-09-24T17:45:49.3119811Z   ✅ [99] property-resolves gate C2 selftest — 4 bites + a bite-the-bite
2026-09-24T17:45:49.3120277Z   ✅ [101] dataviz var-resolution gate selftest — 8 arms incl. alias chai
2026-09-24T17:45:49.3120762Z   ✅ [103] minted-consumption selftest — 10 arms incl. both false-positiv
2026-09-24T17:45:49.3121243Z   ✅ [105] hidden-attr display selftest — 16 bites incl. the real #218 mu
2026-09-24T17:45:49.3121646Z   ✅ [110] consult tool selftest (advisory)
2026-09-24T17:45:49.3122036Z   ✅ [111] search core selftest — two-stage engine + receipt format (O2′ 
2026-09-24T17:45:49.3122460Z   ✅ [113] memento index determinism check (O2′ #25)
2026-09-24T17:45:49.3122877Z   ✅ [114] memento index selftest — contract refusals + determinism (O2′ 
2026-09-24T17:45:49.3123496Z   ✅ [115] memento search selftest — known-answer retrieval + fetch refus
2026-09-24T17:45:49.3123940Z   ✅ [117] graph mention map determinism check (#115 step 0)
2026-09-24T17:45:49.3124368Z   ✅ [118] graph mention map selftest — hit/miss/refusal bites (#115 step
2026-09-24T17:45:49.3124843Z   ✅ [120] read chain determinism check — stale _CHAIN.md serves a PREVIO
2026-09-24T17:45:49.3125301Z   ✅ [121] read chain selftest — verbatim terms + the CUT + refusal on a 
2026-09-24T17:45:49.3125761Z   ✅ [122] GM size stamp check — a TYPED `size:` figure / drift past the 
2026-09-24T17:45:49.3126222Z   ✅ [123] GM size stamp selftest — the fixed point, the 2-cycle refusal,
2026-09-24T17:45:49.3126715Z   ❌ [125] memento schematic determinism check — a stale diagram publishe  exit 1
2026-09-24T17:45:49.3127216Z   ✅ [126] memento schematic selftest — figure provenance, caption geomet
2026-09-24T17:45:49.3127735Z   ❌ [128] memento-package delta-audit selftest — mutation-tested, all 4   exit 1
2026-09-24T17:45:49.3128178Z   ✅ [130] instrument-fit selftest (advisory, ds-015)
2026-09-24T17:45:49.3128600Z   ✅ [133] could-not-ask convention selftest (#193 — the third verdict's 
2026-09-24T17:45:49.3129089Z   ❌ [136] governs matcher selftest — the [12]/[13] trigger-index arm, na  exit 1
2026-09-24T17:45:49.3129573Z   ✅ [137] frozen-release gate — v1/v2 and any baked Spider surface may n
2026-09-24T17:45:49.3130039Z   ✅ [138] frozen-release selftest — 11 bites on a fixture repo incl. the
2026-09-24T17:45:49.3130503Z   ✅ [139] pack ship-list audit — the manifest is byte-identical to a fre
2026-09-24T17:45:49.3131026Z   ✅ [140] release-audit selftest — manifest compare + the pack arm's res
2026-09-24T17:45:49.3131641Z   ⊘ [141] pack-side CI template — parses, ships what it calls, hides not  COULD-NOT-ASK
2026-09-24T17:45:49.3132220Z   ⊘ [142] pack-side CI template selftest — 10 mutants incl. a smuggled c  COULD-NOT-ASK
2026-09-24T17:45:49.3132766Z   ✅ [145] polarity gate — five refusals + content-fresh derived status/e
2026-09-24T17:45:49.3133385Z   ✅ [146] polarity gate selftest — control + every refusal arm on a copy
2026-09-24T17:45:49.3133657Z 
2026-09-24T17:45:49.3133787Z ==============================================================================
2026-09-24T17:45:49.3134451Z SURVEY: 59 pass · 6 FAIL · 4 COULD-NOT-ASK (self-declared refusals) · 0 unaskable (missing/timed out) · 77 not asked (mutating)
2026-09-24T17:45:49.3135129Z ⚠ 'not asked' is NOT 'passing' — it is excluded from the exit code, deliberately.
2026-09-24T17:45:49.3135688Z ⚠ 'COULD-NOT-ASK' is NOT 'passing' either. It is a step that named the input it could
2026-09-24T17:45:49.3136366Z   not reach, so the job does not go red for an ENVIRONMENT fact dressed as an artefact
2026-09-24T17:45:49.3136867Z   verdict (#173/#183, generalised #193). Every one is printed in full below. A step
2026-09-24T17:45:49.3137450Z   that timed out or is MISSING is a different thing and still fails: nobody asked it
2026-09-24T17:45:49.3137826Z   and it never said why.
2026-09-24T17:45:49.3137976Z 
2026-09-24T17:45:49.3138259Z THE FULL FAILURE SET (6) — this is the number no single `_build_all.py` run can tell you:
2026-09-24T17:45:49.3138567Z 
2026-09-24T17:45:49.3138821Z   [3] token blast-radius + graph report — determinism/staleness check (#79 P6)
2026-09-24T17:45:49.3139304Z       python3 knowledge/tokens/_build_blast_radius.py --check   (exit 1)
2026-09-24T17:45:49.3139847Z       ❌ _build_blast_radius --check FAILED — 2 file(s) out of sync with a fresh compute():
2026-09-24T17:45:49.3140147Z 
2026-09-24T17:45:49.3140317Z   [13] capture/provenance selftest (Memento §4.1)
2026-09-24T17:45:49.3140674Z       python3 knowledge/_capture_gate.py --selftest   (exit 1)
2026-09-24T17:45:49.3141410Z       ❌ FAIL GOOD-MORNING.md: no `pre-flight:` stamp — the handoff must carry the estimate the session was priced with (runbook § ★ Half 0b). Form (Dave #56
2026-09-24T17:45:49.3141916Z 
2026-09-24T17:45:49.3142180Z   [38] component-partials sync — AUTO-PARTIAL injection + contracts (ADR-0013)
2026-09-24T17:45:49.3142633Z       python3 knowledge/gen_component_partials.py --check   (exit 1)
2026-09-24T17:45:49.3143004Z       gen_component_partials CONTRACT FAILURES:
2026-09-24T17:45:49.3143346Z 
2026-09-24T17:45:49.3143666Z   [125] memento schematic determinism check — a stale diagram publishes a PREVIOUS tree (#127)
2026-09-24T17:45:49.3144143Z       python3 knowledge/_gen_schematic.py --check   (exit 1)
2026-09-24T17:45:49.3144901Z       ✗ reviews/MEMENTO-SCHEMATIC-2026-08-07-v2.html is STALE — a figure in it no longer matches disk, so the page is asserting something that has gone fals
2026-09-24T17:45:49.3145404Z 
2026-09-24T17:45:49.3145679Z   [128] memento-package delta-audit selftest — mutation-tested, all 4 arms (#79)
2026-09-24T17:45:49.3146179Z       python3 knowledge/_validate_package_delta.py --selftest   (exit 1)
2026-09-24T17:45:49.3147864Z       ✗ real repo: clean (0 findings; got 4: ['VERBATIM SET: memento-package/machinery/_gen_chain.py DIFFERS from knowledge/_gen_chain.py (copy=machinery/ f
2026-09-24T17:45:49.3148773Z 
2026-09-24T17:45:49.3149289Z   [136] governs matcher selftest — the [12]/[13] trigger-index arm, named (#208 legibility)
2026-09-24T17:45:49.3150078Z       python3 knowledge/_governs.py --selftest   (exit 1)
2026-09-24T17:45:49.3151239Z       FAIL _governs: ruling s282-D2 evidence `col26-012 override cross-ref measured present at colour-standards-2026.md:79-81 before this ruling; grep 'seco
2026-09-24T17:45:49.3152199Z 
2026-09-24T17:45:49.3152643Z COULD-NOT-ASK (4) — each step's OWN words about the input it could not reach.
2026-09-24T17:45:49.3153631Z These do NOT fail the survey; they also do not pass. If one of them is here because the
2026-09-24T17:45:49.3154638Z environment is wrong rather than because the input is genuinely unreachable, FIX THE ENVIRONMENT:
2026-09-24T17:45:49.3155296Z 
2026-09-24T17:45:49.3155761Z   [61] dashboard sync — generated progress dashboard (RULED #164, built #165)
2026-09-24T17:45:49.3156507Z       python3 knowledge/gen_dashboard.py --check   (exit 77)
2026-09-24T17:45:49.3368457Z       COULD-NOT-ASK: dashboard/index.html — the page differs, but a live gate baked into it is reading INPUTS OUTSIDE THE COMMITTED TREE, so its verdict — and therefore this page — cannot be reproduced here: provenance names `knowledge/_tmp/l3-245/rename-plan.json`; provenance names `outputs/_FINDING-canon-pri-hover-brand-mono-fork-2026-08-06-v1.md`; provenance names `outputs/_PARTITION-button-primary-2026-08-06-v1.md`. Every one of those paths is untracked, so an environment that has them and one that does not will render different prose from the SAME commit. This is a REFUSAL, not a staleness verdict in either direction: the page's agreement with the stores is UNKNOWN here and is reported as unknown. Ask it where those inputs are present (a working tree that holds them), or commit them.
2026-09-24T17:45:49.3373025Z 
2026-09-24T17:45:49.3373862Z   [74] state-contrast gate selftest — paint stack, report arithmetic, named args
2026-09-24T17:45:49.3374821Z       python3 knowledge/_validate_state_contrast.py --selftest   (exit 77)
2026-09-24T17:45:49.3379392Z       COULD-NOT-ASK: _validate_state_contrast.py — the 'playwright' module is not installed (ModuleNotFoundError("No module named 'playwright'")) — this gate cannot be proven without it; run `pip install playwright && playwright install chromium` ⇒ THIS IS NOT A SKIP: these arms (including the s152-D1 mutation control) run BLOCKING in the `render` job of .github/workflows/gates.yml, which installs chromium — that job is where this gate's proof of record lives. Nothing here is claimed green; the question was unaskable on this box.
2026-09-24T17:45:49.3382553Z 
2026-09-24T17:45:49.3383351Z   [141] pack-side CI template — parses, ships what it calls, hides nothing (BLOCKING, built #219)
2026-09-24T17:45:49.3384310Z       python3 knowledge/_release/_gate_ci_template.py --check   (exit 77)
2026-09-24T17:45:49.3387203Z       COULD-NOT-ASK: apollo-spider/ci-template/gates.yml — PyYAML is not importable in this environment, and this gate parses the template in YAML rather than guessing at it with string matching. Install it (pip install pyyaml) — the release job in .github/workflows/gates.yml does exactly that
2026-09-24T17:45:49.3388825Z 
2026-09-24T17:45:49.3389378Z   [142] pack-side CI template selftest — 10 mutants incl. a smuggled continue-on-error (#219)
2026-09-24T17:45:49.3390236Z       python3 knowledge/_release/_gate_ci_template.py --selftest   (exit 77)
2026-09-24T17:45:49.3391536Z       COULD-NOT-ASK: the ci-template selftest — PyYAML is not importable, and every arm below parses YAML. Install it (pip install pyyaml).
2026-09-24T17:45:49.3392365Z 
2026-09-24T17:45:49.3392940Z NOT ASKED (77 mutating steps) — run --include-mutating on a clean tree to include them:
2026-09-24T17:45:49.3393803Z   [1] compliance knowledge graph
2026-09-24T17:45:49.3394273Z   [2] token blast-radius + graph report
2026-09-24T17:45:49.3394713Z   [5] guideline rules index (gate)
2026-09-24T17:45:49.3395348Z   [6] runbook index (generated)
2026-09-24T17:45:49.3395820Z   [7] standing-instructions reachability gate
2026-09-24T17:45:49.3396604Z   [8] help-gate — no entry point may write before it reads argv (#158 cl
2026-09-24T17:45:49.3397389Z   [10] assertion veracity gate — claims that can rot
2026-09-24T17:45:49.3398214Z   [12] capture/provenance gate — status+provenance on new notes+dossiers 
2026-09-24T17:45:49.3398907Z   … and 69 more
2026-09-24T17:45:49.3399098Z 
2026-09-24T17:45:49.3399628Z — recorded → /home/runner/work/UX-design/UX-design/notes/_BUILD-VERDICT-LOG.jsonl
2026-09-24T17:45:49.3439211Z ##[error]Process completed with exit code 1.
2026-09-24T17:45:49.3491282Z ##[group]Run python3 knowledge/_build_all.py
2026-09-24T17:45:49.3491633Z [36;1mpython3 knowledge/_build_all.py[0m
2026-09-24T17:45:49.3529227Z shell: /usr/bin/bash -e {0}
2026-09-24T17:45:49.3529500Z env:
2026-09-24T17:45:49.3529759Z   pythonLocation: /opt/hostedtoolcache/Python/3.12.14/x64
2026-09-24T17:45:49.3530175Z   PKG_CONFIG_PATH: /opt/hostedtoolcache/Python/3.12.14/x64/lib/pkgconfig
2026-09-24T17:45:49.3530584Z   Python_ROOT_DIR: /opt/hostedtoolcache/Python/3.12.14/x64
2026-09-24T17:45:49.3530943Z   Python2_ROOT_DIR: /opt/hostedtoolcache/Python/3.12.14/x64
2026-09-24T17:45:49.3531300Z   Python3_ROOT_DIR: /opt/hostedtoolcache/Python/3.12.14/x64
2026-09-24T17:45:49.3531670Z   LD_LIBRARY_PATH: /opt/hostedtoolcache/Python/3.12.14/x64/lib
2026-09-24T17:45:49.3531991Z ##[endgroup]
2026-09-24T17:45:49.4357087Z Wrote 38 rule files to compliance/rules/
2026-09-24T17:45:49.4357494Z Index: 38 SCs x 135 components
2026-09-24T17:45:49.4357794Z Validation errors: none
2026-09-24T17:45:49.4358272Z Levels: {'AA': 17, 'A': 18, 'AAA': 3} | Severities: {'serious': 29, 'critical': 3, 'minor': 6}
2026-09-24T17:45:49.4358693Z AAA (beyond AA bar): ['2.3.3', '2.4.8', '2.5.5']
2026-09-24T17:46:02.8790670Z 
2026-09-24T17:46:02.8792385Z PARKED DUE — 4 parked item(s) are due at token-report — python3 knowledge/_parked.py --due token-report
2026-09-24T17:46:02.8793843Z wrote tokens/_blast-radius.json and _GRAPH-REPORT.md
2026-09-24T17:46:02.8794433Z tokens defined=1043 referenced=140 components=137
2026-09-24T17:46:02.8795700Z top god-nodes: [('text/default', 109), ('background/default', 74), ('tertiary/background/default', 51), ('icon/default', 46), ('border-radius/surface', 43), ('focus/ring', 40), ('border/subtle', 39), ('text/secondary', 37)]
2026-09-24T17:46:02.8796914Z depricate-still-bound components: 19
2026-09-24T17:46:02.8797325Z orphans: 903
2026-09-24T17:46:16.2761007Z 
2026-09-24T17:46:16.2762315Z PARKED DUE — 4 parked item(s) are due at token-report — python3 knowledge/_parked.py --due token-report
2026-09-24T17:46:16.2763593Z ✓ _build_blast_radius --check PASS — tokens/_blast-radius.json and _GRAPH-REPORT.md match a fresh compute() (content, not mtime)
2026-09-24T17:46:42.8485484Z 
2026-09-24T17:46:42.8489030Z PARKED DUE — 4 parked item(s) are due at token-report — python3 knowledge/_parked.py --due token-report
2026-09-24T17:46:42.8489778Z   selftest (a): compute() is deterministic across two calls ✓
2026-09-24T17:46:42.8490297Z   selftest (b1): identical fixture pair reports zero drift ✓
2026-09-24T17:46:42.8490852Z   selftest (b2): a doctored fixture pair is flagged on BOTH files, each named ✓
2026-09-24T17:46:42.8491481Z   selftest (b3): a missing on-disk file is flagged, never silently treated as a match ✓
2026-09-24T17:46:42.8492395Z selftest PASS — compute() deterministic; --check bites on drift, quiet on a match, never silently passes a missing file (#79 P6)
2026-09-24T17:46:42.8976585Z rules index: 474 rules from 35 engine-era files — {'ADVISORY': 322, 'BLOCKING': 62, 'REVIEW': 34, 'TASTE': 56}
2026-09-24T17:46:42.9207120Z runbook index: 17 runbooks -> _RUNBOOKS.md
2026-09-24T17:46:43.3193725Z selftest OK — discovers 28 standing docs by glob + STANDING: self-declaration.
2026-09-24T17:46:43.3195342Z STANDING-INSTRUCTIONS GATE PASS — 28 standing doc(s) reachable from the spine; GOOD-MORNING structure intact.
2026-09-24T17:46:43.3196381Z   NOTE: memory files live outside the repo and CANNOT be checked here — capture-ritual step 3 is still a human step.
2026-09-24T17:46:45.0159998Z help-gate: 264 script(s) scanned, 12 failure(s) — a script that can write before it reads argv is the #157 gen_showroom defect
2026-09-24T17:46:45.0161369Z   ❌ knowledge/_bite_goal.py: NO HELP GATE — add
2026-09-24T17:46:45.0162056Z       from _helpgate import help_gate as _help_gate; _help_gate(__doc__, __name__, __file__)
2026-09-24T17:46:45.0162672Z       near the top (before any executable statement). See knowledge/_helpgate.py.
2026-09-24T17:46:45.0163952Z   ❌ knowledge/_bite_kg_edge_proposal.py: NO HELP GATE — add
2026-09-24T17:46:45.0164504Z       from _helpgate import help_gate as _help_gate; _help_gate(__doc__, __name__, __file__)
2026-09-24T17:46:45.0165101Z       near the top (before any executable statement). See knowledge/_helpgate.py.
2026-09-24T17:46:45.0165682Z   ❌ knowledge/_build_kg_explorer.py: NO HELP GATE — add
2026-09-24T17:46:45.0166194Z       from _helpgate import help_gate as _help_gate; _help_gate(__doc__, __name__, __file__)
2026-09-24T17:46:45.0166786Z       near the top (before any executable statement). See knowledge/_helpgate.py.
2026-09-24T17:46:45.0167371Z   ❌ knowledge/_gen_ruling_edges_from_recs.py: NO HELP GATE — add
2026-09-24T17:46:45.0167914Z       from _helpgate import help_gate as _help_gate; _help_gate(__doc__, __name__, __file__)
2026-09-24T17:46:45.0168506Z       near the top (before any executable statement). See knowledge/_helpgate.py.
2026-09-24T17:46:45.0169018Z   ❌ knowledge/_kg_history.py: NO HELP GATE — add
2026-09-24T17:46:45.0169518Z       from _helpgate import help_gate as _help_gate; _help_gate(__doc__, __name__, __file__)
2026-09-24T17:46:45.0170100Z       near the top (before any executable statement). See knowledge/_helpgate.py.
2026-09-24T17:46:45.0170696Z   ❌ knowledge/_render/verify_demo_slides_268.py: NO HELP GATE — add
2026-09-24T17:46:45.0171355Z       from _helpgate import help_gate as _help_gate; _help_gate(__doc__, __name__, __file__)
2026-09-24T17:46:45.0171933Z       near the top (before any executable statement). See knowledge/_helpgate.py.
2026-09-24T17:46:45.0172530Z   ❌ knowledge/_render/verify_demo_slides_268_v3.py: NO HELP GATE — add
2026-09-24T17:46:45.0173092Z       from _helpgate import help_gate as _help_gate; _help_gate(__doc__, __name__, __file__)
2026-09-24T17:46:45.0173775Z       near the top (before any executable statement). See knowledge/_helpgate.py.
2026-09-24T17:46:45.0174371Z   ❌ knowledge/_render/verify_demo_slides_268_v5.py: NO HELP GATE — add
2026-09-24T17:46:45.0174940Z       from _helpgate import help_gate as _help_gate; _help_gate(__doc__, __name__, __file__)
2026-09-24T17:46:45.0175540Z       near the top (before any executable statement). See knowledge/_helpgate.py.
2026-09-24T17:46:45.0176135Z   ❌ knowledge/_render/verify_demo_slides_268_v6.py: NO HELP GATE — add
2026-09-24T17:46:45.0176699Z       from _helpgate import help_gate as _help_gate; _help_gate(__doc__, __name__, __file__)
2026-09-24T17:46:45.0177280Z       near the top (before any executable statement). See knowledge/_helpgate.py.
2026-09-24T17:46:45.0177865Z   ❌ knowledge/_render/verify_demo_slides_268_v7.py: NO HELP GATE — add
2026-09-24T17:46:45.0178418Z       from _helpgate import help_gate as _help_gate; _help_gate(__doc__, __name__, __file__)
2026-09-24T17:46:45.0178998Z       near the top (before any executable statement). See knowledge/_helpgate.py.
2026-09-24T17:46:45.0179647Z   ❌ knowledge/_render/verify_demo_slides_268_v74_gearbox.py: NO HELP GATE — add
2026-09-24T17:46:45.0180252Z       from _helpgate import help_gate as _help_gate; _help_gate(__doc__, __name__, __file__)
2026-09-24T17:46:45.0180847Z       near the top (before any executable statement). See knowledge/_helpgate.py.
2026-09-24T17:46:45.0181478Z   ❌ knowledge/_render/verify_demo_slides_268_v75_gearbox.py: NO HELP GATE — add
2026-09-24T17:46:45.0182080Z       from _helpgate import help_gate as _help_gate; _help_gate(__doc__, __name__, __file__)
2026-09-24T17:46:45.0182663Z       near the top (before any executable statement). See knowledge/_helpgate.py.
2026-09-24T17:46:45.0217328Z 
2026-09-24T17:46:45.0218200Z === [1/146] compliance knowledge graph — compliance/_build_compliance_kg.py ===
2026-09-24T17:46:45.0218534Z 
2026-09-24T17:46:45.0218812Z === [2/146] token blast-radius + graph report — tokens/_build_blast_radius.py ===
2026-09-24T17:46:45.0219107Z 
2026-09-24T17:46:45.0219539Z === [3/146] token blast-radius + graph report — determinism/staleness check (#79 P6) — tokens/_build_blast_radius.py ===
2026-09-24T17:46:45.0219940Z 
2026-09-24T17:46:45.0220506Z === [4/146] token blast-radius + graph report selftest (#79 P6) — tokens/_build_blast_radius.py ===
2026-09-24T17:46:45.0220842Z 
2026-09-24T17:46:45.0221099Z === [5/146] guideline rules index (gate) — guidelines/gen_rules_index.py ===
2026-09-24T17:46:45.0221394Z 
2026-09-24T17:46:45.0221598Z === [6/146] runbook index (generated) — gen_runbook_index.py ===
2026-09-24T17:46:45.0221840Z 
2026-09-24T17:46:45.0222162Z === [7/146] standing-instructions reachability gate — _validate_standing_instructions.py ===
2026-09-24T17:46:45.0222503Z 
2026-09-24T17:46:45.0222882Z === [8/146] help-gate — no entry point may write before it reads argv (#158 class gate) — _validate_help_gate.py ===
2026-09-24T17:46:45.0223444Z 
2026-09-24T17:46:45.0223827Z ❌ step 'help-gate — no entry point may write before it reads argv (#158 class gate)' failed (exit 1) — aborting
2026-09-24T17:46:45.0269535Z ##[error]Process completed with exit code 1.
2026-09-24T17:46:45.0312362Z ##[group]Run python3 knowledge/_tests/test_gates.py
2026-09-24T17:46:45.0313005Z [36;1mpython3 knowledge/_tests/test_gates.py[0m
2026-09-24T17:46:45.0351673Z shell: /usr/bin/bash -e {0}
2026-09-24T17:46:45.0351928Z env:
2026-09-24T17:46:45.0352193Z   pythonLocation: /opt/hostedtoolcache/Python/3.12.14/x64
2026-09-24T17:46:45.0352738Z   PKG_CONFIG_PATH: /opt/hostedtoolcache/Python/3.12.14/x64/lib/pkgconfig
2026-09-24T17:46:45.0353260Z   Python_ROOT_DIR: /opt/hostedtoolcache/Python/3.12.14/x64
2026-09-24T17:46:45.0353658Z   Python2_ROOT_DIR: /opt/hostedtoolcache/Python/3.12.14/x64
2026-09-24T17:46:45.0354030Z   Python3_ROOT_DIR: /opt/hostedtoolcache/Python/3.12.14/x64
2026-09-24T17:46:45.0354392Z   LD_LIBRARY_PATH: /opt/hostedtoolcache/Python/3.12.14/x64/lib
2026-09-24T17:46:45.0354699Z ##[endgroup]
2026-09-24T17:47:03.0105188Z gate self-test: does every gate BITE what it was built to catch?
2026-09-24T17:47:03.0106078Z 
2026-09-24T17:47:03.0106440Z   PASS  control: pristine copy passes all 6 static gates
2026-09-24T17:47:03.0107000Z   PASS  write-gate bites a bare no-args invocation
2026-09-24T17:47:03.0107516Z   PASS  write-gate control: --write proceeds
2026-09-24T17:47:03.0108114Z   PASS  radius gate's own bites run (8 longhand mutants + token controls, #221)
2026-09-24T17:47:03.0108789Z   PASS  no-hardcode gate's own bites run (8 planted + 8 clean, #221)
2026-09-24T17:47:03.0109527Z   PASS  theme-provenance report order is DERIVED, not filesystem order (#221)
2026-09-24T17:47:03.0110369Z   PASS  wiring gate's own bites run (13, incl. the widened glob + the anti-laundering arm, #221)
2026-09-24T17:47:03.0111158Z   PASS  s263-D10 rulings-page wrap check bites a stale page (4 arms, #265-B)
2026-09-24T17:47:03.0111720Z   PASS  snippet gate bites on token drift
2026-09-24T17:47:03.0112156Z   PASS  snippet gate bites on failing contrast
2026-09-24T17:47:03.0112599Z   PASS  snippet gate bites on icon 4.5 dead-zone
2026-09-24T17:47:03.0113404Z   PASS  snippet gate bites on missing focus
2026-09-24T17:47:03.0113945Z   PASS  snippet gate bites on uppercase CSS
2026-09-24T17:47:03.0114446Z   PASS  snippet gate bites on ALL-CAPS text run
2026-09-24T17:47:03.0114940Z   PASS  snippet gate bites on italics
2026-09-24T17:47:03.0115406Z   PASS  snippet gate bites on text-shadow
2026-09-24T17:47:03.0115870Z   PASS  snippet gate bites on raw red text
2026-09-24T17:47:03.0116364Z   PASS  snippet gate bites on possessive HSBC's
2026-09-24T17:47:03.0116868Z   PASS  snippet gate bites on element-type alt
2026-09-24T17:47:03.0117447Z   PASS  snippet gate bites on bare link text
2026-09-24T17:47:03.0118166Z   PASS  a11y gate bites on missing reduced-motion
2026-09-24T17:47:03.0118791Z   PASS  a11y gate bites on sub-24 target floor
2026-09-24T17:47:03.0119470Z   PASS  icon gate bites on invented path
2026-09-24T17:47:03.0120018Z   PASS  icon gate bites on shape-only icon
2026-09-24T17:47:03.0120531Z   PASS  icon gate bites on mis-twinned fill glyph
2026-09-24T17:47:03.0121149Z   PASS  coverage gate bites on orphan snippet
2026-09-24T17:47:03.0121798Z   PASS  coverage gate bites on meta w/o snippet
2026-09-24T17:47:03.0122329Z   PASS  dark-surface gate bites on flat white
2026-09-24T17:47:03.0122825Z   PASS  compose gate bites on rogue hex
2026-09-24T17:47:03.0123462Z   PASS  compose gate bites on undefined class
2026-09-24T17:47:03.0123999Z   PASS  compose gate bites on class redefinition
2026-09-24T17:47:03.0124516Z   PASS  compose gate bites on duplicate title
2026-09-24T17:47:03.0124841Z 
2026-09-24T17:47:03.0124998Z 32 test(s), 0 failure(s)
2026-09-24T17:47:03.0125665Z skipped by design: state-contrast / screen --render (need a browser; see docstring)
2026-09-24T17:47:03.0195604Z ##[group]Run python3 knowledge/_tests/test_advisory.py
2026-09-24T17:47:03.0196006Z [36;1mpython3 knowledge/_tests/test_advisory.py[0m
2026-09-24T17:47:03.0231049Z shell: /usr/bin/bash -e {0}
2026-09-24T17:47:03.0231296Z env:
2026-09-24T17:47:03.0231560Z   pythonLocation: /opt/hostedtoolcache/Python/3.12.14/x64
2026-09-24T17:47:03.0231980Z   PKG_CONFIG_PATH: /opt/hostedtoolcache/Python/3.12.14/x64/lib/pkgconfig
2026-09-24T17:47:03.0232404Z   Python_ROOT_DIR: /opt/hostedtoolcache/Python/3.12.14/x64
2026-09-24T17:47:03.0232772Z   Python2_ROOT_DIR: /opt/hostedtoolcache/Python/3.12.14/x64
2026-09-24T17:47:03.0233247Z   Python3_ROOT_DIR: /opt/hostedtoolcache/Python/3.12.14/x64
2026-09-24T17:47:03.0233753Z   LD_LIBRARY_PATH: /opt/hostedtoolcache/Python/3.12.14/x64/lib
2026-09-24T17:47:03.0234067Z ##[endgroup]
2026-09-24T17:47:03.5076136Z advisory bite-tests: 19 case(s), all bite ✅ (and none block — exit 0 throughout)
2026-09-24T17:47:03.5177418Z ##[group]Run bash knowledge/_git_commit.sh --selftest
2026-09-24T17:47:03.5178015Z [36;1mbash knowledge/_git_commit.sh --selftest[0m
2026-09-24T17:47:03.5233813Z shell: /usr/bin/bash -e {0}
2026-09-24T17:47:03.5234234Z env:
2026-09-24T17:47:03.5234673Z   pythonLocation: /opt/hostedtoolcache/Python/3.12.14/x64
2026-09-24T17:47:03.5235394Z   PKG_CONFIG_PATH: /opt/hostedtoolcache/Python/3.12.14/x64/lib/pkgconfig
2026-09-24T17:47:03.5236123Z   Python_ROOT_DIR: /opt/hostedtoolcache/Python/3.12.14/x64
2026-09-24T17:47:03.5236767Z   Python2_ROOT_DIR: /opt/hostedtoolcache/Python/3.12.14/x64
2026-09-24T17:47:03.5237407Z   Python3_ROOT_DIR: /opt/hostedtoolcache/Python/3.12.14/x64
2026-09-24T17:47:03.5238052Z   LD_LIBRARY_PATH: /opt/hostedtoolcache/Python/3.12.14/x64/lib
2026-09-24T17:47:03.5238615Z ##[endgroup]
2026-09-24T17:47:03.5459384Z — #208 msgfile-prefix gate selftest
2026-09-24T17:47:03.5638756Z   [OK]   non-wrap prefix (the #170 shape) is seen (expected 1)
2026-09-24T17:47:03.5821882Z   [OK]   WRAP prefix (the shape #170 MISSED) is seen (expected 1)
2026-09-24T17:47:03.6007085Z   [OK]   doubled non-wrap prefix counts 2 (expected 2)
2026-09-24T17:47:03.6190934Z   [OK]   wrap-into-non-wrap stack counts 2 (the hole) (expected 2)
2026-09-24T17:47:03.6374963Z   [OK]   tripled counts 3 (expected 3)
2026-09-24T17:47:03.6558368Z   [OK]   a fresh subject carries no prefix (expected 0)
2026-09-24T17:47:03.6741715Z   [OK]   session ref with no date is not a prefix (expected 0)
2026-09-24T17:47:03.6922692Z   [OK]   date with no session ref is not a prefix (expected 0)
2026-09-24T17:47:03.7111756Z   [OK]   hyphen is not the em-dash separator (expected 0)
2026-09-24T17:47:03.7329602Z   [OK]   prose mentioning a session mid-line (expected 0)
2026-09-24T17:47:03.7506317Z   [OK]   honest subject QUOTING a prior prefix mid-line (expected 1)
2026-09-24T17:47:03.7681920Z   [OK]   a quoted prefix with no prefix of its own (expected 0)
2026-09-24T17:47:03.7859894Z   [OK]   a prefix after a leading word is not a stack (expected 0)
2026-09-24T17:47:03.7872149Z   [OK]   PREFIX_ACK hatch present (declared passes, silent fails)
2026-09-24T17:47:03.7873551Z — s294-D5 push-credential expiry gate selftest (fake clock: APOLLO_FAKE_TODAY)
2026-09-24T17:47:03.7895900Z   [OK]   the stamped expiry is READ from the ledger, one place, one date (expected 2026-11-06)
2026-09-24T17:47:03.7955014Z   [OK]   far out (2026-01-01) ⇒ OK (expected OK)
2026-09-24T17:47:03.8014819Z   [OK]   15 days out (2026-10-22) ⇒ OK — the boundary is NOT off by one (expected OK)
2026-09-24T17:47:03.8072513Z   [OK]   14 days out (2026-10-23) ⇒ WARN (expected WARN)
2026-09-24T17:47:03.8129792Z   [OK]   1 day out (2026-11-05) ⇒ WARN (expected WARN)
2026-09-24T17:47:03.8186874Z   [OK]   the day itself (2026-11-06) ⇒ WARN, not yet expired (expected WARN)
2026-09-24T17:47:03.8243863Z   [OK]   one day past (2026-11-07) ⇒ EXPIRED (expected EXPIRED)
2026-09-24T17:47:03.8302298Z   [OK]   long past (2027-03-01) ⇒ EXPIRED (expected EXPIRED)
2026-09-24T17:47:03.8361402Z   [OK]   days-remaining is COMPUTED, not narrated (2026-10-30 ⇒ 7) (expected 7)
2026-09-24T17:47:03.8383841Z   [OK]   an unreadable stamp ⇒ UNREADABLE (a refusal, never a pass) (expected UNREADABLE)
2026-09-24T17:47:03.8402418Z   [OK]   with no fake clock the gate reads the REAL date (YYYY-MM-DD shape) (expected 1)
2026-09-24T17:47:03.8420516Z   [OK]   no refusal instructs pasting a credential into chat (s294-D5) (expected 0)
2026-09-24T17:47:03.8445339Z   [OK]   the credential is only TESTED, never printed (no unpiped git config remote.origin.url) (expected 0)
2026-09-24T17:47:03.8501896Z   [OK]   the expiry gate sits AFTER the credential check and BEFORE the push (expected 1)
2026-09-24T17:47:03.8503062Z ✓ selftest OK — 28 bites: 6 fire, 7 stay silent, 1 hatch present, 14 on the s294-D5 expiry gate
2026-09-24T17:47:03.8533803Z ##[group]Run python3 knowledge/_validate_evidence.py notes/_claims
2026-09-24T17:47:03.8534314Z [36;1mpython3 knowledge/_validate_evidence.py notes/_claims[0m
2026-09-24T17:47:03.8570501Z shell: /usr/bin/bash -e {0}
2026-09-24T17:47:03.8570770Z env:
2026-09-24T17:47:03.8571032Z   pythonLocation: /opt/hostedtoolcache/Python/3.12.14/x64
2026-09-24T17:47:03.8571447Z   PKG_CONFIG_PATH: /opt/hostedtoolcache/Python/3.12.14/x64/lib/pkgconfig
2026-09-24T17:47:03.8571850Z   Python_ROOT_DIR: /opt/hostedtoolcache/Python/3.12.14/x64
2026-09-24T17:47:03.8572214Z   Python2_ROOT_DIR: /opt/hostedtoolcache/Python/3.12.14/x64
2026-09-24T17:47:03.8572575Z   Python3_ROOT_DIR: /opt/hostedtoolcache/Python/3.12.14/x64
2026-09-24T17:47:03.8572947Z   LD_LIBRARY_PATH: /opt/hostedtoolcache/Python/3.12.14/x64/lib
2026-09-24T17:47:03.8573454Z ##[endgroup]
2026-09-24T17:47:34.8890736Z evidence linter: 336 row(s) from 10 file(s) · 297 mechanical
2026-09-24T17:47:34.8892947Z   ⛔ L1-1 — DEAD POINTER: evidence names `tokens/_blast-radius.json`, which does not exist on disk — a dead pointer reads as evidence. If the ABSENCE is the claim, write `absent:tokens/_blast-radius.json`; if the file lives outside the repo, use the ruled s191-D2 marker `(NON-REPO: <where>)`
2026-09-24T17:47:34.8895411Z   ⛔ L1-4 — s182-D1: MECHANICAL row (tag=PROVEN verdict=None) carries NO probeable token — no command, no existing path, no figure. Evidence: "The verbatim gate line in L1-3. ⛔ Do not quote the brief's numbers"
2026-09-24T17:47:34.8896996Z   ⛔ L1-1 — DEAD POINTER: evidence names `tokens/_blast-radius.json`, which does not exist on disk — a dead pointer reads as evidence. If the ABSENCE is the claim, write `absent:tokens/_blast-radius.json`; if the file lives outside the repo, use the ruled s191-D2 marker `(NON-REPO: <where>)`
2026-09-24T17:47:34.8898649Z   ⛔ C-2 — s182-D1: MECHANICAL row (tag=None verdict=CONFIRMED) carries NO probeable token — no command, no existing path, no figure. Evidence: 'The claim table only counted `PROPOSED` in the snippets. The brief (step 3) requires it in'
2026-09-24T17:47:34.8900136Z   ⛔ H-5 — s182-D1: MECHANICAL row (tag=None verdict=CONFIRMED) carries NO probeable token — no command, no existing path, no figure. Evidence: 'C-6 + L1-10: the six are absent from canon, the generators exist, the reconciliation is av'
2026-09-24T17:47:34.8901857Z   ⛔ W2-13 — DEAD POINTER (truncated): evidence names `notes/x.md…`, and NO path on disk starts with it — the trailing ellipsis does not make a dead pointer legal (#208 laundering hole). Write the full path, or `absent:notes/x.md` if the ABSENCE is the claim, or add the ruled `(NON-REPO: <where>)` marker
2026-09-24T17:47:34.8902876Z ── s182-D1 LINT: 6 failure(s)
2026-09-24T17:47:34.8904101Z ── SAMPLER · seed=205 · pool=230 row(s) with a command · 15 with a declared observation (always drawn) · drawn=20: G-c, W1-5, W2-3, W2-3, W46-11, WIRE-10, WIRE-11, WIRE-13, WIRE-14, WIRE-15, WIRE-18, WIRE-19, WIRE-20, WIRE-21, WIRE-3, WIRE-4, WIRE-5, WIRE-6, WIRE-8, WIRE-9
2026-09-24T17:47:34.8905299Z   ⛔ REFUSED [UNSAFE] G-c — `python3 -c "import _gate_doc_rows as g; g.unrowed(store, pop + [('2026-08-19','notes/_briefs/2026-08`
2026-09-24T17:47:34.8906107Z       `python3 -c` runs arbitrary code — cannot be judged read-only
2026-09-24T17:47:34.8906993Z   ⛔ REFUSED [DOES-NOT-TERMINATE] W1-5 — `python3 knowledge/_capture_gate.py --selftest` did not exit within 30s
2026-09-24T17:47:34.8907945Z   ⛔ REFUSED [SIDE-EFFECTS] W2-3 — `python3 knowledge/_state.py`
2026-09-24T17:47:34.8908916Z       a bare `python3` REWRITES its tracked audit output; #204 declared this exact stop. Only --check/--selftest/--dry-run forms are sampled
2026-09-24T17:47:34.8909972Z   ⛔ REFUSED [SIDE-EFFECTS] W2-3 — `python3 knowledge/_state.py`
2026-09-24T17:47:34.8910960Z       a bare `python3` REWRITES its tracked audit output; #204 declared this exact stop. Only --check/--selftest/--dry-run forms are sampled
2026-09-24T17:47:34.8912647Z   ⛔ REFUSED [SIDE-EFFECTS] W46-11 — `python3 knowledge/_memento_search.py "brief generator mint open items fences"`
2026-09-24T17:47:34.8914149Z       a bare `python3` REWRITES its tracked audit output; #204 declared this exact stop. Only --check/--selftest/--dry-run forms are sampled
2026-09-24T17:47:34.8914886Z   ⛔ REFUSED [UNSAFE] WIRE-10 — `bash knowledge/_git_commit.sh --selftest`
2026-09-24T17:47:34.8915284Z       head verb 'bash' is not on the read-only allowlist
2026-09-24T17:47:34.8915851Z   ✅ RAN WIRE-11 — `grep -c 'pat.match(s)' knowledge/_git_commit.sh` → rc=0 (matches declared + OBSERVATION)
2026-09-24T17:47:34.8916543Z   ✅ RAN WIRE-13 — `grep -c PREFIX_ACK knowledge/_git_commit.sh` → rc=0 (matches declared + OBSERVATION)
2026-09-24T17:47:34.8917156Z   ⛔ OBSERVATION MISMATCH WIRE-14 — `python3 knowledge/_build_all.py --selftest`
2026-09-24T17:47:34.8918314Z       stdout does NOT contain 'exact-ID failure routing over 127 steps' (declared expect_stdout_contains). First 120 chars of stdout: '  selftest (a): 146 registered step ID(s), each resolves to exactly one route ✓\n  selftest (b): unknown step ID refuses,'
2026-09-24T17:47:34.8919509Z   ✅ RAN WIRE-15 — `python3 knowledge/_probe_registry/_registry.py --run --probe P-3` → rc=77 (matches declared + OBSERVATION)
2026-09-24T17:47:34.8920219Z   ⛔ REFUSED [SIDE-EFFECTS] WIRE-18 — `python3 knowledge/_validate_evidence.py notes/_claims`
2026-09-24T17:47:34.8920894Z       a bare `python3` REWRITES its tracked audit output; #204 declared this exact stop. Only --check/--selftest/--dry-run forms are sampled
2026-09-24T17:47:34.8921794Z   ⛔ REFUSED [SIDE-EFFECTS] WIRE-19 — `python3 knowledge/_join_claim_tables.py notes/_claims/208-wave1-claims.jsonl notes/_claims/208-wave2`
2026-09-24T17:47:34.8922592Z       a bare `python3` REWRITES its tracked audit output; #204 declared this exact stop. Only --check/--selftest/--dry-run forms are sampled
2026-09-24T17:47:34.8923487Z   ⛔ OBSERVATION MISMATCH WIRE-20 — `python3 knowledge/_governs.py --selftest`
2026-09-24T17:47:34.8924562Z       stdout does NOT contain 'all bites green' (declared expect_stdout_contains). First 120 chars of stdout: '_governs: ⬛ DECLARED (#208) — ruling s202-D3 governs the BARE token `knowledge`, which is a real DIRECTORY. Before #208 '
2026-09-24T17:47:34.8925578Z   ⛔ RC MISMATCH WIRE-20 — `python3 knowledge/_governs.py --selftest` → rc=1, row declares rc=0
2026-09-24T17:47:34.8926194Z   ⛔ OBSERVATION MISMATCH WIRE-21 — `grep -c 'fetch-depth: 0' .github/workflows/gates.yml`
2026-09-24T17:47:34.8926635Z       expect_count=3 declared, command observed 4
2026-09-24T17:47:34.8927204Z   ✅ RAN WIRE-3 — `grep -c expect_stdout_contains knowledge/_claimtable.py` → rc=0 (matches declared + OBSERVATION)
2026-09-24T17:47:34.8927934Z   ✅ RAN WIRE-4 — `python3 knowledge/_validate_evidence.py --selftest` → rc=0 (matches declared + OBSERVATION)
2026-09-24T17:47:34.8928636Z   ✅ RAN WIRE-5 — `python3 knowledge/_validate_evidence.py --selftest` → rc=0 (matches declared + OBSERVATION)
2026-09-24T17:47:34.8929348Z   ✅ RAN WIRE-6 — `python3 knowledge/_validate_evidence.py --selftest` → rc=0 (matches declared + OBSERVATION)
2026-09-24T17:47:34.8930046Z   ✅ RAN WIRE-8 — `python3 knowledge/_validate_evidence.py --selftest` → rc=0 (matches declared + OBSERVATION)
2026-09-24T17:47:34.8930886Z   ⛔ REFUSED [SIDE-EFFECTS] WIRE-9 — `python3 knowledge/_validate_evidence.py notes/_claims/208-wave1-claims.jsonl notes/_claims/208-wave2`
2026-09-24T17:47:34.8931706Z       a bare `python3` REWRITES its tracked audit output; #204 declared this exact stop. Only --check/--selftest/--dry-run forms are sampled
2026-09-24T17:47:34.8932533Z ── DECLARED GAP: 9 of 20 sampled row(s) were NOT run. Refusal is the honest answer; none of them is counted as a pass.
2026-09-24T17:47:34.8933259Z ⛔ EVIDENCE GATE FAIL — 6 lint · 0 unparsed · 4 rc/observation mismatch
2026-09-24T17:47:34.8944994Z ##[error]Process completed with exit code 1.
2026-09-24T17:47:34.8976675Z ##[group]Run python3 knowledge/_gate_artefact_fresh.py --check
2026-09-24T17:47:34.8977112Z [36;1mpython3 knowledge/_gate_artefact_fresh.py --check[0m
2026-09-24T17:47:34.9012128Z shell: /usr/bin/bash -e {0}
2026-09-24T17:47:34.9012377Z env:
2026-09-24T17:47:34.9012637Z   pythonLocation: /opt/hostedtoolcache/Python/3.12.14/x64
2026-09-24T17:47:34.9013051Z   PKG_CONFIG_PATH: /opt/hostedtoolcache/Python/3.12.14/x64/lib/pkgconfig
2026-09-24T17:47:34.9013833Z   Python_ROOT_DIR: /opt/hostedtoolcache/Python/3.12.14/x64
2026-09-24T17:47:34.9014204Z   Python2_ROOT_DIR: /opt/hostedtoolcache/Python/3.12.14/x64
2026-09-24T17:47:34.9014569Z   Python3_ROOT_DIR: /opt/hostedtoolcache/Python/3.12.14/x64
2026-09-24T17:47:34.9014937Z   LD_LIBRARY_PATH: /opt/hostedtoolcache/Python/3.12.14/x64/lib
2026-09-24T17:47:34.9015245Z ##[endgroup]
2026-09-24T17:48:20.0737646Z artefact-freshness comparer (⬛ ADVISORY at birth, #221) — 7 declared row(s)
2026-09-24T17:48:20.0738743Z   method: snapshot -> run the writer -> compare -> RESTORE. The tree is byte-identical
2026-09-24T17:48:20.0739317Z   either side; the md5 line below is the receipt, not a promise.
2026-09-24T17:48:20.0739832Z   ✅ _validate_a11y.py                  FRESH          byte-identical (1 artefact(s))
2026-09-24T17:48:20.0740778Z   ⚠ _validate_advisory.py              STALE          _ADVISORY-SIGNALS.md: 255 line(s) -> 263 | - **143 file(s) scanned · 131 signal(s).** | - ## Footer.reference.html — 1 signal(s) | - ## Kpi-tile.refer
2026-09-24T17:48:20.0741609Z   ✅ _validate_theme_provenance.py      FRESH          byte-identical (1 artefact(s))
2026-09-24T17:48:20.0742532Z   ⚠ _build_integrity.py                STALE          _INTEGRITY-REPORT.md: 85 line(s) -> 85 | - - schema: relationships: Additional properties are not allowed ('composes', '$composes-ver | + - schema: re
2026-09-24T17:48:20.0743928Z   ⚠ _build_instrument_fit.py           STALE          _INSTRUMENT-FIT.md: 149 line(s) -> 154 | - | **UNDER-INSTRUMENTED** | 12 | a gate names it but sits BELOW the rung its property needs | - | **TOTAL** 
2026-09-24T17:48:20.0744739Z   ✅ _validate_radius.py                FRESH          byte-identical (1 artefact(s))
2026-09-24T17:48:20.0745257Z   ✅ _validate_no_hardcode.py           FRESH          byte-identical (1 artefact(s))
2026-09-24T17:48:20.0745693Z   tally: 4 FRESH · 3 STALE · 0 COULD-NOT-ASK
2026-09-24T17:48:20.0746136Z   ⚠ A STALE ROW IS A PUBLISHED REPORT THAT NO LONGER DESCRIBES THE TREE. It is not
2026-09-24T17:48:20.0746678Z     a build failure — the fix is to regenerate and commit the artefact, which is a
2026-09-24T17:48:20.0747129Z     REGENERATION and therefore obeys the ordered-serial rule (#210).
2026-09-24T17:48:20.0747645Z       · _validate_advisory.py -> _ADVISORY-SIGNALS.md   [L1: L1: 123 -> 130 signals]
2026-09-24T17:48:20.0748380Z       · _build_integrity.py -> _INTEGRITY-REPORT.md   [L1: L1: 19 -> 21 warnings, 1030 -> 1035 leaf tokens, 41 -> 42 groups; imports jsonschema]
2026-09-24T17:48:20.0749273Z       · _build_instrument_fit.py -> _INSTRUMENT-FIT.md, _instrument-fit.json   [L1: L1: adds the missing _validate_hidden_display.py row]
2026-09-24T17:48:20.0750052Z   ⬛ ADVISORY: exit 0 regardless of drift. Promotion to blocking is DAVE'S (#220-L1 ruling-shaped Q3).
2026-09-24T17:48:20.0825727Z ##[group]Run python3 knowledge/_gate_inline_style_parse.py --check
2026-09-24T17:48:20.0826182Z [36;1mpython3 knowledge/_gate_inline_style_parse.py --check[0m
2026-09-24T17:48:20.0861967Z shell: /usr/bin/bash -e {0}
2026-09-24T17:48:20.0862230Z env:
2026-09-24T17:48:20.0862499Z   pythonLocation: /opt/hostedtoolcache/Python/3.12.14/x64
2026-09-24T17:48:20.0862939Z   PKG_CONFIG_PATH: /opt/hostedtoolcache/Python/3.12.14/x64/lib/pkgconfig
2026-09-24T17:48:20.0863559Z   Python_ROOT_DIR: /opt/hostedtoolcache/Python/3.12.14/x64
2026-09-24T17:48:20.0863949Z   Python2_ROOT_DIR: /opt/hostedtoolcache/Python/3.12.14/x64
2026-09-24T17:48:20.0864321Z   Python3_ROOT_DIR: /opt/hostedtoolcache/Python/3.12.14/x64
2026-09-24T17:48:20.0864695Z   LD_LIBRARY_PATH: /opt/hostedtoolcache/Python/3.12.14/x64/lib
2026-09-24T17:48:20.0865021Z ##[endgroup]
2026-09-24T17:48:20.2173895Z inline-style parse gate (⬛ ADVISORY at birth, #221 — the #122 seed)
2026-09-24T17:48:20.2175838Z   reader: html.parser (stdlib) · population: 11 file(s) · scope: DEF-004's own property families
2026-09-24T17:48:20.2177317Z   259 style attribute(s) parsed · 0 hardcode finding(s) · 0 PARSER-ONLY (the regex is blind) · 1 REGEX-ONLY (the regex hallucinates)
2026-09-24T17:48:20.2179512Z   ⬛ REGEX-ONLY: Tranche-1-interactive.html — the tree's pattern reads this as a live style attribute; a parse of the static document does NOT. It is in a comment, a <script> string, or a text node: 'margin-top:var(--space-8)'
2026-09-24T17:48:20.2181512Z      ⚠ READ THIS CAREFULLY BEFORE ACTING ON IT — a REGEX-ONLY hit is not
2026-09-24T17:48:20.2182798Z        automatically the regex being wrong. The one on this tree today is inside a
2026-09-24T17:48:20.2184328Z        `card.innerHTML='…'` string, so the static parse is right about the DOCUMENT
2026-09-24T17:48:20.2185473Z        and the value is nonetheless real at RUNTIME. The honest conclusion is that
2026-09-24T17:48:20.2186641Z        NEITHER reader is authoritative over injected markup, and this gate reports
2026-09-24T17:48:20.2187753Z        the disagreement rather than picking a winner. [[measure-dont-convert-units]]
2026-09-24T17:48:20.2189434Z   ✅ every style attribute in the population parses, and every declaration in one is either untouched by DEF-004 or already a token.
2026-09-24T17:48:20.2191756Z   ⬛ ADVISORY: exit 0 regardless. This is ONE parser over the NARROWEST population where a parser would have caught a proved false green (#220-L1 finding 12).
2026-09-24T17:48:20.2193941Z   ⬛ Widening it to the other seven regex gates is PRICED, not built, and whether a non-stdlib CSS parser may enter the gate set is DAVE'S.
2026-09-24T17:48:20.2333480Z Post job cleanup.
2026-09-24T17:48:20.3161920Z [command]/usr/bin/git version
2026-09-24T17:48:20.3200817Z git version 2.55.0
2026-09-24T17:48:20.3238207Z Temporarily overriding HOME='/home/runner/work/_temp/bfebf151-fd24-40a9-a6f8-7ccabf2ad32d' before making global git config changes
2026-09-24T17:48:20.3239608Z Adding repository directory to the temporary git global config as a safe directory
2026-09-24T17:48:20.3243125Z [command]/usr/bin/git config --global --add safe.directory /home/runner/work/UX-design/UX-design
2026-09-24T17:48:20.3272330Z Removing SSH command configuration
2026-09-24T17:48:20.3279271Z [command]/usr/bin/git config --local --name-only --get-regexp core\.sshCommand
2026-09-24T17:48:20.3310576Z [command]/usr/bin/git submodule foreach --recursive sh -c "git config --local --name-only --get-regexp 'core\.sshCommand' && git config --local --unset-all 'core.sshCommand' || :"
2026-09-24T17:48:20.3519300Z Removing HTTP extra header
2026-09-24T17:48:20.3526049Z [command]/usr/bin/git config --local --name-only --get-regexp http\.https\:\/\/github\.com\/\.extraheader
2026-09-24T17:48:20.3557362Z [command]/usr/bin/git submodule foreach --recursive sh -c "git config --local --name-only --get-regexp 'http\.https\:\/\/github\.com\/\.extraheader' && git config --local --unset-all 'http.https://github.com/.extraheader' || :"
2026-09-24T17:48:20.3761094Z Removing includeIf entries pointing to credentials config files
2026-09-24T17:48:20.3767413Z [command]/usr/bin/git config --local --name-only --get-regexp ^includeIf\.gitdir:
2026-09-24T17:48:20.3805546Z includeif.gitdir:/home/runner/work/UX-design/UX-design/.git.path
2026-09-24T17:48:20.3806642Z includeif.gitdir:/home/runner/work/UX-design/UX-design/.git/worktrees/*.path
2026-09-24T17:48:20.3807571Z includeif.gitdir:/github/workspace/.git.path
2026-09-24T17:48:20.3808345Z includeif.gitdir:/github/workspace/.git/worktrees/*.path
2026-09-24T17:48:20.3826232Z [command]/usr/bin/git config --local --get-all includeif.gitdir:/home/runner/work/UX-design/UX-design/.git.path
2026-09-24T17:48:20.3844194Z /home/runner/work/_temp/git-credentials-332d278c-050b-40a7-bc40-fe7aba193244.config
2026-09-24T17:48:20.3855714Z [command]/usr/bin/git config --local --unset includeif.gitdir:/home/runner/work/UX-design/UX-design/.git.path /home/runner/work/_temp/git-credentials-332d278c-050b-40a7-bc40-fe7aba193244.config
2026-09-24T17:48:20.3904547Z [command]/usr/bin/git config --local --get-all includeif.gitdir:/home/runner/work/UX-design/UX-design/.git/worktrees/*.path
2026-09-24T17:48:20.3920548Z /home/runner/work/_temp/git-credentials-332d278c-050b-40a7-bc40-fe7aba193244.config
2026-09-24T17:48:20.3930341Z [command]/usr/bin/git config --local --unset includeif.gitdir:/home/runner/work/UX-design/UX-design/.git/worktrees/*.path /home/runner/work/_temp/git-credentials-332d278c-050b-40a7-bc40-fe7aba193244.config
2026-09-24T17:48:20.3966952Z [command]/usr/bin/git config --local --get-all includeif.gitdir:/github/workspace/.git.path
2026-09-24T17:48:20.3987084Z /github/runner_temp/git-credentials-332d278c-050b-40a7-bc40-fe7aba193244.config
2026-09-24T17:48:20.3996118Z [command]/usr/bin/git config --local --unset includeif.gitdir:/github/workspace/.git.path /github/runner_temp/git-credentials-332d278c-050b-40a7-bc40-fe7aba193244.config
2026-09-24T17:48:20.4027467Z [command]/usr/bin/git config --local --get-all includeif.gitdir:/github/workspace/.git/worktrees/*.path
2026-09-24T17:48:20.4048053Z /github/runner_temp/git-credentials-332d278c-050b-40a7-bc40-fe7aba193244.config
2026-09-24T17:48:20.4057766Z [command]/usr/bin/git config --local --unset includeif.gitdir:/github/workspace/.git/worktrees/*.path /github/runner_temp/git-credentials-332d278c-050b-40a7-bc40-fe7aba193244.config
2026-09-24T17:48:20.4096377Z [command]/usr/bin/git submodule foreach --recursive git config --local --show-origin --name-only --get-regexp remote.origin.url
2026-09-24T17:48:20.4288642Z Removing credentials config '/home/runner/work/_temp/git-credentials-332d278c-050b-40a7-bc40-fe7aba193244.config'
2026-09-24T17:48:20.4440318Z Cleaning up orphan processes
