⚠ VM disk fill 87.3% · free 1251532K
⚠ 241 scratch entries owned by rcw-01hph5xdw9a12lkzujcer9xa — REMOVABLE NOW ONLY (the owner dies with the session):
    /var/tmp/apollo-spider-JAYcWn  → removed
    /var/tmp/apollo-spider-PZjyCP  → removed
    /var/tmp/evidence-selftest-3ye70d5y  → removed
    /var/tmp/evidence-selftest-ebbb2l5x  → removed
    /var/tmp/k305  → removed
    /var/tmp/pkgdelta_fixture_c5ahtef1  → removed
    /var/tmp/pkgdelta_fixture_girmcnej  → removed
    /var/tmp/tmp02vxh99k  → removed
    /var/tmp/tmp0cgnje0t  → removed
    /var/tmp/tmp0txe5_oq  → removed
    /var/tmp/tmp12n7jxzd  → removed
    /var/tmp/tmp16wob97_  → removed
    /var/tmp/tmp1dr1h2xx  → removed
    /var/tmp/tmp1sece9eo  → removed
    /var/tmp/tmp1x_1q__n  → removed
    /var/tmp/tmp2438nef5  → removed
    /var/tmp/tmp2872ieu1  → removed
    /var/tmp/tmp2fngftu1  → removed
    /var/tmp/tmp2z1v9_iv  → removed
    /var/tmp/tmp3r_jcc1j  → removed
    /var/tmp/tmp4l4u_kjp  → removed
    /var/tmp/tmp4rhuukjr  → removed
    /var/tmp/tmp4v3w7l2z  → removed
    /var/tmp/tmp4xlqy6x5  → removed
    /var/tmp/tmp50foe_5_  → removed
    /var/tmp/tmp5pwx6s9m  → removed
    /var/tmp/tmp5w72f5yk  → removed
    /var/tmp/tmp6d9vjphc  → removed
    /var/tmp/tmp6lvwwcfy  → removed
    /var/tmp/tmp6m973pfp  → removed
    /var/tmp/tmp6rxw9n9h  → removed
    /var/tmp/tmp78vj38mu  → removed
    /var/tmp/tmp7fq14u31  → removed
    /var/tmp/tmp7r15c_iy  → removed
    /var/tmp/tmp89f2v179  → removed
    /var/tmp/tmp9cp9si9m  → removed
    /var/tmp/tmp9mm3bk6e  → removed
    /var/tmp/tmp9yba08is  → removed
    /var/tmp/tmp_78kbarj  → removed
    /var/tmp/tmp_l6imd88  → removed
    /var/tmp/tmp_n5vj98k  → removed
    /var/tmp/tmp_zdmke_y  → removed
    /var/tmp/tmpafm6s_po  → removed
    /var/tmp/tmpbn4s799d  → removed
    /var/tmp/tmpc9_h590d  → removed
    /var/tmp/tmpcg5wu444  → removed
    /var/tmp/tmpci_w7hm7  → removed
    /var/tmp/tmpd18q_i21  → removed
    /var/tmp/tmpd60xrsvw  → removed
    /var/tmp/tmpdciluwn2  → removed
    /var/tmp/tmpdghjbmli  → removed
    /var/tmp/tmpelq3dts8  → removed
    /var/tmp/tmpfngslwkb  → removed
    /var/tmp/tmpfreu_qyv  → removed
    /var/tmp/tmpfx4049mo  → removed
    /var/tmp/tmpgbq2l8h1  → removed
    /var/tmp/tmpgfkm4tvg  → removed
    /var/tmp/tmpgixoqjat  → removed
    /var/tmp/tmpgvpbhx24  → removed
    /var/tmp/tmphk6yi78d  → removed
    /var/tmp/tmphv8bhns4  → removed
    /var/tmp/tmphwrf2g5p  → removed
    /var/tmp/tmpi9mz_23c  → removed
    /var/tmp/tmpieyi_pk3  → removed
    /var/tmp/tmpigjf_3ss  → removed
    /var/tmp/tmpj0vz58k8  → removed
    /var/tmp/tmpj7e029ly  → removed
    /var/tmp/tmpj7xgjqs3  → removed
    /var/tmp/tmpjnvnt07x  → removed
    /var/tmp/tmpk2nofu7u  → removed
    /var/tmp/tmpkipprxnw  → removed
    /var/tmp/tmpkzbk372u  → removed
    /var/tmp/tmplzvuzgyx  → removed
    /var/tmp/tmpm83wz9al  → removed
    /var/tmp/tmpnb69rcb2  → removed
    /var/tmp/tmpnfsy5db5  → removed
    /var/tmp/tmpnmaehe01  → removed
    /var/tmp/tmpnmkipp2f  → removed
    /var/tmp/tmpnty_kszm  → removed
    /var/tmp/tmpo410jzud  → removed
    /var/tmp/tmpoafpm_ue  → removed
    /var/tmp/tmpogncan7l  → removed
    /var/tmp/tmpp4vxqwpr  → removed
    /var/tmp/tmppm90ij3z  → removed
    /var/tmp/tmpredsbbme  → removed
    /var/tmp/tmprub_pw0a  → removed
    /var/tmp/tmpso5zl4q8  → removed
    /var/tmp/tmpspelbyo9  → removed
    /var/tmp/tmpt3l9kzz4  → removed
    /var/tmp/tmpt5jf5kzh  → removed
    /var/tmp/tmpt7sbdj6u  → removed
    /var/tmp/tmptl7kf840  → removed
    /var/tmp/tmpv5qtu1w_  → removed
    /var/tmp/tmpvbs2t1qn  → removed
    /var/tmp/tmpwebfz2ts  → removed
    /var/tmp/tmpwtehr7wl  → removed
    /var/tmp/tmpwuqwtjcv  → removed
    /var/tmp/tmpx7z43l05  → removed
    /var/tmp/tmpychwjtun  → removed
    /var/tmp/tmpymhix0zz  → removed
    /var/tmp/tmpyq8_twz5  → removed
    /var/tmp/tmpys3fpoly  → removed
    /var/tmp/tmpyxw96yie  → removed
    /var/tmp/tmpz_ynriyp  → removed
    /var/tmp/tmpzv0ctodq  → removed
    /tmp/_DECIDE-304-ci-calls-2026-09-26-v1.html.txt  → removed
    /tmp/_DECIDE-304-housekeeping-and-lines-2026-09-26-v1.html.txt  → removed
    /tmp/_DECIDE-304-schema-2026-09-26-v1.html.txt  → removed
    /tmp/_DECIDE-304-when-rules-2026-09-26-v1.html.txt  → removed
    /tmp/c1.txt  → removed
    /tmp/dirty.txt  → removed
    /tmp/h2_checkin_orig.py  → removed
    /tmp/hk.txt  → removed
    /tmp/house.txt  → removed
    /tmp/k305-wave1-probe.txt  → removed
    /tmp/le.txt  → removed
    /tmp/plan.txt  → removed
    /tmp/px  → removed
    /tmp/py1  → removed
    /tmp/py2  → removed
    /tmp/r_head.json  → removed
    /tmp/schema.txt  → removed
    /tmp/segs305.txt  → removed
    /tmp/sit.txt  → removed
    /tmp/stamps.txt  → removed
    /tmp/us.txt  → removed
    /tmp/wr.txt  → removed
    /sessions/rcw-01hph5xdw9a12lkzujcer9xa/tmp/checkin-compaction-5q9v2919.jsonl  → removed
    /sessions/rcw-01hph5xdw9a12lkzujcer9xa/tmp/checkin-compaction-lsab2wfj.jsonl  → removed
    /sessions/rcw-01hph5xdw9a12lkzujcer9xa/tmp/checkin-compaction-m1ugvbw7.jsonl  → removed
    /sessions/rcw-01hph5xdw9a12lkzujcer9xa/tmp/checkin-compaction-q62_4sr3.jsonl  → removed
    /sessions/rcw-01hph5xdw9a12lkzujcer9xa/tmp/checkin-compaction-q8q28ciu.jsonl  → removed
    /sessions/rcw-01hph5xdw9a12lkzujcer9xa/tmp/data-gym-cache  → removed
    /sessions/rcw-01hph5xdw9a12lkzujcer9xa/tmp/tmp0f46np3_  → removed
    /sessions/rcw-01hph5xdw9a12lkzujcer9xa/tmp/tmp0fzjyeno  → removed
    /sessions/rcw-01hph5xdw9a12lkzujcer9xa/tmp/tmp0zqx9xjt  → removed
    /sessions/rcw-01hph5xdw9a12lkzujcer9xa/tmp/tmp11pfb3qf  → removed
    /sessions/rcw-01hph5xdw9a12lkzujcer9xa/tmp/tmp153jvpza  → removed
    /sessions/rcw-01hph5xdw9a12lkzujcer9xa/tmp/tmp15mewgc9  → removed
    /sessions/rcw-01hph5xdw9a12lkzujcer9xa/tmp/tmp1_oh97_z  → removed
    /sessions/rcw-01hph5xdw9a12lkzujcer9xa/tmp/tmp24ndzjtc  → removed
    /sessions/rcw-01hph5xdw9a12lkzujcer9xa/tmp/tmp2efdscxb  → removed
    /sessions/rcw-01hph5xdw9a12lkzujcer9xa/tmp/tmp30m1bdk9  → removed
    /sessions/rcw-01hph5xdw9a12lkzujcer9xa/tmp/tmp38hvttjw  → removed
    /sessions/rcw-01hph5xdw9a12lkzujcer9xa/tmp/tmp3d_dfk6w  → removed
    /sessions/rcw-01hph5xdw9a12lkzujcer9xa/tmp/tmp45sxvy9l  → removed
    /sessions/rcw-01hph5xdw9a12lkzujcer9xa/tmp/tmp48l4gzx3  → removed
    /sessions/rcw-01hph5xdw9a12lkzujcer9xa/tmp/tmp4le45d1v  → removed
    /sessions/rcw-01hph5xdw9a12lkzujcer9xa/tmp/tmp55aaqooy  → removed
    /sessions/rcw-01hph5xdw9a12lkzujcer9xa/tmp/tmp5eykyg_1  → removed
    /sessions/rcw-01hph5xdw9a12lkzujcer9xa/tmp/tmp6_deljpx  → removed
    /sessions/rcw-01hph5xdw9a12lkzujcer9xa/tmp/tmp71ovdxy5  → removed
    /sessions/rcw-01hph5xdw9a12lkzujcer9xa/tmp/tmp74jrn54y  → removed
    /sessions/rcw-01hph5xdw9a12lkzujcer9xa/tmp/tmp77jso_fq  → removed
    /sessions/rcw-01hph5xdw9a12lkzujcer9xa/tmp/tmp7rhjc58i  → removed
    /sessions/rcw-01hph5xdw9a12lkzujcer9xa/tmp/tmp9bxj80wc  → removed
    /sessions/rcw-01hph5xdw9a12lkzujcer9xa/tmp/tmp9onk5_sj  → removed
    /sessions/rcw-01hph5xdw9a12lkzujcer9xa/tmp/tmp_26v_wcj  → removed
    /sessions/rcw-01hph5xdw9a12lkzujcer9xa/tmp/tmp_9jq4n9_  → removed
    /sessions/rcw-01hph5xdw9a12lkzujcer9xa/tmp/tmp_h4c7ouf  → removed
    /sessions/rcw-01hph5xdw9a12lkzujcer9xa/tmp/tmp_hr66hw9  → removed
    /sessions/rcw-01hph5xdw9a12lkzujcer9xa/tmp/tmp_y0rpde9  → removed
    /sessions/rcw-01hph5xdw9a12lkzujcer9xa/tmp/tmpa3gmti8m  → removed
    /sessions/rcw-01hph5xdw9a12lkzujcer9xa/tmp/tmpak9jc2d_  → removed
    /sessions/rcw-01hph5xdw9a12lkzujcer9xa/tmp/tmpao_tq1ux  → removed
    /sessions/rcw-01hph5xdw9a12lkzujcer9xa/tmp/tmpatglfx1c  → removed
    /sessions/rcw-01hph5xdw9a12lkzujcer9xa/tmp/tmpb117wzfr  → removed
    /sessions/rcw-01hph5xdw9a12lkzujcer9xa/tmp/tmpb6yb0tlo  → removed
    /sessions/rcw-01hph5xdw9a12lkzujcer9xa/tmp/tmpbf5s4jej  → removed
    /sessions/rcw-01hph5xdw9a12lkzujcer9xa/tmp/tmpbk0aj7m0  → removed
    /sessions/rcw-01hph5xdw9a12lkzujcer9xa/tmp/tmpbt7nqvkq  → removed
    /sessions/rcw-01hph5xdw9a12lkzujcer9xa/tmp/tmpbwbespk3  → removed
    /sessions/rcw-01hph5xdw9a12lkzujcer9xa/tmp/tmpc0ruqmzf  → removed
    /sessions/rcw-01hph5xdw9a12lkzujcer9xa/tmp/tmpc3s6glrg  → removed
    /sessions/rcw-01hph5xdw9a12lkzujcer9xa/tmp/tmpdwyv1uf9  → removed
    /sessions/rcw-01hph5xdw9a12lkzujcer9xa/tmp/tmpe3rrr3d2  → removed
    /sessions/rcw-01hph5xdw9a12lkzujcer9xa/tmp/tmpevzz7rg2  → removed
    /sessions/rcw-01hph5xdw9a12lkzujcer9xa/tmp/tmpeygou3i8  → removed
    /sessions/rcw-01hph5xdw9a12lkzujcer9xa/tmp/tmpf9shtjo9  → removed
    /sessions/rcw-01hph5xdw9a12lkzujcer9xa/tmp/tmpff7z4q3g  → removed
    /sessions/rcw-01hph5xdw9a12lkzujcer9xa/tmp/tmpftge1svj  → removed
    /sessions/rcw-01hph5xdw9a12lkzujcer9xa/tmp/tmpgjd28550  → removed
    /sessions/rcw-01hph5xdw9a12lkzujcer9xa/tmp/tmpgll_xxjb  → removed
    /sessions/rcw-01hph5xdw9a12lkzujcer9xa/tmp/tmpgmtxu01i  → removed
    /sessions/rcw-01hph5xdw9a12lkzujcer9xa/tmp/tmphbfkqa42  → removed
    /sessions/rcw-01hph5xdw9a12lkzujcer9xa/tmp/tmpi7fok5vh  → removed
    /sessions/rcw-01hph5xdw9a12lkzujcer9xa/tmp/tmpi96w25fn  → removed
    /sessions/rcw-01hph5xdw9a12lkzujcer9xa/tmp/tmpiobssiri  → removed
    /sessions/rcw-01hph5xdw9a12lkzujcer9xa/tmp/tmpippywvo_  → removed
    /sessions/rcw-01hph5xdw9a12lkzujcer9xa/tmp/tmpiuq4la3p  → removed
    /sessions/rcw-01hph5xdw9a12lkzujcer9xa/tmp/tmpizy4y9t_  → removed
    /sessions/rcw-01hph5xdw9a12lkzujcer9xa/tmp/tmpjd44jg5u  → removed
    /sessions/rcw-01hph5xdw9a12lkzujcer9xa/tmp/tmpjhe9c2bt  → removed
    /sessions/rcw-01hph5xdw9a12lkzujcer9xa/tmp/tmpjo2womei  → removed
    /sessions/rcw-01hph5xdw9a12lkzujcer9xa/tmp/tmpjphzw0o5  → removed
    /sessions/rcw-01hph5xdw9a12lkzujcer9xa/tmp/tmpk_05uvbq  → removed
    /sessions/rcw-01hph5xdw9a12lkzujcer9xa/tmp/tmpl12clyfb  → removed
    /sessions/rcw-01hph5xdw9a12lkzujcer9xa/tmp/tmpl3oyqrpa  → removed
    /sessions/rcw-01hph5xdw9a12lkzujcer9xa/tmp/tmpl6rnb5i1  → removed
    /sessions/rcw-01hph5xdw9a12lkzujcer9xa/tmp/tmplb7673a9  → removed
    /sessions/rcw-01hph5xdw9a12lkzujcer9xa/tmp/tmplz2wyxdv  → removed
    /sessions/rcw-01hph5xdw9a12lkzujcer9xa/tmp/tmpm0sagfq2  → removed
    /sessions/rcw-01hph5xdw9a12lkzujcer9xa/tmp/tmpm4nso4vi  → removed
    /sessions/rcw-01hph5xdw9a12lkzujcer9xa/tmp/tmpmihb8nhq  → removed
    /sessions/rcw-01hph5xdw9a12lkzujcer9xa/tmp/tmpn0vmndvh  → removed
    /sessions/rcw-01hph5xdw9a12lkzujcer9xa/tmp/tmpn_975mys  → removed
    /sessions/rcw-01hph5xdw9a12lkzujcer9xa/tmp/tmpocr4xfc5  → removed
    /sessions/rcw-01hph5xdw9a12lkzujcer9xa/tmp/tmpov1pz69p  → removed
    /sessions/rcw-01hph5xdw9a12lkzujcer9xa/tmp/tmpps87m0hr  → removed
    /sessions/rcw-01hph5xdw9a12lkzujcer9xa/tmp/tmpq6u8fak5  → removed
    /sessions/rcw-01hph5xdw9a12lkzujcer9xa/tmp/tmpqbhszsum  → removed
    /sessions/rcw-01hph5xdw9a12lkzujcer9xa/tmp/tmpqf454wm9  → removed
    /sessions/rcw-01hph5xdw9a12lkzujcer9xa/tmp/tmpr4uhkmer  → removed
    /sessions/rcw-01hph5xdw9a12lkzujcer9xa/tmp/tmpr92959ro  → removed
    /sessions/rcw-01hph5xdw9a12lkzujcer9xa/tmp/tmprc33sqkp  → removed
    /sessions/rcw-01hph5xdw9a12lkzujcer9xa/tmp/tmprrq38c5p  → removed
    /sessions/rcw-01hph5xdw9a12lkzujcer9xa/tmp/tmps8ij2ht_  → removed
    /sessions/rcw-01hph5xdw9a12lkzujcer9xa/tmp/tmps98a4_ip  → removed
    /sessions/rcw-01hph5xdw9a12lkzujcer9xa/tmp/tmptvrur93b  → removed
    /sessions/rcw-01hph5xdw9a12lkzujcer9xa/tmp/tmptyrzigpb  → removed
    /sessions/rcw-01hph5xdw9a12lkzujcer9xa/tmp/tmpu1g2st_r  → removed
    /sessions/rcw-01hph5xdw9a12lkzujcer9xa/tmp/tmpui2u4w05  → removed
    /sessions/rcw-01hph5xdw9a12lkzujcer9xa/tmp/tmpumq8g8xg  → removed
    /sessions/rcw-01hph5xdw9a12lkzujcer9xa/tmp/tmpvfffwzez  → removed
    /sessions/rcw-01hph5xdw9a12lkzujcer9xa/tmp/tmpvsdtv2q6  → removed
    /sessions/rcw-01hph5xdw9a12lkzujcer9xa/tmp/tmpvt2ohim3  → removed
    /sessions/rcw-01hph5xdw9a12lkzujcer9xa/tmp/tmpwlr1g118  → removed
    /sessions/rcw-01hph5xdw9a12lkzujcer9xa/tmp/tmpwp5pvlqq  → removed
    /sessions/rcw-01hph5xdw9a12lkzujcer9xa/tmp/tmpx07q69ph  → removed
    /sessions/rcw-01hph5xdw9a12lkzujcer9xa/tmp/tmpx4zs3oyh  → removed
    /sessions/rcw-01hph5xdw9a12lkzujcer9xa/tmp/tmpxhagt6cp  → removed
    /sessions/rcw-01hph5xdw9a12lkzujcer9xa/tmp/tmpxwsnl3xk  → removed
    /sessions/rcw-01hph5xdw9a12lkzujcer9xa/tmp/tmpy2exas1e  → removed
    /sessions/rcw-01hph5xdw9a12lkzujcer9xa/tmp/tmpy9opnlps  → removed
    /sessions/rcw-01hph5xdw9a12lkzujcer9xa/tmp/tmpzc5f7itw  → removed
    /sessions/rcw-01hph5xdw9a12lkzujcer9xa/tmp/tmpzrs68cnv  → removed
    /sessions/rcw-01hph5xdw9a12lkzujcer9xa/.cache/pip  → removed
    /sessions/rcw-01hph5xdw9a12lkzujcer9xa/.cache/uv  → removed
    /sessions/rcw-01hph5xdw9a12lkzujcer9xa/.local/bin  → removed
    /sessions/rcw-01hph5xdw9a12lkzujcer9xa/.local/lib  → removed
    /sessions/rcw-01hph5xdw9a12lkzujcer9xa/.local/share  → removed
· 0M owned by dead sessions — UNREMOVABLE from inside (named for drift visibility, not action)
· `_to_delete/`: 3 top-level entries, none older than 3 sessions (current #305) — `s294-D12` clean.
