2026-09-23T17:26:37.7961478Z Current runner version: '2.337.0'
2026-09-23T17:26:37.8009267Z ##[group]Runner Image Provisioner
2026-09-23T17:26:37.8010429Z Hosted Compute Agent
2026-09-23T17:26:37.8011018Z Version: 20260828.587
2026-09-23T17:26:37.8011793Z Commit: abac92662cab4cc7352de4f9f9d2e2419aad9c29
2026-09-23T17:26:37.8012536Z Build Date: 2026-08-28T16:44:25Z
2026-09-23T17:26:37.8013268Z Worker ID: {6e3f7b3e-a8bd-4621-8f40-5912dbda8612}
2026-09-23T17:26:37.8014028Z Azure Region: westus
2026-09-23T17:26:37.8014930Z ##[endgroup]
2026-09-23T17:26:37.8016627Z ##[group]Operating System
2026-09-23T17:26:37.8017286Z Ubuntu
2026-09-23T17:26:37.8017896Z 24.04.5
2026-09-23T17:26:37.8018422Z LTS
2026-09-23T17:26:37.8018951Z ##[endgroup]
2026-09-23T17:26:37.8019889Z ##[group]Runner Image
2026-09-23T17:26:37.8020697Z Image: ubuntu-24.04
2026-09-23T17:26:37.8021366Z Version: 20260920.314.1
2026-09-23T17:26:37.8022657Z Included Software: https://github.com/actions/runner-images/blob/ubuntu24/20260920.314/images/ubuntu/Ubuntu2404-Readme.md
2026-09-23T17:26:37.8024342Z Image Release: https://github.com/actions/runner-images/releases/tag/ubuntu24%2F20260920.314
2026-09-23T17:26:37.8025339Z ##[endgroup]
2026-09-23T17:26:37.8026659Z ##[group]GITHUB_TOKEN Permissions
2026-09-23T17:26:37.8028793Z Contents: read
2026-09-23T17:26:37.8029521Z Metadata: read
2026-09-23T17:26:37.8030535Z Packages: read
2026-09-23T17:26:37.8031095Z ##[endgroup]
2026-09-23T17:26:37.8033219Z Secret source: Actions
2026-09-23T17:26:37.8034196Z Cache mode: write
2026-09-23T17:26:37.8035250Z Prepare workflow directory
2026-09-23T17:26:37.8366696Z Prepare all required actions
2026-09-23T17:26:37.8416683Z Getting action download info
2026-09-23T17:26:38.2061112Z Download action repository 'actions/checkout@v6' (SHA:d23441a48e516b6c34aea4fa41551a30e30af803)
2026-09-23T17:26:38.3184799Z Download action repository 'actions/setup-python@v6' (SHA:ece7cb06caefa5fff74198d8649806c4678c61a1)
2026-09-23T17:26:38.5370974Z Complete job name: gates
2026-09-23T17:26:38.6252094Z ##[group]Run actions/checkout@v6
2026-09-23T17:26:38.6253004Z with:
2026-09-23T17:26:38.6253429Z   fetch-depth: 0
2026-09-23T17:26:38.6253907Z   repository: daveasewen/UX-design
2026-09-23T17:26:38.6257685Z   token: ***
2026-09-23T17:26:38.6258130Z   ssh-strict: true
2026-09-23T17:26:38.6258572Z   ssh-user: git
2026-09-23T17:26:38.6259024Z   persist-credentials: true
2026-09-23T17:26:38.6259525Z   clean: true
2026-09-23T17:26:38.6260209Z   sparse-checkout-cone-mode: true
2026-09-23T17:26:38.6260771Z   fetch-tags: false
2026-09-23T17:26:38.6261226Z   show-progress: true
2026-09-23T17:26:38.6261668Z   lfs: false
2026-09-23T17:26:38.6262111Z   submodules: false
2026-09-23T17:26:38.6262570Z   set-safe-directory: true
2026-09-23T17:26:38.6263085Z   allow-unsafe-pr-checkout: false
2026-09-23T17:26:38.6263888Z ##[endgroup]
2026-09-23T17:26:38.7286308Z Syncing repository: daveasewen/UX-design
2026-09-23T17:26:38.7288867Z ##[group]Getting Git version info
2026-09-23T17:26:38.7290408Z Working directory is '/home/runner/work/UX-design/UX-design'
2026-09-23T17:26:38.7292036Z [command]/usr/bin/git version
2026-09-23T17:26:38.7378782Z git version 2.55.0
2026-09-23T17:26:38.7416690Z ##[endgroup]
2026-09-23T17:26:38.7444098Z Temporarily overriding HOME='/home/runner/work/_temp/9a8ff1fe-55a7-44bb-930a-319a4e6496d0' before making global git config changes
2026-09-23T17:26:38.7446271Z Adding repository directory to the temporary git global config as a safe directory
2026-09-23T17:26:38.7447956Z [command]/usr/bin/git config --global --add safe.directory /home/runner/work/UX-design/UX-design
2026-09-23T17:26:38.7504109Z Deleting the contents of '/home/runner/work/UX-design/UX-design'
2026-09-23T17:26:38.7518821Z ##[group]Determining repository object format
2026-09-23T17:26:38.7528059Z ##[endgroup]
2026-09-23T17:26:38.7530102Z ##[group]Initializing the repository
2026-09-23T17:26:38.7531370Z [command]/usr/bin/git init /home/runner/work/UX-design/UX-design
2026-09-23T17:26:38.7632410Z hint: Using 'master' as the name for the initial branch. This default branch name
2026-09-23T17:26:38.7635127Z hint: will change to "main" in Git 3.0. To configure the initial branch name
2026-09-23T17:26:38.7638912Z hint: to use in all of your new repositories, which will suppress this warning,
2026-09-23T17:26:38.7640778Z hint: call:
2026-09-23T17:26:38.7641883Z hint:
2026-09-23T17:26:38.7644155Z hint: 	git config --global init.defaultBranch <name>
2026-09-23T17:26:38.7651319Z hint:
2026-09-23T17:26:38.7657236Z hint: Names commonly chosen instead of 'master' are 'main', 'trunk' and
2026-09-23T17:26:38.7659085Z hint: 'development'. The just-created branch can be renamed via this command:
2026-09-23T17:26:38.7660830Z hint:
2026-09-23T17:26:38.7661658Z hint: 	git branch -m <name>
2026-09-23T17:26:38.7662525Z hint:
2026-09-23T17:26:38.7663703Z hint: Disable this message with "git config set advice.defaultBranchName false"
2026-09-23T17:26:38.7665585Z Initialized empty Git repository in /home/runner/work/UX-design/UX-design/.git/
2026-09-23T17:26:38.7668692Z [command]/usr/bin/git remote add origin https://github.com/daveasewen/UX-design
2026-09-23T17:26:38.7703560Z ##[endgroup]
2026-09-23T17:26:38.7705081Z ##[group]Disabling automatic garbage collection
2026-09-23T17:26:38.7708974Z [command]/usr/bin/git config --local gc.auto 0
2026-09-23T17:26:38.7749088Z ##[endgroup]
2026-09-23T17:26:38.7751489Z ##[group]Setting up auth
2026-09-23T17:26:38.7752858Z Removing SSH command configuration
2026-09-23T17:26:38.7758233Z [command]/usr/bin/git config --local --name-only --get-regexp core\.sshCommand
2026-09-23T17:26:38.7797845Z [command]/usr/bin/git submodule foreach --recursive sh -c "git config --local --name-only --get-regexp 'core\.sshCommand' && git config --local --unset-all 'core.sshCommand' || :"
2026-09-23T17:26:38.8203939Z Removing HTTP extra header
2026-09-23T17:26:38.8212032Z [command]/usr/bin/git config --local --name-only --get-regexp http\.https\:\/\/github\.com\/\.extraheader
2026-09-23T17:26:38.8253506Z [command]/usr/bin/git submodule foreach --recursive sh -c "git config --local --name-only --get-regexp 'http\.https\:\/\/github\.com\/\.extraheader' && git config --local --unset-all 'http.https://github.com/.extraheader' || :"
2026-09-23T17:26:38.8484546Z Removing includeIf entries pointing to credentials config files
2026-09-23T17:26:38.8492222Z [command]/usr/bin/git config --local --name-only --get-regexp ^includeIf\.gitdir:
2026-09-23T17:26:38.8534838Z [command]/usr/bin/git submodule foreach --recursive git config --local --show-origin --name-only --get-regexp remote.origin.url
2026-09-23T17:26:38.8788433Z [command]/usr/bin/git config --file /home/runner/work/_temp/git-credentials-31d73848-c1f9-4ed5-8059-e5d62c91ce9e.config http.https://github.com/.extraheader AUTHORIZATION: basic ***
2026-09-23T17:26:38.8832618Z [command]/usr/bin/git config --local includeIf.gitdir:/home/runner/work/UX-design/UX-design/.git.path /home/runner/work/_temp/git-credentials-31d73848-c1f9-4ed5-8059-e5d62c91ce9e.config
2026-09-23T17:26:38.8869055Z [command]/usr/bin/git config --local includeIf.gitdir:/home/runner/work/UX-design/UX-design/.git/worktrees/*.path /home/runner/work/_temp/git-credentials-31d73848-c1f9-4ed5-8059-e5d62c91ce9e.config
2026-09-23T17:26:38.8907902Z [command]/usr/bin/git config --local includeIf.gitdir:/github/workspace/.git.path /github/runner_temp/git-credentials-31d73848-c1f9-4ed5-8059-e5d62c91ce9e.config
2026-09-23T17:26:38.8952946Z [command]/usr/bin/git config --local includeIf.gitdir:/github/workspace/.git/worktrees/*.path /github/runner_temp/git-credentials-31d73848-c1f9-4ed5-8059-e5d62c91ce9e.config
2026-09-23T17:26:38.8985375Z ##[endgroup]
2026-09-23T17:26:38.8986799Z ##[group]Fetching the repository
2026-09-23T17:26:38.8994543Z [command]/usr/bin/git -c protocol.version=2 fetch --no-tags --prune --no-recurse-submodules origin +refs/heads/*:refs/remotes/origin/* +refs/tags/*:refs/tags/*
2026-09-23T17:27:06.5341708Z From https://github.com/daveasewen/UX-design
2026-09-23T17:27:06.5343170Z  * [new branch]        master     -> origin/master
2026-09-23T17:27:06.5353563Z [command]/usr/bin/git branch --list --remote origin/master
2026-09-23T17:27:06.5383482Z   origin/master
2026-09-23T17:27:06.5393050Z [command]/usr/bin/git rev-parse refs/remotes/origin/master
2026-09-23T17:27:06.5418726Z 72c6ca9cdaffddaa0f7dd3964673cd4bb9ecbe3e
2026-09-23T17:27:06.5423278Z ##[endgroup]
2026-09-23T17:27:06.5423803Z ##[group]Determining the checkout info
2026-09-23T17:27:06.5424839Z ##[endgroup]
2026-09-23T17:27:06.5429003Z [command]/usr/bin/git sparse-checkout disable
2026-09-23T17:27:06.5480871Z [command]/usr/bin/git config --local --unset-all extensions.worktreeConfig
2026-09-23T17:27:06.5511351Z ##[group]Checking out the ref
2026-09-23T17:27:06.5515722Z [command]/usr/bin/git checkout --progress --force -B master refs/remotes/origin/master
2026-09-23T17:27:07.5643577Z Updating files:  31% (2974/9370)
2026-09-23T17:27:07.5739517Z Updating files:  32% (2999/9370)
2026-09-23T17:27:07.6325153Z Updating files:  33% (3093/9370)
2026-09-23T17:27:07.6886348Z Updating files:  34% (3186/9370)
2026-09-23T17:27:07.7327539Z Updating files:  35% (3280/9370)
2026-09-23T17:27:07.7381957Z Updating files:  36% (3374/9370)
2026-09-23T17:27:07.7461424Z Updating files:  37% (3467/9370)
2026-09-23T17:27:07.7558900Z Updating files:  38% (3561/9370)
2026-09-23T17:27:07.7642616Z Updating files:  39% (3655/9370)
2026-09-23T17:27:07.7763505Z Updating files:  40% (3748/9370)
2026-09-23T17:27:07.7877973Z Updating files:  41% (3842/9370)
2026-09-23T17:27:07.8388502Z Updating files:  42% (3936/9370)
2026-09-23T17:27:07.8458365Z Updating files:  43% (4030/9370)
2026-09-23T17:27:07.8548886Z Updating files:  44% (4123/9370)
2026-09-23T17:27:07.9057244Z Updating files:  45% (4217/9370)
2026-09-23T17:27:07.9346600Z Updating files:  46% (4311/9370)
2026-09-23T17:27:07.9597153Z Updating files:  47% (4404/9370)
2026-09-23T17:27:07.9734232Z Updating files:  48% (4498/9370)
2026-09-23T17:27:07.9796358Z Updating files:  49% (4592/9370)
2026-09-23T17:27:07.9923930Z Updating files:  50% (4685/9370)
2026-09-23T17:27:08.1788516Z Updating files:  51% (4779/9370)
2026-09-23T17:27:08.2325380Z Updating files:  52% (4873/9370)
2026-09-23T17:27:08.2575494Z Updating files:  53% (4967/9370)
2026-09-23T17:27:08.3277287Z Updating files:  54% (5060/9370)
2026-09-23T17:27:08.4697595Z Updating files:  55% (5154/9370)
2026-09-23T17:27:08.5029073Z Updating files:  56% (5248/9370)
2026-09-23T17:27:08.5450844Z Updating files:  57% (5341/9370)
2026-09-23T17:27:08.5630617Z Updating files:  58% (5435/9370)
2026-09-23T17:27:08.5741296Z Updating files:  58% (5472/9370)
2026-09-23T17:27:08.6178057Z Updating files:  59% (5529/9370)
2026-09-23T17:27:08.6568171Z Updating files:  60% (5622/9370)
2026-09-23T17:27:08.6628970Z Updating files:  61% (5716/9370)
2026-09-23T17:27:08.6755048Z Updating files:  62% (5810/9370)
2026-09-23T17:27:08.6919237Z Updating files:  63% (5904/9370)
2026-09-23T17:27:08.7151978Z Updating files:  64% (5997/9370)
2026-09-23T17:27:08.7396226Z Updating files:  65% (6091/9370)
2026-09-23T17:27:08.7944538Z Updating files:  66% (6185/9370)
2026-09-23T17:27:08.8323272Z Updating files:  67% (6278/9370)
2026-09-23T17:27:09.0638163Z Updating files:  68% (6372/9370)
2026-09-23T17:27:09.1259473Z Updating files:  69% (6466/9370)
2026-09-23T17:27:09.1990282Z Updating files:  70% (6559/9370)
2026-09-23T17:27:09.2744808Z Updating files:  71% (6653/9370)
2026-09-23T17:27:09.3115585Z Updating files:  72% (6747/9370)
2026-09-23T17:27:09.3346508Z Updating files:  73% (6841/9370)
2026-09-23T17:27:09.3483484Z Updating files:  74% (6934/9370)
2026-09-23T17:27:09.3622538Z Updating files:  75% (7028/9370)
2026-09-23T17:27:09.3734746Z Updating files:  76% (7122/9370)
2026-09-23T17:27:09.3820830Z Updating files:  77% (7215/9370)
2026-09-23T17:27:09.3921328Z Updating files:  78% (7309/9370)
2026-09-23T17:27:09.4168882Z Updating files:  79% (7403/9370)
2026-09-23T17:27:09.4664934Z Updating files:  80% (7496/9370)
2026-09-23T17:27:09.5126205Z Updating files:  81% (7590/9370)
2026-09-23T17:27:09.5168633Z Updating files:  82% (7684/9370)
2026-09-23T17:27:09.5212944Z Updating files:  83% (7778/9370)
2026-09-23T17:27:09.5282695Z Updating files:  84% (7871/9370)
2026-09-23T17:27:09.5519957Z Updating files:  85% (7965/9370)
2026-09-23T17:27:09.5630871Z Updating files:  86% (8059/9370)
2026-09-23T17:27:09.5795794Z Updating files:  86% (8106/9370)
2026-09-23T17:27:09.6286836Z Updating files:  87% (8152/9370)
2026-09-23T17:27:09.6709416Z Updating files:  88% (8246/9370)
2026-09-23T17:27:09.7682755Z Updating files:  89% (8340/9370)
2026-09-23T17:27:09.8039054Z Updating files:  90% (8433/9370)
2026-09-23T17:27:09.8201491Z Updating files:  91% (8527/9370)
2026-09-23T17:27:09.8338432Z Updating files:  92% (8621/9370)
2026-09-23T17:27:09.8670726Z Updating files:  93% (8715/9370)
2026-09-23T17:27:09.9013289Z Updating files:  94% (8808/9370)
2026-09-23T17:27:09.9131071Z Updating files:  95% (8902/9370)
2026-09-23T17:27:09.9223365Z Updating files:  96% (8996/9370)
2026-09-23T17:27:09.9290784Z Updating files:  97% (9089/9370)
2026-09-23T17:27:09.9615271Z Updating files:  98% (9183/9370)
2026-09-23T17:27:09.9864332Z Updating files:  99% (9277/9370)
2026-09-23T17:27:09.9865183Z Updating files: 100% (9370/9370)
2026-09-23T17:27:09.9865638Z Updating files: 100% (9370/9370), done.
2026-09-23T17:27:09.9974039Z Reset branch 'master'
2026-09-23T17:27:09.9981267Z branch 'master' set up to track 'origin/master'.
2026-09-23T17:27:10.0087124Z ##[endgroup]
2026-09-23T17:27:10.0140516Z [command]/usr/bin/git log -1 --format=%H
2026-09-23T17:27:10.0169786Z 72c6ca9cdaffddaa0f7dd3964673cd4bb9ecbe3e
2026-09-23T17:27:10.0502823Z ##[group]Run actions/setup-python@v6
2026-09-23T17:27:10.0503132Z with:
2026-09-23T17:27:10.0503338Z   python-version: 3.12
2026-09-23T17:27:10.0503570Z   check-latest: false
2026-09-23T17:27:10.0506046Z   token: ***
2026-09-23T17:27:10.0506259Z   update-environment: true
2026-09-23T17:27:10.0506508Z   allow-prereleases: false
2026-09-23T17:27:10.0506742Z   freethreaded: false
2026-09-23T17:27:10.0506954Z ##[endgroup]
2026-09-23T17:27:10.1794666Z ##[group]Installed versions
2026-09-23T17:27:10.1889772Z Successfully set up CPython (3.12.14)
2026-09-23T17:27:10.1890875Z ##[endgroup]
2026-09-23T17:27:10.2052716Z ##[group]Run pip install tiktoken jsonschema
2026-09-23T17:27:10.2053126Z [36;1mpip install tiktoken jsonschema[0m
2026-09-23T17:27:10.2358840Z shell: /usr/bin/bash -e {0}
2026-09-23T17:27:10.2359145Z env:
2026-09-23T17:27:10.2359457Z   pythonLocation: /opt/hostedtoolcache/Python/3.12.14/x64
2026-09-23T17:27:10.2360171Z   PKG_CONFIG_PATH: /opt/hostedtoolcache/Python/3.12.14/x64/lib/pkgconfig
2026-09-23T17:27:10.2360657Z   Python_ROOT_DIR: /opt/hostedtoolcache/Python/3.12.14/x64
2026-09-23T17:27:10.2361095Z   Python2_ROOT_DIR: /opt/hostedtoolcache/Python/3.12.14/x64
2026-09-23T17:27:10.2361555Z   Python3_ROOT_DIR: /opt/hostedtoolcache/Python/3.12.14/x64
2026-09-23T17:27:10.2362013Z   LD_LIBRARY_PATH: /opt/hostedtoolcache/Python/3.12.14/x64/lib
2026-09-23T17:27:10.2362504Z ##[endgroup]
2026-09-23T17:27:12.3132091Z Collecting tiktoken
2026-09-23T17:27:12.3602541Z   Downloading tiktoken-0.14.0-cp312-cp312-manylinux_2_28_x86_64.whl.metadata (6.7 kB)
2026-09-23T17:27:12.3809959Z Collecting jsonschema
2026-09-23T17:27:12.3841851Z   Downloading jsonschema-4.26.0-py3-none-any.whl.metadata (7.6 kB)
2026-09-23T17:27:12.7586795Z Collecting regex (from tiktoken)
2026-09-23T17:27:12.7623931Z   Downloading regex-2026.9.10-cp312-cp312-manylinux2014_x86_64.manylinux_2_17_x86_64.manylinux_2_28_x86_64.whl.metadata (40 kB)
2026-09-23T17:27:12.7905657Z Collecting requests (from tiktoken)
2026-09-23T17:27:12.7935172Z   Downloading requests-2.34.2-py3-none-any.whl.metadata (4.8 kB)
2026-09-23T17:27:12.8065367Z Collecting attrs>=22.2.0 (from jsonschema)
2026-09-23T17:27:12.8094381Z   Downloading attrs-26.1.0-py3-none-any.whl.metadata (8.8 kB)
2026-09-23T17:27:12.8211852Z Collecting jsonschema-specifications>=2023.03.6 (from jsonschema)
2026-09-23T17:27:12.8258734Z   Downloading jsonschema_specifications-2025.9.1-py3-none-any.whl.metadata (2.9 kB)
2026-09-23T17:27:12.8444797Z Collecting referencing>=0.28.4 (from jsonschema)
2026-09-23T17:27:12.8479456Z   Downloading referencing-0.37.0-py3-none-any.whl.metadata (2.8 kB)
2026-09-23T17:27:13.0800099Z Collecting rpds-py>=0.25.0 (from jsonschema)
2026-09-23T17:27:13.0831998Z   Downloading rpds_py-2026.6.3-cp312-cp312-manylinux_2_17_x86_64.manylinux2014_x86_64.whl.metadata (4.1 kB)
2026-09-23T17:27:13.1012229Z Collecting typing-extensions>=4.4.0 (from referencing>=0.28.4->jsonschema)
2026-09-23T17:27:13.1047706Z   Downloading typing_extensions-4.16.0-py3-none-any.whl.metadata (3.3 kB)
2026-09-23T17:27:13.2246167Z Collecting charset_normalizer<4,>=2 (from requests->tiktoken)
2026-09-23T17:27:13.2282854Z   Downloading charset_normalizer-3.5.1-cp312-cp312-manylinux2014_x86_64.manylinux_2_17_x86_64.manylinux_2_28_x86_64.whl.metadata (45 kB)
2026-09-23T17:27:13.2438652Z Collecting idna<4,>=2.5 (from requests->tiktoken)
2026-09-23T17:27:13.2469265Z   Downloading idna-3.20-py3-none-any.whl.metadata (7.2 kB)
2026-09-23T17:27:13.2667201Z Collecting urllib3<3,>=1.26 (from requests->tiktoken)
2026-09-23T17:27:13.2697040Z   Downloading urllib3-2.8.0-py3-none-any.whl.metadata (7.4 kB)
2026-09-23T17:27:13.2856055Z Collecting certifi>=2023.5.7 (from requests->tiktoken)
2026-09-23T17:27:13.2885967Z   Downloading certifi-2026.7.22-py3-none-any.whl.metadata (2.5 kB)
2026-09-23T17:27:13.2961868Z Downloading tiktoken-0.14.0-cp312-cp312-manylinux_2_28_x86_64.whl (1.2 MB)
2026-09-23T17:27:13.3067788Z    ━━━━━━━━━━━━━━━━━━━━━━━━━━━━━━━━━━━━━━━━ 1.2/1.2 MB 153.9 MB/s  0:00:00
2026-09-23T17:27:13.3097438Z Downloading jsonschema-4.26.0-py3-none-any.whl (90 kB)
2026-09-23T17:27:13.3145146Z Downloading attrs-26.1.0-py3-none-any.whl (67 kB)
2026-09-23T17:27:13.3200379Z Downloading jsonschema_specifications-2025.9.1-py3-none-any.whl (18 kB)
2026-09-23T17:27:13.3249003Z Downloading referencing-0.37.0-py3-none-any.whl (26 kB)
2026-09-23T17:27:13.3299369Z Downloading rpds_py-2026.6.3-cp312-cp312-manylinux_2_17_x86_64.manylinux2014_x86_64.whl (366 kB)
2026-09-23T17:27:13.3358364Z Downloading typing_extensions-4.16.0-py3-none-any.whl (45 kB)
2026-09-23T17:27:13.3406562Z Downloading regex-2026.9.10-cp312-cp312-manylinux2014_x86_64.manylinux_2_17_x86_64.manylinux_2_28_x86_64.whl (804 kB)
2026-09-23T17:27:13.3465849Z    ━━━━━━━━━━━━━━━━━━━━━━━━━━━━━━━━━━━━━━━━ 804.6/804.6 kB 143.2 MB/s  0:00:00
2026-09-23T17:27:13.3495557Z Downloading requests-2.34.2-py3-none-any.whl (73 kB)
2026-09-23T17:27:13.3542637Z Downloading charset_normalizer-3.5.1-cp312-cp312-manylinux2014_x86_64.manylinux_2_17_x86_64.manylinux_2_28_x86_64.whl (248 kB)
2026-09-23T17:27:13.3609265Z Downloading idna-3.20-py3-none-any.whl (69 kB)
2026-09-23T17:27:13.3657014Z Downloading urllib3-2.8.0-py3-none-any.whl (135 kB)
2026-09-23T17:27:13.3710119Z Downloading certifi-2026.7.22-py3-none-any.whl (136 kB)
2026-09-23T17:27:13.5702466Z Installing collected packages: urllib3, typing-extensions, rpds-py, regex, idna, charset_normalizer, certifi, attrs, requests, referencing, tiktoken, jsonschema-specifications, jsonschema
2026-09-23T17:27:14.1556715Z 
2026-09-23T17:27:14.1575250Z Successfully installed attrs-26.1.0 certifi-2026.7.22 charset_normalizer-3.5.1 idna-3.20 jsonschema-4.26.0 jsonschema-specifications-2025.9.1 referencing-0.37.0 regex-2026.9.10 requests-2.34.2 rpds-py-2026.6.3 tiktoken-0.14.0 typing-extensions-4.16.0 urllib3-2.8.0
2026-09-23T17:27:14.2238062Z ##[group]Run python3 knowledge/_build_survey.py --timeout 60
2026-09-23T17:27:14.2238557Z [36;1mpython3 knowledge/_build_survey.py --timeout 60[0m
2026-09-23T17:27:14.2304699Z shell: /usr/bin/bash -e {0}
2026-09-23T17:27:14.2304962Z env:
2026-09-23T17:27:14.2305231Z   pythonLocation: /opt/hostedtoolcache/Python/3.12.14/x64
2026-09-23T17:27:14.2305681Z   PKG_CONFIG_PATH: /opt/hostedtoolcache/Python/3.12.14/x64/lib/pkgconfig
2026-09-23T17:27:14.2306116Z   Python_ROOT_DIR: /opt/hostedtoolcache/Python/3.12.14/x64
2026-09-23T17:27:14.2306495Z   Python2_ROOT_DIR: /opt/hostedtoolcache/Python/3.12.14/x64
2026-09-23T17:27:14.2306876Z   Python3_ROOT_DIR: /opt/hostedtoolcache/Python/3.12.14/x64
2026-09-23T17:27:14.2307260Z   LD_LIBRARY_PATH: /opt/hostedtoolcache/Python/3.12.14/x64/lib
2026-09-23T17:27:14.2307764Z ##[endgroup]
2026-09-23T17:30:39.8046493Z — 146 steps read from _build_all.STEPS by ast (never imported) · per-step timeout 60s · non-mutating steps only
2026-09-23T17:30:39.8047549Z 
2026-09-23T17:30:39.8048225Z   ❌ [ 3] token blast-radius + graph report — determinism/staleness chec  exit 1
2026-09-23T17:30:39.8049427Z   ✅ [ 4] token blast-radius + graph report selftest (#79 P6)
2026-09-23T17:30:39.8050720Z   ✅ [ 9] help-gate selftest — 5 mutation bites (#158 class gate)
2026-09-23T17:30:39.8051736Z   ✅ [11] assertion veracity selftest — verbs bite + registry well-forme
2026-09-23T17:30:39.8052570Z   ❌ [13] capture/provenance selftest (Memento §4.1)  exit 1
2026-09-23T17:30:39.8053431Z   ✅ [14] gauge-tokens selftest -- counting path + cache + degraded-meas
2026-09-23T17:30:39.8054316Z   ✅ [15] roll-state measurer selftest (#77 T1)
2026-09-23T17:30:39.8055163Z   ✅ [16] commit-seam harness — _git_commit.sh fixture-repo arms (#78-D1
2026-09-23T17:30:39.8056079Z   ✅ [17] GM/LS mover selftest — hardened move mechanics (M5)
2026-09-23T17:30:39.8056850Z   ✅ [18] section-usage instrumentation selftest (#23)
2026-09-23T17:30:39.8057819Z   ✅ [20] lane records determinism check (O1′ #24)
2026-09-23T17:30:39.8058732Z   ✅ [21] lane records selftest — schema refusals + routing contract (O1
2026-09-23T17:30:39.8060020Z   ✅ [26] worklist store selftest — schema presence gates incl. priority
2026-09-23T17:30:39.8061086Z   ✅ [28] decision-graph selftest — conflict gate bites on unresolved/op
2026-09-23T17:30:39.8062088Z   ✅ [29] spine-writer selftest — splice invariants + no-half-writes (#7
2026-09-23T17:30:39.8063119Z   ❌ [38] component-partials sync — AUTO-PARTIAL injection + contracts (  exit 1
2026-09-23T17:30:39.8064061Z   ✅ [39] component-partials selftest (ADR-0013)
2026-09-23T17:30:39.8064873Z   ✅ [40] token-set distribution sync — AUTO-TOKENS injection (s121-D1)
2026-09-23T17:30:39.8065662Z   ✅ [41] token-set distribution selftest (s121-D1)
2026-09-23T17:30:39.8066369Z   ✅ [43] Behaviour contract selftest (ADR-0015)
2026-09-23T17:30:39.8067128Z   ✅ [45] canon components determinism check (ADR-0013 ruling 4)
2026-09-23T17:30:39.8067853Z   ✅ [47] partial-ratchet selftest (ADR-0013)
2026-09-23T17:30:39.8068623Z   ✅ [50] theme cascade sync — [data-apollo-theme] layer (ADR-0011)
2026-09-23T17:30:39.8069338Z   ✅ [51] theme cascade selftest (ADR-0014)
2026-09-23T17:30:39.8070489Z   ✅ [53] state-snap selftest (ADR-0014)
2026-09-23T17:30:39.8071367Z   ✅ [55] stale-queue selftest — 13 bites incl. both mutation directions
2026-09-23T17:30:39.8072302Z   ✅ [57] palette-tier selftest — 10 mutation bites (s157-D2)
2026-09-23T17:30:39.8073195Z   ✅ [59] showroom sync — generated component library (RULED 2026-07-21)
2026-09-23T17:30:39.8074180Z   ✅ [60] showroom URL-rebase selftest — the srcdoc base-URL trap (2026-
2026-09-23T17:30:39.8075177Z   ⊘ [61] dashboard sync — generated progress dashboard (RULED #164, bui  COULD-NOT-ASK
2026-09-23T17:30:39.8076117Z   ✅ [67] a11y target-measurement selftest (s114-D5)
2026-09-23T17:30:39.8076801Z   ✅ [70] wiring gate selftest — 4 bites
2026-09-23T17:30:39.8077742Z   ⊘ [74] state-contrast gate selftest — paint stack, report arithmetic,  COULD-NOT-ASK
2026-09-23T17:30:39.8079142Z   ✅ [76] type-composites selftest
2026-09-23T17:30:39.8080060Z   ✅ [85] KG edge gate selftest (6 bites)
2026-09-23T17:30:39.8080678Z   ✅ [87] Token fork-ban selftest (2-direction)
2026-09-23T17:30:39.8081467Z   ✅ [91] binds-resolve selftest — 5 bites incl. any-store clause (#146)
2026-09-23T17:30:39.8082100Z   ✅ [93] chart-intent resolve selftest — 4 bites incl. list case + abse
2026-09-23T17:30:39.8082606Z   ✅ [95] roles/answers resolve selftest — 15 bites incl. in-role priori
2026-09-23T17:30:39.8083098Z   ✅ [97] DataViz gate selftest — bite-tests dv-004 + the dtype vocabula
2026-09-23T17:30:39.8083582Z   ✅ [99] property-resolves gate C2 selftest — 4 bites + a bite-the-bite
2026-09-23T17:30:39.8084474Z   ✅ [101] dataviz var-resolution gate selftest — 8 arms incl. alias chai
2026-09-23T17:30:39.8085425Z   ✅ [103] minted-consumption selftest — 10 arms incl. both false-positiv
2026-09-23T17:30:39.8085955Z   ✅ [105] hidden-attr display selftest — 16 bites incl. the real #218 mu
2026-09-23T17:30:39.8086379Z   ✅ [110] consult tool selftest (advisory)
2026-09-23T17:30:39.8086786Z   ✅ [111] search core selftest — two-stage engine + receipt format (O2′ 
2026-09-23T17:30:39.8087216Z   ✅ [113] memento index determinism check (O2′ #25)
2026-09-23T17:30:39.8087657Z   ✅ [114] memento index selftest — contract refusals + determinism (O2′ 
2026-09-23T17:30:39.8088140Z   ✅ [115] memento search selftest — known-answer retrieval + fetch refus
2026-09-23T17:30:39.8088603Z   ✅ [117] graph mention map determinism check (#115 step 0)
2026-09-23T17:30:39.8089082Z   ✅ [118] graph mention map selftest — hit/miss/refusal bites (#115 step
2026-09-23T17:30:39.8089907Z   ✅ [120] read chain determinism check — stale _CHAIN.md serves a PREVIO
2026-09-23T17:30:39.8090535Z   ✅ [121] read chain selftest — verbatim terms + the CUT + refusal on a 
2026-09-23T17:30:39.8091035Z   ✅ [122] GM size stamp check — a TYPED `size:` figure / drift past the 
2026-09-23T17:30:39.8091542Z   ✅ [123] GM size stamp selftest — the fixed point, the 2-cycle refusal,
2026-09-23T17:30:39.8092079Z   ❌ [125] memento schematic determinism check — a stale diagram publishe  exit 1
2026-09-23T17:30:39.8092617Z   ✅ [126] memento schematic selftest — figure provenance, caption geomet
2026-09-23T17:30:39.8093178Z   ❌ [128] memento-package delta-audit selftest — mutation-tested, all 4   exit 1
2026-09-23T17:30:39.8093649Z   ✅ [130] instrument-fit selftest (advisory, ds-015)
2026-09-23T17:30:39.8094084Z   ✅ [133] could-not-ask convention selftest (#193 — the third verdict's 
2026-09-23T17:30:39.8094601Z   ❌ [136] governs matcher selftest — the [12]/[13] trigger-index arm, na  exit 1
2026-09-23T17:30:39.8095120Z   ✅ [137] frozen-release gate — v1/v2 and any baked Spider surface may n
2026-09-23T17:30:39.8095623Z   ✅ [138] frozen-release selftest — 11 bites on a fixture repo incl. the
2026-09-23T17:30:39.8096381Z   ✅ [139] pack ship-list audit — the manifest is byte-identical to a fre
2026-09-23T17:30:39.8096932Z   ✅ [140] release-audit selftest — manifest compare + the pack arm's res
2026-09-23T17:30:39.8097856Z   ⊘ [141] pack-side CI template — parses, ships what it calls, hides not  COULD-NOT-ASK
2026-09-23T17:30:39.8099037Z   ⊘ [142] pack-side CI template selftest — 10 mutants incl. a smuggled c  COULD-NOT-ASK
2026-09-23T17:30:39.8100424Z   ✅ [145] polarity gate — five refusals + content-fresh derived status/e
2026-09-23T17:30:39.8101050Z   ✅ [146] polarity gate selftest — control + every refusal arm on a copy
2026-09-23T17:30:39.8101322Z 
2026-09-23T17:30:39.8101456Z ==============================================================================
2026-09-23T17:30:39.8102257Z SURVEY: 59 pass · 6 FAIL · 4 COULD-NOT-ASK (self-declared refusals) · 0 unaskable (missing/timed out) · 77 not asked (mutating)
2026-09-23T17:30:39.8103353Z ⚠ 'not asked' is NOT 'passing' — it is excluded from the exit code, deliberately.
2026-09-23T17:30:39.8103961Z ⚠ 'COULD-NOT-ASK' is NOT 'passing' either. It is a step that named the input it could
2026-09-23T17:30:39.8104712Z   not reach, so the job does not go red for an ENVIRONMENT fact dressed as an artefact
2026-09-23T17:30:39.8105253Z   verdict (#173/#183, generalised #193). Every one is printed in full below. A step
2026-09-23T17:30:39.8105765Z   that timed out or is MISSING is a different thing and still fails: nobody asked it
2026-09-23T17:30:39.8106154Z   and it never said why.
2026-09-23T17:30:39.8106294Z 
2026-09-23T17:30:39.8106607Z THE FULL FAILURE SET (6) — this is the number no single `_build_all.py` run can tell you:
2026-09-23T17:30:39.8106944Z 
2026-09-23T17:30:39.8107217Z   [3] token blast-radius + graph report — determinism/staleness check (#79 P6)
2026-09-23T17:30:39.8107733Z       python3 knowledge/tokens/_build_blast_radius.py --check   (exit 1)
2026-09-23T17:30:39.8108325Z       ❌ _build_blast_radius --check FAILED — 2 file(s) out of sync with a fresh compute():
2026-09-23T17:30:39.8108797Z 
2026-09-23T17:30:39.8108973Z   [13] capture/provenance selftest (Memento §4.1)
2026-09-23T17:30:39.8109349Z       python3 knowledge/_capture_gate.py --selftest   (exit 1)
2026-09-23T17:30:39.8110495Z       ❌ FAIL GOOD-MORNING.md: no `pre-flight:` stamp — the handoff must carry the estimate the session was priced with (runbook § ★ Half 0b). Form (Dave #56
2026-09-23T17:30:39.8111043Z 
2026-09-23T17:30:39.8111317Z   [38] component-partials sync — AUTO-PARTIAL injection + contracts (ADR-0013)
2026-09-23T17:30:39.8111796Z       python3 knowledge/gen_component_partials.py --check   (exit 1)
2026-09-23T17:30:39.8112173Z       gen_component_partials CONTRACT FAILURES:
2026-09-23T17:30:39.8112379Z 
2026-09-23T17:30:39.8112713Z   [125] memento schematic determinism check — a stale diagram publishes a PREVIOUS tree (#127)
2026-09-23T17:30:39.8113214Z       python3 knowledge/_gen_schematic.py --check   (exit 1)
2026-09-23T17:30:39.8114012Z       ✗ reviews/MEMENTO-SCHEMATIC-2026-08-07-v2.html is STALE — a figure in it no longer matches disk, so the page is asserting something that has gone fals
2026-09-23T17:30:39.8114552Z 
2026-09-23T17:30:39.8114838Z   [128] memento-package delta-audit selftest — mutation-tested, all 4 arms (#79)
2026-09-23T17:30:39.8115333Z       python3 knowledge/_validate_package_delta.py --selftest   (exit 1)
2026-09-23T17:30:39.8116161Z       ✗ real repo: clean (0 findings; got 4: ['VERBATIM SET: memento-package/machinery/_gen_chain.py DIFFERS from knowledge/_gen_chain.py (copy=machinery/ f
2026-09-23T17:30:39.8116706Z 
2026-09-23T17:30:39.8117005Z   [136] governs matcher selftest — the [12]/[13] trigger-index arm, named (#208 legibility)
2026-09-23T17:30:39.8117474Z       python3 knowledge/_governs.py --selftest   (exit 1)
2026-09-23T17:30:39.8118160Z       FAIL _governs: ruling s282-D2 evidence `col26-012 override cross-ref measured present at colour-standards-2026.md:79-81 before this ruling; grep 'seco
2026-09-23T17:30:39.8118717Z 
2026-09-23T17:30:39.8118979Z COULD-NOT-ASK (4) — each step's OWN words about the input it could not reach.
2026-09-23T17:30:39.8119504Z These do NOT fail the survey; they also do not pass. If one of them is here because the
2026-09-23T17:30:39.8120460Z environment is wrong rather than because the input is genuinely unreachable, FIX THE ENVIRONMENT:
2026-09-23T17:30:39.8120838Z 
2026-09-23T17:30:39.8121106Z   [61] dashboard sync — generated progress dashboard (RULED #164, built #165)
2026-09-23T17:30:39.8121549Z       python3 knowledge/gen_dashboard.py --check   (exit 77)
2026-09-23T17:30:39.8391116Z       COULD-NOT-ASK: dashboard/index.html — the page differs, but a live gate baked into it is reading INPUTS OUTSIDE THE COMMITTED TREE, so its verdict — and therefore this page — cannot be reproduced here: provenance names `knowledge/_tmp/l3-245/rename-plan.json`; provenance names `outputs/_FINDING-canon-pri-hover-brand-mono-fork-2026-08-06-v1.md`; provenance names `outputs/_PARTITION-button-primary-2026-08-06-v1.md`. Every one of those paths is untracked, so an environment that has them and one that does not will render different prose from the SAME commit. This is a REFUSAL, not a staleness verdict in either direction: the page's agreement with the stores is UNKNOWN here and is reported as unknown. Ask it where those inputs are present (a working tree that holds them), or commit them.
2026-09-23T17:30:39.8393970Z 
2026-09-23T17:30:39.8394329Z   [74] state-contrast gate selftest — paint stack, report arithmetic, named args
2026-09-23T17:30:39.8394865Z       python3 knowledge/_validate_state_contrast.py --selftest   (exit 77)
2026-09-23T17:30:39.8397170Z       COULD-NOT-ASK: _validate_state_contrast.py — the 'playwright' module is not installed (ModuleNotFoundError("No module named 'playwright'")) — this gate cannot be proven without it; run `pip install playwright && playwright install chromium` ⇒ THIS IS NOT A SKIP: these arms (including the s152-D1 mutation control) run BLOCKING in the `render` job of .github/workflows/gates.yml, which installs chromium — that job is where this gate's proof of record lives. Nothing here is claimed green; the question was unaskable on this box.
2026-09-23T17:30:39.8399127Z 
2026-09-23T17:30:39.8399490Z   [141] pack-side CI template — parses, ships what it calls, hides nothing (BLOCKING, built #219)
2026-09-23T17:30:39.8400339Z       python3 knowledge/_release/_gate_ci_template.py --check   (exit 77)
2026-09-23T17:30:39.8401734Z       COULD-NOT-ASK: apollo-spider/ci-template/gates.yml — PyYAML is not importable in this environment, and this gate parses the template in YAML rather than guessing at it with string matching. Install it (pip install pyyaml) — the release job in .github/workflows/gates.yml does exactly that
2026-09-23T17:30:39.8402735Z 
2026-09-23T17:30:39.8403056Z   [142] pack-side CI template selftest — 10 mutants incl. a smuggled continue-on-error (#219)
2026-09-23T17:30:39.8403599Z       python3 knowledge/_release/_gate_ci_template.py --selftest   (exit 77)
2026-09-23T17:30:39.8404393Z       COULD-NOT-ASK: the ci-template selftest — PyYAML is not importable, and every arm below parses YAML. Install it (pip install pyyaml).
2026-09-23T17:30:39.8404903Z 
2026-09-23T17:30:39.8405211Z NOT ASKED (77 mutating steps) — run --include-mutating on a clean tree to include them:
2026-09-23T17:30:39.8405640Z   [1] compliance knowledge graph
2026-09-23T17:30:39.8405900Z   [2] token blast-radius + graph report
2026-09-23T17:30:39.8406174Z   [5] guideline rules index (gate)
2026-09-23T17:30:39.8406425Z   [6] runbook index (generated)
2026-09-23T17:30:39.8406695Z   [7] standing-instructions reachability gate
2026-09-23T17:30:39.8407127Z   [8] help-gate — no entry point may write before it reads argv (#158 cl
2026-09-23T17:30:39.8407565Z   [10] assertion veracity gate — claims that can rot
2026-09-23T17:30:39.8408019Z   [12] capture/provenance gate — status+provenance on new notes+dossiers 
2026-09-23T17:30:39.8408411Z   … and 69 more
2026-09-23T17:30:39.8408530Z 
2026-09-23T17:30:39.8408824Z — recorded → /home/runner/work/UX-design/UX-design/notes/_BUILD-VERDICT-LOG.jsonl
2026-09-23T17:30:39.8460057Z ##[error]Process completed with exit code 1.
2026-09-23T17:30:39.8513466Z ##[group]Run python3 knowledge/_build_all.py
2026-09-23T17:30:39.8513846Z [36;1mpython3 knowledge/_build_all.py[0m
2026-09-23T17:30:39.8577211Z shell: /usr/bin/bash -e {0}
2026-09-23T17:30:39.8577467Z env:
2026-09-23T17:30:39.8577730Z   pythonLocation: /opt/hostedtoolcache/Python/3.12.14/x64
2026-09-23T17:30:39.8578165Z   PKG_CONFIG_PATH: /opt/hostedtoolcache/Python/3.12.14/x64/lib/pkgconfig
2026-09-23T17:30:39.8578607Z   Python_ROOT_DIR: /opt/hostedtoolcache/Python/3.12.14/x64
2026-09-23T17:30:39.8578993Z   Python2_ROOT_DIR: /opt/hostedtoolcache/Python/3.12.14/x64
2026-09-23T17:30:39.8579385Z   Python3_ROOT_DIR: /opt/hostedtoolcache/Python/3.12.14/x64
2026-09-23T17:30:39.8580097Z   LD_LIBRARY_PATH: /opt/hostedtoolcache/Python/3.12.14/x64/lib
2026-09-23T17:30:39.8580422Z ##[endgroup]
2026-09-23T17:30:39.9474758Z Wrote 38 rule files to compliance/rules/
2026-09-23T17:30:39.9475330Z Index: 38 SCs x 135 components
2026-09-23T17:30:39.9475770Z Validation errors: none
2026-09-23T17:30:39.9476462Z Levels: {'AA': 17, 'A': 18, 'AAA': 3} | Severities: {'serious': 29, 'critical': 3, 'minor': 6}
2026-09-23T17:30:39.9477181Z AAA (beyond AA bar): ['2.3.3', '2.4.8', '2.5.5']
2026-09-23T17:30:54.5284091Z 
2026-09-23T17:30:54.5285652Z PARKED DUE — 4 parked item(s) are due at token-report — python3 knowledge/_parked.py --due token-report
2026-09-23T17:30:54.5286867Z wrote tokens/_blast-radius.json and _GRAPH-REPORT.md
2026-09-23T17:30:54.5287571Z tokens defined=1043 referenced=140 components=137
2026-09-23T17:30:54.5289001Z top god-nodes: [('text/default', 109), ('background/default', 74), ('tertiary/background/default', 51), ('icon/default', 46), ('border-radius/surface', 43), ('focus/ring', 40), ('border/subtle', 39), ('text/secondary', 37)]
2026-09-23T17:30:54.5290263Z depricate-still-bound components: 19
2026-09-23T17:30:54.5290845Z orphans: 903
2026-09-23T17:31:08.8875030Z 
2026-09-23T17:31:08.8876405Z PARKED DUE — 4 parked item(s) are due at token-report — python3 knowledge/_parked.py --due token-report
2026-09-23T17:31:08.8877744Z ✓ _build_blast_radius --check PASS — tokens/_blast-radius.json and _GRAPH-REPORT.md match a fresh compute() (content, not mtime)
2026-09-23T17:31:37.5272338Z 
2026-09-23T17:31:37.5273467Z PARKED DUE — 4 parked item(s) are due at token-report — python3 knowledge/_parked.py --due token-report
2026-09-23T17:31:37.5274230Z   selftest (a): compute() is deterministic across two calls ✓
2026-09-23T17:31:37.5274755Z   selftest (b1): identical fixture pair reports zero drift ✓
2026-09-23T17:31:37.5275337Z   selftest (b2): a doctored fixture pair is flagged on BOTH files, each named ✓
2026-09-23T17:31:37.5276006Z   selftest (b3): a missing on-disk file is flagged, never silently treated as a match ✓
2026-09-23T17:31:37.5276974Z selftest PASS — compute() deterministic; --check bites on drift, quiet on a match, never silently passes a missing file (#79 P6)
2026-09-23T17:31:37.5831189Z rules index: 474 rules from 35 engine-era files — {'ADVISORY': 322, 'BLOCKING': 62, 'REVIEW': 34, 'TASTE': 56}
2026-09-23T17:31:37.6079762Z runbook index: 17 runbooks -> _RUNBOOKS.md
2026-09-23T17:31:38.0515184Z selftest OK — discovers 28 standing docs by glob + STANDING: self-declaration.
2026-09-23T17:31:38.0516171Z STANDING-INSTRUCTIONS GATE PASS — 28 standing doc(s) reachable from the spine; GOOD-MORNING structure intact.
2026-09-23T17:31:38.0517245Z   NOTE: memory files live outside the repo and CANNOT be checked here — capture-ritual step 3 is still a human step.
2026-09-23T17:31:39.9031236Z help-gate: 264 script(s) scanned, 12 failure(s) — a script that can write before it reads argv is the #157 gen_showroom defect
2026-09-23T17:31:39.9032330Z   ❌ knowledge/_bite_goal.py: NO HELP GATE — add
2026-09-23T17:31:39.9033027Z       from _helpgate import help_gate as _help_gate; _help_gate(__doc__, __name__, __file__)
2026-09-23T17:31:39.9033894Z       near the top (before any executable statement). See knowledge/_helpgate.py.
2026-09-23T17:31:39.9035211Z   ❌ knowledge/_bite_kg_edge_proposal.py: NO HELP GATE — add
2026-09-23T17:31:39.9035966Z       from _helpgate import help_gate as _help_gate; _help_gate(__doc__, __name__, __file__)
2026-09-23T17:31:39.9036916Z       near the top (before any executable statement). See knowledge/_helpgate.py.
2026-09-23T17:31:39.9037776Z   ❌ knowledge/_build_kg_explorer.py: NO HELP GATE — add
2026-09-23T17:31:39.9038592Z       from _helpgate import help_gate as _help_gate; _help_gate(__doc__, __name__, __file__)
2026-09-23T17:31:39.9039733Z       near the top (before any executable statement). See knowledge/_helpgate.py.
2026-09-23T17:31:39.9040660Z   ❌ knowledge/_gen_ruling_edges_from_recs.py: NO HELP GATE — add
2026-09-23T17:31:39.9041466Z       from _helpgate import help_gate as _help_gate; _help_gate(__doc__, __name__, __file__)
2026-09-23T17:31:39.9042406Z       near the top (before any executable statement). See knowledge/_helpgate.py.
2026-09-23T17:31:39.9043271Z   ❌ knowledge/_kg_history.py: NO HELP GATE — add
2026-09-23T17:31:39.9044081Z       from _helpgate import help_gate as _help_gate; _help_gate(__doc__, __name__, __file__)
2026-09-23T17:31:39.9045046Z       near the top (before any executable statement). See knowledge/_helpgate.py.
2026-09-23T17:31:39.9045976Z   ❌ knowledge/_render/verify_demo_slides_268.py: NO HELP GATE — add
2026-09-23T17:31:39.9046858Z       from _helpgate import help_gate as _help_gate; _help_gate(__doc__, __name__, __file__)
2026-09-23T17:31:39.9047799Z       near the top (before any executable statement). See knowledge/_helpgate.py.
2026-09-23T17:31:39.9048718Z   ❌ knowledge/_render/verify_demo_slides_268_v3.py: NO HELP GATE — add
2026-09-23T17:31:39.9049720Z       from _helpgate import help_gate as _help_gate; _help_gate(__doc__, __name__, __file__)
2026-09-23T17:31:39.9050627Z       near the top (before any executable statement). See knowledge/_helpgate.py.
2026-09-23T17:31:39.9051834Z   ❌ knowledge/_render/verify_demo_slides_268_v5.py: NO HELP GATE — add
2026-09-23T17:31:39.9052717Z       from _helpgate import help_gate as _help_gate; _help_gate(__doc__, __name__, __file__)
2026-09-23T17:31:39.9053677Z       near the top (before any executable statement). See knowledge/_helpgate.py.
2026-09-23T17:31:39.9054650Z   ❌ knowledge/_render/verify_demo_slides_268_v6.py: NO HELP GATE — add
2026-09-23T17:31:39.9055562Z       from _helpgate import help_gate as _help_gate; _help_gate(__doc__, __name__, __file__)
2026-09-23T17:31:39.9056513Z       near the top (before any executable statement). See knowledge/_helpgate.py.
2026-09-23T17:31:39.9057457Z   ❌ knowledge/_render/verify_demo_slides_268_v7.py: NO HELP GATE — add
2026-09-23T17:31:39.9058269Z       from _helpgate import help_gate as _help_gate; _help_gate(__doc__, __name__, __file__)
2026-09-23T17:31:39.9059184Z       near the top (before any executable statement). See knowledge/_helpgate.py.
2026-09-23T17:31:39.9060416Z   ❌ knowledge/_render/verify_demo_slides_268_v74_gearbox.py: NO HELP GATE — add
2026-09-23T17:31:39.9061351Z       from _helpgate import help_gate as _help_gate; _help_gate(__doc__, __name__, __file__)
2026-09-23T17:31:39.9062238Z       near the top (before any executable statement). See knowledge/_helpgate.py.
2026-09-23T17:31:39.9063264Z   ❌ knowledge/_render/verify_demo_slides_268_v75_gearbox.py: NO HELP GATE — add
2026-09-23T17:31:39.9064186Z       from _helpgate import help_gate as _help_gate; _help_gate(__doc__, __name__, __file__)
2026-09-23T17:31:39.9065102Z       near the top (before any executable statement). See knowledge/_helpgate.py.
2026-09-23T17:31:39.9109920Z 
2026-09-23T17:31:39.9112905Z === [1/146] compliance knowledge graph — compliance/_build_compliance_kg.py ===
2026-09-23T17:31:39.9113485Z 
2026-09-23T17:31:39.9113971Z === [2/146] token blast-radius + graph report — tokens/_build_blast_radius.py ===
2026-09-23T17:31:39.9114491Z 
2026-09-23T17:31:39.9115248Z === [3/146] token blast-radius + graph report — determinism/staleness check (#79 P6) — tokens/_build_blast_radius.py ===
2026-09-23T17:31:39.9116040Z 
2026-09-23T17:31:39.9116718Z === [4/146] token blast-radius + graph report selftest (#79 P6) — tokens/_build_blast_radius.py ===
2026-09-23T17:31:39.9117138Z 
2026-09-23T17:31:39.9117412Z === [5/146] guideline rules index (gate) — guidelines/gen_rules_index.py ===
2026-09-23T17:31:39.9117713Z 
2026-09-23T17:31:39.9117916Z === [6/146] runbook index (generated) — gen_runbook_index.py ===
2026-09-23T17:31:39.9118174Z 
2026-09-23T17:31:39.9118503Z === [7/146] standing-instructions reachability gate — _validate_standing_instructions.py ===
2026-09-23T17:31:39.9118854Z 
2026-09-23T17:31:39.9119246Z === [8/146] help-gate — no entry point may write before it reads argv (#158 class gate) — _validate_help_gate.py ===
2026-09-23T17:31:39.9119937Z 
2026-09-23T17:31:39.9120342Z ❌ step 'help-gate — no entry point may write before it reads argv (#158 class gate)' failed (exit 1) — aborting
2026-09-23T17:31:39.9164727Z ##[error]Process completed with exit code 1.
2026-09-23T17:31:39.9214089Z ##[group]Run python3 knowledge/_tests/test_gates.py
2026-09-23T17:31:39.9214780Z [36;1mpython3 knowledge/_tests/test_gates.py[0m
2026-09-23T17:31:39.9278997Z shell: /usr/bin/bash -e {0}
2026-09-23T17:31:39.9279249Z env:
2026-09-23T17:31:39.9279521Z   pythonLocation: /opt/hostedtoolcache/Python/3.12.14/x64
2026-09-23T17:31:39.9280256Z   PKG_CONFIG_PATH: /opt/hostedtoolcache/Python/3.12.14/x64/lib/pkgconfig
2026-09-23T17:31:39.9280686Z   Python_ROOT_DIR: /opt/hostedtoolcache/Python/3.12.14/x64
2026-09-23T17:31:39.9281061Z   Python2_ROOT_DIR: /opt/hostedtoolcache/Python/3.12.14/x64
2026-09-23T17:31:39.9281439Z   Python3_ROOT_DIR: /opt/hostedtoolcache/Python/3.12.14/x64
2026-09-23T17:31:39.9281824Z   LD_LIBRARY_PATH: /opt/hostedtoolcache/Python/3.12.14/x64/lib
2026-09-23T17:31:39.9282146Z ##[endgroup]
2026-09-23T17:32:04.0631105Z gate self-test: does every gate BITE what it was built to catch?
2026-09-23T17:32:04.0632105Z 
2026-09-23T17:32:04.0632428Z   PASS  control: pristine copy passes all 6 static gates
2026-09-23T17:32:04.0632996Z   PASS  write-gate bites a bare no-args invocation
2026-09-23T17:32:04.0633526Z   PASS  write-gate control: --write proceeds
2026-09-23T17:32:04.0634147Z   PASS  radius gate's own bites run (8 longhand mutants + token controls, #221)
2026-09-23T17:32:04.0634876Z   PASS  no-hardcode gate's own bites run (8 planted + 8 clean, #221)
2026-09-23T17:32:04.0635609Z   PASS  theme-provenance report order is DERIVED, not filesystem order (#221)
2026-09-23T17:32:04.0636450Z   PASS  wiring gate's own bites run (13, incl. the widened glob + the anti-laundering arm, #221)
2026-09-23T17:32:04.0637294Z   PASS  s263-D10 rulings-page wrap check bites a stale page (4 arms, #265-B)
2026-09-23T17:32:04.0637910Z   PASS  snippet gate bites on token drift
2026-09-23T17:32:04.0638364Z   PASS  snippet gate bites on failing contrast
2026-09-23T17:32:04.0638843Z   PASS  snippet gate bites on icon 4.5 dead-zone
2026-09-23T17:32:04.0639310Z   PASS  snippet gate bites on missing focus
2026-09-23T17:32:04.0640180Z   PASS  snippet gate bites on uppercase CSS
2026-09-23T17:32:04.0640653Z   PASS  snippet gate bites on ALL-CAPS text run
2026-09-23T17:32:04.0641127Z   PASS  snippet gate bites on italics
2026-09-23T17:32:04.0641580Z   PASS  snippet gate bites on text-shadow
2026-09-23T17:32:04.0642045Z   PASS  snippet gate bites on raw red text
2026-09-23T17:32:04.0642504Z   PASS  snippet gate bites on possessive HSBC's
2026-09-23T17:32:04.0642997Z   PASS  snippet gate bites on element-type alt
2026-09-23T17:32:04.0643455Z   PASS  snippet gate bites on bare link text
2026-09-23T17:32:04.0643920Z   PASS  a11y gate bites on missing reduced-motion
2026-09-23T17:32:04.0644402Z   PASS  a11y gate bites on sub-24 target floor
2026-09-23T17:32:04.0644854Z   PASS  icon gate bites on invented path
2026-09-23T17:32:04.0645294Z   PASS  icon gate bites on shape-only icon
2026-09-23T17:32:04.0645756Z   PASS  icon gate bites on mis-twinned fill glyph
2026-09-23T17:32:04.0646257Z   PASS  coverage gate bites on orphan snippet
2026-09-23T17:32:04.0646729Z   PASS  coverage gate bites on meta w/o snippet
2026-09-23T17:32:04.0647201Z   PASS  dark-surface gate bites on flat white
2026-09-23T17:32:04.0647662Z   PASS  compose gate bites on rogue hex
2026-09-23T17:32:04.0648119Z   PASS  compose gate bites on undefined class
2026-09-23T17:32:04.0648618Z   PASS  compose gate bites on class redefinition
2026-09-23T17:32:04.0649129Z   PASS  compose gate bites on duplicate title
2026-09-23T17:32:04.0649449Z 
2026-09-23T17:32:04.0649790Z 32 test(s), 0 failure(s)
2026-09-23T17:32:04.0650367Z skipped by design: state-contrast / screen --render (need a browser; see docstring)
2026-09-23T17:32:04.0748035Z ##[group]Run python3 knowledge/_tests/test_advisory.py
2026-09-23T17:32:04.0748478Z [36;1mpython3 knowledge/_tests/test_advisory.py[0m
2026-09-23T17:32:04.0810308Z shell: /usr/bin/bash -e {0}
2026-09-23T17:32:04.0810570Z env:
2026-09-23T17:32:04.0810839Z   pythonLocation: /opt/hostedtoolcache/Python/3.12.14/x64
2026-09-23T17:32:04.0811315Z   PKG_CONFIG_PATH: /opt/hostedtoolcache/Python/3.12.14/x64/lib/pkgconfig
2026-09-23T17:32:04.0811742Z   Python_ROOT_DIR: /opt/hostedtoolcache/Python/3.12.14/x64
2026-09-23T17:32:04.0812146Z   Python2_ROOT_DIR: /opt/hostedtoolcache/Python/3.12.14/x64
2026-09-23T17:32:04.0812520Z   Python3_ROOT_DIR: /opt/hostedtoolcache/Python/3.12.14/x64
2026-09-23T17:32:04.0812901Z   LD_LIBRARY_PATH: /opt/hostedtoolcache/Python/3.12.14/x64/lib
2026-09-23T17:32:04.0813217Z ##[endgroup]
2026-09-23T17:32:04.6127821Z advisory bite-tests: 19 case(s), all bite ✅ (and none block — exit 0 throughout)
2026-09-23T17:32:04.6217449Z ##[group]Run bash knowledge/_git_commit.sh --selftest
2026-09-23T17:32:04.6217872Z [36;1mbash knowledge/_git_commit.sh --selftest[0m
2026-09-23T17:32:04.6280849Z shell: /usr/bin/bash -e {0}
2026-09-23T17:32:04.6281117Z env:
2026-09-23T17:32:04.6281388Z   pythonLocation: /opt/hostedtoolcache/Python/3.12.14/x64
2026-09-23T17:32:04.6282058Z   PKG_CONFIG_PATH: /opt/hostedtoolcache/Python/3.12.14/x64/lib/pkgconfig
2026-09-23T17:32:04.6282508Z   Python_ROOT_DIR: /opt/hostedtoolcache/Python/3.12.14/x64
2026-09-23T17:32:04.6282904Z   Python2_ROOT_DIR: /opt/hostedtoolcache/Python/3.12.14/x64
2026-09-23T17:32:04.6283287Z   Python3_ROOT_DIR: /opt/hostedtoolcache/Python/3.12.14/x64
2026-09-23T17:32:04.6283670Z   LD_LIBRARY_PATH: /opt/hostedtoolcache/Python/3.12.14/x64/lib
2026-09-23T17:32:04.6283992Z ##[endgroup]
2026-09-23T17:32:04.6536273Z — #208 msgfile-prefix gate selftest
2026-09-23T17:32:04.6739981Z   [OK]   non-wrap prefix (the #170 shape) is seen (expected 1)
2026-09-23T17:32:04.6938021Z   [OK]   WRAP prefix (the shape #170 MISSED) is seen (expected 1)
2026-09-23T17:32:04.7129784Z   [OK]   doubled non-wrap prefix counts 2 (expected 2)
2026-09-23T17:32:04.7320493Z   [OK]   wrap-into-non-wrap stack counts 2 (the hole) (expected 2)
2026-09-23T17:32:04.7511361Z   [OK]   tripled counts 3 (expected 3)
2026-09-23T17:32:04.7705592Z   [OK]   a fresh subject carries no prefix (expected 0)
2026-09-23T17:32:04.7899471Z   [OK]   session ref with no date is not a prefix (expected 0)
2026-09-23T17:32:04.8092682Z   [OK]   date with no session ref is not a prefix (expected 0)
2026-09-23T17:32:04.8289934Z   [OK]   hyphen is not the em-dash separator (expected 0)
2026-09-23T17:32:04.8485394Z   [OK]   prose mentioning a session mid-line (expected 0)
2026-09-23T17:32:04.8678502Z   [OK]   honest subject QUOTING a prior prefix mid-line (expected 1)
2026-09-23T17:32:04.8872587Z   [OK]   a quoted prefix with no prefix of its own (expected 0)
2026-09-23T17:32:04.9065272Z   [OK]   a prefix after a leading word is not a stack (expected 0)
2026-09-23T17:32:04.9080302Z   [OK]   PREFIX_ACK hatch present (declared passes, silent fails)
2026-09-23T17:32:04.9081741Z — s294-D5 push-credential expiry gate selftest (fake clock: APOLLO_FAKE_TODAY)
2026-09-23T17:32:04.9110634Z   [OK]   the stamped expiry is READ from the ledger, one place, one date (expected 2026-11-06)
2026-09-23T17:32:04.9183793Z   [OK]   far out (2026-01-01) ⇒ OK (expected OK)
2026-09-23T17:32:04.9254663Z   [OK]   15 days out (2026-10-22) ⇒ OK — the boundary is NOT off by one (expected OK)
2026-09-23T17:32:04.9326124Z   [OK]   14 days out (2026-10-23) ⇒ WARN (expected WARN)
2026-09-23T17:32:04.9397117Z   [OK]   1 day out (2026-11-05) ⇒ WARN (expected WARN)
2026-09-23T17:32:04.9467372Z   [OK]   the day itself (2026-11-06) ⇒ WARN, not yet expired (expected WARN)
2026-09-23T17:32:04.9538342Z   [OK]   one day past (2026-11-07) ⇒ EXPIRED (expected EXPIRED)
2026-09-23T17:32:04.9610527Z   [OK]   long past (2027-03-01) ⇒ EXPIRED (expected EXPIRED)
2026-09-23T17:32:04.9685950Z   [OK]   days-remaining is COMPUTED, not narrated (2026-10-30 ⇒ 7) (expected 7)
2026-09-23T17:32:04.9713393Z   [OK]   an unreadable stamp ⇒ UNREADABLE (a refusal, never a pass) (expected UNREADABLE)
2026-09-23T17:32:04.9736354Z   [OK]   with no fake clock the gate reads the REAL date (YYYY-MM-DD shape) (expected 1)
2026-09-23T17:32:04.9757988Z   [OK]   no refusal instructs pasting a credential into chat (s294-D5) (expected 0)
2026-09-23T17:32:04.9789135Z   [OK]   the credential is only TESTED, never printed (no unpiped git config remote.origin.url) (expected 0)
2026-09-23T17:32:04.9863063Z   [OK]   the expiry gate sits AFTER the credential check and BEFORE the push (expected 1)
2026-09-23T17:32:04.9864035Z ✓ selftest OK — 28 bites: 6 fire, 7 stay silent, 1 hatch present, 14 on the s294-D5 expiry gate
2026-09-23T17:32:04.9898784Z ##[group]Run python3 knowledge/_validate_evidence.py notes/_claims
2026-09-23T17:32:04.9899276Z [36;1mpython3 knowledge/_validate_evidence.py notes/_claims[0m
2026-09-23T17:32:04.9963029Z shell: /usr/bin/bash -e {0}
2026-09-23T17:32:04.9963291Z env:
2026-09-23T17:32:04.9963568Z   pythonLocation: /opt/hostedtoolcache/Python/3.12.14/x64
2026-09-23T17:32:04.9964263Z   PKG_CONFIG_PATH: /opt/hostedtoolcache/Python/3.12.14/x64/lib/pkgconfig
2026-09-23T17:32:04.9964834Z   Python_ROOT_DIR: /opt/hostedtoolcache/Python/3.12.14/x64
2026-09-23T17:32:04.9965506Z   Python2_ROOT_DIR: /opt/hostedtoolcache/Python/3.12.14/x64
2026-09-23T17:32:04.9965899Z   Python3_ROOT_DIR: /opt/hostedtoolcache/Python/3.12.14/x64
2026-09-23T17:32:04.9966305Z   LD_LIBRARY_PATH: /opt/hostedtoolcache/Python/3.12.14/x64/lib
2026-09-23T17:32:04.9966629Z ##[endgroup]
2026-09-23T17:32:35.8357007Z evidence linter: 336 row(s) from 10 file(s) · 297 mechanical
2026-09-23T17:32:35.8359823Z   ⛔ L1-1 — DEAD POINTER: evidence names `tokens/_blast-radius.json`, which does not exist on disk — a dead pointer reads as evidence. If the ABSENCE is the claim, write `absent:tokens/_blast-radius.json`; if the file lives outside the repo, use the ruled s191-D2 marker `(NON-REPO: <where>)`
2026-09-23T17:32:35.8362866Z   ⛔ L1-4 — s182-D1: MECHANICAL row (tag=PROVEN verdict=None) carries NO probeable token — no command, no existing path, no figure. Evidence: "The verbatim gate line in L1-3. ⛔ Do not quote the brief's numbers"
2026-09-23T17:32:35.8366042Z   ⛔ L1-1 — DEAD POINTER: evidence names `tokens/_blast-radius.json`, which does not exist on disk — a dead pointer reads as evidence. If the ABSENCE is the claim, write `absent:tokens/_blast-radius.json`; if the file lives outside the repo, use the ruled s191-D2 marker `(NON-REPO: <where>)`
2026-09-23T17:32:35.8368037Z   ⛔ C-2 — s182-D1: MECHANICAL row (tag=None verdict=CONFIRMED) carries NO probeable token — no command, no existing path, no figure. Evidence: 'The claim table only counted `PROPOSED` in the snippets. The brief (step 3) requires it in'
2026-09-23T17:32:35.8370670Z   ⛔ H-5 — s182-D1: MECHANICAL row (tag=None verdict=CONFIRMED) carries NO probeable token — no command, no existing path, no figure. Evidence: 'C-6 + L1-10: the six are absent from canon, the generators exist, the reconciliation is av'
2026-09-23T17:32:35.8372649Z   ⛔ W2-13 — DEAD POINTER (truncated): evidence names `notes/x.md…`, and NO path on disk starts with it — the trailing ellipsis does not make a dead pointer legal (#208 laundering hole). Write the full path, or `absent:notes/x.md` if the ABSENCE is the claim, or add the ruled `(NON-REPO: <where>)` marker
2026-09-23T17:32:35.8373807Z ── s182-D1 LINT: 6 failure(s)
2026-09-23T17:32:35.8374917Z ── SAMPLER · seed=205 · pool=230 row(s) with a command · 15 with a declared observation (always drawn) · drawn=20: G-c, W1-5, W2-3, W2-3, W46-11, WIRE-10, WIRE-11, WIRE-13, WIRE-14, WIRE-15, WIRE-18, WIRE-19, WIRE-20, WIRE-21, WIRE-3, WIRE-4, WIRE-5, WIRE-6, WIRE-8, WIRE-9
2026-09-23T17:32:35.8376222Z   ⛔ REFUSED [UNSAFE] G-c — `python3 -c "import _gate_doc_rows as g; g.unrowed(store, pop + [('2026-08-19','notes/_briefs/2026-08`
2026-09-23T17:32:35.8376892Z       `python3 -c` runs arbitrary code — cannot be judged read-only
2026-09-23T17:32:35.8377491Z   ⛔ RC MISMATCH W1-5 — `python3 knowledge/_capture_gate.py --selftest` → rc=1, row declares rc=0
2026-09-23T17:32:35.8378059Z   ⛔ REFUSED [SIDE-EFFECTS] W2-3 — `python3 knowledge/_state.py`
2026-09-23T17:32:35.8380803Z       a bare `python3` REWRITES its tracked audit output; #204 declared this exact stop. Only --check/--selftest/--dry-run forms are sampled
2026-09-23T17:32:35.8382094Z   ⛔ REFUSED [SIDE-EFFECTS] W2-3 — `python3 knowledge/_state.py`
2026-09-23T17:32:35.8383221Z       a bare `python3` REWRITES its tracked audit output; #204 declared this exact stop. Only --check/--selftest/--dry-run forms are sampled
2026-09-23T17:32:35.8385132Z   ⛔ REFUSED [SIDE-EFFECTS] W46-11 — `python3 knowledge/_memento_search.py "brief generator mint open items fences"`
2026-09-23T17:32:35.8386589Z       a bare `python3` REWRITES its tracked audit output; #204 declared this exact stop. Only --check/--selftest/--dry-run forms are sampled
2026-09-23T17:32:35.8387887Z   ⛔ REFUSED [UNSAFE] WIRE-10 — `bash knowledge/_git_commit.sh --selftest`
2026-09-23T17:32:35.8388581Z       head verb 'bash' is not on the read-only allowlist
2026-09-23T17:32:35.8389825Z   ✅ RAN WIRE-11 — `grep -c 'pat.match(s)' knowledge/_git_commit.sh` → rc=0 (matches declared + OBSERVATION)
2026-09-23T17:32:35.8390680Z   ✅ RAN WIRE-13 — `grep -c PREFIX_ACK knowledge/_git_commit.sh` → rc=0 (matches declared + OBSERVATION)
2026-09-23T17:32:35.8391570Z   ⛔ OBSERVATION MISMATCH WIRE-14 — `python3 knowledge/_build_all.py --selftest`
2026-09-23T17:32:35.8392836Z       stdout does NOT contain 'exact-ID failure routing over 127 steps' (declared expect_stdout_contains). First 120 chars of stdout: '  selftest (a): 146 registered step ID(s), each resolves to exactly one route ✓\n  selftest (b): unknown step ID refuses,'
2026-09-23T17:32:35.8394148Z   ✅ RAN WIRE-15 — `python3 knowledge/_probe_registry/_registry.py --run --probe P-3` → rc=77 (matches declared + OBSERVATION)
2026-09-23T17:32:35.8394915Z   ⛔ REFUSED [SIDE-EFFECTS] WIRE-18 — `python3 knowledge/_validate_evidence.py notes/_claims`
2026-09-23T17:32:35.8395662Z       a bare `python3` REWRITES its tracked audit output; #204 declared this exact stop. Only --check/--selftest/--dry-run forms are sampled
2026-09-23T17:32:35.8396651Z   ⛔ REFUSED [SIDE-EFFECTS] WIRE-19 — `python3 knowledge/_join_claim_tables.py notes/_claims/208-wave1-claims.jsonl notes/_claims/208-wave2`
2026-09-23T17:32:35.8397543Z       a bare `python3` REWRITES its tracked audit output; #204 declared this exact stop. Only --check/--selftest/--dry-run forms are sampled
2026-09-23T17:32:35.8398291Z   ⛔ OBSERVATION MISMATCH WIRE-20 — `python3 knowledge/_governs.py --selftest`
2026-09-23T17:32:35.8399431Z       stdout does NOT contain 'all bites green' (declared expect_stdout_contains). First 120 chars of stdout: '_governs: ⬛ DECLARED (#208) — ruling s202-D3 governs the BARE token `knowledge`, which is a real DIRECTORY. Before #208 '
2026-09-23T17:32:35.8400773Z   ⛔ RC MISMATCH WIRE-20 — `python3 knowledge/_governs.py --selftest` → rc=1, row declares rc=0
2026-09-23T17:32:35.8401430Z   ⛔ OBSERVATION MISMATCH WIRE-21 — `grep -c 'fetch-depth: 0' .github/workflows/gates.yml`
2026-09-23T17:32:35.8401901Z       expect_count=3 declared, command observed 4
2026-09-23T17:32:35.8402506Z   ✅ RAN WIRE-3 — `grep -c expect_stdout_contains knowledge/_claimtable.py` → rc=0 (matches declared + OBSERVATION)
2026-09-23T17:32:35.8403397Z   ✅ RAN WIRE-4 — `python3 knowledge/_validate_evidence.py --selftest` → rc=0 (matches declared + OBSERVATION)
2026-09-23T17:32:35.8404258Z   ✅ RAN WIRE-5 — `python3 knowledge/_validate_evidence.py --selftest` → rc=0 (matches declared + OBSERVATION)
2026-09-23T17:32:35.8405121Z   ✅ RAN WIRE-6 — `python3 knowledge/_validate_evidence.py --selftest` → rc=0 (matches declared + OBSERVATION)
2026-09-23T17:32:35.8406093Z   ✅ RAN WIRE-8 — `python3 knowledge/_validate_evidence.py --selftest` → rc=0 (matches declared + OBSERVATION)
2026-09-23T17:32:35.8407132Z   ⛔ REFUSED [SIDE-EFFECTS] WIRE-9 — `python3 knowledge/_validate_evidence.py notes/_claims/208-wave1-claims.jsonl notes/_claims/208-wave2`
2026-09-23T17:32:35.8408222Z       a bare `python3` REWRITES its tracked audit output; #204 declared this exact stop. Only --check/--selftest/--dry-run forms are sampled
2026-09-23T17:32:35.8409213Z ── DECLARED GAP: 8 of 20 sampled row(s) were NOT run. Refusal is the honest answer; none of them is counted as a pass.
2026-09-23T17:32:35.8410315Z ⛔ EVIDENCE GATE FAIL — 6 lint · 0 unparsed · 5 rc/observation mismatch
2026-09-23T17:32:35.8426417Z ##[error]Process completed with exit code 1.
2026-09-23T17:32:35.8473729Z ##[group]Run python3 knowledge/_gate_artefact_fresh.py --check
2026-09-23T17:32:35.8474193Z [36;1mpython3 knowledge/_gate_artefact_fresh.py --check[0m
2026-09-23T17:32:35.8535540Z shell: /usr/bin/bash -e {0}
2026-09-23T17:32:35.8535794Z env:
2026-09-23T17:32:35.8536063Z   pythonLocation: /opt/hostedtoolcache/Python/3.12.14/x64
2026-09-23T17:32:35.8536513Z   PKG_CONFIG_PATH: /opt/hostedtoolcache/Python/3.12.14/x64/lib/pkgconfig
2026-09-23T17:32:35.8536940Z   Python_ROOT_DIR: /opt/hostedtoolcache/Python/3.12.14/x64
2026-09-23T17:32:35.8537324Z   Python2_ROOT_DIR: /opt/hostedtoolcache/Python/3.12.14/x64
2026-09-23T17:32:35.8537703Z   Python3_ROOT_DIR: /opt/hostedtoolcache/Python/3.12.14/x64
2026-09-23T17:32:35.8538080Z   LD_LIBRARY_PATH: /opt/hostedtoolcache/Python/3.12.14/x64/lib
2026-09-23T17:32:35.8538568Z ##[endgroup]
2026-09-23T17:33:32.5091484Z artefact-freshness comparer (⬛ ADVISORY at birth, #221) — 7 declared row(s)
2026-09-23T17:33:32.5093151Z   method: snapshot -> run the writer -> compare -> RESTORE. The tree is byte-identical
2026-09-23T17:33:32.5094257Z   either side; the md5 line below is the receipt, not a promise.
2026-09-23T17:33:32.5095338Z   ✅ _validate_a11y.py                  FRESH          byte-identical (1 artefact(s))
2026-09-23T17:33:32.5096403Z   ⚠ _validate_advisory.py              STALE          _ADVISORY-SIGNALS.md: 255 line(s) -> 263 | - **143 file(s) scanned · 131 signal(s).** | - ## Footer.reference.html — 1 signal(s) | - ## Kpi-tile.refer
2026-09-23T17:33:32.5097322Z   ✅ _validate_theme_provenance.py      FRESH          byte-identical (1 artefact(s))
2026-09-23T17:33:32.5098329Z   ⚠ _build_integrity.py                STALE          _INTEGRITY-REPORT.md: 85 line(s) -> 85 | - - schema: relationships: Additional properties are not allowed ('composes', '$composes-ver | + - schema: re
2026-09-23T17:33:32.5099989Z   ⚠ _build_instrument_fit.py           STALE          _INSTRUMENT-FIT.md: 149 line(s) -> 154 | - | **UNDER-INSTRUMENTED** | 12 | a gate names it but sits BELOW the rung its property needs | - | **TOTAL** 
2026-09-23T17:33:32.5100930Z   ✅ _validate_radius.py                FRESH          byte-identical (1 artefact(s))
2026-09-23T17:33:32.5101482Z   ✅ _validate_no_hardcode.py           FRESH          byte-identical (1 artefact(s))
2026-09-23T17:33:32.5101936Z   tally: 4 FRESH · 3 STALE · 0 COULD-NOT-ASK
2026-09-23T17:33:32.5102414Z   ⚠ A STALE ROW IS A PUBLISHED REPORT THAT NO LONGER DESCRIBES THE TREE. It is not
2026-09-23T17:33:32.5102978Z     a build failure — the fix is to regenerate and commit the artefact, which is a
2026-09-23T17:33:32.5103452Z     REGENERATION and therefore obeys the ordered-serial rule (#210).
2026-09-23T17:33:32.5104003Z       · _validate_advisory.py -> _ADVISORY-SIGNALS.md   [L1: L1: 123 -> 130 signals]
2026-09-23T17:33:32.5104821Z       · _build_integrity.py -> _INTEGRITY-REPORT.md   [L1: L1: 19 -> 21 warnings, 1030 -> 1035 leaf tokens, 41 -> 42 groups; imports jsonschema]
2026-09-23T17:33:32.5105772Z       · _build_instrument_fit.py -> _INSTRUMENT-FIT.md, _instrument-fit.json   [L1: L1: adds the missing _validate_hidden_display.py row]
2026-09-23T17:33:32.5106603Z   ⬛ ADVISORY: exit 0 regardless of drift. Promotion to blocking is DAVE'S (#220-L1 ruling-shaped Q3).
2026-09-23T17:33:32.5184668Z ##[group]Run python3 knowledge/_gate_inline_style_parse.py --check
2026-09-23T17:33:32.5185163Z [36;1mpython3 knowledge/_gate_inline_style_parse.py --check[0m
2026-09-23T17:33:32.5247307Z shell: /usr/bin/bash -e {0}
2026-09-23T17:33:32.5247556Z env:
2026-09-23T17:33:32.5247825Z   pythonLocation: /opt/hostedtoolcache/Python/3.12.14/x64
2026-09-23T17:33:32.5248302Z   PKG_CONFIG_PATH: /opt/hostedtoolcache/Python/3.12.14/x64/lib/pkgconfig
2026-09-23T17:33:32.5248731Z   Python_ROOT_DIR: /opt/hostedtoolcache/Python/3.12.14/x64
2026-09-23T17:33:32.5249128Z   Python2_ROOT_DIR: /opt/hostedtoolcache/Python/3.12.14/x64
2026-09-23T17:33:32.5249498Z   Python3_ROOT_DIR: /opt/hostedtoolcache/Python/3.12.14/x64
2026-09-23T17:33:32.5250198Z   LD_LIBRARY_PATH: /opt/hostedtoolcache/Python/3.12.14/x64/lib
2026-09-23T17:33:32.5250519Z ##[endgroup]
2026-09-23T17:33:32.6791298Z inline-style parse gate (⬛ ADVISORY at birth, #221 — the #122 seed)
2026-09-23T17:33:32.6792490Z   reader: html.parser (stdlib) · population: 11 file(s) · scope: DEF-004's own property families
2026-09-23T17:33:32.6793835Z   259 style attribute(s) parsed · 0 hardcode finding(s) · 0 PARSER-ONLY (the regex is blind) · 1 REGEX-ONLY (the regex hallucinates)
2026-09-23T17:33:32.6795847Z   ⬛ REGEX-ONLY: Tranche-1-interactive.html — the tree's pattern reads this as a live style attribute; a parse of the static document does NOT. It is in a comment, a <script> string, or a text node: 'margin-top:var(--space-8)'
2026-09-23T17:33:32.6797583Z      ⚠ READ THIS CAREFULLY BEFORE ACTING ON IT — a REGEX-ONLY hit is not
2026-09-23T17:33:32.6798875Z        automatically the regex being wrong. The one on this tree today is inside a
2026-09-23T17:33:32.6800214Z        `card.innerHTML='…'` string, so the static parse is right about the DOCUMENT
2026-09-23T17:33:32.6801074Z        and the value is nonetheless real at RUNTIME. The honest conclusion is that
2026-09-23T17:33:32.6801936Z        NEITHER reader is authoritative over injected markup, and this gate reports
2026-09-23T17:33:32.6802886Z        the disagreement rather than picking a winner. [[measure-dont-convert-units]]
2026-09-23T17:33:32.6804359Z   ✅ every style attribute in the population parses, and every declaration in one is either untouched by DEF-004 or already a token.
2026-09-23T17:33:32.6806260Z   ⬛ ADVISORY: exit 0 regardless. This is ONE parser over the NARROWEST population where a parser would have caught a proved false green (#220-L1 finding 12).
2026-09-23T17:33:32.6808104Z   ⬛ Widening it to the other seven regex gates is PRICED, not built, and whether a non-stdlib CSS parser may enter the gate set is DAVE'S.
2026-09-23T17:33:32.6959892Z Post job cleanup.
2026-09-23T17:33:32.7810413Z [command]/usr/bin/git version
2026-09-23T17:33:32.7853279Z git version 2.55.0
2026-09-23T17:33:32.7894703Z Temporarily overriding HOME='/home/runner/work/_temp/c27b1397-1583-4fe9-a5af-ad00db53a297' before making global git config changes
2026-09-23T17:33:32.7896116Z Adding repository directory to the temporary git global config as a safe directory
2026-09-23T17:33:32.7901446Z [command]/usr/bin/git config --global --add safe.directory /home/runner/work/UX-design/UX-design
2026-09-23T17:33:32.7936221Z Removing SSH command configuration
2026-09-23T17:33:32.7943650Z [command]/usr/bin/git config --local --name-only --get-regexp core\.sshCommand
2026-09-23T17:33:32.7981682Z [command]/usr/bin/git submodule foreach --recursive sh -c "git config --local --name-only --get-regexp 'core\.sshCommand' && git config --local --unset-all 'core.sshCommand' || :"
2026-09-23T17:33:32.8273728Z Removing HTTP extra header
2026-09-23T17:33:32.8279951Z [command]/usr/bin/git config --local --name-only --get-regexp http\.https\:\/\/github\.com\/\.extraheader
2026-09-23T17:33:32.8318812Z [command]/usr/bin/git submodule foreach --recursive sh -c "git config --local --name-only --get-regexp 'http\.https\:\/\/github\.com\/\.extraheader' && git config --local --unset-all 'http.https://github.com/.extraheader' || :"
2026-09-23T17:33:32.8608419Z Removing includeIf entries pointing to credentials config files
2026-09-23T17:33:32.8618523Z [command]/usr/bin/git config --local --name-only --get-regexp ^includeIf\.gitdir:
2026-09-23T17:33:32.8651920Z includeif.gitdir:/home/runner/work/UX-design/UX-design/.git.path
2026-09-23T17:33:32.8653037Z includeif.gitdir:/home/runner/work/UX-design/UX-design/.git/worktrees/*.path
2026-09-23T17:33:32.8654188Z includeif.gitdir:/github/workspace/.git.path
2026-09-23T17:33:32.8654960Z includeif.gitdir:/github/workspace/.git/worktrees/*.path
2026-09-23T17:33:32.8665081Z [command]/usr/bin/git config --local --get-all includeif.gitdir:/home/runner/work/UX-design/UX-design/.git.path
2026-09-23T17:33:32.8693643Z /home/runner/work/_temp/git-credentials-31d73848-c1f9-4ed5-8059-e5d62c91ce9e.config
2026-09-23T17:33:32.8707051Z [command]/usr/bin/git config --local --unset includeif.gitdir:/home/runner/work/UX-design/UX-design/.git.path /home/runner/work/_temp/git-credentials-31d73848-c1f9-4ed5-8059-e5d62c91ce9e.config
2026-09-23T17:33:32.8754200Z [command]/usr/bin/git config --local --get-all includeif.gitdir:/home/runner/work/UX-design/UX-design/.git/worktrees/*.path
2026-09-23T17:33:32.8785129Z /home/runner/work/_temp/git-credentials-31d73848-c1f9-4ed5-8059-e5d62c91ce9e.config
2026-09-23T17:33:32.8796426Z [command]/usr/bin/git config --local --unset includeif.gitdir:/home/runner/work/UX-design/UX-design/.git/worktrees/*.path /home/runner/work/_temp/git-credentials-31d73848-c1f9-4ed5-8059-e5d62c91ce9e.config
2026-09-23T17:33:32.8839126Z [command]/usr/bin/git config --local --get-all includeif.gitdir:/github/workspace/.git.path
2026-09-23T17:33:32.8869314Z /github/runner_temp/git-credentials-31d73848-c1f9-4ed5-8059-e5d62c91ce9e.config
2026-09-23T17:33:32.8879098Z [command]/usr/bin/git config --local --unset includeif.gitdir:/github/workspace/.git.path /github/runner_temp/git-credentials-31d73848-c1f9-4ed5-8059-e5d62c91ce9e.config
2026-09-23T17:33:32.8919149Z [command]/usr/bin/git config --local --get-all includeif.gitdir:/github/workspace/.git/worktrees/*.path
2026-09-23T17:33:32.8945737Z /github/runner_temp/git-credentials-31d73848-c1f9-4ed5-8059-e5d62c91ce9e.config
2026-09-23T17:33:32.8955031Z [command]/usr/bin/git config --local --unset includeif.gitdir:/github/workspace/.git/worktrees/*.path /github/runner_temp/git-credentials-31d73848-c1f9-4ed5-8059-e5d62c91ce9e.config
2026-09-23T17:33:32.9001318Z [command]/usr/bin/git submodule foreach --recursive git config --local --show-origin --name-only --get-regexp remote.origin.url
2026-09-23T17:33:32.9256508Z Removing credentials config '/home/runner/work/_temp/git-credentials-31d73848-c1f9-4ed5-8059-e5d62c91ce9e.config'
2026-09-23T17:33:32.9413785Z Cleaning up orphan processes
