— 148 steps read from _build_all.STEPS by ast (never imported) · per-step timeout 60s · ALL steps (mutating included)

  ✅ [ 1] compliance knowledge graph
  ✅ [ 2] token blast-radius + graph report
  ✅ [ 3] token blast-radius + graph report — determinism/staleness chec
  ✅ [ 4] token blast-radius + graph report selftest (#79 P6)
  ✅ [ 5] guideline rules index (gate)
  ✅ [ 6] runbook index (generated)
  ✅ [ 7] standing-instructions reachability gate
  ✅ [ 8] help-gate — no entry point may write before it reads argv (#15
  ✅ [ 9] help-gate selftest — 5 mutation bites (#158 class gate)
  ⊘ [10] assertion veracity gate — claims that can rot  COULD-NOT-ASK
  ✅ [11] assertion veracity selftest — verbs bite + registry well-forme
  ✅ [12] capture/provenance gate — status+provenance on new notes+dossi
  ⊘ [13] capture/provenance selftest (Memento §4.1)  COULD-NOT-ASK
  ✅ [14] gauge-tokens selftest -- counting path + cache + degraded-meas
  ✅ [15] roll-state measurer selftest (#77 T1)
  ✅ [16] commit-seam harness — _git_commit.sh fixture-repo arms (#78-D1
  ✅ [17] GM/LS mover selftest — hardened move mechanics (M5)
  ✅ [18] section-usage instrumentation selftest (#23)
  ✅ [19] lane records — regenerate LS §🛤 view (O1′ #24)
  ✅ [20] lane records determinism check (O1′ #24)
  ✅ [21] lane records selftest — schema refusals + routing contract (O1
  ✅ [22] cross-reference index
  ✅ [23] sutherland acceptance fixtures
  ✅ [24] states-completeness probe (advisory)
  ✅ [25] worklist store gate — open items state what would close them; 
  ✅ [26] worklist store selftest — schema presence gates incl. priority
  ✅ [27] decision-graph — typed edges + conflict gate (advisory, ADR-00
  ✅ [28] decision-graph selftest — conflict gate bites on unresolved/op
  ✅ [29] spine-writer selftest — splice invariants + no-half-writes (#7
  ✅ [30] _LIVE-STATE staleness gate + lifecycle-block generation (advis
  ✅ [31] advisory signals — prose rules (advisory)
  ✅ [32] review queue
  ✅ [33] dark-mode coverage audit
  ✅ [34] text/icon contrast audit
  ✅ [35] indicator/accent contrast audit
  ✅ [36] icon contrast delta — brand 4.5 vs 3 (advisory)
  ✅ [37] dark-surface flatness gate
  ✅ [38] component-partials sync — AUTO-PARTIAL injection + contracts (
  ✅ [39] component-partials selftest (ADR-0013)
  ✅ [40] token-set distribution sync — AUTO-TOKENS injection (s121-D1)
  ✅ [41] token-set distribution selftest (s121-D1)
  ✅ [42] Behaviour contract gate — dv-behaviour size + banned patterns 
  ✅ [43] Behaviour contract selftest (ADR-0015)
