2026-09-27T18:47:33.3694619Z Current runner version: '2.337.0'
2026-09-27T18:47:33.3725160Z ##[group]Runner Image Provisioner
2026-09-27T18:47:33.3726494Z Hosted Compute Agent
2026-09-27T18:47:33.3727208Z Version: 20260828.587
2026-09-27T18:47:33.3727839Z Commit: abac92662cab4cc7352de4f9f9d2e2419aad9c29
2026-09-27T18:47:33.3728653Z Build Date: 2026-08-28T16:44:25Z
2026-09-27T18:47:33.3729360Z Worker ID: {624ce437-ffff-406f-ad32-d8dbfa137c8e}
2026-09-27T18:47:33.3730151Z Azure Region: westus2
2026-09-27T18:47:33.3730833Z ##[endgroup]
2026-09-27T18:47:33.3732659Z ##[group]Operating System
2026-09-27T18:47:33.3733385Z Ubuntu
2026-09-27T18:47:33.3733971Z 24.04.5
2026-09-27T18:47:33.3734533Z LTS
2026-09-27T18:47:33.3735261Z ##[endgroup]
2026-09-27T18:47:33.3735877Z ##[group]Runner Image
2026-09-27T18:47:33.3736607Z Image: ubuntu-24.04
2026-09-27T18:47:33.3737243Z Version: 20260920.314.1
2026-09-27T18:47:33.3738647Z Included Software: https://github.com/actions/runner-images/blob/ubuntu24/20260920.314/images/ubuntu/Ubuntu2404-Readme.md
2026-09-27T18:47:33.3740257Z Image Release: https://github.com/actions/runner-images/releases/tag/ubuntu24%2F20260920.314
2026-09-27T18:47:33.3741556Z ##[endgroup]
2026-09-27T18:47:33.3742781Z ##[group]GITHUB_TOKEN Permissions
2026-09-27T18:47:33.3744904Z Contents: read
2026-09-27T18:47:33.3745553Z Metadata: read
2026-09-27T18:47:33.3746121Z Packages: read
2026-09-27T18:47:33.3746814Z ##[endgroup]
2026-09-27T18:47:33.3748959Z Secret source: Actions
2026-09-27T18:47:33.3750221Z Cache mode: write
2026-09-27T18:47:33.3751193Z Prepare workflow directory
2026-09-27T18:47:33.4099785Z Prepare all required actions
2026-09-27T18:47:33.4151195Z Getting action download info
2026-09-27T18:47:33.7832718Z Download action repository 'actions/checkout@v6' (SHA:d23441a48e516b6c34aea4fa41551a30e30af803)
2026-09-27T18:47:33.8935644Z Download action repository 'actions/setup-python@v6' (SHA:ece7cb06caefa5fff74198d8649806c4678c61a1)
2026-09-27T18:47:34.1234288Z Complete job name: release
2026-09-27T18:47:34.2129745Z ##[group]Run actions/checkout@v6
2026-09-27T18:47:34.2130649Z with:
2026-09-27T18:47:34.2131509Z   fetch-depth: 0
2026-09-27T18:47:34.2131991Z   repository: daveasewen/UX-design
2026-09-27T18:47:34.2135909Z   token: ***
2026-09-27T18:47:34.2136396Z   ssh-strict: true
2026-09-27T18:47:34.2136834Z   ssh-user: git
2026-09-27T18:47:34.2137278Z   persist-credentials: true
2026-09-27T18:47:34.2137764Z   clean: true
2026-09-27T18:47:34.2138227Z   sparse-checkout-cone-mode: true
2026-09-27T18:47:34.2138738Z   fetch-tags: false
2026-09-27T18:47:34.2139179Z   show-progress: true
2026-09-27T18:47:34.2139619Z   lfs: false
2026-09-27T18:47:34.2140020Z   submodules: false
2026-09-27T18:47:34.2140471Z   set-safe-directory: true
2026-09-27T18:47:34.2141184Z   allow-unsafe-pr-checkout: false
2026-09-27T18:47:34.2142054Z ##[endgroup]
2026-09-27T18:47:34.3182308Z Syncing repository: daveasewen/UX-design
2026-09-27T18:47:34.3185284Z ##[group]Getting Git version info
2026-09-27T18:47:34.3186659Z Working directory is '/home/runner/work/UX-design/UX-design'
2026-09-27T18:47:34.3188370Z [command]/usr/bin/git version
2026-09-27T18:47:34.3279676Z git version 2.55.0
2026-09-27T18:47:34.3314717Z ##[endgroup]
2026-09-27T18:47:34.3325383Z Temporarily overriding HOME='/home/runner/work/_temp/2d878c2b-25bd-448c-83a1-52f5529a0ada' before making global git config changes
2026-09-27T18:47:34.3327813Z Adding repository directory to the temporary git global config as a safe directory
2026-09-27T18:47:34.3331766Z [command]/usr/bin/git config --global --add safe.directory /home/runner/work/UX-design/UX-design
2026-09-27T18:47:34.3412187Z Deleting the contents of '/home/runner/work/UX-design/UX-design'
2026-09-27T18:47:34.3414734Z ##[group]Determining repository object format
2026-09-27T18:47:34.3416578Z ##[endgroup]
2026-09-27T18:47:34.3417958Z ##[group]Initializing the repository
2026-09-27T18:47:34.3419321Z [command]/usr/bin/git init /home/runner/work/UX-design/UX-design
2026-09-27T18:47:34.3586733Z hint: Using 'master' as the name for the initial branch. This default branch name
2026-09-27T18:47:34.3588990Z hint: will change to "main" in Git 3.0. To configure the initial branch name
2026-09-27T18:47:34.3591330Z hint: to use in all of your new repositories, which will suppress this warning,
2026-09-27T18:47:34.3592754Z hint: call:
2026-09-27T18:47:34.3593551Z hint:
2026-09-27T18:47:34.3594479Z hint: 	git config --global init.defaultBranch <name>
2026-09-27T18:47:34.3595615Z hint:
2026-09-27T18:47:34.3596680Z hint: Names commonly chosen instead of 'master' are 'main', 'trunk' and
2026-09-27T18:47:34.3598334Z hint: 'development'. The just-created branch can be renamed via this command:
2026-09-27T18:47:34.3599637Z hint:
2026-09-27T18:47:34.3600371Z hint: 	git branch -m <name>
2026-09-27T18:47:34.3601473Z hint:
2026-09-27T18:47:34.3602562Z hint: Disable this message with "git config set advice.defaultBranchName false"
2026-09-27T18:47:34.3604352Z Initialized empty Git repository in /home/runner/work/UX-design/UX-design/.git/
2026-09-27T18:47:34.3609542Z [command]/usr/bin/git remote add origin https://github.com/daveasewen/UX-design
2026-09-27T18:47:34.3672085Z ##[endgroup]
2026-09-27T18:47:34.3673415Z ##[group]Disabling automatic garbage collection
2026-09-27T18:47:34.3677138Z [command]/usr/bin/git config --local gc.auto 0
2026-09-27T18:47:34.3716823Z ##[endgroup]
2026-09-27T18:47:34.3718373Z ##[group]Setting up auth
2026-09-27T18:47:34.3719658Z Removing SSH command configuration
2026-09-27T18:47:34.3727616Z [command]/usr/bin/git config --local --name-only --get-regexp core\.sshCommand
2026-09-27T18:47:34.3794037Z [command]/usr/bin/git submodule foreach --recursive sh -c "git config --local --name-only --get-regexp 'core\.sshCommand' && git config --local --unset-all 'core.sshCommand' || :"
2026-09-27T18:47:34.4239724Z Removing HTTP extra header
2026-09-27T18:47:34.4248108Z [command]/usr/bin/git config --local --name-only --get-regexp http\.https\:\/\/github\.com\/\.extraheader
2026-09-27T18:47:34.4291874Z [command]/usr/bin/git submodule foreach --recursive sh -c "git config --local --name-only --get-regexp 'http\.https\:\/\/github\.com\/\.extraheader' && git config --local --unset-all 'http.https://github.com/.extraheader' || :"
2026-09-27T18:47:34.4544153Z Removing includeIf entries pointing to credentials config files
2026-09-27T18:47:34.4550120Z [command]/usr/bin/git config --local --name-only --get-regexp ^includeIf\.gitdir:
2026-09-27T18:47:34.4592870Z [command]/usr/bin/git submodule foreach --recursive git config --local --show-origin --name-only --get-regexp remote.origin.url
2026-09-27T18:47:34.4862909Z [command]/usr/bin/git config --file /home/runner/work/_temp/git-credentials-4f18e41f-ab0b-4b6f-aa9a-b5aa12a688cd.config http.https://github.com/.extraheader AUTHORIZATION: basic ***
2026-09-27T18:47:34.4909217Z [command]/usr/bin/git config --local includeIf.gitdir:/home/runner/work/UX-design/UX-design/.git.path /home/runner/work/_temp/git-credentials-4f18e41f-ab0b-4b6f-aa9a-b5aa12a688cd.config
2026-09-27T18:47:34.4946940Z [command]/usr/bin/git config --local includeIf.gitdir:/home/runner/work/UX-design/UX-design/.git/worktrees/*.path /home/runner/work/_temp/git-credentials-4f18e41f-ab0b-4b6f-aa9a-b5aa12a688cd.config
2026-09-27T18:47:34.4987559Z [command]/usr/bin/git config --local includeIf.gitdir:/github/workspace/.git.path /github/runner_temp/git-credentials-4f18e41f-ab0b-4b6f-aa9a-b5aa12a688cd.config
2026-09-27T18:47:34.5023107Z [command]/usr/bin/git config --local includeIf.gitdir:/github/workspace/.git/worktrees/*.path /github/runner_temp/git-credentials-4f18e41f-ab0b-4b6f-aa9a-b5aa12a688cd.config
2026-09-27T18:47:34.5055696Z ##[endgroup]
2026-09-27T18:47:34.5056465Z ##[group]Fetching the repository
2026-09-27T18:47:34.5064577Z [command]/usr/bin/git -c protocol.version=2 fetch --no-tags --prune --no-recurse-submodules origin +refs/heads/*:refs/remotes/origin/* +refs/tags/*:refs/tags/*
2026-09-27T18:48:06.2805434Z From https://github.com/daveasewen/UX-design
2026-09-27T18:48:06.2806692Z  * [new branch]        master     -> origin/master
2026-09-27T18:48:06.2818555Z [command]/usr/bin/git branch --list --remote origin/master
2026-09-27T18:48:06.2851176Z   origin/master
2026-09-27T18:48:06.2861984Z [command]/usr/bin/git rev-parse refs/remotes/origin/master
2026-09-27T18:48:06.2888111Z 21c9b7f4307607aaef2dd7b27f1c60e0d7e663d5
2026-09-27T18:48:06.2892715Z ##[endgroup]
2026-09-27T18:48:06.2893382Z ##[group]Determining the checkout info
2026-09-27T18:48:06.2894337Z ##[endgroup]
2026-09-27T18:48:06.2898384Z [command]/usr/bin/git sparse-checkout disable
2026-09-27T18:48:06.2964865Z [command]/usr/bin/git config --local --unset-all extensions.worktreeConfig
2026-09-27T18:48:06.2996798Z ##[group]Checking out the ref
2026-09-27T18:48:06.3000712Z [command]/usr/bin/git checkout --progress --force -B master refs/remotes/origin/master
2026-09-27T18:48:07.4491266Z Updating files:  15% (2046/12834)
2026-09-27T18:48:07.4691991Z Updating files:  16% (2054/12834)
2026-09-27T18:48:07.4952425Z Updating files:  17% (2182/12834)
2026-09-27T18:48:07.5424043Z Updating files:  18% (2311/12834)
2026-09-27T18:48:07.5475553Z Updating files:  19% (2439/12834)
2026-09-27T18:48:07.5527792Z Updating files:  20% (2567/12834)
2026-09-27T18:48:07.5575741Z Updating files:  21% (2696/12834)
2026-09-27T18:48:07.5627570Z Updating files:  22% (2824/12834)
2026-09-27T18:48:07.5679565Z Updating files:  23% (2952/12834)
2026-09-27T18:48:07.6359792Z Updating files:  24% (3081/12834)
2026-09-27T18:48:07.7149629Z Updating files:  25% (3209/12834)
2026-09-27T18:48:07.7400374Z Updating files:  26% (3337/12834)
2026-09-27T18:48:07.7510216Z Updating files:  27% (3466/12834)
2026-09-27T18:48:07.7634309Z Updating files:  28% (3594/12834)
2026-09-27T18:48:07.7816200Z Updating files:  29% (3722/12834)
2026-09-27T18:48:07.8027803Z Updating files:  30% (3851/12834)
2026-09-27T18:48:08.0342842Z Updating files:  31% (3979/12834)
2026-09-27T18:48:08.0443688Z Updating files:  32% (4107/12834)
2026-09-27T18:48:08.1039835Z Updating files:  33% (4236/12834)
2026-09-27T18:48:08.1317511Z Updating files:  34% (4364/12834)
2026-09-27T18:48:08.1678056Z Updating files:  35% (4492/12834)
2026-09-27T18:48:08.1762674Z Updating files:  36% (4621/12834)
2026-09-27T18:48:08.2878834Z Updating files:  37% (4749/12834)
2026-09-27T18:48:08.3660678Z Updating files:  38% (4877/12834)
2026-09-27T18:48:08.4314523Z Updating files:  38% (4897/12834)
2026-09-27T18:48:08.4746543Z Updating files:  39% (5006/12834)
2026-09-27T18:48:08.6625337Z Updating files:  40% (5134/12834)
2026-09-27T18:48:08.7007427Z Updating files:  41% (5262/12834)
2026-09-27T18:48:08.7634314Z Updating files:  42% (5391/12834)
2026-09-27T18:48:08.8127385Z Updating files:  43% (5519/12834)
2026-09-27T18:48:08.8542144Z Updating files:  44% (5647/12834)
2026-09-27T18:48:08.8628208Z Updating files:  45% (5776/12834)
2026-09-27T18:48:08.8787120Z Updating files:  46% (5904/12834)
2026-09-27T18:48:08.9018163Z Updating files:  47% (6032/12834)
2026-09-27T18:48:08.9455378Z Updating files:  48% (6161/12834)
2026-09-27T18:48:09.0210225Z Updating files:  49% (6289/12834)
2026-09-27T18:48:09.2956611Z Updating files:  50% (6417/12834)
2026-09-27T18:48:09.3146910Z Updating files:  51% (6546/12834)
2026-09-27T18:48:09.4064356Z Updating files:  51% (6561/12834)
2026-09-27T18:48:09.5089111Z Updating files:  52% (6674/12834)
2026-09-27T18:48:09.5586309Z Updating files:  53% (6803/12834)
2026-09-27T18:48:09.5680149Z Updating files:  54% (6931/12834)
2026-09-27T18:48:09.6023539Z Updating files:  55% (7059/12834)
2026-09-27T18:48:09.6708657Z Updating files:  56% (7188/12834)
2026-09-27T18:48:09.7713626Z Updating files:  57% (7316/12834)
2026-09-27T18:48:09.8335221Z Updating files:  58% (7444/12834)
2026-09-27T18:48:09.8598515Z Updating files:  59% (7573/12834)
2026-09-27T18:48:09.8821114Z Updating files:  60% (7701/12834)
2026-09-27T18:48:09.8987231Z Updating files:  61% (7829/12834)
2026-09-27T18:48:09.9248593Z Updating files:  62% (7958/12834)
2026-09-27T18:48:09.9487302Z Updating files:  63% (8086/12834)
2026-09-27T18:48:09.9897301Z Updating files:  64% (8214/12834)
2026-09-27T18:48:10.0844366Z Updating files:  65% (8343/12834)
2026-09-27T18:48:10.1279030Z Updating files:  66% (8471/12834)
2026-09-27T18:48:10.2246428Z Updating files:  67% (8599/12834)
2026-09-27T18:48:10.2969036Z Updating files:  68% (8728/12834)
2026-09-27T18:48:10.3145061Z Updating files:  69% (8856/12834)
2026-09-27T18:48:10.3195237Z Updating files:  69% (8920/12834)
2026-09-27T18:48:10.3676912Z Updating files:  70% (8984/12834)
2026-09-27T18:48:10.3878169Z Updating files:  71% (9113/12834)
2026-09-27T18:48:10.4155670Z Updating files:  72% (9241/12834)
2026-09-27T18:48:10.4243508Z Updating files:  73% (9369/12834)
2026-09-27T18:48:10.4615987Z Updating files:  74% (9498/12834)
2026-09-27T18:48:10.4850476Z Updating files:  75% (9626/12834)
2026-09-27T18:48:10.5259432Z Updating files:  76% (9754/12834)
2026-09-27T18:48:10.5703178Z Updating files:  77% (9883/12834)
2026-09-27T18:48:10.6174797Z Updating files:  78% (10011/12834)
2026-09-27T18:48:10.6476507Z Updating files:  79% (10139/12834)
2026-09-27T18:48:10.6710284Z Updating files:  80% (10268/12834)
2026-09-27T18:48:10.6906564Z Updating files:  81% (10396/12834)
2026-09-27T18:48:10.7054924Z Updating files:  82% (10524/12834)
2026-09-27T18:48:10.7181592Z Updating files:  83% (10653/12834)
2026-09-27T18:48:10.7331249Z Updating files:  84% (10781/12834)
2026-09-27T18:48:10.7874753Z Updating files:  85% (10909/12834)
2026-09-27T18:48:10.8498141Z Updating files:  86% (11038/12834)
2026-09-27T18:48:10.8556209Z Updating files:  87% (11166/12834)
2026-09-27T18:48:10.8618052Z Updating files:  88% (11294/12834)
2026-09-27T18:48:10.8901568Z Updating files:  89% (11423/12834)
2026-09-27T18:48:10.9285881Z Updating files:  90% (11551/12834)
2026-09-27T18:48:11.0303823Z Updating files:  91% (11679/12834)
2026-09-27T18:48:11.1121816Z Updating files:  92% (11808/12834)
2026-09-27T18:48:11.1555826Z Updating files:  93% (11936/12834)
2026-09-27T18:48:11.1741325Z Updating files:  94% (12064/12834)
2026-09-27T18:48:11.2176642Z Updating files:  95% (12193/12834)
2026-09-27T18:48:11.2507996Z Updating files:  96% (12321/12834)
2026-09-27T18:48:11.2624831Z Updating files:  97% (12449/12834)
2026-09-27T18:48:11.2812981Z Updating files:  98% (12578/12834)
2026-09-27T18:48:11.3146079Z Updating files:  99% (12706/12834)
2026-09-27T18:48:11.3326517Z Updating files:  99% (12779/12834)
2026-09-27T18:48:11.3326957Z Updating files: 100% (12834/12834)
2026-09-27T18:48:11.3327340Z Updating files: 100% (12834/12834), done.
2026-09-27T18:48:11.3461351Z Reset branch 'master'
2026-09-27T18:48:11.3464536Z branch 'master' set up to track 'origin/master'.
2026-09-27T18:48:11.3580545Z ##[endgroup]
2026-09-27T18:48:11.3634698Z [command]/usr/bin/git log -1 --format=%H
2026-09-27T18:48:11.3670439Z 21c9b7f4307607aaef2dd7b27f1c60e0d7e663d5
2026-09-27T18:48:11.3940801Z ##[group]Run actions/setup-python@v6
2026-09-27T18:48:11.3941465Z with:
2026-09-27T18:48:11.3941679Z   python-version: 3.12
2026-09-27T18:48:11.3941919Z   check-latest: false
2026-09-27T18:48:11.3944482Z   token: ***
2026-09-27T18:48:11.3944710Z   update-environment: true
2026-09-27T18:48:11.3944967Z   allow-prereleases: false
2026-09-27T18:48:11.3945230Z   freethreaded: false
2026-09-27T18:48:11.3945452Z ##[endgroup]
2026-09-27T18:48:11.5237225Z ##[group]Installed versions
2026-09-27T18:48:11.5354692Z Successfully set up CPython (3.12.14)
2026-09-27T18:48:11.5355564Z ##[endgroup]
2026-09-27T18:48:11.5541639Z ##[group]Run pip install pyyaml
2026-09-27T18:48:11.5542028Z [36;1mpip install pyyaml[0m
2026-09-27T18:48:11.5888652Z shell: /usr/bin/bash -e {0}
2026-09-27T18:48:11.5888964Z env:
2026-09-27T18:48:11.5889290Z   pythonLocation: /opt/hostedtoolcache/Python/3.12.14/x64
2026-09-27T18:48:11.5889807Z   PKG_CONFIG_PATH: /opt/hostedtoolcache/Python/3.12.14/x64/lib/pkgconfig
2026-09-27T18:48:11.5890307Z   Python_ROOT_DIR: /opt/hostedtoolcache/Python/3.12.14/x64
2026-09-27T18:48:11.5890741Z   Python2_ROOT_DIR: /opt/hostedtoolcache/Python/3.12.14/x64
2026-09-27T18:48:11.5891613Z   Python3_ROOT_DIR: /opt/hostedtoolcache/Python/3.12.14/x64
2026-09-27T18:48:11.5892233Z   LD_LIBRARY_PATH: /opt/hostedtoolcache/Python/3.12.14/x64/lib
2026-09-27T18:48:11.5892848Z ##[endgroup]
2026-09-27T18:48:12.5697317Z Collecting pyyaml
2026-09-27T18:48:12.6309532Z   Downloading pyyaml-6.0.3-cp312-cp312-manylinux2014_x86_64.manylinux_2_17_x86_64.manylinux_2_28_x86_64.whl.metadata (2.4 kB)
2026-09-27T18:48:12.6427179Z Downloading pyyaml-6.0.3-cp312-cp312-manylinux2014_x86_64.manylinux_2_17_x86_64.manylinux_2_28_x86_64.whl (807 kB)
2026-09-27T18:48:12.7099990Z    ━━━━━━━━━━━━━━━━━━━━━━━━━━━━━━━━━━━━━━━━ 807.9/807.9 kB 15.7 MB/s  0:00:00
2026-09-27T18:48:12.7546094Z Installing collected packages: pyyaml
2026-09-27T18:48:12.8141024Z Successfully installed pyyaml-6.0.3
2026-09-27T18:48:12.8611781Z ##[group]Run rc=0; python3 knowledge/_release/_gate_frozen_release.py --check || rc=$?
2026-09-27T18:48:12.8612469Z [36;1mrc=0; python3 knowledge/_release/_gate_frozen_release.py --check || rc=$?[0m
2026-09-27T18:48:12.8613087Z [36;1mif [ "$rc" = "77" ]; then echo "^ COULD-NOT-ASK — printed, not counted, not a verdict."; rc=0; fi[0m
2026-09-27T18:48:12.8613585Z [36;1mexit $rc[0m
2026-09-27T18:48:12.8680486Z shell: /usr/bin/bash -e {0}
2026-09-27T18:48:12.8680743Z env:
2026-09-27T18:48:12.8681289Z   pythonLocation: /opt/hostedtoolcache/Python/3.12.14/x64
2026-09-27T18:48:12.8681749Z   PKG_CONFIG_PATH: /opt/hostedtoolcache/Python/3.12.14/x64/lib/pkgconfig
2026-09-27T18:48:12.8682197Z   Python_ROOT_DIR: /opt/hostedtoolcache/Python/3.12.14/x64
2026-09-27T18:48:12.8682590Z   Python2_ROOT_DIR: /opt/hostedtoolcache/Python/3.12.14/x64
2026-09-27T18:48:12.8682976Z   Python3_ROOT_DIR: /opt/hostedtoolcache/Python/3.12.14/x64
2026-09-27T18:48:12.8683400Z   LD_LIBRARY_PATH: /opt/hostedtoolcache/Python/3.12.14/x64/lib
2026-09-27T18:48:12.8683724Z ##[endgroup]
2026-09-27T18:48:13.1891479Z frozen-release gate — 3 release(s) at 21c9b7f43076
2026-09-27T18:48:13.1892243Z   designer-skills-v1   version v1          6 file(s)  b83d048483b7
2026-09-27T18:48:13.1892873Z   designer-skills-v2   version v2.1     1102 file(s)  ae920995c32e
2026-09-27T18:48:13.1893336Z   apollo-spider        version v1.0.14    14 file(s)  444c58d22a68
2026-09-27T18:48:13.1893640Z 
2026-09-27T18:48:13.1893845Z PASS — 3 arm(s) asked, no frozen surface moved.
2026-09-27T18:48:13.1988849Z ##[group]Run python3 knowledge/_release/_gate_frozen_release.py --selftest
2026-09-27T18:48:13.1989407Z [36;1mpython3 knowledge/_release/_gate_frozen_release.py --selftest[0m
2026-09-27T18:48:13.2053936Z shell: /usr/bin/bash -e {0}
2026-09-27T18:48:13.2054192Z env:
2026-09-27T18:48:13.2054462Z   pythonLocation: /opt/hostedtoolcache/Python/3.12.14/x64
2026-09-27T18:48:13.2054914Z   PKG_CONFIG_PATH: /opt/hostedtoolcache/Python/3.12.14/x64/lib/pkgconfig
2026-09-27T18:48:13.2055358Z   Python_ROOT_DIR: /opt/hostedtoolcache/Python/3.12.14/x64
2026-09-27T18:48:13.2055752Z   Python2_ROOT_DIR: /opt/hostedtoolcache/Python/3.12.14/x64
2026-09-27T18:48:13.2056136Z   Python3_ROOT_DIR: /opt/hostedtoolcache/Python/3.12.14/x64
2026-09-27T18:48:13.2056541Z   LD_LIBRARY_PATH: /opt/hostedtoolcache/Python/3.12.14/x64/lib
2026-09-27T18:48:13.2056889Z ##[endgroup]
2026-09-27T18:48:14.1268132Z selftest: 17 bites, 0 fail(s)
2026-09-27T18:48:14.1360474Z ##[group]Run rc=0; python3 knowledge/_release/_gate_release_audit.py --check || rc=$?
2026-09-27T18:48:14.1361427Z [36;1mrc=0; python3 knowledge/_release/_gate_release_audit.py --check || rc=$?[0m
2026-09-27T18:48:14.1362050Z [36;1mif [ "$rc" = "77" ]; then echo "^ COULD-NOT-ASK — printed, not counted, not a verdict."; rc=0; fi[0m
2026-09-27T18:48:14.1362508Z [36;1mexit $rc[0m
2026-09-27T18:48:14.1427567Z shell: /usr/bin/bash -e {0}
2026-09-27T18:48:14.1427826Z env:
2026-09-27T18:48:14.1428097Z   pythonLocation: /opt/hostedtoolcache/Python/3.12.14/x64
2026-09-27T18:48:14.1428548Z   PKG_CONFIG_PATH: /opt/hostedtoolcache/Python/3.12.14/x64/lib/pkgconfig
2026-09-27T18:48:14.1429003Z   Python_ROOT_DIR: /opt/hostedtoolcache/Python/3.12.14/x64
2026-09-27T18:48:14.1429392Z   Python2_ROOT_DIR: /opt/hostedtoolcache/Python/3.12.14/x64
2026-09-27T18:48:14.1429778Z   Python3_ROOT_DIR: /opt/hostedtoolcache/Python/3.12.14/x64
2026-09-27T18:48:14.1430399Z   LD_LIBRARY_PATH: /opt/hostedtoolcache/Python/3.12.14/x64/lib
2026-09-27T18:48:14.1430728Z ##[endgroup]
2026-09-27T18:48:15.3816788Z ❌ THE SHIP LIST ON DISK IS NOT WHAT THE GENERATOR PRODUCES at 0ef307460dcf.
2026-09-27T18:48:15.3817527Z    on disk: 1781 files, sha256 a5b00c1450dc83c8
2026-09-27T18:48:15.3818004Z    fresh:   1781 files, sha256 931bf09e6f096eb0
2026-09-27T18:48:15.3819646Z    REMEDY: regenerate — never hand-edit the manifest. python3 knowledge/_release/_gen_pack_manifest.py --probe --commit <sha> && python3 knowledge/_release/_gen_pack_manifest.py --manifest --commit <sha>
2026-09-27T18:48:15.3821222Z 
2026-09-27T18:48:15.3821888Z PARKED DUE — 7 parked item(s) are due at release-cut — python3 knowledge/_parked.py --due release-cut
2026-09-27T18:48:15.3929162Z ##[error]Process completed with exit code 1.
2026-09-27T18:48:15.4122813Z Post job cleanup.
2026-09-27T18:48:15.4998514Z [command]/usr/bin/git version
2026-09-27T18:48:15.5046159Z git version 2.55.0
2026-09-27T18:48:15.5101305Z Temporarily overriding HOME='/home/runner/work/_temp/87fb0fa9-12bf-4145-b769-c5e14f5802e4' before making global git config changes
2026-09-27T18:48:15.5102776Z Adding repository directory to the temporary git global config as a safe directory
2026-09-27T18:48:15.5106871Z [command]/usr/bin/git config --global --add safe.directory /home/runner/work/UX-design/UX-design
2026-09-27T18:48:15.5144775Z Removing SSH command configuration
2026-09-27T18:48:15.5154420Z [command]/usr/bin/git config --local --name-only --get-regexp core\.sshCommand
2026-09-27T18:48:15.5198516Z [command]/usr/bin/git submodule foreach --recursive sh -c "git config --local --name-only --get-regexp 'core\.sshCommand' && git config --local --unset-all 'core.sshCommand' || :"
2026-09-27T18:48:15.5470087Z Removing HTTP extra header
2026-09-27T18:48:15.5478575Z [command]/usr/bin/git config --local --name-only --get-regexp http\.https\:\/\/github\.com\/\.extraheader
2026-09-27T18:48:15.5519781Z [command]/usr/bin/git submodule foreach --recursive sh -c "git config --local --name-only --get-regexp 'http\.https\:\/\/github\.com\/\.extraheader' && git config --local --unset-all 'http.https://github.com/.extraheader' || :"
2026-09-27T18:48:15.5810127Z Removing includeIf entries pointing to credentials config files
2026-09-27T18:48:15.5811369Z [command]/usr/bin/git config --local --name-only --get-regexp ^includeIf\.gitdir:
2026-09-27T18:48:15.5843717Z includeif.gitdir:/home/runner/work/UX-design/UX-design/.git.path
2026-09-27T18:48:15.5844802Z includeif.gitdir:/home/runner/work/UX-design/UX-design/.git/worktrees/*.path
2026-09-27T18:48:15.5845947Z includeif.gitdir:/github/workspace/.git.path
2026-09-27T18:48:15.5846959Z includeif.gitdir:/github/workspace/.git/worktrees/*.path
2026-09-27T18:48:15.5859542Z [command]/usr/bin/git config --local --get-all includeif.gitdir:/home/runner/work/UX-design/UX-design/.git.path
2026-09-27T18:48:15.5890443Z /home/runner/work/_temp/git-credentials-4f18e41f-ab0b-4b6f-aa9a-b5aa12a688cd.config
2026-09-27T18:48:15.5903379Z [command]/usr/bin/git config --local --unset includeif.gitdir:/home/runner/work/UX-design/UX-design/.git.path /home/runner/work/_temp/git-credentials-4f18e41f-ab0b-4b6f-aa9a-b5aa12a688cd.config
2026-09-27T18:48:15.5951698Z [command]/usr/bin/git config --local --get-all includeif.gitdir:/home/runner/work/UX-design/UX-design/.git/worktrees/*.path
2026-09-27T18:48:15.5986235Z /home/runner/work/_temp/git-credentials-4f18e41f-ab0b-4b6f-aa9a-b5aa12a688cd.config
2026-09-27T18:48:15.5998183Z [command]/usr/bin/git config --local --unset includeif.gitdir:/home/runner/work/UX-design/UX-design/.git/worktrees/*.path /home/runner/work/_temp/git-credentials-4f18e41f-ab0b-4b6f-aa9a-b5aa12a688cd.config
2026-09-27T18:48:15.6054546Z [command]/usr/bin/git config --local --get-all includeif.gitdir:/github/workspace/.git.path
2026-09-27T18:48:15.6082211Z /github/runner_temp/git-credentials-4f18e41f-ab0b-4b6f-aa9a-b5aa12a688cd.config
2026-09-27T18:48:15.6092468Z [command]/usr/bin/git config --local --unset includeif.gitdir:/github/workspace/.git.path /github/runner_temp/git-credentials-4f18e41f-ab0b-4b6f-aa9a-b5aa12a688cd.config
2026-09-27T18:48:15.6132631Z [command]/usr/bin/git config --local --get-all includeif.gitdir:/github/workspace/.git/worktrees/*.path
2026-09-27T18:48:15.6170600Z /github/runner_temp/git-credentials-4f18e41f-ab0b-4b6f-aa9a-b5aa12a688cd.config
2026-09-27T18:48:15.6180161Z [command]/usr/bin/git config --local --unset includeif.gitdir:/github/workspace/.git/worktrees/*.path /github/runner_temp/git-credentials-4f18e41f-ab0b-4b6f-aa9a-b5aa12a688cd.config
2026-09-27T18:48:15.6222573Z [command]/usr/bin/git submodule foreach --recursive git config --local --show-origin --name-only --get-regexp remote.origin.url
2026-09-27T18:48:15.6473430Z Removing credentials config '/home/runner/work/_temp/git-credentials-4f18e41f-ab0b-4b6f-aa9a-b5aa12a688cd.config'
2026-09-27T18:48:15.6616304Z Cleaning up orphan processes
