{"at":"2026-09-26T15:37:29Z","op":"pre-stamp snapshot","file":"knowledge/_rulings.json","sha256":"8c482d45a67924917f85a7963f39420868f6b75051cbf95d5dc7ca345b3db057","note":"includes Run 1 1b(i) amend-evidence on s282-D2..D5 (not R2's)"}
{"at": "2026-09-26T15:37:30.161653Z", "op": "set_status", "id": "s131-D1", "sha": "d444d10a", "commit_full": "d444d10a917b5b0e54e6bd028a9f356d482dd972", "commit_date": "2026-08-08", "status_before": "RULED #131, NOT ENACTED. Enactment lane open this session: values to token files, regen, gate replay, specimens back to Dave's eye. | AMENDED BY ADDITION AT THE #131 WRAP: ENACTED END-TO-END IN-WINDOW", "evidence_before": 3, "evidence_after": 4, "bytes": [932502, 933031]}
{"at": "2026-09-26T15:37:30.358886Z", "op": "set_status", "id": "s135-D4", "sha": "54b080eb", "commit_full": "54b080ebaae87130f6c30639c4fe637a788ea5a6", "commit_date": "2026-08-09", "status_before": "RULED #135, NOT ENACTED. #136 first build lane. The 15 token-split exceptions in the ledger ride along.", "evidence_before": 1, "evidence_after": 2, "bytes": [933031, 933549]}
{"at": "2026-09-26T15:37:30.563867Z", "op": "set_status", "id": "s144-D1", "sha": "a1995c0c", "commit_full": "a1995c0ce2bc8af48417ba0ff8c7d26be6a15267", "commit_date": "2026-08-10", "status_before": "RULED #144. NOT ENACTED - the rung is not minted in semantic-colour.json and its NAME is unruled. Enactment carries to #145 as a named lane. | AMENDED BY ADDITION AT #145: NAME RULED s145-D1 (Dave) an", "evidence_before": 4, "evidence_after": 5, "bytes": [933549, 934072]}
{"at": "2026-09-26T15:37:30.768176Z", "op": "set_status", "id": "s149-D1", "sha": "2bc83b44", "commit_full": "2bc83b448a724db7e080118cfec699c21d976281", "commit_date": "2026-08-12", "status_before": "RULED #149, NOT ENACTED. No value moved in any token or canon file. Enactment is #150 lane 1, priced: token amendments (mono banner + badge legs) + canon consumption (wash medium, mark inks, .ovcount ", "evidence_before": 3, "evidence_after": 4, "bytes": [934072, 934599]}
{"at": "2026-09-26T15:37:30.992566Z", "op": "set_status", "id": "s151-D3", "sha": "b94746ec", "commit_full": "b94746ec39147dfc4fd4a336537a5fe5be478493", "commit_date": "2026-08-11", "status_before": "PART-ENACTED #151: (3) enacted and verified (no drift fails). (1) and (2) RULED NOT ENACTED - next enactment lane, with (2)'s failing pair verified first. AMENDED BY ADDITION #152: (1) and (2) ENACTED", "evidence_before": 2, "evidence_after": 3, "bytes": [934599, 935130]}
{"at": "2026-09-26T15:37:31.200002Z", "op": "set_status", "id": "s152-D1", "sha": "8dee1d1f", "commit_full": "8dee1d1f39cf572cb19a4e28cf1ddf9699c03573", "commit_date": "2026-08-11", "status_before": "RULED #152, NOT ENACTED - the window hit the stop line before the fix. Carried as #153 NEW TOP. Until it lands the two Selection-controls star reds are DECLARED KNOWN-FALSE, never marked resolved. |||", "evidence_before": 3, "evidence_after": 4, "bytes": [935130, 935610]}
{"at": "2026-09-26T15:37:31.401686Z", "op": "set_status", "id": "s157-D2", "sha": "2bc83b44", "commit_full": "2bc83b448a724db7e080118cfec699c21d976281", "commit_date": "2026-08-12", "status_before": "RULED #157, NOT ENACTED - build brief at notes/_briefs/2026-08-12-s157-palette-tier-brief.md; deferred to #158 on the gauge (FILL 130,372 vs stop line 150,929 at ruling time - no room for the build pl", "evidence_before": 3, "evidence_after": 4, "bytes": [935610, 936124]}
{"at": "2026-09-26T15:37:31.610385Z", "op": "set_status", "id": "s165-D4", "sha": "3bde9c08", "commit_full": "3bde9c0832d04586ff91fb49b12fd603e34cf232", "commit_date": "2026-08-14", "status_before": "RULED #165 as a problem to fix. NOT ENACTED - proposal only; per-line ratification is Dave's and is OPEN.", "evidence_before": 3, "evidence_after": 4, "bytes": [936124, 936600]}
{"at": "2026-09-26T15:37:31.812674Z", "op": "set_status", "id": "s184-D1", "sha": "02bfbac3", "commit_full": "02bfbac380e657909bde47fc72bdfd606c0bb8df", "commit_date": "2026-08-16", "status_before": "ruled", "evidence_before": 1, "evidence_after": 2, "bytes": [936600, 937303]}
{"at": "2026-09-26T15:37:32.018024Z", "op": "set_status", "id": "s186-D1", "sha": "6b98be3c", "commit_full": "6b98be3cf13631b08d579473ee8898221d4600b1", "commit_date": "2026-08-16", "status_before": "ruled", "evidence_before": 1, "evidence_after": 2, "bytes": [937303, 937972]}
{"at": "2026-09-26T15:37:32.218447Z", "op": "set_status", "id": "s188-D1", "sha": "46485a06", "commit_full": "46485a06055f060a090eb4f7f24a89e64e1dfdd7", "commit_date": "2026-08-16", "status_before": "ruled", "evidence_before": 1, "evidence_after": 2, "bytes": [937972, 938464]}
{"at": "2026-09-26T15:37:32.423827Z", "op": "set_status", "id": "s188-D2", "sha": "46485a06", "commit_full": "46485a06055f060a090eb4f7f24a89e64e1dfdd7", "commit_date": "2026-08-16", "status_before": "ruled", "evidence_before": 1, "evidence_after": 2, "bytes": [938464, 938960]}
{"at": "2026-09-26T15:37:32.636373Z", "op": "set_status", "id": "s188-D3", "sha": "46485a06", "commit_full": "46485a06055f060a090eb4f7f24a89e64e1dfdd7", "commit_date": "2026-08-16", "status_before": "ruled", "evidence_before": 1, "evidence_after": 2, "bytes": [938960, 939601]}
{"at": "2026-09-26T15:37:32.845691Z", "op": "set_status", "id": "s190-D1", "sha": "fc3015a7", "commit_full": "fc3015a710f7b27999a40bcba6a8fe7c732457f3", "commit_date": "2026-08-16", "status_before": "ruled", "evidence_before": 1, "evidence_after": 2, "bytes": [939601, 940037]}
{"at": "2026-09-26T15:37:33.051962Z", "op": "set_status", "id": "s191-D1", "sha": "165fe11a", "commit_full": "165fe11afc97ff18a67fa20691dcb3c0fc5cdf7f", "commit_date": "2026-08-16", "status_before": "ruled", "evidence_before": 1, "evidence_after": 2, "bytes": [940037, 940560]}
{"at": "2026-09-26T15:37:33.251456Z", "op": "set_status", "id": "s191-D2", "sha": "8a89b755", "commit_full": "8a89b755e03aab481eae529f07947cb08ce1aa2c", "commit_date": "2026-08-17", "status_before": "ruled", "evidence_before": 1, "evidence_after": 2, "bytes": [940560, 941118]}
{"at": "2026-09-26T15:37:33.469319Z", "op": "set_status", "id": "s191-D3", "sha": "9eaed644", "commit_full": "9eaed644e1ac4f1544e70fdc059ebeaf5f70d8b2", "commit_date": "2026-08-17", "status_before": "ruled", "evidence_before": 1, "evidence_after": 2, "bytes": [941118, 941640]}
{"at": "2026-09-26T15:37:33.672084Z", "op": "set_status", "id": "s208-D1", "sha": "9d552ddc", "commit_full": "9d552ddc2ea6df3961b00d62eaeb45c0d25d5473", "commit_date": "2026-08-19", "status_before": "ruled", "evidence_before": 2, "evidence_after": 3, "bytes": [941640, 942318]}
{"at": "2026-09-26T15:37:33.877039Z", "op": "set_status", "id": "s210-D1", "sha": "f75d8f55", "commit_full": "f75d8f55e8be9c146b4fff448db1d1b08c2ca55c", "commit_date": "2026-08-20", "status_before": "ruled", "evidence_before": 2, "evidence_after": 3, "bytes": [942318, 942899]}
{"at": "2026-09-26T15:37:34.078813Z", "op": "set_status", "id": "s210-D2", "sha": "f75d8f55", "commit_full": "f75d8f55e8be9c146b4fff448db1d1b08c2ca55c", "commit_date": "2026-08-20", "status_before": "ruled", "evidence_before": 2, "evidence_after": 3, "bytes": [942899, 943480]}
{"at": "2026-09-26T15:37:34.282423Z", "op": "set_status", "id": "s210-D3", "sha": "f75d8f55", "commit_full": "f75d8f55e8be9c146b4fff448db1d1b08c2ca55c", "commit_date": "2026-08-20", "status_before": "ruled", "evidence_before": 2, "evidence_after": 3, "bytes": [943480, 944023]}
{"at": "2026-09-26T15:37:34.486423Z", "op": "set_status", "id": "s210-D4", "sha": "f75d8f55", "commit_full": "f75d8f55e8be9c146b4fff448db1d1b08c2ca55c", "commit_date": "2026-08-20", "status_before": "ruled", "evidence_before": 2, "evidence_after": 3, "bytes": [944023, 944566]}
{"at": "2026-09-26T15:37:34.690669Z", "op": "set_status", "id": "s210-D5", "sha": "a2e2d2c2", "commit_full": "a2e2d2c2574433929a4cd11e890a35855a7617a7", "commit_date": "2026-08-20", "status_before": "ruled", "evidence_before": 2, "evidence_after": 3, "bytes": [944566, 945151]}
{"at": "2026-09-26T15:37:34.886273Z", "op": "set_status", "id": "s212-D11", "sha": "f104cba0", "commit_full": "f104cba03748970a6ec40df42b9068f1a67bafcd", "commit_date": "2026-08-21", "status_before": "ruled", "evidence_before": 2, "evidence_after": 3, "bytes": [945151, 945819]}
{"at": "2026-09-26T15:37:35.078296Z", "op": "set_status", "id": "s214-D3", "sha": "9c64ac88", "commit_full": "9c64ac889526994c5120aeb555f0042decd6bfbd", "commit_date": "2026-08-21", "status_before": "ruled", "evidence_before": 1, "evidence_after": 2, "bytes": [945819, 946341]}
{"at": "2026-09-26T15:37:35.286070Z", "op": "set_status", "id": "s214-D4", "sha": "540f2cd8", "commit_full": "540f2cd8fabe6ed0a2448d492c786c520d002783", "commit_date": "2026-08-24", "status_before": "ruled", "evidence_before": 1, "evidence_after": 2, "bytes": [946341, 946846]}
{"at": "2026-09-26T15:37:35.493623Z", "op": "set_status", "id": "s214-D5", "sha": "8cad2d7e", "commit_full": "8cad2d7e4d8ef035cf76036816c43b0c8aab93cc", "commit_date": "2026-08-21", "status_before": "ruled", "evidence_before": 1, "evidence_after": 2, "bytes": [946846, 947419]}
{"at": "2026-09-26T15:37:35.710434Z", "op": "set_status", "id": "s214-D6", "sha": "8cad2d7e", "commit_full": "8cad2d7e4d8ef035cf76036816c43b0c8aab93cc", "commit_date": "2026-08-21", "status_before": "ruled", "evidence_before": 1, "evidence_after": 2, "bytes": [947419, 947962]}
{"at": "2026-09-26T15:37:35.913408Z", "op": "set_status", "id": "s217-D2", "sha": "540f2cd8", "commit_full": "540f2cd8fabe6ed0a2448d492c786c520d002783", "commit_date": "2026-08-24", "status_before": "ruled", "evidence_before": 1, "evidence_after": 2, "bytes": [947962, 948596]}
{"at": "2026-09-26T15:37:36.121883Z", "op": "set_status", "id": "s217-D3", "sha": "540f2cd8", "commit_full": "540f2cd8fabe6ed0a2448d492c786c520d002783", "commit_date": "2026-08-24", "status_before": "ruled", "evidence_before": 1, "evidence_after": 2, "bytes": [948596, 949235]}
{"at": "2026-09-26T15:37:36.325960Z", "op": "set_status", "id": "s217-D4", "sha": "540f2cd8", "commit_full": "540f2cd8fabe6ed0a2448d492c786c520d002783", "commit_date": "2026-08-24", "status_before": "ruled", "evidence_before": 1, "evidence_after": 2, "bytes": [949235, 949880]}
{"at": "2026-09-26T15:37:36.536989Z", "op": "set_status", "id": "s217-D6", "sha": "540f2cd8", "commit_full": "540f2cd8fabe6ed0a2448d492c786c520d002783", "commit_date": "2026-08-24", "status_before": "ruled", "evidence_before": 1, "evidence_after": 2, "bytes": [949880, 950539]}
{"at": "2026-09-26T15:37:36.744007Z", "op": "set_status", "id": "s217-D7", "sha": "540f2cd8", "commit_full": "540f2cd8fabe6ed0a2448d492c786c520d002783", "commit_date": "2026-08-24", "status_before": "ruled", "evidence_before": 1, "evidence_after": 2, "bytes": [950539, 951191]}
{"at": "2026-09-26T15:37:36.965228Z", "op": "set_status", "id": "s217-D8", "sha": "540f2cd8", "commit_full": "540f2cd8fabe6ed0a2448d492c786c520d002783", "commit_date": "2026-08-24", "status_before": "ruled", "evidence_before": 1, "evidence_after": 2, "bytes": [951191, 951844]}
{"at": "2026-09-26T15:37:37.172773Z", "op": "set_status", "id": "s218-D4", "sha": "6f39909d", "commit_full": "6f39909d33b6b7b3865833ae684d1b1aac6606e4", "commit_date": "2026-08-25", "status_before": "ruled", "evidence_before": 1, "evidence_after": 2, "bytes": [951844, 952554]}
{"at": "2026-09-26T15:37:37.381437Z", "op": "set_status", "id": "s218-D5", "sha": "6f39909d", "commit_full": "6f39909d33b6b7b3865833ae684d1b1aac6606e4", "commit_date": "2026-08-25", "status_before": "ruled", "evidence_before": 1, "evidence_after": 2, "bytes": [952554, 953280]}
{"at": "2026-09-26T15:37:37.598805Z", "op": "set_status", "id": "s218-D6", "sha": "6f39909d", "commit_full": "6f39909d33b6b7b3865833ae684d1b1aac6606e4", "commit_date": "2026-08-25", "status_before": "ruled", "evidence_before": 1, "evidence_after": 2, "bytes": [953280, 953988]}
{"at": "2026-09-26T15:37:37.811860Z", "op": "set_status", "id": "s218-D7", "sha": "941c92d7", "commit_full": "941c92d774f98af956f085df6e89561f63f7fefa", "commit_date": "2026-08-25", "status_before": "ruled", "evidence_before": 1, "evidence_after": 2, "bytes": [953988, 954552]}
{"at": "2026-09-26T15:37:38.026392Z", "op": "set_status", "id": "s219-D1", "sha": "11b5779e", "commit_full": "11b5779ea429e4072af94c7686b91a42eb8df02f", "commit_date": "2026-08-25", "status_before": "ruled", "evidence_before": 1, "evidence_after": 2, "bytes": [954552, 955127]}
{"at": "2026-09-26T15:37:38.249342Z", "op": "set_status", "id": "s219-D2", "sha": "11b5779e", "commit_full": "11b5779ea429e4072af94c7686b91a42eb8df02f", "commit_date": "2026-08-25", "status_before": "ruled", "evidence_before": 1, "evidence_after": 2, "bytes": [955127, 955702]}
{"at": "2026-09-26T15:37:38.465184Z", "op": "set_status", "id": "s219-D3", "sha": "71bb2f77", "commit_full": "71bb2f77ff59d1968ece927f352c8bb0ece9779d", "commit_date": "2026-08-26", "status_before": "ruled", "evidence_before": 1, "evidence_after": 2, "bytes": [955702, 956277]}
{"at": "2026-09-26T15:37:38.670213Z", "op": "set_status", "id": "s219-D4", "sha": "801fe7cc", "commit_full": "801fe7cc22968b3f0f8eaf5bf172bcad850830c5", "commit_date": "2026-08-26", "status_before": "ruled", "evidence_before": 1, "evidence_after": 2, "bytes": [956277, 956960]}
{"at": "2026-09-26T15:37:38.888449Z", "op": "set_status", "id": "s219-D5", "sha": "416e1a6d", "commit_full": "416e1a6d3a07b24425280d2186dac9a886179ca8", "commit_date": "2026-08-26", "status_before": "ruled", "evidence_before": 1, "evidence_after": 2, "bytes": [956960, 957617]}
{"at": "2026-09-26T15:37:39.107419Z", "op": "set_status", "id": "s219-D8", "sha": "416e1a6d", "commit_full": "416e1a6d3a07b24425280d2186dac9a886179ca8", "commit_date": "2026-08-26", "status_before": "ruled", "evidence_before": 1, "evidence_after": 2, "bytes": [957617, 958381]}
{"at": "2026-09-26T15:37:39.305292Z", "op": "set_status", "id": "s219-D10", "sha": "3b6824f5", "commit_full": "3b6824f520040ae4533db97bfc70b61bf164c682", "commit_date": "2026-08-26", "status_before": "ruled", "evidence_before": 1, "evidence_after": 2, "bytes": [958381, 959071]}
{"at": "2026-09-26T15:37:39.503077Z", "op": "set_status", "id": "s220-D1", "sha": "707e5aa5", "commit_full": "707e5aa53924d9f5b2e4c482e2b98479155bbac3", "commit_date": "2026-08-27", "status_before": "ruled", "evidence_before": 2, "evidence_after": 3, "bytes": [959071, 959658]}
{"at": "2026-09-26T15:37:39.712907Z", "op": "set_status", "id": "s220-D2", "sha": "707e5aa5", "commit_full": "707e5aa53924d9f5b2e4c482e2b98479155bbac3", "commit_date": "2026-08-27", "status_before": "ruled", "evidence_before": 1, "evidence_after": 2, "bytes": [959658, 960245]}
{"at": "2026-09-26T15:37:39.926741Z", "op": "set_status", "id": "s222-D1", "sha": "d4e69d0d", "commit_full": "d4e69d0d4a2ea3f5ec8464fe0feeea8c7781aac5", "commit_date": "2026-08-28", "status_before": "ruled", "evidence_before": 1, "evidence_after": 2, "bytes": [960245, 960765]}
{"at": "2026-09-26T15:37:40.155518Z", "op": "set_status", "id": "s222-D2", "sha": "36754e24", "commit_full": "36754e247a2c6274c6f87c0ceb59acedbb6c51e2", "commit_date": "2026-08-28", "status_before": "ruled", "evidence_before": 1, "evidence_after": 2, "bytes": [960765, 961272]}
{"at": "2026-09-26T15:37:40.359213Z", "op": "set_status", "id": "s222-D3", "sha": "ba2c9f50", "commit_full": "ba2c9f50ed9979df86ac7b720c634d45439d58fc", "commit_date": "2026-08-28", "status_before": "ruled", "evidence_before": 1, "evidence_after": 2, "bytes": [961272, 961794]}
{"at": "2026-09-26T15:37:40.552040Z", "op": "set_status", "id": "s223-D2", "sha": "5efd6678", "commit_full": "5efd6678eb33be1c5f3641ac91c78f93750ea3fb", "commit_date": "2026-08-28", "status_before": "ruled", "evidence_before": 1, "evidence_after": 2, "bytes": [961794, 962479]}
{"at": "2026-09-26T15:37:40.747641Z", "op": "set_status", "id": "s223-D3", "sha": "5efd6678", "commit_full": "5efd6678eb33be1c5f3641ac91c78f93750ea3fb", "commit_date": "2026-08-28", "status_before": "ruled", "evidence_before": 1, "evidence_after": 2, "bytes": [962479, 963169]}
{"at": "2026-09-26T15:37:40.961702Z", "op": "set_status", "id": "s223-D4", "sha": "5efd6678", "commit_full": "5efd6678eb33be1c5f3641ac91c78f93750ea3fb", "commit_date": "2026-08-28", "status_before": "ruled", "evidence_before": 1, "evidence_after": 2, "bytes": [963169, 963853]}
{"at": "2026-09-26T15:37:41.171046Z", "op": "set_status", "id": "s223-D5", "sha": "5efd6678", "commit_full": "5efd6678eb33be1c5f3641ac91c78f93750ea3fb", "commit_date": "2026-08-28", "status_before": "ruled", "evidence_before": 1, "evidence_after": 2, "bytes": [963853, 964546]}
{"at": "2026-09-26T15:37:41.371758Z", "op": "set_status", "id": "s223-D6", "sha": "004ddc90", "commit_full": "004ddc90d5aa752280698a8e608e34e270e79fd7", "commit_date": "2026-08-28", "status_before": "ruled", "evidence_before": 1, "evidence_after": 2, "bytes": [964546, 965072]}
{"at": "2026-09-26T15:37:41.577047Z", "op": "set_status", "id": "s223-D7", "sha": "14af4d76", "commit_full": "14af4d76c2eac378b6f72fdf4836a2bc6d201c94", "commit_date": "2026-08-28", "status_before": "ruled", "evidence_before": 1, "evidence_after": 2, "bytes": [965072, 965528]}
{"at": "2026-09-26T15:37:41.796238Z", "op": "set_status", "id": "s223-D8", "sha": "14af4d76", "commit_full": "14af4d76c2eac378b6f72fdf4836a2bc6d201c94", "commit_date": "2026-08-28", "status_before": "ruled", "evidence_before": 1, "evidence_after": 2, "bytes": [965528, 966106]}
{"at": "2026-09-26T15:37:41.996441Z", "op": "set_status", "id": "s224-D1", "sha": "333deee7", "commit_full": "333deee7884490e9cf3985cce9963942644657f5", "commit_date": "2026-08-29", "status_before": "ruled", "evidence_before": 1, "evidence_after": 2, "bytes": [966106, 966640]}
{"at": "2026-09-26T15:37:42.209484Z", "op": "set_status", "id": "s225-D1", "sha": "4bdea9c8", "commit_full": "4bdea9c82345c7eafa7b949090e2f4dcd5870841", "commit_date": "2026-08-30", "status_before": "ruled", "evidence_before": 1, "evidence_after": 2, "bytes": [966640, 967131]}
{"at": "2026-09-26T15:37:42.415228Z", "op": "set_status", "id": "s225-D2", "sha": "4bdea9c8", "commit_full": "4bdea9c82345c7eafa7b949090e2f4dcd5870841", "commit_date": "2026-08-30", "status_before": "ruled", "evidence_before": 1, "evidence_after": 2, "bytes": [967131, 967618]}
{"at": "2026-09-26T15:37:42.630353Z", "op": "set_status", "id": "s225-D3", "sha": "4bdea9c8", "commit_full": "4bdea9c82345c7eafa7b949090e2f4dcd5870841", "commit_date": "2026-08-30", "status_before": "ruled", "evidence_before": 1, "evidence_after": 2, "bytes": [967618, 968140]}
{"at": "2026-09-26T15:37:42.844684Z", "op": "set_status", "id": "s227-D1", "sha": "35bffe10", "commit_full": "35bffe107ca068f921934d58e2d47776ce929c47", "commit_date": "2026-08-30", "status_before": "ruled", "evidence_before": 1, "evidence_after": 2, "bytes": [968140, 968700]}
{"at": "2026-09-26T15:37:43.056952Z", "op": "set_status", "id": "s227-D2", "sha": "35bffe10", "commit_full": "35bffe107ca068f921934d58e2d47776ce929c47", "commit_date": "2026-08-30", "status_before": "ruled", "evidence_before": 1, "evidence_after": 2, "bytes": [968700, 969229]}
{"at": "2026-09-26T15:37:43.269850Z", "op": "set_status", "id": "s227-D4", "sha": "ef240722", "commit_full": "ef2407224ffb10e348525e8b5e27f2ba75a63b27", "commit_date": "2026-08-30", "status_before": "ruled", "evidence_before": 1, "evidence_after": 2, "bytes": [969229, 969771]}
{"at": "2026-09-26T15:37:43.482251Z", "op": "set_status", "id": "s227-D5", "sha": "cec5997d", "commit_full": "cec5997d57177f983987d6a62f31c1a725458982", "commit_date": "2026-08-31", "status_before": "ruled", "evidence_before": 1, "evidence_after": 2, "bytes": [969771, 970230]}
{"at": "2026-09-26T15:37:43.705214Z", "op": "set_status", "id": "s227-D6", "sha": "ddc7821d", "commit_full": "ddc7821d861658b96811f4ebb65414924e94969f", "commit_date": "2026-08-31", "status_before": "ruled", "evidence_before": 1, "evidence_after": 2, "bytes": [970230, 970895]}
{"at": "2026-09-26T15:37:43.928517Z", "op": "set_status", "id": "s227-D7", "sha": "a6c2add5", "commit_full": "a6c2add59172f40adbbafbfb7b90e80c0b5e4d85", "commit_date": "2026-08-31", "status_before": "ruled", "evidence_before": 1, "evidence_after": 2, "bytes": [970895, 971570]}
{"at": "2026-09-26T15:37:44.148432Z", "op": "set_status", "id": "s228-D1", "sha": "ddc7821d", "commit_full": "ddc7821d861658b96811f4ebb65414924e94969f", "commit_date": "2026-08-31", "status_before": "ruled", "evidence_before": 1, "evidence_after": 2, "bytes": [971570, 972044]}
{"at": "2026-09-26T15:37:44.376885Z", "op": "set_status", "id": "s228-D4", "sha": "97d7b865", "commit_full": "97d7b865623e0426134d840193373ec9727ad07a", "commit_date": "2026-08-31", "status_before": "ruled", "evidence_before": 1, "evidence_after": 2, "bytes": [972044, 972736]}
{"at": "2026-09-26T15:37:44.597849Z", "op": "set_status", "id": "s232-D1", "sha": "ff1b2f53", "commit_full": "ff1b2f531f93d6081eeef05fbac4d536d78d80a0", "commit_date": "2026-09-01", "status_before": "ruled", "evidence_before": 2, "evidence_after": 3, "bytes": [972736, 973414]}
{"at": "2026-09-26T15:37:44.807172Z", "op": "set_status", "id": "s234-D5", "sha": "5ae4d32c", "commit_full": "5ae4d32c87a8c1287c581d17ce426386f5b68b07", "commit_date": "2026-09-03", "status_before": "ruled", "evidence_before": 2, "evidence_after": 3, "bytes": [973414, 973893]}
{"at": "2026-09-26T15:37:45.020066Z", "op": "set_status", "id": "s234-D6", "sha": "be52c30f", "commit_full": "be52c30f1efc5221f4291081fcd6e72760b10b50", "commit_date": "2026-09-02", "status_before": "ruled", "evidence_before": 2, "evidence_after": 3, "bytes": [973893, 974324]}
{"at": "2026-09-26T15:37:45.245230Z", "op": "set_status", "id": "s235-D1", "sha": "be52c30f", "commit_full": "be52c30f1efc5221f4291081fcd6e72760b10b50", "commit_date": "2026-09-02", "status_before": "ruled", "evidence_before": 2, "evidence_after": 3, "bytes": [974324, 974982]}
{"at": "2026-09-26T15:37:45.470898Z", "op": "set_status", "id": "s235-D2", "sha": "be52c30f", "commit_full": "be52c30f1efc5221f4291081fcd6e72760b10b50", "commit_date": "2026-09-02", "status_before": "ruled", "evidence_before": 2, "evidence_after": 3, "bytes": [974982, 975647]}
{"at": "2026-09-26T15:37:45.685667Z", "op": "set_status", "id": "s238-D7", "sha": "7104fc96", "commit_full": "7104fc960bbfb76a37e189da98f80e169e48205f", "commit_date": "2026-09-02", "status_before": "ruled", "evidence_before": 2, "evidence_after": 3, "bytes": [975647, 976178]}
{"at": "2026-09-26T15:37:45.897514Z", "op": "set_status", "id": "s240-D1", "sha": "7f8801f3", "commit_full": "7f8801f305badf7b379f7dac9e71167723ae1eaa", "commit_date": "2026-09-03", "status_before": "ruled", "evidence_before": 2, "evidence_after": 3, "bytes": [976178, 976826]}
{"at": "2026-09-26T15:37:46.113093Z", "op": "set_status", "id": "s240-D2", "sha": "7f8801f3", "commit_full": "7f8801f305badf7b379f7dac9e71167723ae1eaa", "commit_date": "2026-09-03", "status_before": "ruled", "evidence_before": 2, "evidence_after": 3, "bytes": [976826, 977466]}
{"at": "2026-09-26T15:37:46.324139Z", "op": "set_status", "id": "s240-D3", "sha": "9628bae6", "commit_full": "9628bae6087069e95a9eef2e1dbf95e2ff7ee80f", "commit_date": "2026-09-03", "status_before": "ruled", "evidence_before": 2, "evidence_after": 3, "bytes": [977466, 978038]}
{"at": "2026-09-26T15:37:46.537084Z", "op": "set_status", "id": "s241-D1", "sha": "7f8801f3", "commit_full": "7f8801f305badf7b379f7dac9e71167723ae1eaa", "commit_date": "2026-09-03", "status_before": "ruled", "evidence_before": 2, "evidence_after": 3, "bytes": [978038, 978683]}
{"at": "2026-09-26T15:37:46.756082Z", "op": "set_status", "id": "s241-D2", "sha": "7f8801f3", "commit_full": "7f8801f305badf7b379f7dac9e71167723ae1eaa", "commit_date": "2026-09-03", "status_before": "ruled", "evidence_before": 2, "evidence_after": 3, "bytes": [978683, 979212]}
{"at": "2026-09-26T15:37:46.979336Z", "op": "set_status", "id": "s243-D1", "sha": "7ad3a26f", "commit_full": "7ad3a26fc81655c2a773d8bd18649eecabec2490", "commit_date": "2026-09-03", "status_before": "ruled", "evidence_before": 3, "evidence_after": 4, "bytes": [979212, 979747]}
{"at": "2026-09-26T15:37:47.185931Z", "op": "set_status", "id": "s245-D7", "sha": "5ae4d32c", "commit_full": "5ae4d32c87a8c1287c581d17ce426386f5b68b07", "commit_date": "2026-09-03", "status_before": "ruled", "evidence_before": 4, "evidence_after": 5, "bytes": [979747, 980410]}
{"at": "2026-09-26T15:37:47.394726Z", "op": "set_status", "id": "s245-D8", "sha": "5ae4d32c", "commit_full": "5ae4d32c87a8c1287c581d17ce426386f5b68b07", "commit_date": "2026-09-03", "status_before": "ruled", "evidence_before": 4, "evidence_after": 5, "bytes": [980410, 981045]}
{"at": "2026-09-26T15:37:47.596415Z", "op": "set_status", "id": "s245-D9", "sha": "5ae4d32c", "commit_full": "5ae4d32c87a8c1287c581d17ce426386f5b68b07", "commit_date": "2026-09-03", "status_before": "ruled", "evidence_before": 4, "evidence_after": 5, "bytes": [981045, 981686]}
{"at": "2026-09-26T15:37:47.801981Z", "op": "set_status", "id": "s248-D1", "sha": "c05ff59c", "commit_full": "c05ff59c3e63f0fbd283fc51d0426eed5afc6aef", "commit_date": "2026-09-06", "status_before": "ruled", "evidence_before": 2, "evidence_after": 3, "bytes": [981686, 982235]}
{"at": "2026-09-26T15:37:48.011551Z", "op": "set_status", "id": "s248-D2", "sha": "c05ff59c", "commit_full": "c05ff59c3e63f0fbd283fc51d0426eed5afc6aef", "commit_date": "2026-09-06", "status_before": "ruled", "evidence_before": 2, "evidence_after": 3, "bytes": [982235, 982784]}
{"at": "2026-09-26T15:37:48.212617Z", "op": "set_status", "id": "s251-D1", "sha": "fc1209bf", "commit_full": "fc1209bf3eec68a1965a2ee4e817f93221615b40", "commit_date": "2026-09-06", "status_before": "ruled", "evidence_before": 2, "evidence_after": 3, "bytes": [982784, 983481]}
{"at": "2026-09-26T15:37:48.409498Z", "op": "set_status", "id": "s251-D2", "sha": "fc1209bf", "commit_full": "fc1209bf3eec68a1965a2ee4e817f93221615b40", "commit_date": "2026-09-06", "status_before": "ruled", "evidence_before": 2, "evidence_after": 3, "bytes": [983481, 984173]}
{"at": "2026-09-26T15:37:48.614833Z", "op": "set_status", "id": "s252-D1", "sha": "c189e457", "commit_full": "c189e45746ac87a5da1feefa20ba0381af7d3011", "commit_date": "2026-09-07", "status_before": "ruled", "evidence_before": 2, "evidence_after": 3, "bytes": [984173, 984914]}
{"at": "2026-09-26T15:37:48.823914Z", "op": "set_status", "id": "s254-D2", "sha": "dbf2780f", "commit_full": "dbf2780fcfa1517e7805f44511866e15427346cd", "commit_date": "2026-09-07", "status_before": "ruled", "evidence_before": 3, "evidence_after": 4, "bytes": [984914, 985557]}
{"at": "2026-09-26T15:37:49.037895Z", "op": "set_status", "id": "s255-D1", "sha": "b4adf447", "commit_full": "b4adf44782b6e70a80d3a28f8521f71c2b9937e5", "commit_date": "2026-09-07", "status_before": "ruled", "evidence_before": 3, "evidence_after": 4, "bytes": [985557, 986028]}
{"at": "2026-09-26T15:37:49.245408Z", "op": "set_status", "id": "s256-D2", "sha": "44c80619", "commit_full": "44c80619c48153dd8f61b3e069be523f8bb1ed9a", "commit_date": "2026-09-08", "status_before": "ruled", "evidence_before": 3, "evidence_after": 4, "bytes": [986028, 986565]}
{"at": "2026-09-26T15:37:49.464415Z", "op": "set_status", "id": "s257-D1", "sha": "367be6dd", "commit_full": "367be6ddb002ba05f40f84aa334001516c133efa", "commit_date": "2026-09-08", "status_before": "ruled", "evidence_before": 1, "evidence_after": 2, "bytes": [986565, 987259]}
{"at": "2026-09-26T15:37:49.676084Z", "op": "set_status", "id": "s257-D2", "sha": "b9c4c802", "commit_full": "b9c4c802439c717fc663f2c902d4aacac343884c", "commit_date": "2026-09-08", "status_before": "ruled", "evidence_before": 2, "evidence_after": 3, "bytes": [987259, 987952]}
{"at": "2026-09-26T15:37:49.898077Z", "op": "set_status", "id": "s257-D3", "sha": "dbf4d0af", "commit_full": "dbf4d0afcbf3cacf353cb3ef2d6635de58f8a4e4", "commit_date": "2026-09-08", "status_before": "ruled", "evidence_before": 1, "evidence_after": 2, "bytes": [987952, 988647]}
{"at": "2026-09-26T15:37:50.205210Z", "op": "set_status", "id": "s258-D1", "sha": "e774fb75", "commit_full": "e774fb75a884899d5c2d21940d4e0856ac9a60be", "commit_date": "2026-09-08", "status_before": "ruled", "evidence_before": 3, "evidence_after": 4, "bytes": [988647, 989325]}
{"at": "2026-09-26T15:37:50.432292Z", "op": "set_status", "id": "s258-D2", "sha": "e774fb75", "commit_full": "e774fb75a884899d5c2d21940d4e0856ac9a60be", "commit_date": "2026-09-08", "status_before": "ruled", "evidence_before": 1, "evidence_after": 2, "bytes": [989325, 990015]}
{"at": "2026-09-26T15:37:50.651758Z", "op": "set_status", "id": "s258-D3", "sha": "5c241f70", "commit_full": "5c241f707a4f219d7e49a3ba5614c0d8396dbd2c", "commit_date": "2026-09-08", "status_before": "ruled", "evidence_before": 2, "evidence_after": 3, "bytes": [990015, 990699]}
{"at": "2026-09-26T15:37:50.880607Z", "op": "set_status", "id": "s258-D4", "sha": "f9a12bf1", "commit_full": "f9a12bf166349501192b901cbdbdb1af89c4326a", "commit_date": "2026-09-08", "status_before": "ruled", "evidence_before": 2, "evidence_after": 3, "bytes": [990699, 991367]}
{"at": "2026-09-26T15:37:51.112814Z", "op": "set_status", "id": "s259-D1", "sha": "9a702b5d", "commit_full": "9a702b5d2699585e75290fc5bc25556752320025", "commit_date": "2026-09-08", "status_before": "ruled", "evidence_before": 1, "evidence_after": 2, "bytes": [991367, 992122]}
{"at": "2026-09-26T15:37:51.337458Z", "op": "set_status", "id": "s260-D1", "sha": "b8796f81", "commit_full": "b8796f8194e16ad62792a8085153cc706cf86a0e", "commit_date": "2026-09-08", "status_before": "ruled", "evidence_before": 1, "evidence_after": 2, "bytes": [992122, 992847]}
{"at": "2026-09-26T15:37:51.572317Z", "op": "set_status", "id": "s260-D2", "sha": "f4ad826f", "commit_full": "f4ad826f29daf046984d4e389688312587c835e3", "commit_date": "2026-09-14", "status_before": "ruled", "evidence_before": 2, "evidence_after": 3, "bytes": [992847, 993514]}
{"at": "2026-09-26T15:37:51.790594Z", "op": "set_status", "id": "s260-D3", "sha": "223310b9", "commit_full": "223310b9f0f11520ceb5fcc42567dac71850ae93", "commit_date": "2026-09-08", "status_before": "ruled", "evidence_before": 1, "evidence_after": 2, "bytes": [993514, 993986]}
{"at": "2026-09-26T15:37:52.025619Z", "op": "set_status", "id": "s260-D4", "sha": "a53ed797", "commit_full": "a53ed7978025a2f7fac183b70850a441cb4d42a0", "commit_date": "2026-09-08", "status_before": "ruled", "evidence_before": 1, "evidence_after": 2, "bytes": [993986, 994687]}
{"at": "2026-09-26T15:37:52.276817Z", "op": "set_status", "id": "s262-D1", "sha": "a58c350a", "commit_full": "a58c350aeb3d98c6f296319b0ce550cceeefbad7", "commit_date": "2026-09-09", "status_before": "ruled", "evidence_before": 1, "evidence_after": 2, "bytes": [994687, 995442]}
{"at": "2026-09-26T15:37:52.522444Z", "op": "set_status", "id": "s262-D3", "sha": "ce2018da", "commit_full": "ce2018dacf55d69a73ded5dd00650d436fcf9282", "commit_date": "2026-09-09", "status_before": "ruled", "evidence_before": 1, "evidence_after": 2, "bytes": [995442, 996160]}
{"at": "2026-09-26T15:37:52.745154Z", "op": "set_status", "id": "s262-D4", "sha": "50bdedc4", "commit_full": "50bdedc41f56fd93bbbc950bdebcd3f08141243f", "commit_date": "2026-09-09", "status_before": "ruled", "evidence_before": 1, "evidence_after": 2, "bytes": [996160, 996714]}
{"at": "2026-09-26T15:37:52.973341Z", "op": "set_status", "id": "s262-D6", "sha": "3cab7c36", "commit_full": "3cab7c365b853a4bd4494828e7355a62756189c5", "commit_date": "2026-09-09", "status_before": "ruled", "evidence_before": 1, "evidence_after": 2, "bytes": [996714, 997412]}
{"at": "2026-09-26T15:37:53.185939Z", "op": "set_status", "id": "s264-D1", "sha": "9bfacb91", "commit_full": "9bfacb9162340ac7ee6c93e67bbb9fcfc8140500", "commit_date": "2026-09-09", "status_before": "ruled", "evidence_before": 1, "evidence_after": 2, "bytes": [997412, 997986]}
{"at": "2026-09-26T15:37:53.401333Z", "op": "set_status", "id": "s264-D2", "sha": "9bfacb91", "commit_full": "9bfacb9162340ac7ee6c93e67bbb9fcfc8140500", "commit_date": "2026-09-09", "status_before": "ruled", "evidence_before": 1, "evidence_after": 2, "bytes": [997986, 998560]}
{"at": "2026-09-26T15:37:53.608836Z", "op": "set_status", "id": "s264-D3", "sha": "c7247c28", "commit_full": "c7247c280c5fa7c26c2d04859f5da9a0a4f6a899", "commit_date": "2026-09-09", "status_before": "ruled", "evidence_before": 1, "evidence_after": 2, "bytes": [998560, 999254]}
{"at": "2026-09-26T15:37:53.826392Z", "op": "set_status", "id": "s267-D1", "sha": "a9218cc0", "commit_full": "a9218cc06e8f24a5db1b7fe5648610e17d1f83f5", "commit_date": "2026-09-10", "status_before": "ruled", "evidence_before": 3, "evidence_after": 4, "bytes": [999254, 999944]}
{"at": "2026-09-26T15:37:54.049686Z", "op": "set_status", "id": "s267-D2", "sha": "7210dcbe", "commit_full": "7210dcbe77cedc12f0927ff482533e3a5925ed2f", "commit_date": "2026-09-10", "status_before": "ruled", "evidence_before": 3, "evidence_after": 4, "bytes": [999944, 1000641]}
{"at": "2026-09-26T15:37:54.296077Z", "op": "set_status", "id": "s267-D3", "sha": "b5c54d22", "commit_full": "b5c54d22c68c20dfa6c62fafa6095a0185b9d4d7", "commit_date": "2026-09-10", "status_before": "ruled", "evidence_before": 2, "evidence_after": 3, "bytes": [1000641, 1001168]}
{"at": "2026-09-26T15:37:54.515494Z", "op": "set_status", "id": "s268-D1", "sha": "5636ba25", "commit_full": "5636ba256fdb02d63dc38467699da9dba906b1b3", "commit_date": "2026-09-11", "status_before": "ruled", "evidence_before": 4, "evidence_after": 5, "bytes": [1001168, 1001859]}
{"at": "2026-09-26T15:37:54.745804Z", "op": "set_status", "id": "s268-D2", "sha": "2faa4f02", "commit_full": "2faa4f025d66325bfa3683413922953daf071eaa", "commit_date": "2026-09-11", "status_before": "ruled", "evidence_before": 5, "evidence_after": 6, "bytes": [1001859, 1002548]}
{"at": "2026-09-26T15:37:54.974204Z", "op": "set_status", "id": "s268-D3", "sha": "fb19d80e", "commit_full": "fb19d80ede919d03366cee23bd5ad31014dcd576", "commit_date": "2026-09-11", "status_before": "ruled", "evidence_before": 6, "evidence_after": 7, "bytes": [1002548, 1003235]}
{"at": "2026-09-26T15:37:55.199997Z", "op": "set_status", "id": "s268-D4", "sha": "a4f78ee8", "commit_full": "a4f78ee89f693141085b29838eadc81b235ad200", "commit_date": "2026-09-11", "status_before": "ruled", "evidence_before": 3, "evidence_after": 4, "bytes": [1003235, 1003682]}
{"at": "2026-09-26T15:37:55.441602Z", "op": "set_status", "id": "s268-D5", "sha": "cf23d3c2", "commit_full": "cf23d3c21c8d557635e4a2651abe2b216a75097f", "commit_date": "2026-09-11", "status_before": "ruled", "evidence_before": 3, "evidence_after": 4, "bytes": [1003682, 1004326]}
{"at": "2026-09-26T15:37:55.656522Z", "op": "set_status", "id": "s268-D6", "sha": "03e519cb", "commit_full": "03e519cb0515a91440d905db26b157163766ca53", "commit_date": "2026-09-11", "status_before": "ruled", "evidence_before": 3, "evidence_after": 4, "bytes": [1004326, 1004974]}
{"at": "2026-09-26T15:37:55.888465Z", "op": "set_status", "id": "s269-D2", "sha": "eb47a582", "commit_full": "eb47a582be6ec63f70af9c02769f826a1fee642f", "commit_date": "2026-09-15", "status_before": "ruled", "evidence_before": 3, "evidence_after": 4, "bytes": [1004974, 1005403]}
{"at": "2026-09-26T15:37:56.122669Z", "op": "set_status", "id": "s270-D2", "sha": "23f7d166", "commit_full": "23f7d166b9181a575e35190274bd53a736c0d493", "commit_date": "2026-09-14", "status_before": "ruled", "evidence_before": 4, "evidence_after": 5, "bytes": [1005403, 1005861]}
{"at": "2026-09-26T15:37:56.352469Z", "op": "set_status", "id": "s271-D1", "sha": "f4ad826f", "commit_full": "f4ad826f29daf046984d4e389688312587c835e3", "commit_date": "2026-09-14", "status_before": "ruled", "evidence_before": 3, "evidence_after": 4, "bytes": [1005861, 1006456]}
{"at": "2026-09-26T15:37:56.584133Z", "op": "set_status", "id": "s271-D2", "sha": "f4ad826f", "commit_full": "f4ad826f29daf046984d4e389688312587c835e3", "commit_date": "2026-09-14", "status_before": "ruled", "evidence_before": 2, "evidence_after": 3, "bytes": [1006456, 1007021]}
{"at": "2026-09-26T15:37:56.822392Z", "op": "set_status", "id": "s271-D3", "sha": "cf008720", "commit_full": "cf008720500ca30223243d6eae8d178812c429eb", "commit_date": "2026-09-14", "status_before": "ruled", "evidence_before": 2, "evidence_after": 3, "bytes": [1007021, 1007496]}
{"at": "2026-09-26T15:37:57.059022Z", "op": "set_status", "id": "s271-D4", "sha": "b8024dec", "commit_full": "b8024dec5a1ad417b70732279474772270e636f1", "commit_date": "2026-09-14", "status_before": "ruled", "evidence_before": 3, "evidence_after": 4, "bytes": [1007496, 1008059]}
{"at": "2026-09-26T15:37:57.294746Z", "op": "set_status", "id": "s272-D93", "sha": "4294b604", "commit_full": "4294b604d8b63d319fca4b4c8949bd378345cb66", "commit_date": "2026-09-15", "status_before": "ruled", "evidence_before": 1, "evidence_after": 2, "bytes": [1008059, 1008671]}
{"at": "2026-09-26T15:37:57.521912Z", "op": "set_status", "id": "s273-D1", "sha": "0d98a34b", "commit_full": "0d98a34b5af34a24542fc8a84f42e342bb809f56", "commit_date": "2026-09-15", "status_before": "ruled", "evidence_before": 1, "evidence_after": 2, "bytes": [1008671, 1009235]}
{"at": "2026-09-26T15:37:57.756443Z", "op": "set_status", "id": "s273-D3", "sha": "783a8d9a", "commit_full": "783a8d9aa2ac16a9129fa53fb032246d7c89d8ae", "commit_date": "2026-09-15", "status_before": "ruled", "evidence_before": 1, "evidence_after": 2, "bytes": [1009235, 1009677]}
{"at": "2026-09-26T15:37:57.983494Z", "op": "set_status", "id": "s273-D4", "sha": "5f0c97fd", "commit_full": "5f0c97fd2759f1e674eaa534c9b4a8e5d598b4dd", "commit_date": "2026-09-15", "status_before": "ruled", "evidence_before": 1, "evidence_after": 2, "bytes": [1009677, 1010156]}
{"at": "2026-09-26T15:37:58.240698Z", "op": "set_status", "id": "s274-D1", "sha": "58f56ef5", "commit_full": "58f56ef528d923b01210f95c715922cb2d441576", "commit_date": "2026-09-15", "status_before": "ruled", "evidence_before": 1, "evidence_after": 2, "bytes": [1010156, 1010853]}
{"at": "2026-09-26T15:37:58.485113Z", "op": "set_status", "id": "s274-D2", "sha": "58f56ef5", "commit_full": "58f56ef528d923b01210f95c715922cb2d441576", "commit_date": "2026-09-15", "status_before": "ruled", "evidence_before": 1, "evidence_after": 2, "bytes": [1010853, 1011550]}
{"at": "2026-09-26T15:37:58.728438Z", "op": "set_status", "id": "s274-D3", "sha": "58f56ef5", "commit_full": "58f56ef528d923b01210f95c715922cb2d441576", "commit_date": "2026-09-15", "status_before": "ruled", "evidence_before": 1, "evidence_after": 2, "bytes": [1011550, 1012247]}
{"at": "2026-09-26T15:37:58.972215Z", "op": "set_status", "id": "s274-D4", "sha": "58f56ef5", "commit_full": "58f56ef528d923b01210f95c715922cb2d441576", "commit_date": "2026-09-15", "status_before": "ruled", "evidence_before": 1, "evidence_after": 2, "bytes": [1012247, 1012944]}
{"at": "2026-09-26T15:37:59.197939Z", "op": "set_status", "id": "s274-D5", "sha": "58f56ef5", "commit_full": "58f56ef528d923b01210f95c715922cb2d441576", "commit_date": "2026-09-15", "status_before": "ruled", "evidence_before": 1, "evidence_after": 2, "bytes": [1012944, 1013641]}
{"at": "2026-09-26T15:37:59.426692Z", "op": "set_status", "id": "s274-D6", "sha": "3a752d1f", "commit_full": "3a752d1f3f21c9f18fe8c5fb8613fa6c47a3f24c", "commit_date": "2026-09-15", "status_before": "ruled", "evidence_before": 1, "evidence_after": 2, "bytes": [1013641, 1014219]}
{"at": "2026-09-26T15:37:59.690682Z", "op": "set_status", "id": "s274-D7", "sha": "00f3a876", "commit_full": "00f3a876d99d91c0118bb93907bf60b0d26d9381", "commit_date": "2026-09-15", "status_before": "ruled", "evidence_before": 1, "evidence_after": 2, "bytes": [1014219, 1014835]}
{"at": "2026-09-26T15:37:59.923019Z", "op": "set_status", "id": "s274-D8", "sha": "00f3a876", "commit_full": "00f3a876d99d91c0118bb93907bf60b0d26d9381", "commit_date": "2026-09-15", "status_before": "ruled", "evidence_before": 1, "evidence_after": 2, "bytes": [1014835, 1015451]}
{"at": "2026-09-26T15:38:00.160712Z", "op": "set_status", "id": "s274-D9", "sha": "00f3a876", "commit_full": "00f3a876d99d91c0118bb93907bf60b0d26d9381", "commit_date": "2026-09-15", "status_before": "ruled", "evidence_before": 1, "evidence_after": 2, "bytes": [1015451, 1016067]}
{"at": "2026-09-26T15:38:00.395951Z", "op": "set_status", "id": "s274-D10", "sha": "00f3a876", "commit_full": "00f3a876d99d91c0118bb93907bf60b0d26d9381", "commit_date": "2026-09-15", "status_before": "ruled", "evidence_before": 1, "evidence_after": 2, "bytes": [1016067, 1016684]}
{"at": "2026-09-26T15:38:00.629470Z", "op": "set_status", "id": "s274-D11", "sha": "00f3a876", "commit_full": "00f3a876d99d91c0118bb93907bf60b0d26d9381", "commit_date": "2026-09-15", "status_before": "ruled", "evidence_before": 1, "evidence_after": 2, "bytes": [1016684, 1017301]}
{"at": "2026-09-26T15:38:00.880503Z", "op": "set_status", "id": "s274-D12", "sha": "00f3a876", "commit_full": "00f3a876d99d91c0118bb93907bf60b0d26d9381", "commit_date": "2026-09-15", "status_before": "ruled", "evidence_before": 1, "evidence_after": 2, "bytes": [1017301, 1017918]}
{"at": "2026-09-26T15:38:01.125209Z", "op": "set_status", "id": "s275-D1", "sha": "eb47a582", "commit_full": "eb47a582be6ec63f70af9c02769f826a1fee642f", "commit_date": "2026-09-15", "status_before": "ruled", "evidence_before": 1, "evidence_after": 2, "bytes": [1017918, 1018568]}
{"at": "2026-09-26T15:38:01.357973Z", "op": "set_status", "id": "s275-D2", "sha": "eb47a582", "commit_full": "eb47a582be6ec63f70af9c02769f826a1fee642f", "commit_date": "2026-09-15", "status_before": "ruled", "evidence_before": 1, "evidence_after": 2, "bytes": [1018568, 1019218]}
{"at": "2026-09-26T15:38:01.588343Z", "op": "set_status", "id": "s275-D3", "sha": "eb47a582", "commit_full": "eb47a582be6ec63f70af9c02769f826a1fee642f", "commit_date": "2026-09-15", "status_before": "ruled", "evidence_before": 1, "evidence_after": 2, "bytes": [1019218, 1019868]}
{"at": "2026-09-26T15:38:01.822826Z", "op": "set_status", "id": "s275-D4", "sha": "eb47a582", "commit_full": "eb47a582be6ec63f70af9c02769f826a1fee642f", "commit_date": "2026-09-15", "status_before": "ruled", "evidence_before": 1, "evidence_after": 2, "bytes": [1019868, 1020518]}
{"at": "2026-09-26T15:38:02.053544Z", "op": "set_status", "id": "s275-D5", "sha": "eb47a582", "commit_full": "eb47a582be6ec63f70af9c02769f826a1fee642f", "commit_date": "2026-09-15", "status_before": "ruled", "evidence_before": 1, "evidence_after": 2, "bytes": [1020518, 1021168]}
{"at": "2026-09-26T15:38:02.281340Z", "op": "set_status", "id": "s275-D6", "sha": "eb47a582", "commit_full": "eb47a582be6ec63f70af9c02769f826a1fee642f", "commit_date": "2026-09-15", "status_before": "ruled", "evidence_before": 1, "evidence_after": 2, "bytes": [1021168, 1021818]}
{"at": "2026-09-26T15:38:02.526836Z", "op": "set_status", "id": "s276-D1", "sha": "577c82d9", "commit_full": "577c82d9dbd6a105fb02ca504a876286d05a096a", "commit_date": "2026-09-15", "status_before": "ruled", "evidence_before": 1, "evidence_after": 2, "bytes": [1021818, 1022442]}
{"at": "2026-09-26T15:38:02.757489Z", "op": "set_status", "id": "s276-D2", "sha": "577c82d9", "commit_full": "577c82d9dbd6a105fb02ca504a876286d05a096a", "commit_date": "2026-09-15", "status_before": "ruled", "evidence_before": 1, "evidence_after": 2, "bytes": [1022442, 1023066]}
{"at": "2026-09-26T15:38:02.993092Z", "op": "set_status", "id": "s276-D3", "sha": "577c82d9", "commit_full": "577c82d9dbd6a105fb02ca504a876286d05a096a", "commit_date": "2026-09-15", "status_before": "ruled", "evidence_before": 1, "evidence_after": 2, "bytes": [1023066, 1023695]}
{"at": "2026-09-26T15:38:03.230592Z", "op": "set_status", "id": "s276-D4", "sha": "577c82d9", "commit_full": "577c82d9dbd6a105fb02ca504a876286d05a096a", "commit_date": "2026-09-15", "status_before": "ruled", "evidence_before": 1, "evidence_after": 2, "bytes": [1023695, 1024324]}
{"at": "2026-09-26T15:38:03.482319Z", "op": "set_status", "id": "s276-D5", "sha": "bedf3838", "commit_full": "bedf3838a481d7524dbf34847857d5b22e7d7482", "commit_date": "2026-09-16", "status_before": "ruled", "evidence_before": 1, "evidence_after": 2, "bytes": [1024324, 1024816]}
{"at": "2026-09-26T15:38:03.727513Z", "op": "set_status", "id": "s276-D6", "sha": "577c82d9", "commit_full": "577c82d9dbd6a105fb02ca504a876286d05a096a", "commit_date": "2026-09-15", "status_before": "ruled", "evidence_before": 1, "evidence_after": 2, "bytes": [1024816, 1025403]}
{"at": "2026-09-26T15:38:03.964492Z", "op": "set_status", "id": "s277-D1", "sha": "bedf3838", "commit_full": "bedf3838a481d7524dbf34847857d5b22e7d7482", "commit_date": "2026-09-16", "status_before": "ruled", "evidence_before": 1, "evidence_after": 2, "bytes": [1025403, 1025989]}
{"at": "2026-09-26T15:38:04.186132Z", "op": "set_status", "id": "s277-D2", "sha": "bedf3838", "commit_full": "bedf3838a481d7524dbf34847857d5b22e7d7482", "commit_date": "2026-09-16", "status_before": "ruled", "evidence_before": 1, "evidence_after": 2, "bytes": [1025989, 1026576]}
{"at": "2026-09-26T15:38:04.414117Z", "op": "set_status", "id": "s277-D3", "sha": "bedf3838", "commit_full": "bedf3838a481d7524dbf34847857d5b22e7d7482", "commit_date": "2026-09-16", "status_before": "ruled", "evidence_before": 1, "evidence_after": 2, "bytes": [1026576, 1027162]}
{"at": "2026-09-26T15:38:04.658917Z", "op": "set_status", "id": "s277-D4", "sha": "f6412422", "commit_full": "f64124227ee8f9c4f313f26f2c6f0dadcf7df75f", "commit_date": "2026-09-16", "status_before": "ruled", "evidence_before": 1, "evidence_after": 2, "bytes": [1027162, 1027639]}
{"at": "2026-09-26T15:38:04.884814Z", "op": "set_status", "id": "s277-D5", "sha": "f6412422", "commit_full": "f64124227ee8f9c4f313f26f2c6f0dadcf7df75f", "commit_date": "2026-09-16", "status_before": "ruled", "evidence_before": 1, "evidence_after": 2, "bytes": [1027639, 1028018]}
{"at": "2026-09-26T15:38:05.133628Z", "op": "set_status", "id": "s277-D6", "sha": "f6412422", "commit_full": "f64124227ee8f9c4f313f26f2c6f0dadcf7df75f", "commit_date": "2026-09-16", "status_before": "ruled", "evidence_before": 1, "evidence_after": 2, "bytes": [1028018, 1028485]}
{"at": "2026-09-26T15:38:05.365025Z", "op": "set_status", "id": "s277-D7", "sha": "f6412422", "commit_full": "f64124227ee8f9c4f313f26f2c6f0dadcf7df75f", "commit_date": "2026-09-16", "status_before": "ruled", "evidence_before": 1, "evidence_after": 2, "bytes": [1028485, 1028970]}
{"at": "2026-09-26T15:38:05.597710Z", "op": "set_status", "id": "s277-D8", "sha": "2c6b640d", "commit_full": "2c6b640d50b2865e9e49d5506c57bd98d0e76dc4", "commit_date": "2026-09-16", "status_before": "ruled", "evidence_before": 1, "evidence_after": 2, "bytes": [1028970, 1029413]}
{"at": "2026-09-26T15:38:05.830170Z", "op": "set_status", "id": "s277-D9", "sha": "9e7a158e", "commit_full": "9e7a158edc5b98b9f9804e7d83c8963870d5b29f", "commit_date": "2026-09-16", "status_before": "ruled", "evidence_before": 1, "evidence_after": 2, "bytes": [1029413, 1030170]}
{"at": "2026-09-26T15:38:06.067756Z", "op": "set_status", "id": "s277-D10", "sha": "d6bd57ba", "commit_full": "d6bd57bab8ce7ac640a9b797ce305c25f19bc0eb", "commit_date": "2026-09-16", "status_before": "ruled", "evidence_before": 1, "evidence_after": 2, "bytes": [1030170, 1030853]}
{"at": "2026-09-26T15:38:06.293329Z", "op": "set_status", "id": "s277-D11", "sha": "eb2ff7c0", "commit_full": "eb2ff7c0b8eb1959efbe4d5209c1826b5962b71b", "commit_date": "2026-09-16", "status_before": "ruled", "evidence_before": 1, "evidence_after": 2, "bytes": [1030853, 1031319]}
{"at": "2026-09-26T15:38:06.533365Z", "op": "set_status", "id": "s277-D13", "sha": "d6bd57ba", "commit_full": "d6bd57bab8ce7ac640a9b797ce305c25f19bc0eb", "commit_date": "2026-09-16", "status_before": "ruled", "evidence_before": 1, "evidence_after": 2, "bytes": [1031319, 1031778]}
{"at": "2026-09-26T15:38:06.780621Z", "op": "set_status", "id": "s278-D1", "sha": "d6bd57ba", "commit_full": "d6bd57bab8ce7ac640a9b797ce305c25f19bc0eb", "commit_date": "2026-09-16", "status_before": "ruled", "evidence_before": 1, "evidence_after": 2, "bytes": [1031778, 1032217]}
{"at": "2026-09-26T15:38:07.032033Z", "op": "set_status", "id": "s279-D1", "sha": "df33a241", "commit_full": "df33a2415163c91fd14ce8548e4ca5a7dd1d0dc6", "commit_date": "2026-09-16", "status_before": "ruled", "evidence_before": 3, "evidence_after": 4, "bytes": [1032217, 1032911]}
{"at": "2026-09-26T15:38:07.248816Z", "op": "set_status", "id": "s280-D1", "sha": "b5df9c96", "commit_full": "b5df9c9670063f6df01bc10d035e047b96ca0df8", "commit_date": "2026-09-16", "status_before": "ruled", "evidence_before": 5, "evidence_after": 6, "bytes": [1032911, 1033379]}
{"at": "2026-09-26T15:38:07.467500Z", "op": "set_status", "id": "s280-D2", "sha": "e518cd64", "commit_full": "e518cd64938620ddbda65e84ccd3e57cff266191", "commit_date": "2026-09-17", "status_before": "ruled", "evidence_before": 3, "evidence_after": 4, "bytes": [1033379, 1033874]}
{"at": "2026-09-26T15:38:07.694910Z", "op": "set_status", "id": "s281-D1", "sha": "b95042cb", "commit_full": "b95042cb2b1754d3eae7bead3fd528f1bc2d3376", "commit_date": "2026-09-17", "status_before": "ruled", "evidence_before": 4, "evidence_after": 5, "bytes": [1033874, 1034561]}
{"at": "2026-09-26T15:38:07.927452Z", "op": "set_status", "id": "s281-D3", "sha": "7f714f0f", "commit_full": "7f714f0fa621e63df3ff5e4c9bb082ab0c43121d", "commit_date": "2026-09-17", "status_before": "ruled", "evidence_before": 7, "evidence_after": 8, "bytes": [1034561, 1035015]}
{"at": "2026-09-26T15:38:08.154142Z", "op": "set_status", "id": "s281-D2", "sha": "fd85bbec", "commit_full": "fd85bbecf9b9d7884861a6d408a53f74e60131a5", "commit_date": "2026-09-17", "status_before": "ruled", "evidence_before": 6, "evidence_after": 7, "bytes": [1035015, 1035550]}
{"at": "2026-09-26T15:38:08.383663Z", "op": "set_status", "id": "s281-D4", "sha": "d23aed9d", "commit_full": "d23aed9d5f99c0429e10669784815c5d03473c0d", "commit_date": "2026-09-17", "status_before": "ruled", "evidence_before": 9, "evidence_after": 10, "bytes": [1035550, 1036216]}
{"at": "2026-09-26T15:38:08.607506Z", "op": "set_status", "id": "s281-D5", "sha": "d23aed9d", "commit_full": "d23aed9d5f99c0429e10669784815c5d03473c0d", "commit_date": "2026-09-17", "status_before": "ruled", "evidence_before": 6, "evidence_after": 7, "bytes": [1036216, 1036903]}
{"at": "2026-09-26T15:38:08.839320Z", "op": "set_status", "id": "s281-D6", "sha": "7f714f0f", "commit_full": "7f714f0fa621e63df3ff5e4c9bb082ab0c43121d", "commit_date": "2026-09-17", "status_before": "ruled", "evidence_before": 7, "evidence_after": 8, "bytes": [1036903, 1037585]}
{"at": "2026-09-26T15:38:09.062879Z", "op": "set_status", "id": "s282-D1", "sha": "56c5690a", "commit_full": "56c5690a6e222ec26665c6a88292f63f7c237e06", "commit_date": "2026-09-17", "status_before": "ruled", "evidence_before": 8, "evidence_after": 9, "bytes": [1037585, 1038329]}
{"at": "2026-09-26T15:38:09.285756Z", "op": "set_status", "id": "s282-D2", "sha": "bb016c69", "commit_full": "bb016c6900d4024d95436304ddd4262cc39934a2", "commit_date": "2026-09-17", "status_before": "ruled", "evidence_before": 2, "evidence_after": 2, "bytes": [1038329, 1038876]}
{"at": "2026-09-26T15:38:09.532499Z", "op": "set_status", "id": "s282-D3", "sha": "ade8a403", "commit_full": "ade8a403b4bff4db1c2f25a4ea358d6f24b41a91", "commit_date": "2026-09-18", "status_before": "ruled", "evidence_before": 2, "evidence_after": 3, "bytes": [1038876, 1039308]}
{"at": "2026-09-26T15:38:09.763135Z", "op": "set_status", "id": "s282-D4", "sha": "da9f824e", "commit_full": "da9f824e304f36d759ef3b3021b8354441455754", "commit_date": "2026-09-18", "status_before": "ruled", "evidence_before": 2, "evidence_after": 2, "bytes": [1039308, 1039839]}
{"at": "2026-09-26T15:38:09.991468Z", "op": "set_status", "id": "s282-D5", "sha": "eaf12365", "commit_full": "eaf12365e394e3b06063ef425b69d7875082a597", "commit_date": "2026-09-18", "status_before": "ruled", "evidence_before": 6, "evidence_after": 6, "bytes": [1039839, 1040446]}
{"at": "2026-09-26T15:38:10.220430Z", "op": "set_status", "id": "s282-D6", "sha": "03fe8ffd", "commit_full": "03fe8ffde2336a479a17fa9b9b7fae87332c6c17", "commit_date": "2026-09-18", "status_before": "ruled", "evidence_before": 1, "evidence_after": 2, "bytes": [1040446, 1041135]}
{"at": "2026-09-26T15:38:10.440780Z", "op": "set_status", "id": "s283-D1", "sha": "85aee083", "commit_full": "85aee083ed1101dcc36b4a0ed80cac55b700027e", "commit_date": "2026-09-18", "status_before": "ruled", "evidence_before": 1, "evidence_after": 2, "bytes": [1041135, 1041566]}
{"at": "2026-09-26T15:38:10.681650Z", "op": "set_status", "id": "s287-D1", "sha": "75a490cd", "commit_full": "75a490cda77db7065c6b866ba68fbc99d9d33279", "commit_date": "2026-09-19", "status_before": "ruled", "evidence_before": 2, "evidence_after": 3, "bytes": [1041566, 1042250]}
{"at":"2026-09-26T16:01:55Z","op":"pre-close snapshot","file":"knowledge/_state.json","sha256":"819af21fe0350a6f1fed4b12d28cd4e679742bd633c8c506dc6bb0d3f312984d"}
{"at": "2026-09-26T16:01:56.610096Z", "op": "close", "file": "knowledge/_state.json", "id": "W-43", "closed_by_chars": 436}
{"at": "2026-09-26T16:01:56.610132Z", "op": "close", "file": "knowledge/_state.json", "id": "W-47", "closed_by_chars": 520}
{"at": "2026-09-26T16:01:56.610137Z", "op": "close", "file": "knowledge/_state.json", "id": "W-54", "closed_by_chars": 438}
{"at": "2026-09-26T16:01:56.610140Z", "op": "close", "file": "knowledge/_state.json", "id": "W-197", "closed_by_chars": 454}
{"at": "2026-09-26T16:01:56.610143Z", "op": "close", "file": "knowledge/_state.json", "id": "W-200", "closed_by_chars": 360}
{"at": "2026-09-26T16:01:56.610146Z", "op": "close", "file": "knowledge/_state.json", "id": "W-202", "closed_by_chars": 427}
{"at": "2026-09-26T16:01:56.610149Z", "op": "close", "file": "knowledge/_state.json", "id": "W-203", "closed_by_chars": 374}
{"at": "2026-09-26T16:01:56.610152Z", "op": "close", "file": "knowledge/_state.json", "id": "W-204", "closed_by_chars": 447}
{"at": "2026-09-26T16:01:56.610154Z", "op": "close", "file": "knowledge/_state.json", "id": "W-205", "closed_by_chars": 374}
{"at": "2026-09-26T16:01:56.610157Z", "op": "close", "file": "knowledge/_state.json", "id": "W-226", "closed_by_chars": 498}
{"at": "2026-09-26T16:01:56.610160Z", "op": "close", "file": "knowledge/_state.json", "id": "W-239", "closed_by_chars": 339}
{"at": "2026-09-26T16:01:56.610163Z", "op": "close", "file": "knowledge/_state.json", "id": "W-274", "closed_by_chars": 692}
{"at": "2026-09-26T16:01:56.610166Z", "op": "close", "file": "knowledge/_state.json", "id": "W-298k", "closed_by_chars": 728}
{"at": "2026-09-26T16:01:56.610169Z", "op": "close", "file": "knowledge/_state.json", "id": "W-299k", "closed_by_chars": 769}
{"at": "2026-09-26T16:01:56.610171Z", "op": "close", "file": "knowledge/_state.json", "id": "W-344", "closed_by_chars": 528}
{"at": "2026-09-26T16:01:56.610174Z", "op": "close", "file": "knowledge/_state.json", "id": "W-346", "closed_by_chars": 497}
{"at": "2026-09-26T16:01:56.610177Z", "op": "close", "file": "knowledge/_state.json", "id": "W-347", "closed_by_chars": 717}
{"at": "2026-09-26T16:01:56.610180Z", "op": "close", "file": "knowledge/_state.json", "id": "W-348", "closed_by_chars": 706}
{"at": "2026-09-26T16:01:56.610183Z", "op": "close", "file": "knowledge/_state.json", "id": "W-354", "closed_by_chars": 575}
{"at": "2026-09-26T16:01:56.610186Z", "op": "close", "file": "knowledge/_state.json", "id": "W-356", "closed_by_chars": 694}
{"at": "2026-09-26T16:01:56.610189Z", "op": "close", "file": "knowledge/_state.json", "id": "W-361", "closed_by_chars": 648}
{"at": "2026-09-26T16:01:56.610191Z", "op": "close", "file": "knowledge/_state.json", "id": "W-362", "closed_by_chars": 697}
{"at": "2026-09-26T16:01:56.610194Z", "op": "close", "file": "knowledge/_state.json", "id": "W-365", "closed_by_chars": 345}
{"at": "2026-09-26T16:01:56.610197Z", "op": "close", "file": "knowledge/_state.json", "id": "W-367", "closed_by_chars": 358}
{"at": "2026-09-26T16:01:56.610200Z", "op": "close", "file": "knowledge/_state.json", "id": "W-369", "closed_by_chars": 353}
{"at": "2026-09-26T16:01:56.610203Z", "op": "close", "file": "knowledge/_state.json", "id": "W-371", "closed_by_chars": 354}
{"at": "2026-09-26T16:01:56.610205Z", "op": "close", "file": "knowledge/_state.json", "id": "W-373", "closed_by_chars": 355}
{"at": "2026-09-26T16:01:56.610208Z", "op": "close", "file": "knowledge/_state.json", "id": "W-377", "closed_by_chars": 719}
{"at": "2026-09-26T16:01:56.610211Z", "op": "close", "file": "knowledge/_state.json", "id": "W-383", "closed_by_chars": 738}
{"at": "2026-09-26T16:01:56.610214Z", "op": "close", "file": "knowledge/_state.json", "id": "W-385", "closed_by_chars": 728}
{"at": "2026-09-26T16:01:56.610217Z", "op": "close", "file": "knowledge/_state.json", "id": "W-392", "closed_by_chars": 742}
{"at": "2026-09-26T16:01:56.610220Z", "op": "close", "file": "knowledge/_state.json", "id": "W-394", "closed_by_chars": 673}
{"at": "2026-09-26T16:01:56.610223Z", "op": "close", "file": "knowledge/_state.json", "id": "W-400", "closed_by_chars": 608}
{"at": "2026-09-26T16:01:56.610226Z", "op": "close", "file": "knowledge/_state.json", "id": "W-402", "closed_by_chars": 669}
{"at": "2026-09-26T16:01:56.610229Z", "op": "close", "file": "knowledge/_state.json", "id": "W-403", "closed_by_chars": 700}
{"at": "2026-09-26T16:01:56.610231Z", "op": "close", "file": "knowledge/_state.json", "id": "W-404", "closed_by_chars": 674}
{"at": "2026-09-26T16:01:56.610234Z", "op": "close", "file": "knowledge/_state.json", "id": "W-412", "closed_by_chars": 819}
{"at": "2026-09-26T16:01:56.610237Z", "op": "close", "file": "knowledge/_state.json", "id": "W-415", "closed_by_chars": 739}
{"at": "2026-09-26T16:01:56.610240Z", "op": "close", "file": "knowledge/_state.json", "id": "W-420", "closed_by_chars": 651}
{"at": "2026-09-26T16:01:56.610243Z", "op": "close", "file": "knowledge/_state.json", "id": "W-424", "closed_by_chars": 798}
{"at": "2026-09-26T16:01:56.610246Z", "op": "close", "file": "knowledge/_state.json", "id": "W-430", "closed_by_chars": 743}
{"at": "2026-09-26T16:01:56.610249Z", "op": "close", "file": "knowledge/_state.json", "id": "W-441", "closed_by_chars": 848}
{"at": "2026-09-26T16:01:56.610256Z", "op": "close", "file": "knowledge/_state.json", "id": "W-460", "closed_by_chars": 648}
{"at": "2026-09-26T16:01:56.610259Z", "op": "close", "file": "knowledge/_state.json", "id": "W-486", "closed_by_chars": 533}
{"at": "2026-09-26T16:01:56.610261Z", "op": "close", "file": "knowledge/_state.json", "id": "W-487", "closed_by_chars": 536}
{"at": "2026-09-26T16:01:56.610264Z", "op": "close", "file": "knowledge/_state.json", "id": "W-488", "closed_by_chars": 520}
{"at": "2026-09-26T16:01:56.610267Z", "op": "close", "file": "knowledge/_state.json", "id": "W-489", "closed_by_chars": 646}
{"at": "2026-09-26T16:01:56.610270Z", "op": "close", "file": "knowledge/_state.json", "id": "W-492", "closed_by_chars": 539}
{"at": "2026-09-26T16:01:56.610273Z", "op": "close", "file": "knowledge/_state.json", "id": "W-496", "closed_by_chars": 602}
{"at": "2026-09-26T16:01:56.610276Z", "op": "close", "file": "knowledge/_state.json", "id": "W-499", "closed_by_chars": 547}
{"at": "2026-09-26T16:01:56.610279Z", "op": "close", "file": "knowledge/_state.json", "id": "W-506", "closed_by_chars": 543}
{"at": "2026-09-26T16:01:56.610282Z", "op": "close", "file": "knowledge/_state.json", "id": "W-508", "closed_by_chars": 559}
{"at": "2026-09-26T16:01:56.610285Z", "op": "close", "file": "knowledge/_state.json", "id": "W-100ah", "closed_by_chars": 647}
