— 146 steps read from _build_all.STEPS by ast (never imported) · per-step timeout 60s · non-mutating steps only

  ✅ [ 3] token blast-radius + graph report — determinism/staleness chec
  ✅ [ 4] token blast-radius + graph report selftest (#79 P6)
  ✅ [ 9] help-gate selftest — 5 mutation bites (#158 class gate)
  ✅ [11] assertion veracity selftest — verbs bite + registry well-forme
  ⊘ [13] capture/provenance selftest (Memento §4.1)  COULD-NOT-ASK
  ✅ [14] gauge-tokens selftest -- counting path + cache + degraded-meas
  ✅ [15] roll-state measurer selftest (#77 T1)
  ✅ [16] commit-seam harness — _git_commit.sh fixture-repo arms (#78-D1
  ✅ [17] GM/LS mover selftest — hardened move mechanics (M5)
  ✅ [18] section-usage instrumentation selftest (#23)
  ✅ [20] lane records determinism check (O1′ #24)

==============================================================================
SURVEY: 10 pass · 0 FAIL · 1 COULD-NOT-ASK (self-declared refusals) · 0 unaskable (missing/timed out) · 9 not asked (mutating) · 126 outside --range 1:20 (not asked)
⚠ 'not asked' is NOT 'passing' — it is excluded from the exit code, deliberately.
⚠ 'COULD-NOT-ASK' is NOT 'passing' either. It is a step that named the input it could
  not reach, so the job does not go red for an ENVIRONMENT fact dressed as an artefact
  verdict (#173/#183, generalised #193). Every one is printed in full below. A step
  that timed out or is MISSING is a different thing and still fails: nobody asked it
  and it never said why.
⚠ A RANGED SURVEY IS A PARTIAL VERDICT: only a full pass over all steps, or consecutive ranges covering them, says anything about the build.

COULD-NOT-ASK (1) — each step's OWN words about the input it could not reach.
These do NOT fail the survey; they also do not pass. If one of them is here because the
environment is wrong rather than because the input is genuinely unreachable, FIX THE ENVIRONMENT:

  [13] capture/provenance selftest (Memento §4.1)
      python3 knowledge/_capture_gate.py --selftest   (exit 77)
      COULD-NOT-ASK: _capture_gate.py --selftest — 4 arm(s) read an input this checkout cannot hold — trigger index: ruling ds-034's evidence `outputs/_FINDING-canon-pri-hover-brand-mono-fork-2026-08-06-v1.md` is excluded by this repo's own .gitignore — no checkout can hold it, so whether it has rotted is UNASKABLE here; the machine that wrote it is where that question has an answer · trigger index: ruling ds-034's evidence `outputs/_PARTITION-button-primary-2026-08-06-v1.md` is excluded by this repo's own .gitignore — no checkout can hold it, so whether it has rotted is UNASKABLE here; the machine that wrote it is where that question has an answer · trigger index: ruling ds-035's evidence `outputs/_FINDING-canon-pri-hover-brand-mono-fork-2026-08-06-v1.md` is excluded by this repo's own .gitignore — no checkout can hold it, so whether it has rotted is UNASKABLE here; the machine that wrote it is where that question has an answer · trigger index: ruling s245-D6's evidence `knowledge/_tmp/l3-245/rename-plan.json` is excluded by this repo's own .gitignore — no checkout can hold it, so whether it has rotted is UNASKABLE here; the machine that wrote it is where that question has an answer ⇒ THIS IS NOT A SKIP: every other arm passed here, and these arms have their proof of record on a tree that carries the ignored artefacts (a working session's own repo), never on a bare clone.

NOT ASKED (9 mutating steps) — run --include-mutating on a clean tree to include them:
  [1] compliance knowledge graph
  [2] token blast-radius + graph report
  [5] guideline rules index (gate)
  [6] runbook index (generated)
  [7] standing-instructions reachability gate
  [8] help-gate — no entry point may write before it reads argv (#158 cl
  [10] assertion veracity gate — claims that can rot
  [12] capture/provenance gate — status+provenance on new notes+dossiers 
  … and 1 more

— recorded → /sessions/rcw-0115rtjy4mpbeejfbjiuhael/clone304r1/notes/_BUILD-VERDICT-LOG.jsonl
