— 146 steps read from _build_all.STEPS by ast (never imported) · per-step timeout 60s · ALL steps (mutating included)

⚠ --resume: proceeding over a dirty tree. The dirt below must be the PRIOR
  chunk's regeneration — if you cannot name why every path is dirty, STOP.
  (#61's 'gutted' state IS this state: stripped-not-yet-re-enriched, healed
  only by a COMPLETE pass over the remaining steps.)
    M knowledge/_ADVISORY-SIGNALS.md
     M knowledge/_ASSERTIONS.md
     M knowledge/_CAPTURE-GATE.md
     M knowledge/_DARK-MODE-AUDIT.json
     M knowledge/_DARK-MODE-AUDIT.md
     M knowledge/_GRAPH-REPORT.md
     M knowledge/_ICON-CONTRAST-DELTA.md
     M knowledge/_LIVE-STATE-CHECK.md
     M knowledge/_REVIEW-QUEUE.json
     M knowledge/_REVIEW-QUEUE.md
     M knowledge/_RUNBOOKS.md
     M knowledge/_SCREEN-GATE.md
     M knowledge/_STATES-COMPLETENESS.md
     M knowledge/_SUTHERLAND-FIXTURES.md
     M knowledge/_TYPE-BLAST-GATE.md
     M knowledge/_XREF-INDEX.json
     M knowledge/_XREF-INDEX.md
     M knowledge/_screen-gate/nio-dash-console-v1.canon.md
     M knowledge/_screen-gate/nio-dash-console-v2.canon.md
     M knowledge/_screen-gate/payments-journey.canon.md
     M knowledge/_screen-gate/sme-payments-desktop.canon.md
     M knowledge/_screen-gate/sme-payments-swiss.canon.md
     M knowledge/_screen-gate/sme-payments.canon.md
     M knowledge/_type_ratchet.json
     M knowledge/compliance/graph-index.json
     M knowledge/compliance/rules/wcag-1.1.1-non-text-content.json
     M knowledge/compliance/rules/wcag-1.2.2-captions-prerecorded.json
     M knowledge/compliance/rules/wcag-1.2.5-audio-description-prerecorded.json
     M knowledge/compliance/rules/wcag-1.3.1-info-and-relationships.json
     M knowledge/compliance/rules/wcag-1.3.2-meaningful-sequence.json
     M knowledge/compliance/rules/wcag-1.3.5-identify-input-purpose.json
     M knowledge/compliance/rules/wcag-1.4.1-use-of-color.json
     M knowledge/compliance/rules/wcag-1.4.10-reflow.json
     M knowledge/compliance/rules/wcag-1.4.11-non-text-contrast.json
     M knowledge/compliance/rules/wcag-1.4.12-text-spacing.json
     M knowledge/compliance/rules/wcag-1.4.13-content-on-hover-or-focus.json
     M knowledge/compliance/rules/wcag-1.4.3-contrast-minimum.json
     M knowledge/compliance/rules/wcag-1.4.4-resize-text.json
     M knowledge/compliance/rules/wcag-2.1.1-keyboard.json
     M knowledge/compliance/rules/wcag-2.1.2-no-keyboard-trap.json
     M knowledge/compliance/rules/wcag-2.2.1-timing-adjustable.json
     M knowledge/compliance/rules/wcag-2.2.2-pause-stop-hide.json
     M knowledge/compliance/rules/wcag-2.3.3-animation-from-interactions.json
     M knowledge/compliance/rules/wcag-2.4.1-bypass-blocks.json
     M knowledge/compliance/rules/wcag-2.4.11-focus-not-obscured-minimum.json
     M knowledge/compliance/rules/wcag-2.4.2-page-titled.json
     M knowledge/compliance/rules/wcag-2.4.3-focus-order.json
     M knowledge/compliance/rules/wcag-2.4.4-link-purpose-in-context.json
     M knowledge/compliance/rules/wcag-2.4.5-multiple-ways.json
     M knowledge/compliance/rules/wcag-2.4.6-headings-and-labels.json
     M knowledge/compliance/rules/wcag-2.4.7-focus-visible.json
     M knowledge/compliance/rules/wcag-2.4.8-location.json
     M knowledge/compliance/rules/wcag-2.5.5-target-size-enhanced.json
     M knowledge/compliance/rules/wcag-2.5.7-dragging-movements.json
     M knowledge/compliance/rules/wcag-2.5.8-target-size-minimum.json
     M knowledge/compliance/rules/wcag-3.2.1-on-focus.json
     M knowledge/compliance/rules/wcag-3.2.3-consistent-navigation.json
     M knowledge/compliance/rules/wcag-3.3.1-error-identification.json
     M knowledge/compliance/rules/wcag-3.3.2-labels-or-instructions.json
     M knowledge/compliance/rules/wcag-3.3.3-error-suggestion.json
     M knowledge/compliance/rules/wcag-4.1.1-parsing.json
     M knowledge/compliance/rules/wcag-4.1.2-name-role-value.json
     M knowledge/compliance/rules/wcag-4.1.3-status-messages.json
     M knowledge/tokens/_blast-radius.json
     M knowledge/tokens/_manifests/states-probe.json
     M knowledge/tokens/_manifests/sutherland-fixtures.json
     M notes/_BUILD-VERDICT-LOG.jsonl
  ✅ [101] dataviz var-resolution gate selftest — 8 arms incl. alias chai
  ✅ [102] minted-token consumption inventory — declared-but-never-read (
  ✅ [103] minted-consumption selftest — 10 arms incl. both false-positiv
  ✅ [104] hidden-attr vs author-display sweep — painted while hidden (AD
  ✅ [105] hidden-attr display selftest — 16 bites incl. the real #218 mu
  ✅ [106] reverse-text edge-extremity check {#col26-020} (advisory)
  ✅ [107] compliance verification edges — applies_to vs verified_by (adv
  ✅ [108] external automatable-check refs — axe-core import (advisory)
  ✅ [109] consult index — problem-domain query surface
  ✅ [110] consult tool selftest (advisory)
  ✅ [111] search core selftest — two-stage engine + receipt format (O2′ 
  ✅ [112] memento index — the Memento door's corpus (O2′ #25)
  ✅ [113] memento index determinism check (O2′ #25)
  ✅ [114] memento index selftest — contract refusals + determinism (O2′ 
  ✅ [115] memento search selftest — known-answer retrieval + fetch refus
  ✅ [116] graph mention map — the decision-graph/memento-index join (#11
  ✅ [117] graph mention map determinism check (#115 step 0)
  ✅ [118] graph mention map selftest — hit/miss/refusal bites (#115 step
  ✅ [119] read chain file — _CHAIN.md, the cold-start door (#41)
  ✅ [120] read chain determinism check — stale _CHAIN.md serves a PREVIO
  ✅ [121] read chain selftest — verbatim terms + the CUT + refusal on a 
  ✅ [122] GM size stamp check — a TYPED `size:` figure / drift past the 
  ✅ [123] GM size stamp selftest — the fixed point, the 2-cycle refusal,
  ✅ [124] memento schematic — the six subsystems, generated from the fil
  ✅ [125] memento schematic determinism check — a stale diagram publishe

==============================================================================
SURVEY: 25 pass · 0 FAIL · 0 COULD-NOT-ASK (self-declared refusals) · 0 unaskable (missing/timed out) · 0 not asked (mutating) · 121 outside --range 101:125 (not asked)
⚠ 'not asked' is NOT 'passing' — it is excluded from the exit code, deliberately.
⚠ 'COULD-NOT-ASK' is NOT 'passing' either. It is a step that named the input it could
  not reach, so the job does not go red for an ENVIRONMENT fact dressed as an artefact
  verdict (#173/#183, generalised #193). Every one is printed in full below. A step
  that timed out or is MISSING is a different thing and still fails: nobody asked it
  and it never said why.
⚠ A RANGED SURVEY IS A PARTIAL VERDICT: only a full pass over all steps, or consecutive ranges covering them, says anything about the build.

— recorded → /sessions/rcw-0115rtjy4mpbeejfbjiuhael/clone304r1/notes/_BUILD-VERDICT-LOG.jsonl
