— 146 steps read from _build_all.STEPS by ast (never imported) · per-step timeout 60s · ALL steps (mutating included)

⚠ --resume: proceeding over a dirty tree. The dirt below must be the PRIOR
  chunk's regeneration — if you cannot name why every path is dirty, STOP.
  (#61's 'gutted' state IS this state: stripped-not-yet-re-enriched, healed
  only by a COMPLETE pass over the remaining steps.)
    M knowledge/_ASSERTIONS.md
     M knowledge/_CAPTURE-GATE.md
     M knowledge/_GRAPH-REPORT.md
     M knowledge/_RUNBOOKS.md
     M knowledge/compliance/graph-index.json
     M knowledge/compliance/rules/wcag-1.1.1-non-text-content.json
     M knowledge/compliance/rules/wcag-1.2.2-captions-prerecorded.json
     M knowledge/compliance/rules/wcag-1.2.5-audio-description-prerecorded.json
     M knowledge/compliance/rules/wcag-1.3.1-info-and-relationships.json
     M knowledge/compliance/rules/wcag-1.3.2-meaningful-sequence.json
     M knowledge/compliance/rules/wcag-1.3.5-identify-input-purpose.json
     M knowledge/compliance/rules/wcag-1.4.1-use-of-color.json
     M knowledge/compliance/rules/wcag-1.4.10-reflow.json
     M knowledge/compliance/rules/wcag-1.4.11-non-text-contrast.json
     M knowledge/compliance/rules/wcag-1.4.12-text-spacing.json
     M knowledge/compliance/rules/wcag-1.4.13-content-on-hover-or-focus.json
     M knowledge/compliance/rules/wcag-1.4.3-contrast-minimum.json
     M knowledge/compliance/rules/wcag-1.4.4-resize-text.json
     M knowledge/compliance/rules/wcag-2.1.1-keyboard.json
     M knowledge/compliance/rules/wcag-2.1.2-no-keyboard-trap.json
     M knowledge/compliance/rules/wcag-2.2.1-timing-adjustable.json
     M knowledge/compliance/rules/wcag-2.2.2-pause-stop-hide.json
     M knowledge/compliance/rules/wcag-2.3.3-animation-from-interactions.json
     M knowledge/compliance/rules/wcag-2.4.1-bypass-blocks.json
     M knowledge/compliance/rules/wcag-2.4.11-focus-not-obscured-minimum.json
     M knowledge/compliance/rules/wcag-2.4.2-page-titled.json
     M knowledge/compliance/rules/wcag-2.4.3-focus-order.json
     M knowledge/compliance/rules/wcag-2.4.4-link-purpose-in-context.json
     M knowledge/compliance/rules/wcag-2.4.5-multiple-ways.json
     M knowledge/compliance/rules/wcag-2.4.6-headings-and-labels.json
     M knowledge/compliance/rules/wcag-2.4.7-focus-visible.json
     M knowledge/compliance/rules/wcag-2.4.8-location.json
     M knowledge/compliance/rules/wcag-2.5.5-target-size-enhanced.json
     M knowledge/compliance/rules/wcag-2.5.7-dragging-movements.json
     M knowledge/compliance/rules/wcag-2.5.8-target-size-minimum.json
     M knowledge/compliance/rules/wcag-3.2.1-on-focus.json
     M knowledge/compliance/rules/wcag-3.2.3-consistent-navigation.json
     M knowledge/compliance/rules/wcag-3.3.1-error-identification.json
     M knowledge/compliance/rules/wcag-3.3.2-labels-or-instructions.json
     M knowledge/compliance/rules/wcag-3.3.3-error-suggestion.json
     M knowledge/compliance/rules/wcag-4.1.1-parsing.json
     M knowledge/compliance/rules/wcag-4.1.2-name-role-value.json
     M knowledge/compliance/rules/wcag-4.1.3-status-messages.json
     M knowledge/tokens/_blast-radius.json
     M notes/_BUILD-VERDICT-LOG.jsonl
  ✅ [21] lane records selftest — schema refusals + routing contract (O1
  ✅ [22] cross-reference index
  ✅ [23] sutherland acceptance fixtures
  ✅ [24] states-completeness probe (advisory)
  ✅ [25] worklist store gate — open items state what would close them; 
  ✅ [26] worklist store selftest — schema presence gates incl. priority
  ✅ [27] decision-graph — typed edges + conflict gate (advisory, ADR-00
  ✅ [28] decision-graph selftest — conflict gate bites on unresolved/op
  ✅ [29] spine-writer selftest — splice invariants + no-half-writes (#7
  ✅ [30] _LIVE-STATE staleness gate + lifecycle-block generation (advis
  ✅ [31] advisory signals — prose rules (advisory)
  ✅ [32] review queue
  ✅ [33] dark-mode coverage audit
  ✅ [34] text/icon contrast audit
  ✅ [35] indicator/accent contrast audit
  ✅ [36] icon contrast delta — brand 4.5 vs 3 (advisory)
  ✅ [37] dark-surface flatness gate
  ❌ [38] component-partials sync — AUTO-PARTIAL injection + contracts (  exit 1
  ✅ [39] component-partials selftest (ADR-0013)
  ✅ [40] token-set distribution sync — AUTO-TOKENS injection (s121-D1)
  ✅ [41] token-set distribution selftest (s121-D1)
  ✅ [42] Behaviour contract gate — dv-behaviour size + banned patterns 
  ✅ [43] Behaviour contract selftest (ADR-0015)
  ✅ [44] canon components — regenerate from snippets (ADR-0013 ruling 4
  ✅ [45] canon components determinism check (ADR-0013 ruling 4)
  ✅ [46] partial re-implementation ratchet (ADR-0013)
  ✅ [47] partial-ratchet selftest (ADR-0013)
  ✅ [48] token projection sync — snippets/tranches/canon literals (gen_
  ✅ [49] snippet gate
  ✅ [50] theme cascade sync — [data-apollo-theme] layer (ADR-0011)
  ✅ [51] theme cascade selftest (ADR-0014)
  ✅ [52] state-snap gate — opacity states snap to the active theme's ra
  ✅ [53] state-snap selftest (ADR-0014)
  ✅ [54] stale-queue gate — §C·1 qprobe claims re-measured vs disk + gi
  ✅ [55] stale-queue selftest — 13 bites incl. both mutation directions
  ✅ [56] palette-tier gate — every theme names a palette per family, no
  ✅ [57] palette-tier selftest — 10 mutation bites (s157-D2)
  ✅ [58] radius gate — no hardcoded border-radius; shape is a theme fle
  ✅ [59] showroom sync — generated component library (RULED 2026-07-21)
  ✅ [60] showroom URL-rebase selftest — the srcdoc base-URL trap (2026-
  ⊘ [61] dashboard sync — generated progress dashboard (RULED #164, bui  COULD-NOT-ASK
  ✅ [62] Legacy-colour leakage gate (Mono) — no Legacy-only colour in a
  ✅ [63] theme-provenance gate (ADR-0011/R-D19) — no foreign-theme hex 
  ✅ [64] token-tier gate (_STANDARDS.md §1)
  ✅ [65] icon-source gate
  ✅ [66] a11y gate
  ✅ [67] a11y target-measurement selftest (s114-D5)
  ⊘ [68] hit-area gate — 44px minimum, rendered geometry (ADVISORY, bui  COULD-NOT-ASK
  ✅ [69] wiring gate — no orphaned validators (#118 seam)
  ✅ [70] wiring gate selftest — 4 bites
  ✅ [71] compose gate (orphan wired #119)
  ✅ [72] screen gate — compose+icons+a11y over fitness fixtures (re-wir
  ⊘ [73] state-contrast gate — driven hover/pressed, light+dark (un-exe  COULD-NOT-ASK
  ⊘ [74] state-contrast gate selftest — paint stack, report arithmetic,  COULD-NOT-ASK
  ✅ [75] type-composites ratchet — tier (b), debt 1101 shrink-only (Dav
  ✅ [76] type-composites selftest
  ✅ [77] coverage gate
  ✅ [78] pro-forma universal gate
  ✅ [79] pro-forma CSS-governed motion gate (DEF-003)
  ✅ [80] pro-forma no-hardcode styling gate (DEF-004)
  ❌ [81] 4px-grid gate (DEF-005)  exit 1
  ❌ [82] type-binding blast-radius gate (canon/type.css)  exit 1
  ✅ [83] descender-clip gate (ds-005) — truncating labels stay descende
  ✅ [84] KG edge parse-gate + s135-D4 resolutions-consumed check
  ✅ [85] KG edge gate selftest (6 bites)
  ❌ [86] Token fork-ban gate — undeclared same-scope forks (s136-D1 lan  exit 1
  ✅ [87] Token fork-ban selftest (2-direction)
  ✅ [88] binds shrink-only ratchet (s136-D1 axis A; built #141, wired #
  ✅ [89] DTCG spine conformance gate (s141-D1 axis A; built #141, wired
  ✅ [90] binds-resolve gate — manifest presence + address→store resolut
  ✅ [91] binds-resolve selftest — 5 bites incl. any-store clause (#146)
  ✅ [92] chart-intent resolve gate — meta intent address → chart-intent
  ✅ [93] chart-intent resolve selftest — 4 bites incl. list case + abse
  ❌ [94] roles/answers resolve gate — meta provides/answers/not-with ad  exit 1
  ✅ [95] roles/answers resolve selftest — 15 bites incl. in-role priori
  ✅ [96] DataViz chart gate (semantic SVG + tokens + table spine)
  ✅ [97] DataViz gate selftest — bite-tests dv-004 + the dtype vocabula
  ✅ [98] property-resolves gate C2 — silent-lookup class (BLOCKING, ds-
  ✅ [99] property-resolves gate C2 selftest — 4 bites + a bite-the-bite
  ✅ [100] dataviz var-resolution gate — markup fill/stroke var() per the

==============================================================================
SURVEY: 71 pass · 5 FAIL · 4 COULD-NOT-ASK (self-declared refusals) · 0 unaskable (missing/timed out) · 0 not asked (mutating) · 66 outside --range 21:100 (not asked)
⚠ 'not asked' is NOT 'passing' — it is excluded from the exit code, deliberately.
⚠ 'COULD-NOT-ASK' is NOT 'passing' either. It is a step that named the input it could
  not reach, so the job does not go red for an ENVIRONMENT fact dressed as an artefact
  verdict (#173/#183, generalised #193). Every one is printed in full below. A step
  that timed out or is MISSING is a different thing and still fails: nobody asked it
  and it never said why.
⚠ A RANGED SURVEY IS A PARTIAL VERDICT: only a full pass over all steps, or consecutive ranges covering them, says anything about the build.

THE FULL FAILURE SET (5) — this is the number no single `_build_all.py` run can tell you:

  [38] component-partials sync — AUTO-PARTIAL injection + contracts (ADR-0013)
      python3 knowledge/gen_component_partials.py --check   (exit 1)
      gen_component_partials CONTRACT FAILURES:

  [81] 4px-grid gate (DEF-005)
      python3 knowledge/_validate_grid.py    (exit 1)
      ✗ off-grid: padding: 7px  (knowledge/canon/canon.css) — not a 4px multiple

  [82] type-binding blast-radius gate (canon/type.css)
      python3 knowledge/_validate_type_blast_radius.py    (exit 1)
      [FAIL] scoped-element .seg button (14)

  [86] Token fork-ban gate — undeclared same-scope forks (s136-D1 lane, #139)
      python3 knowledge/_validate_token_forks.py    (exit 1)
      (no ✗/FAIL line — see full output)

  [94] roles/answers resolve gate — meta provides/answers/not-with address → roles.json + chart-intents.json (#253)
      python3 knowledge/_validate_roles_resolve.py    (exit 1)
      data-grid: FAIL [with-resolves] — every `with` entry needs a `slug` string (s251-D6: the slug is REQUIRED, no ref:null seat), got 'selection-controls 

COULD-NOT-ASK (4) — each step's OWN words about the input it could not reach.
These do NOT fail the survey; they also do not pass. If one of them is here because the
environment is wrong rather than because the input is genuinely unreachable, FIX THE ENVIRONMENT:

  [61] dashboard sync — generated progress dashboard (RULED #164, built #165)
      python3 knowledge/gen_dashboard.py --check   (exit 77)
      COULD-NOT-ASK: dashboard/index.html — the page differs, but a live gate baked into it is reading INPUTS OUTSIDE THE COMMITTED TREE, so its verdict — and therefore this page — cannot be reproduced here: provenance names `knowledge/_tmp/l3-245/rename-plan.json`; provenance names `outputs/_FINDING-canon-pri-hover-brand-mono-fork-2026-08-06-v1.md`; provenance names `outputs/_PARTITION-button-primary-2026-08-06-v1.md`. Every one of those paths is untracked, so an environment that has them and one that does not will render different prose from the SAME commit. This is a REFUSAL, not a staleness verdict in either direction: the page's agreement with the stores is UNKNOWN here and is reported as unknown. Ask it where those inputs are present (a working tree that holds them), or commit them.

  [68] hit-area gate — 44px minimum, rendered geometry (ADVISORY, built #203, wired #209)
      python3 knowledge/_validate_hit_area.py --all   (exit 77)
      COULD-NOT-ASK: HIT-AREA: HARNESS UNAVAILABLE — playwright not importable (No module named 'playwright'). Install it with `pip install playwright && playwright install chromium`. (Inside this repo's sandbox, stage it per knowledge/_RUNBOOK-render-verify.md instead.) This is NOT a pass.

  [73] state-contrast gate — driven hover/pressed, light+dark (un-exempted #125)
      python3 knowledge/_validate_state_contrast.py    (exit 77)
      COULD-NOT-ASK: _validate_state_contrast.py — the 'playwright' module is not installed (ModuleNotFoundError("No module named 'playwright'")) — this gate cannot be proven without it; run `pip install playwright && playwright install chromium` ⇒ THIS IS NOT A SKIP: these arms (including the s152-D1 mutation control) run BLOCKING in the `render` job of .github/workflows/gates.yml, which installs chromium — that job is where this gate's proof of record lives. Nothing here is claimed green; the question was unaskable on this box.

  [74] state-contrast gate selftest — paint stack, report arithmetic, named args
      python3 knowledge/_validate_state_contrast.py --selftest   (exit 77)
      COULD-NOT-ASK: _validate_state_contrast.py — the 'playwright' module is not installed (ModuleNotFoundError("No module named 'playwright'")) — this gate cannot be proven without it; run `pip install playwright && playwright install chromium` ⇒ THIS IS NOT A SKIP: these arms (including the s152-D1 mutation control) run BLOCKING in the `render` job of .github/workflows/gates.yml, which installs chromium — that job is where this gate's proof of record lives. Nothing here is claimed green; the question was unaskable on this box.

— recorded → /sessions/rcw-0115rtjy4mpbeejfbjiuhael/clone304r1/notes/_BUILD-VERDICT-LOG.jsonl
