— 152 steps read from _build_all.STEPS by ast (never imported) · per-step timeout 60s · ALL steps (mutating included)

⚠ --resume: proceeding over a dirty tree. The dirt below must be the PRIOR
  chunk's regeneration — if you cannot name why every path is dirty, STOP.
  (#61's 'gutted' state IS this state: stripped-not-yet-re-enriched, healed
  only by a COMPLETE pass over the remaining steps.)
    M _CHAIN.md
     M knowledge/_ADVISORY-SIGNALS.md
     M knowledge/_ASSERTIONS.md
     M knowledge/_CAPTURE-GATE.md
     M knowledge/_DARK-MODE-AUDIT.json
     M knowledge/_DARK-MODE-AUDIT.md
     M knowledge/_GRAPH-REPORT.md
     M knowledge/_ICON-CONTRAST-DELTA.md
     M knowledge/_INSTRUMENT-FIT.md
     M knowledge/_INTEGRITY-REPORT.md
     M knowledge/_LIVE-STATE-CHECK.md
     M knowledge/_REVIEW-QUEUE.json
     M knowledge/_REVIEW-QUEUE.md
     M knowledge/_RUNBOOKS.md
     M knowledge/_SCREEN-GATE.md
     M knowledge/_STATES-COMPLETENESS.md
     M knowledge/_SUTHERLAND-FIXTURES.md
     M knowledge/_VERIFICATION-EDGES.md
     M knowledge/_XREF-INDEX.json
     M knowledge/_XREF-INDEX.md
     M knowledge/_consult-index.json
     M knowledge/_instrument-fit.json
     M knowledge/_screen-gate/nio-dash-console-v1.canon.md
     M knowledge/_screen-gate/nio-dash-console-v2.canon.md
     M knowledge/_screen-gate/payments-journey.canon.md
     M knowledge/_screen-gate/sme-payments-desktop.canon.md
     M knowledge/_screen-gate/sme-payments-swiss.canon.md
     M knowledge/_screen-gate/sme-payments.canon.md
     M knowledge/_type_ratchet.json
     M knowledge/compliance/graph-index.json
     M knowledge/compliance/rules/wcag-1.3.1-info-and-relationships.json
     M knowledge/compliance/rules/wcag-1.4.1-use-of-color.json
     M knowledge/compliance/rules/wcag-1.4.11-non-text-contrast.json
     M knowledge/compliance/rules/wcag-1.4.3-contrast-minimum.json
     M knowledge/compliance/rules/wcag-2.3.3-animation-from-interactions.json
     M knowledge/compliance/rules/wcag-2.4.3-focus-order.json
     M knowledge/compliance/rules/wcag-2.4.8-location.json
     M knowledge/compliance/rules/wcag-2.5.5-target-size-enhanced.json
     M knowledge/compliance/rules/wcag-2.5.8-target-size-minimum.json
     M knowledge/compliance/rules/wcag-4.1.2-name-role-value.json
     M knowledge/compliance/rules/wcag-4.1.3-status-messages.json
     M knowledge/tokens/_manifests/states-probe.json
     M knowledge/tokens/_manifests/sutherland-fixtures.json
     M notes/_BUILD-VERDICT-LOG.jsonl
     M reviews/MEMENTO-SCHEMATIC-2026-08-07-v2.html
  ✅ [142] frozen-release selftest — 11 bites on a fixture repo incl. the
  ✅ [143] pack ship-list audit — the manifest is byte-identical to a fre
  ✅ [144] release-audit selftest — manifest compare + the pack arm's res
  ✅ [145] pack-side CI template — parses, ships what it calls, hides not
  ✅ [146] pack-side CI template selftest — 10 mutants incl. a smuggled c
  ✅ [147] baked-pack audit — a zip in apollo-spider/dist/ must match the
  ❌ [148] pack ship-list drift — how far behind HEAD the manifest is (AD  exit 1
  ✅ [149] polarity gate — five refusals + content-fresh derived status/e
  ✅ [150] polarity gate selftest — control + every refusal arm on a copy
  ✅ [151] geometry gate — alignment, gutters, edges, bar width, dead spa
  ✅ [152] own-size gate — every part at its reference size on generated 

==============================================================================
SURVEY: 10 pass · 1 FAIL · 0 COULD-NOT-ASK (self-declared refusals) · 0 unaskable (missing/timed out) · 0 not asked (mutating) · 141 outside --range 142:152 (not asked)
⚠ 'not asked' is NOT 'passing' — it is excluded from the exit code, deliberately.
⚠ 'COULD-NOT-ASK' is NOT 'passing' either. It is a step that named the input it could
  not reach, so the job does not go red for an ENVIRONMENT fact dressed as an artefact
  verdict (#173/#183, generalised #193). Every one is printed in full below. A step
  that timed out or is MISSING is a different thing and still fails: nobody asked it
  and it never said why.
⚠ A RANGED SURVEY IS A PARTIAL VERDICT: only a full pass over all steps, or consecutive ranges covering them, says anything about the build.

THE FULL FAILURE SET (1) — this is the number no single `_build_all.py` run can tell you:

  [148] pack ship-list drift — how far behind HEAD the manifest is (ADVISORY, ⬛ re-cutting is Dave's) (#219)
      python3 knowledge/_release/_gate_release_audit.py --drift   (exit 1)
      (no ✗/FAIL line — see full output)

— recorded → /sessions/rcw-0115rtjy4mpbeejfbjiuhael/v5/notes/_BUILD-VERDICT-LOG.jsonl
