2026-09-28T07:45:46.0306687Z Current runner version: '2.337.0'
2026-09-28T07:45:46.0329721Z ##[group]Runner Image Provisioner
2026-09-28T07:45:46.0330550Z Hosted Compute Agent
2026-09-28T07:45:46.0331429Z Version: 20260828.587
2026-09-28T07:45:46.0332142Z Commit: abac92662cab4cc7352de4f9f9d2e2419aad9c29
2026-09-28T07:45:46.0332817Z Build Date: 2026-08-28T16:44:25Z
2026-09-28T07:45:46.0333742Z Worker ID: {069bd5dc-4549-47a0-8dd6-3ff0c9aa38eb}
2026-09-28T07:45:46.0334533Z Azure Region: westcentralus
2026-09-28T07:45:46.0335114Z ##[endgroup]
2026-09-28T07:45:46.0336480Z ##[group]Operating System
2026-09-28T07:45:46.0337114Z Ubuntu
2026-09-28T07:45:46.0337677Z 24.04.5
2026-09-28T07:45:46.0338164Z LTS
2026-09-28T07:45:46.0338641Z ##[endgroup]
2026-09-28T07:45:46.0339257Z ##[group]Runner Image
2026-09-28T07:45:46.0339842Z Image: ubuntu-24.04
2026-09-28T07:45:46.0340397Z Version: 20260920.314.1
2026-09-28T07:45:46.0341580Z Included Software: https://github.com/actions/runner-images/blob/ubuntu24/20260920.314/images/ubuntu/Ubuntu2404-Readme.md
2026-09-28T07:45:46.0343135Z Image Release: https://github.com/actions/runner-images/releases/tag/ubuntu24%2F20260920.314
2026-09-28T07:45:46.0344191Z ##[endgroup]
2026-09-28T07:45:46.0345332Z ##[group]GITHUB_TOKEN Permissions
2026-09-28T07:45:46.0347590Z Contents: read
2026-09-28T07:45:46.0348200Z Metadata: read
2026-09-28T07:45:46.0348731Z Packages: read
2026-09-28T07:45:46.0349239Z ##[endgroup]
2026-09-28T07:45:46.0351154Z Secret source: Actions
2026-09-28T07:45:46.0352016Z Cache mode: write
2026-09-28T07:45:46.0352942Z Prepare workflow directory
2026-09-28T07:45:46.0675249Z Prepare all required actions
2026-09-28T07:45:46.0723716Z Getting action download info
2026-09-28T07:45:46.3660637Z Download action repository 'actions/checkout@v6' (SHA:d23441a48e516b6c34aea4fa41551a30e30af803)
2026-09-28T07:45:46.5451082Z Download action repository 'actions/setup-python@v6' (SHA:ece7cb06caefa5fff74198d8649806c4678c61a1)
2026-09-28T07:45:46.9721199Z Complete job name: release
2026-09-28T07:45:47.0472962Z ##[group]Run actions/checkout@v6
2026-09-28T07:45:47.0474378Z with:
2026-09-28T07:45:47.0474889Z   fetch-depth: 0
2026-09-28T07:45:47.0475510Z   repository: daveasewen/UX-design
2026-09-28T07:45:47.0479548Z   token: ***
2026-09-28T07:45:47.0480122Z   ssh-strict: true
2026-09-28T07:45:47.0480645Z   ssh-user: git
2026-09-28T07:45:47.0481155Z   persist-credentials: true
2026-09-28T07:45:47.0481748Z   clean: true
2026-09-28T07:45:47.0482269Z   sparse-checkout-cone-mode: true
2026-09-28T07:45:47.0482941Z   fetch-tags: false
2026-09-28T07:45:47.0483466Z   show-progress: true
2026-09-28T07:45:47.0484209Z   lfs: false
2026-09-28T07:45:47.0484737Z   submodules: false
2026-09-28T07:45:47.0485271Z   set-safe-directory: true
2026-09-28T07:45:47.0485883Z   allow-unsafe-pr-checkout: false
2026-09-28T07:45:47.0486700Z ##[endgroup]
2026-09-28T07:45:47.1465296Z Syncing repository: daveasewen/UX-design
2026-09-28T07:45:47.1467452Z ##[group]Getting Git version info
2026-09-28T07:45:47.1468710Z Working directory is '/home/runner/work/UX-design/UX-design'
2026-09-28T07:45:47.1469932Z [command]/usr/bin/git version
2026-09-28T07:45:47.1519055Z git version 2.55.0
2026-09-28T07:45:47.1541520Z ##[endgroup]
2026-09-28T07:45:47.1554285Z Temporarily overriding HOME='/home/runner/work/_temp/14328cf3-c710-46d4-9364-1da9a4aa45f3' before making global git config changes
2026-09-28T07:45:47.1555753Z Adding repository directory to the temporary git global config as a safe directory
2026-09-28T07:45:47.1559448Z [command]/usr/bin/git config --global --add safe.directory /home/runner/work/UX-design/UX-design
2026-09-28T07:45:47.1625468Z Deleting the contents of '/home/runner/work/UX-design/UX-design'
2026-09-28T07:45:47.1627262Z ##[group]Determining repository object format
2026-09-28T07:45:47.1628305Z ##[endgroup]
2026-09-28T07:45:47.1629133Z ##[group]Initializing the repository
2026-09-28T07:45:47.1629885Z [command]/usr/bin/git init /home/runner/work/UX-design/UX-design
2026-09-28T07:45:47.1708909Z hint: Using 'master' as the name for the initial branch. This default branch name
2026-09-28T07:45:47.1712100Z hint: will change to "main" in Git 3.0. To configure the initial branch name
2026-09-28T07:45:47.1713849Z hint: to use in all of your new repositories, which will suppress this warning,
2026-09-28T07:45:47.1714974Z hint: call:
2026-09-28T07:45:47.1715668Z hint:
2026-09-28T07:45:47.1716494Z hint: 	git config --global init.defaultBranch <name>
2026-09-28T07:45:47.1717371Z hint:
2026-09-28T07:45:47.1718277Z hint: Names commonly chosen instead of 'master' are 'main', 'trunk' and
2026-09-28T07:45:47.1719651Z hint: 'development'. The just-created branch can be renamed via this command:
2026-09-28T07:45:47.1721087Z hint:
2026-09-28T07:45:47.1721925Z hint: 	git branch -m <name>
2026-09-28T07:45:47.1722665Z hint:
2026-09-28T07:45:47.1723790Z hint: Disable this message with "git config set advice.defaultBranchName false"
2026-09-28T07:45:47.1725323Z Initialized empty Git repository in /home/runner/work/UX-design/UX-design/.git/
2026-09-28T07:45:47.1727986Z [command]/usr/bin/git remote add origin https://github.com/daveasewen/UX-design
2026-09-28T07:45:47.1760301Z ##[endgroup]
2026-09-28T07:45:47.1761580Z ##[group]Disabling automatic garbage collection
2026-09-28T07:45:47.1762693Z [command]/usr/bin/git config --local gc.auto 0
2026-09-28T07:45:47.1791762Z ##[endgroup]
2026-09-28T07:45:47.1792988Z ##[group]Setting up auth
2026-09-28T07:45:47.1793972Z Removing SSH command configuration
2026-09-28T07:45:47.1798532Z [command]/usr/bin/git config --local --name-only --get-regexp core\.sshCommand
2026-09-28T07:45:47.1827320Z [command]/usr/bin/git submodule foreach --recursive sh -c "git config --local --name-only --get-regexp 'core\.sshCommand' && git config --local --unset-all 'core.sshCommand' || :"
2026-09-28T07:45:47.2325930Z Removing HTTP extra header
2026-09-28T07:45:47.2333380Z [command]/usr/bin/git config --local --name-only --get-regexp http\.https\:\/\/github\.com\/\.extraheader
2026-09-28T07:45:47.2364363Z [command]/usr/bin/git submodule foreach --recursive sh -c "git config --local --name-only --get-regexp 'http\.https\:\/\/github\.com\/\.extraheader' && git config --local --unset-all 'http.https://github.com/.extraheader' || :"
2026-09-28T07:45:47.2543256Z Removing includeIf entries pointing to credentials config files
2026-09-28T07:45:47.2549762Z [command]/usr/bin/git config --local --name-only --get-regexp ^includeIf\.gitdir:
2026-09-28T07:45:47.2578576Z [command]/usr/bin/git submodule foreach --recursive git config --local --show-origin --name-only --get-regexp remote.origin.url
2026-09-28T07:45:47.2758353Z [command]/usr/bin/git config --file /home/runner/work/_temp/git-credentials-28fc3705-4c44-4a18-87aa-5d72165254a8.config http.https://github.com/.extraheader AUTHORIZATION: basic ***
2026-09-28T07:45:47.2794016Z [command]/usr/bin/git config --local includeIf.gitdir:/home/runner/work/UX-design/UX-design/.git.path /home/runner/work/_temp/git-credentials-28fc3705-4c44-4a18-87aa-5d72165254a8.config
2026-09-28T07:45:47.2825929Z [command]/usr/bin/git config --local includeIf.gitdir:/home/runner/work/UX-design/UX-design/.git/worktrees/*.path /home/runner/work/_temp/git-credentials-28fc3705-4c44-4a18-87aa-5d72165254a8.config
2026-09-28T07:45:47.2859173Z [command]/usr/bin/git config --local includeIf.gitdir:/github/workspace/.git.path /github/runner_temp/git-credentials-28fc3705-4c44-4a18-87aa-5d72165254a8.config
2026-09-28T07:45:47.2892469Z [command]/usr/bin/git config --local includeIf.gitdir:/github/workspace/.git/worktrees/*.path /github/runner_temp/git-credentials-28fc3705-4c44-4a18-87aa-5d72165254a8.config
2026-09-28T07:45:47.2920305Z ##[endgroup]
2026-09-28T07:45:47.2921320Z ##[group]Fetching the repository
2026-09-28T07:45:47.2928419Z [command]/usr/bin/git -c protocol.version=2 fetch --no-tags --prune --no-recurse-submodules origin +refs/heads/*:refs/remotes/origin/* +refs/tags/*:refs/tags/*
2026-09-28T07:46:18.7448069Z From https://github.com/daveasewen/UX-design
2026-09-28T07:46:18.7449229Z  * [new branch]        master     -> origin/master
2026-09-28T07:46:18.7459313Z [command]/usr/bin/git branch --list --remote origin/master
2026-09-28T07:46:18.7483869Z   origin/master
2026-09-28T07:46:18.7491913Z [command]/usr/bin/git rev-parse refs/remotes/origin/master
2026-09-28T07:46:18.7512759Z cd16f7ecad1262ca5791f60b635b15a49ec31fbd
2026-09-28T07:46:18.7515375Z ##[endgroup]
2026-09-28T07:46:18.7516515Z ##[group]Determining the checkout info
2026-09-28T07:46:18.7522142Z ##[endgroup]
2026-09-28T07:46:18.7525158Z [command]/usr/bin/git sparse-checkout disable
2026-09-28T07:46:18.7576825Z [command]/usr/bin/git config --local --unset-all extensions.worktreeConfig
2026-09-28T07:46:18.7606416Z ##[group]Checking out the ref
2026-09-28T07:46:18.7609015Z [command]/usr/bin/git checkout --progress --force -B master refs/remotes/origin/master
2026-09-28T07:46:19.8997428Z Updating files:  15% (2046/13064)
2026-09-28T07:46:19.9313953Z Updating files:  16% (2091/13064)
2026-09-28T07:46:19.9788047Z Updating files:  17% (2221/13064)
2026-09-28T07:46:20.0058270Z Updating files:  18% (2352/13064)
2026-09-28T07:46:20.0089392Z Updating files:  19% (2483/13064)
2026-09-28T07:46:20.0118918Z Updating files:  20% (2613/13064)
2026-09-28T07:46:20.0147644Z Updating files:  21% (2744/13064)
2026-09-28T07:46:20.0179190Z Updating files:  22% (2875/13064)
2026-09-28T07:46:20.0491701Z Updating files:  23% (3005/13064)
2026-09-28T07:46:20.1517476Z Updating files:  24% (3136/13064)
2026-09-28T07:46:20.2273082Z Updating files:  25% (3266/13064)
2026-09-28T07:46:20.2338383Z Updating files:  26% (3397/13064)
2026-09-28T07:46:20.2453094Z Updating files:  27% (3528/13064)
2026-09-28T07:46:20.2577287Z Updating files:  28% (3658/13064)
2026-09-28T07:46:20.2742284Z Updating files:  29% (3789/13064)
2026-09-28T07:46:20.6011201Z Updating files:  30% (3920/13064)
2026-09-28T07:46:20.6091711Z Updating files:  31% (4050/13064)
2026-09-28T07:46:20.6572931Z Updating files:  32% (4181/13064)
2026-09-28T07:46:20.7191823Z Updating files:  33% (4312/13064)
2026-09-28T07:46:20.7619091Z Updating files:  34% (4442/13064)
2026-09-28T07:46:20.7710726Z Updating files:  35% (4573/13064)
2026-09-28T07:46:20.7741856Z Updating files:  36% (4704/13064)
2026-09-28T07:46:20.7866353Z Updating files:  36% (4768/13064)
2026-09-28T07:46:21.0919857Z Updating files:  37% (4834/13064)
2026-09-28T07:46:21.1296573Z Updating files:  38% (4965/13064)
2026-09-28T07:46:21.3382708Z Updating files:  39% (5095/13064)
2026-09-28T07:46:21.4479326Z Updating files:  40% (5226/13064)
2026-09-28T07:46:21.5122146Z Updating files:  41% (5357/13064)
2026-09-28T07:46:21.5713728Z Updating files:  42% (5487/13064)
2026-09-28T07:46:21.6311266Z Updating files:  43% (5618/13064)
2026-09-28T07:46:21.6501950Z Updating files:  44% (5749/13064)
2026-09-28T07:46:21.6679308Z Updating files:  45% (5879/13064)
2026-09-28T07:46:21.6887200Z Updating files:  46% (6010/13064)
2026-09-28T07:46:21.7179345Z Updating files:  47% (6141/13064)
2026-09-28T07:46:21.7745107Z Updating files:  48% (6271/13064)
2026-09-28T07:46:21.8315783Z Updating files:  48% (6307/13064)
2026-09-28T07:46:22.2040035Z Updating files:  49% (6402/13064)
2026-09-28T07:46:22.3487054Z Updating files:  50% (6532/13064)
2026-09-28T07:46:22.4882047Z Updating files:  51% (6663/13064)
2026-09-28T07:46:22.5564426Z Updating files:  52% (6794/13064)
2026-09-28T07:46:22.5623248Z Updating files:  53% (6924/13064)
2026-09-28T07:46:22.6014930Z Updating files:  54% (7055/13064)
2026-09-28T07:46:22.6897564Z Updating files:  55% (7186/13064)
2026-09-28T07:46:22.7763179Z Updating files:  56% (7316/13064)
2026-09-28T07:46:22.8206214Z Updating files:  56% (7397/13064)
2026-09-28T07:46:22.8950539Z Updating files:  57% (7447/13064)
2026-09-28T07:46:22.9253007Z Updating files:  58% (7578/13064)
2026-09-28T07:46:22.9434701Z Updating files:  59% (7708/13064)
2026-09-28T07:46:22.9627384Z Updating files:  60% (7839/13064)
2026-09-28T07:46:22.9888116Z Updating files:  61% (7970/13064)
2026-09-28T07:46:23.0141956Z Updating files:  62% (8100/13064)
2026-09-28T07:46:23.0717070Z Updating files:  63% (8231/13064)
2026-09-28T07:46:23.1898628Z Updating files:  64% (8361/13064)
2026-09-28T07:46:23.2533788Z Updating files:  65% (8492/13064)
2026-09-28T07:46:23.3658456Z Updating files:  66% (8623/13064)
2026-09-28T07:46:23.4580250Z Updating files:  67% (8753/13064)
2026-09-28T07:46:23.4849464Z Updating files:  68% (8884/13064)
2026-09-28T07:46:23.5376932Z Updating files:  69% (9015/13064)
2026-09-28T07:46:23.5657818Z Updating files:  70% (9145/13064)
2026-09-28T07:46:23.5938314Z Updating files:  71% (9276/13064)
2026-09-28T07:46:23.5980254Z Updating files:  72% (9407/13064)
2026-09-28T07:46:23.6615174Z Updating files:  73% (9537/13064)
2026-09-28T07:46:23.6690275Z Updating files:  74% (9668/13064)
2026-09-28T07:46:23.7197718Z Updating files:  75% (9798/13064)
2026-09-28T07:46:23.7747332Z Updating files:  76% (9929/13064)
2026-09-28T07:46:23.7833909Z Updating files:  76% (10039/13064)
2026-09-28T07:46:23.8103159Z Updating files:  77% (10060/13064)
2026-09-28T07:46:23.8620139Z Updating files:  78% (10190/13064)
2026-09-28T07:46:23.8902955Z Updating files:  79% (10321/13064)
2026-09-28T07:46:23.9365549Z Updating files:  80% (10452/13064)
2026-09-28T07:46:23.9585677Z Updating files:  81% (10582/13064)
2026-09-28T07:46:23.9746042Z Updating files:  82% (10713/13064)
2026-09-28T07:46:23.9864722Z Updating files:  83% (10844/13064)
2026-09-28T07:46:24.0007617Z Updating files:  84% (10974/13064)
2026-09-28T07:46:24.0464377Z Updating files:  85% (11105/13064)
2026-09-28T07:46:24.1527141Z Updating files:  86% (11236/13064)
2026-09-28T07:46:24.1575280Z Updating files:  87% (11366/13064)
2026-09-28T07:46:24.1617722Z Updating files:  88% (11497/13064)
2026-09-28T07:46:24.1948761Z Updating files:  89% (11627/13064)
2026-09-28T07:46:24.2361069Z Updating files:  90% (11758/13064)
2026-09-28T07:46:24.3269399Z Updating files:  91% (11889/13064)
2026-09-28T07:46:24.4879209Z Updating files:  92% (12019/13064)
2026-09-28T07:46:24.5362638Z Updating files:  93% (12150/13064)
2026-09-28T07:46:24.5564644Z Updating files:  94% (12281/13064)
2026-09-28T07:46:24.6083177Z Updating files:  95% (12411/13064)
2026-09-28T07:46:24.6474559Z Updating files:  96% (12542/13064)
2026-09-28T07:46:24.6608610Z Updating files:  97% (12673/13064)
2026-09-28T07:46:24.6842812Z Updating files:  98% (12803/13064)
2026-09-28T07:46:24.7366045Z Updating files:  99% (12934/13064)
2026-09-28T07:46:24.7366971Z Updating files: 100% (13064/13064)
2026-09-28T07:46:24.7367536Z Updating files: 100% (13064/13064), done.
2026-09-28T07:46:24.7500658Z Reset branch 'master'
2026-09-28T07:46:24.7501914Z branch 'master' set up to track 'origin/master'.
2026-09-28T07:46:24.7609827Z ##[endgroup]
2026-09-28T07:46:24.7613349Z [command]/usr/bin/git log -1 --format=%H
2026-09-28T07:46:24.7637377Z cd16f7ecad1262ca5791f60b635b15a49ec31fbd
2026-09-28T07:46:24.7888394Z ##[group]Run actions/setup-python@v6
2026-09-28T07:46:24.7888791Z with:
2026-09-28T07:46:24.7889097Z   python-version: 3.12
2026-09-28T07:46:24.7889416Z   check-latest: false
2026-09-28T07:46:24.7892078Z   token: ***
2026-09-28T07:46:24.7892420Z   update-environment: true
2026-09-28T07:46:24.7892801Z   allow-prereleases: false
2026-09-28T07:46:24.7893138Z   freethreaded: false
2026-09-28T07:46:24.7893438Z ##[endgroup]
2026-09-28T07:46:24.9140666Z ##[group]Installed versions
2026-09-28T07:46:24.9231344Z Successfully set up CPython (3.12.14)
2026-09-28T07:46:24.9232245Z ##[endgroup]
2026-09-28T07:46:24.9342859Z ##[group]Run pip install pyyaml
2026-09-28T07:46:24.9343392Z [36;1mpip install pyyaml[0m
2026-09-28T07:46:24.9684539Z shell: /usr/bin/bash -e {0}
2026-09-28T07:46:24.9684942Z env:
2026-09-28T07:46:24.9685308Z   pythonLocation: /opt/hostedtoolcache/Python/3.12.14/x64
2026-09-28T07:46:24.9685885Z   PKG_CONFIG_PATH: /opt/hostedtoolcache/Python/3.12.14/x64/lib/pkgconfig
2026-09-28T07:46:24.9686404Z   Python_ROOT_DIR: /opt/hostedtoolcache/Python/3.12.14/x64
2026-09-28T07:46:24.9686906Z   Python2_ROOT_DIR: /opt/hostedtoolcache/Python/3.12.14/x64
2026-09-28T07:46:24.9687421Z   Python3_ROOT_DIR: /opt/hostedtoolcache/Python/3.12.14/x64
2026-09-28T07:46:24.9687913Z   LD_LIBRARY_PATH: /opt/hostedtoolcache/Python/3.12.14/x64/lib
2026-09-28T07:46:24.9688561Z ##[endgroup]
2026-09-28T07:46:27.7698515Z Collecting pyyaml
2026-09-28T07:46:27.8690579Z   Downloading pyyaml-6.0.3-cp312-cp312-manylinux2014_x86_64.manylinux_2_17_x86_64.manylinux_2_28_x86_64.whl.metadata (2.4 kB)
2026-09-28T07:46:28.0490929Z Downloading pyyaml-6.0.3-cp312-cp312-manylinux2014_x86_64.manylinux_2_17_x86_64.manylinux_2_28_x86_64.whl (807 kB)
2026-09-28T07:46:28.1473647Z    ━━━━━━━━━━━━━━━━━━━━━━━━━━━━━━━━━━━━━━━━ 807.9/807.9 kB 13.2 MB/s  0:00:00
2026-09-28T07:46:28.2724721Z Installing collected packages: pyyaml
2026-09-28T07:46:28.3262754Z Successfully installed pyyaml-6.0.3
2026-09-28T07:46:28.3813231Z ##[group]Run rc=0; python3 knowledge/_release/_gate_frozen_release.py --check || rc=$?
2026-09-28T07:46:28.3814105Z [36;1mrc=0; python3 knowledge/_release/_gate_frozen_release.py --check || rc=$?[0m
2026-09-28T07:46:28.3814735Z [36;1mif [ "$rc" = "77" ]; then echo "^ COULD-NOT-ASK — printed, not counted, not a verdict."; rc=0; fi[0m
2026-09-28T07:46:28.3815297Z [36;1mexit $rc[0m
2026-09-28T07:46:28.3859088Z shell: /usr/bin/bash -e {0}
2026-09-28T07:46:28.3859955Z env:
2026-09-28T07:46:28.3860345Z   pythonLocation: /opt/hostedtoolcache/Python/3.12.14/x64
2026-09-28T07:46:28.3860889Z   PKG_CONFIG_PATH: /opt/hostedtoolcache/Python/3.12.14/x64/lib/pkgconfig
2026-09-28T07:46:28.3861429Z   Python_ROOT_DIR: /opt/hostedtoolcache/Python/3.12.14/x64
2026-09-28T07:46:28.3861899Z   Python2_ROOT_DIR: /opt/hostedtoolcache/Python/3.12.14/x64
2026-09-28T07:46:28.3862416Z   Python3_ROOT_DIR: /opt/hostedtoolcache/Python/3.12.14/x64
2026-09-28T07:46:28.3862991Z   LD_LIBRARY_PATH: /opt/hostedtoolcache/Python/3.12.14/x64/lib
2026-09-28T07:46:28.3863451Z ##[endgroup]
2026-09-28T07:46:28.8544946Z frozen-release gate — 3 release(s) at cd16f7ecad12
2026-09-28T07:46:28.8546098Z   designer-skills-v1   version v1          6 file(s)  b83d048483b7
2026-09-28T07:46:28.8547047Z   designer-skills-v2   version v2.1     1102 file(s)  ae920995c32e
2026-09-28T07:46:28.8547865Z   apollo-spider        version v1.0.14    14 file(s)  444c58d22a68
2026-09-28T07:46:28.8548288Z 
2026-09-28T07:46:28.8548605Z PASS — 3 arm(s) asked, no frozen surface moved.
2026-09-28T07:46:28.8643002Z ##[group]Run python3 knowledge/_release/_gate_frozen_release.py --selftest
2026-09-28T07:46:28.8643762Z [36;1mpython3 knowledge/_release/_gate_frozen_release.py --selftest[0m
2026-09-28T07:46:28.8685215Z shell: /usr/bin/bash -e {0}
2026-09-28T07:46:28.8685572Z env:
2026-09-28T07:46:28.8686003Z   pythonLocation: /opt/hostedtoolcache/Python/3.12.14/x64
2026-09-28T07:46:28.8686513Z   PKG_CONFIG_PATH: /opt/hostedtoolcache/Python/3.12.14/x64/lib/pkgconfig
2026-09-28T07:46:28.8687056Z   Python_ROOT_DIR: /opt/hostedtoolcache/Python/3.12.14/x64
2026-09-28T07:46:28.8687530Z   Python2_ROOT_DIR: /opt/hostedtoolcache/Python/3.12.14/x64
2026-09-28T07:46:28.8687978Z   Python3_ROOT_DIR: /opt/hostedtoolcache/Python/3.12.14/x64
2026-09-28T07:46:28.8688466Z   LD_LIBRARY_PATH: /opt/hostedtoolcache/Python/3.12.14/x64/lib
2026-09-28T07:46:28.8688895Z ##[endgroup]
2026-09-28T07:46:29.6859899Z selftest: 17 bites, 0 fail(s)
2026-09-28T07:46:29.6953026Z ##[group]Run rc=0; python3 knowledge/_release/_gate_release_audit.py --check || rc=$?
2026-09-28T07:46:29.6954109Z [36;1mrc=0; python3 knowledge/_release/_gate_release_audit.py --check || rc=$?[0m
2026-09-28T07:46:29.6954799Z [36;1mif [ "$rc" = "77" ]; then echo "^ COULD-NOT-ASK — printed, not counted, not a verdict."; rc=0; fi[0m
2026-09-28T07:46:29.6955286Z [36;1mexit $rc[0m
2026-09-28T07:46:29.6996735Z shell: /usr/bin/bash -e {0}
2026-09-28T07:46:29.6997180Z env:
2026-09-28T07:46:29.6997592Z   pythonLocation: /opt/hostedtoolcache/Python/3.12.14/x64
2026-09-28T07:46:29.6998099Z   PKG_CONFIG_PATH: /opt/hostedtoolcache/Python/3.12.14/x64/lib/pkgconfig
2026-09-28T07:46:29.6998636Z   Python_ROOT_DIR: /opt/hostedtoolcache/Python/3.12.14/x64
2026-09-28T07:46:29.6999144Z   Python2_ROOT_DIR: /opt/hostedtoolcache/Python/3.12.14/x64
2026-09-28T07:46:29.6999631Z   Python3_ROOT_DIR: /opt/hostedtoolcache/Python/3.12.14/x64
2026-09-28T07:46:29.7000380Z   LD_LIBRARY_PATH: /opt/hostedtoolcache/Python/3.12.14/x64/lib
2026-09-28T07:46:29.7000803Z ##[endgroup]
2026-09-28T07:46:30.7622714Z PASS — the manifest at knowledge/_release/_pack_manifest.json is byte-identical to a fresh generation at 0ef307460dcf (1781 files, sha256 a5b00c1450dc83c8)
2026-09-28T07:46:30.7624395Z 
2026-09-28T07:46:30.7624974Z PARKED DUE — 7 parked item(s) are due at release-cut — python3 knowledge/_parked.py --due release-cut
2026-09-28T07:46:30.7755282Z ##[group]Run python3 knowledge/_release/_gate_release_audit.py --selftest
2026-09-28T07:46:30.7755887Z [36;1mpython3 knowledge/_release/_gate_release_audit.py --selftest[0m
2026-09-28T07:46:30.7796027Z shell: /usr/bin/bash -e {0}
2026-09-28T07:46:30.7796390Z env:
2026-09-28T07:46:30.7796783Z   pythonLocation: /opt/hostedtoolcache/Python/3.12.14/x64
2026-09-28T07:46:30.7797313Z   PKG_CONFIG_PATH: /opt/hostedtoolcache/Python/3.12.14/x64/lib/pkgconfig
2026-09-28T07:46:30.7797904Z   Python_ROOT_DIR: /opt/hostedtoolcache/Python/3.12.14/x64
2026-09-28T07:46:30.7798392Z   Python2_ROOT_DIR: /opt/hostedtoolcache/Python/3.12.14/x64
2026-09-28T07:46:30.7798837Z   Python3_ROOT_DIR: /opt/hostedtoolcache/Python/3.12.14/x64
2026-09-28T07:46:30.7799297Z   LD_LIBRARY_PATH: /opt/hostedtoolcache/Python/3.12.14/x64/lib
2026-09-28T07:46:30.7799695Z ##[endgroup]
2026-09-28T07:46:31.9815822Z SKIPPED — apollo-spider/dist/Apollo-Spider-v1.0.0.zip is FROZEN HISTORY (not the manifest's v1.0.14); its integrity is _gate_frozen_release.py's jurisdiction, not this arm's
2026-09-28T07:46:31.9817987Z SKIPPED — apollo-spider/dist/Apollo-Spider-v1.0.1.zip is FROZEN HISTORY (not the manifest's v1.0.14); its integrity is _gate_frozen_release.py's jurisdiction, not this arm's
2026-09-28T07:46:31.9820476Z SKIPPED — apollo-spider/dist/Apollo-Spider-v1.0.10.zip is FROZEN HISTORY (not the manifest's v1.0.14); its integrity is _gate_frozen_release.py's jurisdiction, not this arm's
2026-09-28T07:46:31.9822130Z SKIPPED — apollo-spider/dist/Apollo-Spider-v1.0.11.zip is FROZEN HISTORY (not the manifest's v1.0.14); its integrity is _gate_frozen_release.py's jurisdiction, not this arm's
2026-09-28T07:46:31.9823851Z SKIPPED — apollo-spider/dist/Apollo-Spider-v1.0.12.zip is FROZEN HISTORY (not the manifest's v1.0.14); its integrity is _gate_frozen_release.py's jurisdiction, not this arm's
2026-09-28T07:46:31.9825301Z SKIPPED — apollo-spider/dist/Apollo-Spider-v1.0.13.zip is FROZEN HISTORY (not the manifest's v1.0.14); its integrity is _gate_frozen_release.py's jurisdiction, not this arm's
2026-09-28T07:46:31.9826229Z PASS — apollo-spider/dist/Apollo-Spider-v1.0.14.zip matches the manifest at 0ef307460dcf
2026-09-28T07:46:31.9827197Z SKIPPED — apollo-spider/dist/Apollo-Spider-v1.0.2.zip is FROZEN HISTORY (not the manifest's v1.0.14); its integrity is _gate_frozen_release.py's jurisdiction, not this arm's
2026-09-28T07:46:31.9828305Z SKIPPED — apollo-spider/dist/Apollo-Spider-v1.0.3.zip is FROZEN HISTORY (not the manifest's v1.0.14); its integrity is _gate_frozen_release.py's jurisdiction, not this arm's
2026-09-28T07:46:31.9829491Z SKIPPED — apollo-spider/dist/Apollo-Spider-v1.0.4.zip is FROZEN HISTORY (not the manifest's v1.0.14); its integrity is _gate_frozen_release.py's jurisdiction, not this arm's
2026-09-28T07:46:31.9830644Z SKIPPED — apollo-spider/dist/Apollo-Spider-v1.0.6.zip is FROZEN HISTORY (not the manifest's v1.0.14); its integrity is _gate_frozen_release.py's jurisdiction, not this arm's
2026-09-28T07:46:31.9832251Z SKIPPED — apollo-spider/dist/Apollo-Spider-v1.0.7.zip is FROZEN HISTORY (not the manifest's v1.0.14); its integrity is _gate_frozen_release.py's jurisdiction, not this arm's
2026-09-28T07:46:31.9833390Z SKIPPED — apollo-spider/dist/Apollo-Spider-v1.0.8.zip is FROZEN HISTORY (not the manifest's v1.0.14); its integrity is _gate_frozen_release.py's jurisdiction, not this arm's
2026-09-28T07:46:31.9834606Z SKIPPED — apollo-spider/dist/Apollo-Spider-v1.0.9.zip is FROZEN HISTORY (not the manifest's v1.0.14); its integrity is _gate_frozen_release.py's jurisdiction, not this arm's
2026-09-28T07:46:31.9837304Z ❌ the manifest reads version 'v1.0.14' and NO zip in dist/ carries it (zips present: Apollo-Spider-v1.0.0.zip, Apollo-Spider-v1.0.1.zip, Apollo-Spider-v1.0.10.zip, Apollo-Spider-v1.0.11.zip, Apollo-Spider-v1.0.12.zip, Apollo-Spider-v1.0.13.zip, Apollo-Spider-v1.0.2.zip, Apollo-Spider-v1.0.3.zip, Apollo-Spider-v1.0.4.zip, Apollo-Spider-v1.0.6.zip, Apollo-Spider-v1.0.7.zip, Apollo-Spider-v1.0.8.zip, Apollo-Spider-v1.0.9.zip) — the manifest names a release nobody baked.
2026-09-28T07:46:31.9839157Z ADVISORY — the manifest was generated at 0ef307460dcf; HEAD is cd16f7ecad12, 11 commit(s) later.
2026-09-28T07:46:31.9839887Z   A pack cut now would ship the tree as it stood at 0ef307460dcf. That may be exactly right.
2026-09-28T07:46:31.9840732Z   ⬛ WHETHER TO RE-CUT IS DAVE'S (s219-D4(2)): a release is explicit, versioned, his word.
2026-09-28T07:46:31.9841832Z   If he says re-cut: python3 knowledge/_release/_gen_pack_manifest.py --probe --commit <sha> && python3 knowledge/_release/_gen_pack_manifest.py --manifest --commit <sha>
2026-09-28T07:46:31.9842747Z selftest: 10 bites, 0 fail(s)
2026-09-28T07:46:31.9950499Z ##[group]Run rc=0; python3 knowledge/_release/_gate_release_audit.py --pack || rc=$?
2026-09-28T07:46:31.9951235Z [36;1mrc=0; python3 knowledge/_release/_gate_release_audit.py --pack || rc=$?[0m
2026-09-28T07:46:31.9951922Z [36;1mif [ "$rc" = "77" ]; then echo "^ COULD-NOT-ASK — nothing is baked yet. Printed, not counted."; rc=0; fi[0m
2026-09-28T07:46:31.9952456Z [36;1mexit $rc[0m
2026-09-28T07:46:31.9992518Z shell: /usr/bin/bash -e {0}
2026-09-28T07:46:31.9992980Z env:
2026-09-28T07:46:31.9993388Z   pythonLocation: /opt/hostedtoolcache/Python/3.12.14/x64
2026-09-28T07:46:31.9994114Z   PKG_CONFIG_PATH: /opt/hostedtoolcache/Python/3.12.14/x64/lib/pkgconfig
2026-09-28T07:46:31.9994686Z   Python_ROOT_DIR: /opt/hostedtoolcache/Python/3.12.14/x64
2026-09-28T07:46:31.9995158Z   Python2_ROOT_DIR: /opt/hostedtoolcache/Python/3.12.14/x64
2026-09-28T07:46:31.9995649Z   Python3_ROOT_DIR: /opt/hostedtoolcache/Python/3.12.14/x64
2026-09-28T07:46:31.9996236Z   LD_LIBRARY_PATH: /opt/hostedtoolcache/Python/3.12.14/x64/lib
2026-09-28T07:46:31.9996672Z ##[endgroup]
2026-09-28T07:46:32.4565126Z SKIPPED — apollo-spider/dist/Apollo-Spider-v1.0.0.zip is FROZEN HISTORY (not the manifest's v1.0.14); its integrity is _gate_frozen_release.py's jurisdiction, not this arm's
2026-09-28T07:46:32.4566504Z SKIPPED — apollo-spider/dist/Apollo-Spider-v1.0.1.zip is FROZEN HISTORY (not the manifest's v1.0.14); its integrity is _gate_frozen_release.py's jurisdiction, not this arm's
2026-09-28T07:46:32.4567983Z SKIPPED — apollo-spider/dist/Apollo-Spider-v1.0.10.zip is FROZEN HISTORY (not the manifest's v1.0.14); its integrity is _gate_frozen_release.py's jurisdiction, not this arm's
2026-09-28T07:46:32.4569209Z SKIPPED — apollo-spider/dist/Apollo-Spider-v1.0.11.zip is FROZEN HISTORY (not the manifest's v1.0.14); its integrity is _gate_frozen_release.py's jurisdiction, not this arm's
2026-09-28T07:46:32.4570506Z SKIPPED — apollo-spider/dist/Apollo-Spider-v1.0.12.zip is FROZEN HISTORY (not the manifest's v1.0.14); its integrity is _gate_frozen_release.py's jurisdiction, not this arm's
2026-09-28T07:46:32.4571759Z SKIPPED — apollo-spider/dist/Apollo-Spider-v1.0.13.zip is FROZEN HISTORY (not the manifest's v1.0.14); its integrity is _gate_frozen_release.py's jurisdiction, not this arm's
2026-09-28T07:46:32.4572719Z PASS — apollo-spider/dist/Apollo-Spider-v1.0.14.zip matches the manifest at 0ef307460dcf
2026-09-28T07:46:32.4573944Z SKIPPED — apollo-spider/dist/Apollo-Spider-v1.0.2.zip is FROZEN HISTORY (not the manifest's v1.0.14); its integrity is _gate_frozen_release.py's jurisdiction, not this arm's
2026-09-28T07:46:32.4575174Z SKIPPED — apollo-spider/dist/Apollo-Spider-v1.0.3.zip is FROZEN HISTORY (not the manifest's v1.0.14); its integrity is _gate_frozen_release.py's jurisdiction, not this arm's
2026-09-28T07:46:32.4576391Z SKIPPED — apollo-spider/dist/Apollo-Spider-v1.0.4.zip is FROZEN HISTORY (not the manifest's v1.0.14); its integrity is _gate_frozen_release.py's jurisdiction, not this arm's
2026-09-28T07:46:32.4578162Z SKIPPED — apollo-spider/dist/Apollo-Spider-v1.0.6.zip is FROZEN HISTORY (not the manifest's v1.0.14); its integrity is _gate_frozen_release.py's jurisdiction, not this arm's
2026-09-28T07:46:32.4579361Z SKIPPED — apollo-spider/dist/Apollo-Spider-v1.0.7.zip is FROZEN HISTORY (not the manifest's v1.0.14); its integrity is _gate_frozen_release.py's jurisdiction, not this arm's
2026-09-28T07:46:32.4580638Z SKIPPED — apollo-spider/dist/Apollo-Spider-v1.0.8.zip is FROZEN HISTORY (not the manifest's v1.0.14); its integrity is _gate_frozen_release.py's jurisdiction, not this arm's
2026-09-28T07:46:32.4581848Z SKIPPED — apollo-spider/dist/Apollo-Spider-v1.0.9.zip is FROZEN HISTORY (not the manifest's v1.0.14); its integrity is _gate_frozen_release.py's jurisdiction, not this arm's
2026-09-28T07:46:32.4684807Z ##[group]Run rc=0; python3 knowledge/_release/_gate_ci_template.py --check || rc=$?
2026-09-28T07:46:32.4685501Z [36;1mrc=0; python3 knowledge/_release/_gate_ci_template.py --check || rc=$?[0m
2026-09-28T07:46:32.4686120Z [36;1mif [ "$rc" = "77" ]; then echo "^ COULD-NOT-ASK — printed, not counted, not a verdict."; rc=0; fi[0m
2026-09-28T07:46:32.4686632Z [36;1mexit $rc[0m
2026-09-28T07:46:32.4726359Z shell: /usr/bin/bash -e {0}
2026-09-28T07:46:32.4726776Z env:
2026-09-28T07:46:32.4727168Z   pythonLocation: /opt/hostedtoolcache/Python/3.12.14/x64
2026-09-28T07:46:32.4727724Z   PKG_CONFIG_PATH: /opt/hostedtoolcache/Python/3.12.14/x64/lib/pkgconfig
2026-09-28T07:46:32.4728238Z   Python_ROOT_DIR: /opt/hostedtoolcache/Python/3.12.14/x64
2026-09-28T07:46:32.4728703Z   Python2_ROOT_DIR: /opt/hostedtoolcache/Python/3.12.14/x64
2026-09-28T07:46:32.4729180Z   Python3_ROOT_DIR: /opt/hostedtoolcache/Python/3.12.14/x64
2026-09-28T07:46:32.4729810Z   LD_LIBRARY_PATH: /opt/hostedtoolcache/Python/3.12.14/x64/lib
2026-09-28T07:46:32.4730215Z ##[endgroup]
2026-09-28T07:46:32.5314018Z ci-template gate — apollo-spider/ci-template
2026-09-28T07:46:32.5314588Z   2 job(s), 1 referenced script(s), README present
2026-09-28T07:46:32.5315197Z   · actionlint is not installed — the structural arms above carry the check
2026-09-28T07:46:32.5315546Z 
2026-09-28T07:46:32.5315831Z PASS — the template parses, ships what it calls, and hides nothing.
2026-09-28T07:46:32.5410908Z ##[group]Run rc=0; python3 knowledge/_release/_gate_ci_template.py --selftest || rc=$?
2026-09-28T07:46:32.5411597Z [36;1mrc=0; python3 knowledge/_release/_gate_ci_template.py --selftest || rc=$?[0m
2026-09-28T07:46:32.5412259Z [36;1mif [ "$rc" = "77" ]; then echo "^ COULD-NOT-ASK — printed, not counted, not a verdict."; rc=0; fi[0m
2026-09-28T07:46:32.5412780Z [36;1mexit $rc[0m
2026-09-28T07:46:32.5451620Z shell: /usr/bin/bash -e {0}
2026-09-28T07:46:32.5451963Z env:
2026-09-28T07:46:32.5452408Z   pythonLocation: /opt/hostedtoolcache/Python/3.12.14/x64
2026-09-28T07:46:32.5452986Z   PKG_CONFIG_PATH: /opt/hostedtoolcache/Python/3.12.14/x64/lib/pkgconfig
2026-09-28T07:46:32.5453663Z   Python_ROOT_DIR: /opt/hostedtoolcache/Python/3.12.14/x64
2026-09-28T07:46:32.5454139Z   Python2_ROOT_DIR: /opt/hostedtoolcache/Python/3.12.14/x64
2026-09-28T07:46:32.5454577Z   Python3_ROOT_DIR: /opt/hostedtoolcache/Python/3.12.14/x64
2026-09-28T07:46:32.5455243Z   LD_LIBRARY_PATH: /opt/hostedtoolcache/Python/3.12.14/x64/lib
2026-09-28T07:46:32.5455622Z ##[endgroup]
2026-09-28T07:46:32.6452321Z selftest: 10 bites, 0 fail(s)
2026-09-28T07:46:32.6556997Z ##[group]Run bash apollo-spider/build-designer-pack.sh --selftest
2026-09-28T07:46:32.6557578Z [36;1mbash apollo-spider/build-designer-pack.sh --selftest[0m
2026-09-28T07:46:32.6596676Z shell: /usr/bin/bash -e {0}
2026-09-28T07:46:32.6597061Z env:
2026-09-28T07:46:32.6597442Z   pythonLocation: /opt/hostedtoolcache/Python/3.12.14/x64
2026-09-28T07:46:32.6598028Z   PKG_CONFIG_PATH: /opt/hostedtoolcache/Python/3.12.14/x64/lib/pkgconfig
2026-09-28T07:46:32.6598543Z   Python_ROOT_DIR: /opt/hostedtoolcache/Python/3.12.14/x64
2026-09-28T07:46:32.6599186Z   Python2_ROOT_DIR: /opt/hostedtoolcache/Python/3.12.14/x64
2026-09-28T07:46:32.6599662Z   Python3_ROOT_DIR: /opt/hostedtoolcache/Python/3.12.14/x64
2026-09-28T07:46:32.6600128Z   LD_LIBRARY_PATH: /opt/hostedtoolcache/Python/3.12.14/x64/lib
2026-09-28T07:46:32.6600555Z ##[endgroup]
2026-09-28T07:46:32.6696830Z === generator selftest ===
2026-09-28T07:46:32.8646007Z selftest: 248 bites, 0 fail(s)
2026-09-28T07:46:32.8734809Z 
2026-09-28T07:46:32.8735306Z === refusal: no --commit ===
2026-09-28T07:46:32.8775313Z green — refused, as it must
2026-09-28T07:46:32.8775628Z 
2026-09-28T07:46:32.8775884Z === refusal: --release on a dirty tree ===
2026-09-28T07:46:32.9030352Z SKIPPED — tree is clean, the dirty-tree arm cannot be driven honestly right now
2026-09-28T07:46:32.9030951Z 
2026-09-28T07:46:32.9031347Z === refusal: --release over STALE chart receipts (s263-D13) ===
2026-09-28T07:46:33.0072729Z green — one mutated source hash is refused, as it must
2026-09-28T07:46:33.0746530Z green — the real receipts are FRESH (control)
2026-09-28T07:46:33.0746818Z 
2026-09-28T07:46:33.0747170Z === refusal: --release without Dave's ratification ===
2026-09-28T07:46:33.0947741Z SKIPPED — the manifest is already ratified
2026-09-28T07:46:33.1088028Z ##[group]Run python3 apollo-spider/cold-start/gen_projections.py --check
2026-09-28T07:46:33.1088674Z [36;1mpython3 apollo-spider/cold-start/gen_projections.py --check[0m
2026-09-28T07:46:33.1128104Z shell: /usr/bin/bash -e {0}
2026-09-28T07:46:33.1128517Z env:
2026-09-28T07:46:33.1128890Z   pythonLocation: /opt/hostedtoolcache/Python/3.12.14/x64
2026-09-28T07:46:33.1129397Z   PKG_CONFIG_PATH: /opt/hostedtoolcache/Python/3.12.14/x64/lib/pkgconfig
2026-09-28T07:46:33.1129943Z   Python_ROOT_DIR: /opt/hostedtoolcache/Python/3.12.14/x64
2026-09-28T07:46:33.1130438Z   Python2_ROOT_DIR: /opt/hostedtoolcache/Python/3.12.14/x64
2026-09-28T07:46:33.1130953Z   Python3_ROOT_DIR: /opt/hostedtoolcache/Python/3.12.14/x64
2026-09-28T07:46:33.1131444Z   LD_LIBRARY_PATH: /opt/hostedtoolcache/Python/3.12.14/x64/lib
2026-09-28T07:46:33.1131835Z ##[endgroup]
2026-09-28T07:46:33.1411907Z gen_projections --check OK — 3 projection(s) and 3 PLACED host file(s) in sync with cold-start/DESIGN-CONTRACT.md.
2026-09-28T07:46:33.1480439Z ##[group]Run python3 knowledge/_release/_gate_release_audit.py --drift
2026-09-28T07:46:33.1481012Z [36;1mpython3 knowledge/_release/_gate_release_audit.py --drift[0m
2026-09-28T07:46:33.1517869Z shell: /usr/bin/bash -e {0}
2026-09-28T07:46:33.1518291Z env:
2026-09-28T07:46:33.1518647Z   pythonLocation: /opt/hostedtoolcache/Python/3.12.14/x64
2026-09-28T07:46:33.1519208Z   PKG_CONFIG_PATH: /opt/hostedtoolcache/Python/3.12.14/x64/lib/pkgconfig
2026-09-28T07:46:33.1519725Z   Python_ROOT_DIR: /opt/hostedtoolcache/Python/3.12.14/x64
2026-09-28T07:46:33.1520217Z   Python2_ROOT_DIR: /opt/hostedtoolcache/Python/3.12.14/x64
2026-09-28T07:46:33.1520692Z   Python3_ROOT_DIR: /opt/hostedtoolcache/Python/3.12.14/x64
2026-09-28T07:46:33.1521173Z   LD_LIBRARY_PATH: /opt/hostedtoolcache/Python/3.12.14/x64/lib
2026-09-28T07:46:33.1521592Z ##[endgroup]
2026-09-28T07:46:33.2067878Z ADVISORY — the manifest was generated at 0ef307460dcf; HEAD is cd16f7ecad12, 11 commit(s) later.
2026-09-28T07:46:33.2068890Z   A pack cut now would ship the tree as it stood at 0ef307460dcf. That may be exactly right.
2026-09-28T07:46:33.2069926Z   ⬛ WHETHER TO RE-CUT IS DAVE'S (s219-D4(2)): a release is explicit, versioned, his word.
2026-09-28T07:46:33.2070938Z   If he says re-cut: python3 knowledge/_release/_gen_pack_manifest.py --probe --commit <sha> && python3 knowledge/_release/_gen_pack_manifest.py --manifest --commit <sha>
2026-09-28T07:46:33.2148408Z ##[error]Process completed with exit code 1.
2026-09-28T07:46:33.2265315Z Post job cleanup.
2026-09-28T07:46:33.3624875Z Post job cleanup.
2026-09-28T07:46:33.4442039Z [command]/usr/bin/git version
2026-09-28T07:46:33.4478598Z git version 2.55.0
2026-09-28T07:46:33.4520100Z Temporarily overriding HOME='/home/runner/work/_temp/1302b2e0-9370-4726-a32d-82ff8001493e' before making global git config changes
2026-09-28T07:46:33.4521676Z Adding repository directory to the temporary git global config as a safe directory
2026-09-28T07:46:33.4525522Z [command]/usr/bin/git config --global --add safe.directory /home/runner/work/UX-design/UX-design
2026-09-28T07:46:33.4920239Z Removing SSH command configuration
2026-09-28T07:46:33.4930115Z [command]/usr/bin/git config --local --name-only --get-regexp core\.sshCommand
2026-09-28T07:46:33.4976701Z [command]/usr/bin/git submodule foreach --recursive sh -c "git config --local --name-only --get-regexp 'core\.sshCommand' && git config --local --unset-all 'core.sshCommand' || :"
2026-09-28T07:46:33.5324850Z Removing HTTP extra header
2026-09-28T07:46:33.5326771Z [command]/usr/bin/git config --local --name-only --get-regexp http\.https\:\/\/github\.com\/\.extraheader
2026-09-28T07:46:33.5375146Z [command]/usr/bin/git submodule foreach --recursive sh -c "git config --local --name-only --get-regexp 'http\.https\:\/\/github\.com\/\.extraheader' && git config --local --unset-all 'http.https://github.com/.extraheader' || :"
2026-09-28T07:46:33.5613728Z Removing includeIf entries pointing to credentials config files
2026-09-28T07:46:33.5623094Z [command]/usr/bin/git config --local --name-only --get-regexp ^includeIf\.gitdir:
2026-09-28T07:46:33.5643882Z includeif.gitdir:/home/runner/work/UX-design/UX-design/.git.path
2026-09-28T07:46:33.5645231Z includeif.gitdir:/home/runner/work/UX-design/UX-design/.git/worktrees/*.path
2026-09-28T07:46:33.5646345Z includeif.gitdir:/github/workspace/.git.path
2026-09-28T07:46:33.5647601Z includeif.gitdir:/github/workspace/.git/worktrees/*.path
2026-09-28T07:46:33.5654347Z [command]/usr/bin/git config --local --get-all includeif.gitdir:/home/runner/work/UX-design/UX-design/.git.path
2026-09-28T07:46:33.5675860Z /home/runner/work/_temp/git-credentials-28fc3705-4c44-4a18-87aa-5d72165254a8.config
2026-09-28T07:46:33.5685813Z [command]/usr/bin/git config --local --unset includeif.gitdir:/home/runner/work/UX-design/UX-design/.git.path /home/runner/work/_temp/git-credentials-28fc3705-4c44-4a18-87aa-5d72165254a8.config
2026-09-28T07:46:33.6458851Z [command]/usr/bin/git config --local --get-all includeif.gitdir:/home/runner/work/UX-design/UX-design/.git/worktrees/*.path
2026-09-28T07:46:33.6483321Z /home/runner/work/_temp/git-credentials-28fc3705-4c44-4a18-87aa-5d72165254a8.config
2026-09-28T07:46:33.6495014Z [command]/usr/bin/git config --local --unset includeif.gitdir:/home/runner/work/UX-design/UX-design/.git/worktrees/*.path /home/runner/work/_temp/git-credentials-28fc3705-4c44-4a18-87aa-5d72165254a8.config
2026-09-28T07:46:33.6576882Z [command]/usr/bin/git config --local --get-all includeif.gitdir:/github/workspace/.git.path
2026-09-28T07:46:33.6600116Z /github/runner_temp/git-credentials-28fc3705-4c44-4a18-87aa-5d72165254a8.config
2026-09-28T07:46:33.6609519Z [command]/usr/bin/git config --local --unset includeif.gitdir:/github/workspace/.git.path /github/runner_temp/git-credentials-28fc3705-4c44-4a18-87aa-5d72165254a8.config
2026-09-28T07:46:33.7706928Z [command]/usr/bin/git config --local --get-all includeif.gitdir:/github/workspace/.git/worktrees/*.path
2026-09-28T07:46:33.7733831Z /github/runner_temp/git-credentials-28fc3705-4c44-4a18-87aa-5d72165254a8.config
2026-09-28T07:46:33.7742633Z [command]/usr/bin/git config --local --unset includeif.gitdir:/github/workspace/.git/worktrees/*.path /github/runner_temp/git-credentials-28fc3705-4c44-4a18-87aa-5d72165254a8.config
2026-09-28T07:46:33.8105543Z [command]/usr/bin/git submodule foreach --recursive git config --local --show-origin --name-only --get-regexp remote.origin.url
2026-09-28T07:46:33.8310821Z Removing credentials config '/home/runner/work/_temp/git-credentials-28fc3705-4c44-4a18-87aa-5d72165254a8.config'
2026-09-28T07:46:33.8443991Z Cleaning up orphan processes
