wrote /sessions/rcw-01hph5xdw9a12lkzujcer9xa/mnt/Projects--UX-design/notes/_KG-EXPLORER.html · v1.30 · snaps 54 · nodes 5534 · edges 10653 · islands 2 · orphans 0 · 5,501,932 B
  base (live): 1050 nodes / 1558 relations / 137 components
  extra: 4472 nodes / 8967 edges · mentions 243 derived · governs→component 337 / →artefact 1431 · appliesTo matched 826 unmatched 0 · verifiedBy 6
  proposedType: {} · PROPOSED TOTAL 0 (pairs already judged by s267-D3: 48 suppressed as authored, 31 ratified plain mentions)
  authored ruling→ruling edges (s267-D3): 48 {'corrects': 1, 'supersedesClause': 9, 'extends': 16, 'refines': 4, 'enacts': 6, 'confirms': 5, 'supersedes': 3, 'bounds': 1, 'narrows': 2, 'retires': 1}
  rules family (s274-D7..D12, ratified s274-D8): 396 new nodes / 639 edges + 0 declared nulls
  restsOn (s281-D3 authorised, s281-D6 landed; chip OFF by default): 67 rule→ux edges + 8 declared nulls · 52 rules rest on ≥1 principle · 14 rules rest on two · 38 lines carry Dave's note
  UX-principle family (s275-D1..D6, ratified s275-D2): 256 new nodes / 375 edges + 26 declared nulls
  assets family (s277-D4..D7, ratified s277-D4; chip OFF by default): 684 new nodes / 1307 edges + 6 declared nulls · SKIPPED 14
  titles (#304 W5c, gen_kg_titles.py): 1313 bare-code labels titled ruling 699 · rule 474 · session 92
  tokens family (s277-D12, ratified s277-D12; chip OFF by default): 44 new nodes / 835 bindsToken
  sources family (s305-D26, ratified s305-D26; chip OFF by default): 116 new nodes / 402 edges
  strata bands (#280, s277-D8 rendered): Theory 256 @ -1702.4…-942.4 · Governance 552 @ -820.8…-60.8 · System 1906 @ 60.8…820.8 · The Constitution 2820 @ 942.4…1702.4
  strata-3D plates (#280, s280-D1): Theory 256 @ y -620.0 cx 0.0 ±750.0 · Governance 552 @ y 0.0 cx 0.0 ±750.0 · System 1906 @ y 620.0 cx 0.0 ±750.0 · The Constitution 2820 @ y 310.0 cx 1950.0 ±750.0
  shells-2D rings (#280, s280-D1): System 1906 @ r 140.0…560.0 ×19 rings · Governance 552 @ r 760.0…1040.0 ×5 rings · Theory 256 @ r 1180.0…1360.0 ×2 rings · The Constitution 2820 @ r 1560.0…2180.0 arc 0.38…4.02 ×16 rings
  shells-3D (#280, s280-D1): System 1906 @ sphere r 620.0 · Governance 552 @ sphere r 1000.0 · Theory 256 @ sphere r 1320.0 · The Constitution 2820 @ plinth y 1560.0 r 1560.0
  chip map (#281, s281 lane CM): rules += answersIntent 28 · hasDataShape 26 · providesRole 108 · yieldsTo 51 · defaultActive 1 · guidelinerules += obeys 154 · CITED obeys→ux 14 (s281-D4: drawn in THEORY under its own chip, off by default) · HELD 0 (drawn by nothing)
  double-named files (#281, s281-D2): 24 tied · re-homed 14 · already right 10 · kind not declared 0
      re-homed  artefact:knowledge/guidelines/accessibility-content-authoring.md (guideline file): governance → guidelinerules
      re-homed  artefact:knowledge/guidelines/accessibility-interaction-design.md (guideline file): governance → guidelinerules
      re-homed  artefact:knowledge/guidelines/accessibility-visual-design.md (guideline file): governance → guidelinerules
      re-homed  artefact:knowledge/guidelines/brand-refresh-assets.md (guideline file): governance → guidelinerules
      re-homed  artefact:knowledge/guidelines/colour-standards-2026.md (guideline file): governance → guidelinerules
      re-homed  artefact:knowledge/guidelines/data-visualisation-bar-charts.md (guideline file): governance → guidelinerules
      re-homed  artefact:knowledge/guidelines/data-visualisation.md (guideline file): governance → guidelinerules
      re-homed  artefact:knowledge/guidelines/icons.md (guideline file): governance → guidelinerules
      re-homed  artefact:knowledge/guidelines/logos.md (guideline file): governance → guidelinerules
      re-homed  artefact:knowledge/guidelines/naming.md (guideline file): governance → guidelinerules
      re-homed  artefact:knowledge/guidelines/neurodiversity.md (guideline file): governance → guidelinerules
      re-homed  artefact:knowledge/guidelines/pictograms.md (guideline file): governance → guidelinerules
      re-homed  artefact:knowledge/guidelines/visual-assets.md (guideline file): governance → guidelinerules
      re-homed  artefact:knowledge/guidelines/web-foundations.md (guideline file): governance → guidelinerules
      confirmed artefact:knowledge/_build_all.py (repo tool): governance
      confirmed artefact:knowledge/_build_memento_index.py (repo tool): governance
      confirmed artefact:knowledge/_validate_a11y.py (repo tool): governance
      confirmed artefact:knowledge/_validate_compose.py (repo tool): governance
      confirmed artefact:knowledge/_validate_composition.py (repo tool): governance
      confirmed artefact:knowledge/_validate_dataviz.py (repo tool): governance
      confirmed artefact:knowledge/_validate_hit_area.py (repo tool): governance
      confirmed artefact:knowledge/_validate_own_size.py (repo tool): governance
      confirmed artefact:knowledge/_validate_screen.py (repo tool): governance
      confirmed artefact:knowledge/_validate_snippets.py (repo tool): governance
