== knowledge/_render_rulings.py
wrote /sessions/rcw-01hph5xdw9a12lkzujcer9xa/mnt/Projects--UX-design/notes/_RULINGS.html  699 rulings  163 sessions  1474179 bytes  sha256 efd54bbf4af1b31328911ad4155f1e693e408615015f4aa718d53b3f3de2f9ef
rc=0 1s
== knowledge/tokens/_build_blast_radius.py
PARKED DUE — 4 parked item(s) are due at token-report — python3 knowledge/_parked.py --due token-report
wrote tokens/_blast-radius.json and _GRAPH-REPORT.md
tokens defined=1047 referenced=140 components=137
top god-nodes: [('text/default', 109), ('background/default', 74), ('tertiary/background/default', 51), ('icon/default', 46), ('border-radius/surface', 43), ('focus/ring', 40), ('border/subtle', 39), ('text/secondary', 37)]
depricate-still-bound components: 19
orphans: 907
rc=0 18s
== knowledge/_build_memento_index.py
memento index: 2338 records → knowledge/_memento-index.json (brief:206, carries-section:82, component-meta:139, context-node:222, dream:14, gauge-block:286, gm-archive-section:274, gm-section:20, lane:4, ledger-section:86, ls-archive-section:557, ls-section:11, pattern-node:380, runbook-section:57)
rc=0 3s
== knowledge/_build_graph_mention_map.py
graph mention map: 102 of 102 node(s) mentioned, 1969 record hit(s) total -> _graph-mention-map.json
rc=0 2s
== knowledge/_gen_chain.py
  ✅ _CHAIN.md: 7,846 tiktoken cl100k_base · GM header+LATEST 5344 tk · LS LATEST delta only (of 36 delta lines) 1654 tk · FILE 7,846 tiktoken cl100k_base = slice 6,998 + wrapper 848 · fixed point in 2 pass(es)
rc=0 3s
== knowledge/_gen_schematic.py
  ✅ reviews/MEMENTO-SCHEMATIC-2026-08-07-v2.html: 30,550 bytes · 0 declared gap(s) rendered
rc=0 8s
