count 638
statuses {'s219-D10': 'ruled', 's223-D7': 'ruled', 's225-D1': 'ruled', 's228-D4': 'ruled', 's257-D1': 'ruled', 's257-D3': 'ruled', 's260-D4': 'ruled', 's262-D6': 'ruled', 's267-D2': 'ruled', 's268-D1': 'ruled', 's268-D2': 'ruled', 's268-D3': 'ruled'}
ratification_status() None
---audit
PASS — the manifest at knowledge/_release/_pack_manifest.json is byte-identical to a fresh generation at 08e315dca376 (1714 files, sha256 499c144ccbf84f34)

PARKED DUE — 5 parked item(s) are due at release-cut — python3 knowledge/_parked.py --due release-cut
---selftest
  If he says re-cut: python3 knowledge/_release/_gen_pack_manifest.py --probe --commit <sha> && python3 knowledge/_release/_gen_pack_manifest.py --manifest --commit <sha>
selftest: 10 bites, 0 fail(s)
---s282
s282-D2 ALREADY POINTED
s282-D3 ALREADY POINTED
s282-D4 ALREADY POINTED
s282-D5 ALREADY POINTED
v1.0.0 -> RATIFIED — s219-D10 names v1.0.0 in the store; s219-D4(2) sa
v1.0.10 -> RATIFIED — s267-D2 names v1.0.10 in the store; s219-D4(2) sa
v1.0.11 -> RATIFIED — s268-D1 names v1.0.11 in the store; s219-D4(2) sa
v1.0.12 -> RATIFIED — s268-D2 names v1.0.12 in the store; s219-D4(2) sa
v1.0.13 -> RATIFIED — s268-D3 names v1.0.13 in the store; s219-D4(2) sa
v1.0.2 -> RATIFIED — s223-D7 names v1.0.2 in the store; s219-D4(2) sat
v1.0.3 -> RATIFIED — s225-D1 names v1.0.3 in the store; s219-D4(2) sat
v1.0.4 -> RATIFIED — s228-D4 names v1.0.4 in the store; s219-D4(2) sat
v1.0.6 -> RATIFIED — s257-D1 names v1.0.6 in the store; s219-D4(2) sat
v1.0.7 -> RATIFIED — s257-D3 names v1.0.7 in the store; s219-D4(2) sat
v1.0.8 -> RATIFIED — s260-D4 names v1.0.8 in the store; s219-D4(2) sat
v1.0.9 -> RATIFIED — s262-D6 names v1.0.9 in the store; s219-D4(2) sat
