— msgfile head: #261 Ft2: HSBC product wording + full-width footer pane
— msgfile line 1 carries no T3 prefix (#208 reuse gate passed)
  ✅ _CHAIN.md is FRESH — byte-matches the live chain · GM header+LATEST 4793 tk · LS LATEST delta only (of 46 delta lines) 3338 tk · FILE 8,982 tiktoken cl100k_base = slice 8,131 + wrapper 851 · fixed point in 2 pass(es)
— chain fresh (_gen_chain.py --check passed)
— doc-row gate: DECLARED GAP — five #261 lane subreports (D3, R, C, Ft, V) are in-flight documents owned by their own lanes; Ft2 appended to one - rows belong to the #261 wrap
— showroom sync gate: DECLARED GAP — showroom/sidebar-nav.html is stale against lane N's in-flight snippet, not mine; footer.html IS regenerated and staged
polarity gate (s238-D7): home knowledge/brain · rows 30 (live 30 · retired 0) · parties 68 (principle 45 · obligation 6 · ruling 2 · stub 15) · stubs declared 15 · links 21 by type challengedBy=4 explainedBy=1 resolvedBy=7 touches=9 · refusals asked: R1 R2 R3 R4 R5 — none fired
  quotes 21: verbatim against their source rows in notes/_subreports/assets/2026-09-02-236-R1-principles-survey/tensions.json — 21 verified (an unverifiable quote is refused, never declared — Q3 #239) · schema pinned c2c165ac126d… + 54 floors · receipt $migration verified
  receipts (s240-D3): ONE pointer per node — R1 register row 30 · $seed ruling id 0 · retiredBy 0
  RULE R-OBLIGATION: >=1 party resolves to a principles.json row whose grade is L (= OBLIGATION, s237-D1; a node type no principle can outrank, s237-D2) -> settled-by-obligation. Applied FIRST.
  RULE R-RESOLVED: >=1 link typed resolvedBy whose ref is a live ruling in knowledge/_rulings.json -> resolved. (237-T's R-RESOLVED read how_it_resolves prose for an id; the typed link IS that citation, migrated.)
  RULE R-OPEN: the complement.
  RULE RULE-K/RULE-D: knowable_how / disposition / ask_when / factory_default are COPIED per open row from 237-T's open-tensions.json, FLOATED — the four ask-whens are Dave's (s238-D3); this file rules nothing. `factory_default` is the GRILL's sense of default (value used because nothing was asked), not s219-D3's shipped option.
  status derived: settled-by-obligation 6 · resolved 4 · open 20   (237-T at its clock: 6 · 3 · 21)
  RULE EDGES: for each polarity, for each unordered pair of parties on DIFFERENT sides whose refs both resolve to principles.json rows (principle or obligation) -> one edge carrying the polarity id and its mediating variable. Same-side pairs produce NO edge (237-T finding 4: tn-19's three persuasion principles are one side). Stubs and rulings produce NO edge (237-T finding 3: an edge needs a register node at both ends). This is a VIEW: the node is the home (s238-D1).
  edges derived: 22
  D-DECLARE (s238-D5): a polarity's factory default is DECLARED iff it BENT AWAY FROM THE CONSERVATIVE SIDE — not all of them, not on demand.  open 20 · declared 0 · UNPROVEN 20 (conservative side not carried as data)
  ✓ _generated/polarity-status.json fresh (generated_at 2026-09-02T15:18:55Z, content byte-identical)
  ✓ _generated/polarity-edges.json fresh (generated_at 2026-09-02T15:18:55Z, content byte-identical)
  ✓ _generated/defaults-declaration.txt fresh (generated_at 2026-09-02T15:18:55Z, content byte-identical)
✓ polarity gate GREEN — five refusals asked and none fired; generated files content-fresh
— polarity gate green (_validate_polarities.py --check passed, s238-D7)
— mention map fresh (_build_graph_mention_map.py --check passed, #208 [110] class gate)
WITNESSES (None = absent, never defaulted)
  gm_banner        260
  gm_title         261
  handoff_max      118
  log_last_boot    93
  log_unwrapped    None
  declared         261

✅ PASS — every witness present agrees.
— session witness agrees (#261)
  ❌ FAIL retrieval index is STALE — it does not match GOOD-MORNING.md / _LIVE-STATE.md as they now stand, so `_memento_search.py` is serving a PREVIOUS session's record. Run `python3 knowledge/_build_memento_index.py` and stage the result (ritual step 2g). This is the #32 defect — do not close over it.
  ❌ FAIL boot-drift CEILING BREACH: `_gauge_tokens.BOOT_CEILING_TK` = 70,000 and 1 post-diet reading(s) EXCEED it — #255 70,127. ⛔ `s240-D2`/`s241-D1` make this number SHRINK-ONLY: boot may go DOWN past it and never up, and the remedy is to CUT THE BOOT, never to raise the literal. Raising it is Dave's word alone and is not a price a wrap may pay to unblock itself [[gate-must-quote-what-it-forbids]].
  ❌ FAIL _LIVE-STATE.md: "Last refreshed" zone does not carry today (2026-09-09) — refresh it (ritual steps 1 / 2) before closing
  ❌ FAIL GOOD-MORNING.md: header date zone does not carry today (2026-09-09) — refresh it (ritual steps 1 / 2) before closing
  ⚠️  WARNS 21 UNCHANGED warn(s) since the wrap-open record of 2026-09-09 — NAMED, bodies suppressed (`s241-D2`); run `python3 knowledge/_capture_gate.py --wrap --warns-full` for the bodies: ds-021 (C) DECLARED GAP — `knowledge/_boot_decompose.py` · ds-021 (C) DECLARED GAP — `knowledge/_boot_remeasure.py` · ds-021 (C) DECLARED GAP — `knowledge/_context_gauge.py`  · ds-021 (C) DECLARED GAP — `knowledge/_memory_cap_check.p · REGEN SERIAL (advisory): this wave regenerated `gen_toke · REGEN SERIAL (advisory): this wave regenerated `gen_toke · REGEN SERIAL (advisory): the serial ran OUT OF ORDER — ` · FILED SUB-REPORT UNCITED (advisory): `notes/_subreports/ · FILED SUB-REPORT COUNTS (advisory): `notes/_subreports/2 · FILED SUB-REPORT REPLAY (advisory): `notes/_subreports/2 · FILED SUB-REPORT QUESTIONS (advisory): `notes/_subreport · memory-cap (ADVISORY): OVER CAP: MEMORY.md is 2,025 cl10 · GOOD-MORNING.md: pre-flight is `⛔ NOT CAPTURED — UNMEASU · GOOD-MORNING.md compactable: 28,365 tape / ~44,533 bill  · M10 read chain — THE WHOLE `_CHAIN.md` FILE, which is wh · M10 corpus (GM + _LIVE-STATE whole): 92,026 tape / ~144, · consult-receipts (line 491): consult-receipts: segment d · consult-receipts (line 491): consult-receipts: segment d · consult-receipts (line 498): consult-receipts: segment d · consult-receipts (line 498): consult-receipts: segment d · git: 33 uncommitted path(s) — commit before close (step 
  ▫️  ⚠ RULINGS ALREADY GOVERN WHAT YOU ARE TOUCHING (files touched this session) — 6 found. READ BEFORE RE-DERIVING:
  ▸ s114-D3 — RULED #114 (2026-08-06, Dave): Apply the hidden hit-area expander to the 8 sub-24px-floor offenders. Verbatim: 'yes expand the hit area...'. OUTCOME: only 2 were real controls (.fl-tip, .help-btn) and were fixed; the other 6 are DECORATIONS of >=44px parents - a gate-SCOPING defect, not 8 a11y failures. Dave's nuance: chart tooltip trigger-points are a lesser concern, the table fallback always exists, a11y rulings there are more nuanced.
      status: RULED #114, ENACTED #114 (994cd25) - the 2 real controls only
      ⚠ The 6 remaining 'offenders' are PHANTOM. Do not 'fix' them; s114-D5's measurement redesign is what removes them.
      evidence: commit 994cd25
      evidence: notes/_MEMENTO-DECISIONS.md
  ▸ s114-D5 — RULED #114 (2026-08-06, Dave): The hit-area checker MEASUREMENT REDESIGN (markup-driven, per the pending half of the 2026-07-25 brief) is SIGNED OFF. Verbatim: 'good lets do it.' ONE build owns BOTH the 6 phantom failures AND the axs-003 detector quirk - one cause, two symptom sets; splitting them guarantees recurrence.
      status: RULED #114, ENACTED #116 - _validate_a11y.py rebuilt markup-driven on _a11y_target.py; 25-clause selftest wired into _build_all.py; 16/16 mutations killed
      ⚠ Both symptom sets closed by ONE cause: the 6 phantoms and the axs-003 detector quirk were the same selector-text measurement. s114-D6 is now UNBLOCKED - but the sweep found 72 controls in the 24-43 band, not 6, so the promote is a remediation lane, not a flag flip.
      evidence: notes/_MEMENTO-DECISIONS.md
  ▸ s114-D6 — RULED #114 (2026-08-06, Dave): 44px is promoted to BLOCKING for controls. Verbatim: 'Promoting 44 to blocking for controls, good.' ORDERED AFTER s114-D5 lands - promoting first would break day one on the six phantom failures D5 exists to remove. The SEQUENCE is part of the ruling.
      status: RULED #114, NOT ENACTED - rolls to #115 as residual (2), gated on (1)
      ⚠ Do NOT promote before s114-D5 lands. An early promotion is a gate that fails on correct behaviour, which teaches sessions to waive it.
      evidence: notes/_MEMENTO-DECISIONS.md
  ▸ s115-D2 — RULED #115 (2026-08-06, Dave): The mark observation window must be INSTRUMENTED, never human-remembered. Verbatim: 'so I should be looking out for these manually?... do I have to write these down on a postit or something??'
      status: RULED #115, ENACTED #115 (ce0cc7f) - the WINDOW is open, the verdict is not in
      ⚠ DEMOTION (pricing brief item 4) is NOT RULED and NOT SCHEDULED: it is decided on `_graph_edges.py --tally` evidence, and the ruling is Dave's. The mark's semantic: a result MENTIONS a superseded node; it is not itself dead.
      evidence: commit ce0cc7f
      evidence: notes/_MEMENTO-DECISIONS.md
      evidence: _DECISION-HISTORY/2026-08-06-115-graph-candidates-and-the-observation-window.md
  ▸ s116-D4 — RULED #116 (2026-08-06, Dave): s114-D6 (44 to blocking) is RE-PRICED, NOT AUTO-PROMOTED. Its premise was six phantom failures; the rebuilt markup-driven gate MEASURED 72 controls in the 24-43 band (mostly 36x36 and 24x24 expanders the old selector-allowlist gate blind-exempted because it could not see them). Dave's ruling STANDS; its PREMISE is corrected first. Next session measures what the 72 actually are and brings a costed list BEFORE anything goes blocking.
      status: RULED #116 - s114-D6 held UNENACTED pending the re-price
      ⚠ Do NOT flip CONTROL_TIER_44 to blocking. 72 controls fail today. A ruling enforced against a falsified premise is not the ruling Dave made.
      evidence: notes/_MEMENTO-DECISIONS.md
  ▸ s230-D2 — RULED THE MASTHEAD LOGO DEFAULTS ARE RULED, BOTH THEMES - masterbrand-light-colour on light chrome, masterbrand-dark-colour on dark chrome; the builder asks only when the brief names a different brand (2026-08-31, Dave): Dave at #230, two lines minutes apart, verbatim: 'use this as teh default logo "masterbrand-light-colour"' and 'use this for dark mode masterbrand-dark-colour'. Context: the rehearsal found a cold builder copies the literal HSBC text wordmark silently while twelve masterbrand SVGs ship unbound. The theme pair is HIS WORD, not a mechanical inference. Enacted the same day by the W-323 repair lane: 28 text wordmarks removed across 7 rebound snippets (Navigations, App-shell-top-nav, -side-nav, -split, -focused, -doormat, -multi-column), 0 left in the library; App-shell-nav-rail deliberately NOT rebound (56px rail head, no lockup fits - a ruling-shaped residue that stays Dave's). Inscribed at #231's cold seat because inscription was illegal in-band at #230 (s214-D1).
      status: ruled
      evidence: chat #230 2026-08-31 - Dave's two lines quoted verbatim in says, banked at notes/_briefs/2026-08-31-230-demo-repairs-brief.md
      evidence: commit 9c329a1 - the repair-lane commit enacting both defaults, text wordmarks 28 to 0
  ⛔ These are DECIDED. Re-deriving one is the #80 defect; re-opening one is Dave's alone.
  ▫️  REGISTER↔STORE JOIN: `G18` is in `_state.json` (state `done`) with no register row — DECLARED in `_GOVERNING-RECORDS.md` as a known gap, so it passes. A declared gap passes; a silent one does not (#111-D1).
  ▫️  REGISTER↔STORE JOIN: 17 register row(s) joined against 18 `_state.json` row(s) — ids and statuses AGREE (1 declared gap(s)). ADVISORY at birth; promotion to blocking is Dave's.
  ▫️  SHARED HELPER: `mask_comments()` has exactly ONE implementation (`knowledge/_htmlmask.py`) and 7 importer(s) across 395 tracked `.py` file(s). ADVISORY at birth; promotion to blocking is Dave's.
  ▫️  GOOD-MORNING.md strata #96, #95, #40, #41, #42: EXEMPT by ruling (Dave #58 — permanently unrollable, notes/_GAUGE-LOG.md:399 key added retroactively; § META — UNKEYED #40 #41 #42): measured and reported, never charged.
  ▫️  §A: 198 lines — EXEMPT by ruling (standing, uncapped): measured and reported, never charged.
  ▫️  TITLE THE NEXT CHAT: 27 tape (tiktoken cl100k_base) — cap 120 tape, RULED #60-D8.
  ▫️  SIZE measured (tiktoken cl100k_base): GM 35322 tk WHOLE FILE · of which §A 6957 tk exempt · compactable 28365 tk (the budgeted figure) · READ CHAIN 8131 tk (GM header+LATEST 4793 tk · LS LATEST delta only (of 46 delta lines) 3338 tk) · CHAIN FILE 8,982 tape (the CAPPED unit) · corpus (GM+LS, the retrieval surface) 92026 tk
  ▫️  COMPACTABLE region: 28,365 tape / ~44,533 bill (derived ×1.57, PROVISIONAL) · warn 8,000 tape / ~12,560 bill · BLOCK WITHDRAWN #39 — ADVISORY. This region is RETRIEVAL surface, not the cold-start chain (#33): growth here costs a retrieval, never a boot. ⬛ The cold-start cap now MEASURES THE RIGHT THING (the whole `_CHAIN.md` file, #48) but is still ADVISORY — arming it is Dave's, see M10 chain_file_tk / CHAIN_BUDGET_TK.
  ▫️  BANNER region: 5,332 tape / ~8,371 bill (derived ×1.57, PROVISIONAL) (file top → DO-FIRST: header + ★ LATEST + ★ PRIOR) · warn 11,200 tape / ~17,584 bill · block 16,000 tape / ~25,120 bill · cap DERIVED — header 3,120 + 2 × banner (median 4,006 / p75 6,407), n=260 archived banners
  ▫️  retirement receipts: every DO-FIRST line removed since HEAD is findable in _GM-ARCHIVE.md (proxy — verbatim-ness and retirement-DUE are not observable here).
  ▫️  section-usage: stratum carries well-formed usage + sizes lines (FORM only — whether a C is honest is not observable here).
  ▫️  section-usage tier: BLOCKING (read from SECTION_USAGE_BLOCKING — #23 ruled the trigger, #24 fired it; flag + selftest pin move only as a pair).
  ▫️  usage-history: 196 sessions of testimony read as a series (`python3 knowledge/_gm_usage.py --history` prints the full table).
  ▫️  usage-history: no section is both never-cited and long-unread.
  ▫️  usage-history tier: ADVISORY (read from USAGE_HISTORY_BLOCKING — promotion trigger is Dave ruling the candidate list; flag + selftest pin move as a pair).
  ▫️  consult-receipts tier: ADVISORY (read from CONSULT_RECEIPT_BLOCKING — #25 born ADVISORY; promotion is Dave's word, flag + pin move as a pair).
  ▫️  boot-drift: 7 line(s) state a DRIFT beside `boot`, not a reading, and were NOT counted as samples (#218 parser split) — e.g. 2,345 in “> **✅ AND THE PREMISES WERE CHECKED BEFORE THEY WERE WRITTEN…” · 8,942 in “> **boot-drift DECLARED #218 (2026-08-24):** mean 61,257 · c…”
  ▫️  boot-drift: DERIVED band 69,498 ±607 (`s240-D1`, n=7 sessions #253–#259: 69,664 · 69,797 · 70,127 · 70,241 · 68,837 · 68,826 · 68,994) · newest #259 68,994 · delta -504 · red beyond ±1,213 (2× the spread) · ceiling 70,000 (`s241-D1`, shrink-only)
  ▫️  boot-drift CEILING BREACH #256 70,241 ✅ DECLARED at #259 and DISCHARGED (`s244-D1`): the declaration states the same breach, the same ceiling 70,000 and the same post-breach reading(s) this gate computed (#257 68,837), and EVERY post-breach reading in the window is under the ceiling — 2 newer reading(s) not listed by the declaration, graded fresh here and under: #258 68,826 · #259 68,994. The breach is real and NOT hidden — that is the whole bar. ⛔ The ceiling literal was NOT moved; this clears the arm for THIS breach only.
  ▫️  boot double-count: 19 PRE-RULE session ordinal(s) carry more than one reading (#110, #113, #118, #127, #169, #173, #174, #216, #217, #218, #219, #220, #221, #222, #223, #225, #226, #239, #240) and are NOT graded — `s241-D2` binds strata from #241. They are held harmless by `derived_boot_band()`'s one-reading-per-ordinal dedupe, which is a shield, not a repair: the log still says two things about one boot.
  ▫️  lane-routing: GM eager ROUTING line agrees with 4 lane records (BLOCKING — O1′ #24; records are the truth).
  ▫️  dofirst-index: all 28 open DO-FIRST items are named in _CHAIN.md (28 items, 681 tape (ceiling 700)) — presence gated, staleness NOT (see docstring).
  ▫️  ds-022 continuity: #259 has a block in notes/_GAUGE-LOG.md — the 2f split landed. (n=234 recorded · 18 declared holes · 4 ABSENT-unknown. tape→bill ratio PROVISIONAL: n=2 of 4 measured pairs, using ×1.57 (GM's own). Not a corpus constant; log this wrap's pair.)
  ▫️  subs-line: notes/_GAUGE-LOG.md:1643 parses — 936,521 sub tokens (QUOTA, real) across n=11. Form OK, `job` absent.
  ▫️  subs-line: notes/_GAUGE-LOG.md:1654 parses — 155,855 sub tokens (QUOTA, real) across n=2. Form OK, `job` absent.
  ▫️  subs-line: notes/_GAUGE-LOG.md:1666 parses — 174,079 sub tokens (QUOTA, real) across n=2. Form OK, `job` absent.
  ▫️  subs-line: notes/_GAUGE-LOG.md:1677 parses — 102,195 sub tokens (QUOTA, real) across n=1. Form OK, `job` absent.
  ▫️  subs-line: notes/_GAUGE-LOG.md:1688 parses — 324,660 sub tokens (QUOTA, real) across n=3. Form OK, `job` absent.
  ▫️  subs-line: notes/_GAUGE-LOG.md:1699 parses — 226,112 sub tokens (QUOTA, real) across n=2. Form OK, `job` absent.
  ▫️  subs-line: notes/_GAUGE-LOG.md:1710 parses — 192,927 sub tokens (QUOTA, real) across n=1. Form OK, `job` absent.
  ▫️  subs-line: notes/_GAUGE-LOG.md:1721 parses — 116,803 sub tokens (QUOTA, real) across n=1. Form OK, `job` absent.
  ▫️  subs-line: notes/_GAUGE-LOG.md:1732 parses — 603,941 sub tokens (QUOTA, real) across n=4. Form OK, `job` absent.
  ▫️  subs-line: notes/_GAUGE-LOG.md:1753 parses — 219,291 sub tokens (QUOTA, real) across n=3. Form OK, `job` absent.
  ▫️  subs-line: notes/_GAUGE-LOG.md:1764 parses — 261,448 sub tokens (QUOTA, real) across n=3. Form OK, `job` absent.
  ▫️  subs-line: notes/_GAUGE-LOG.md:1775 parses — 112,756 sub tokens (QUOTA, real) across n=1. Form OK, `job` absent.
  ▫️  subs-line: notes/_GAUGE-LOG.md:1796 parses — 382,117 sub tokens (QUOTA, real) across n=3. Form OK, `job` absent.
  ▫️  subs-line: notes/_GAUGE-LOG.md:1807 parses — 210,070 sub tokens (QUOTA, real) across n=2. Form OK, `job` absent.
  ▫️  subs-line: notes/_GAUGE-LOG.md:1818 parses — 149,889 sub tokens (QUOTA, real) across n=2. Form OK, `job` absent.
  ▫️  subs-line: notes/_GAUGE-LOG.md:1873 parses — 224,206 sub tokens (QUOTA, real) across n=3. Form OK, `job` absent.
  ▫️  subs-line: notes/_GAUGE-LOG.md:1884 parses — 226,216 sub tokens (QUOTA, real) across n=2. Form OK, `job` absent.
  ▫️  subs-line: notes/_GAUGE-LOG.md:1895 parses — 86,140 sub tokens (QUOTA, real) across n=1. Form OK, `job` absent.
  ▫️  subs-line: notes/_GAUGE-LOG.md:1906 parses — 496,124 sub tokens (QUOTA, real) across n=5. Form OK, `job` absent.
  ▫️  subs-line: notes/_GAUGE-LOG.md:1917 parses — 287,902 sub tokens (QUOTA, real) across n=3. Form OK, `job` absent.
  ▫️  subs-line: notes/_GAUGE-LOG.md:1928 parses — 68,107 sub tokens (QUOTA, real) across n=1. Form OK, `job` absent.
  ▫️  subs-line: notes/_GAUGE-LOG.md:1939 parses — 85,252 sub tokens (QUOTA, real) across n=1. Form OK, `job` absent.
  ▫️  subs-line: notes/_GAUGE-LOG.md:1951 parses — 81,675 sub tokens (QUOTA, real) across n=1. Form OK, `job` absent.
  ▫️  subs-line: notes/_GAUGE-LOG.md:1964 parses — 257,563 sub tokens (QUOTA, real) across n=4. Form OK, `job` absent.
  ▫️  subs-line: notes/_GAUGE-LOG.md:1977 parses — 82,879 sub tokens (QUOTA, real) across n=1. Form OK, `job` absent.
  ▫️  subs-line: notes/_GAUGE-LOG.md:1990 parses — 314,986 sub tokens (QUOTA, real) across n=5. Form OK, `job` absent.
  ▫️  subs-line: notes/_GAUGE-LOG.md:2003 parses — 78,743 sub tokens (QUOTA, real) across n=1. Form OK, `job` absent.
  ▫️  subs-line: notes/_GAUGE-LOG.md:2017 parses — 666,600 sub tokens (QUOTA, real) across n=7. Form OK, `job` absent.
  ▫️  subs-line: notes/_GAUGE-LOG.md:2031 parses — 2,170,761 sub tokens (QUOTA, real) across n=12. Form OK, `job` absent.
  ▫️  subs-line: notes/_GAUGE-LOG.md:2045 parses — 481,420 sub tokens (QUOTA, real) across n=4. Form OK, `job` absent.
  ▫️  subs-line: notes/_GAUGE-LOG.md:2060 parses — 282,490 sub tokens (QUOTA, real) across n=2. Form OK, `job` absent.
  ▫️  subs-line: notes/_GAUGE-LOG.md:2074 parses — 242,418 sub tokens (QUOTA, real) across n=1. Form OK, `job` absent.
  ▫️  subs-line: notes/_GAUGE-LOG.md:2087 parses — 128,752 sub tokens (QUOTA, real) across n=1. Form OK, `job` absent.
  ▫️  subs-line: notes/_GAUGE-LOG.md:2101 parses — 931,112 sub tokens (QUOTA, real) across n=6. Form OK, `job` absent.
  ▫️  subs-line: notes/_GAUGE-LOG.md:2114 parses — 1,280,614 sub tokens (QUOTA, real) across n=8. Form OK, `job` absent.
  ▫️  subs-line: notes/_GAUGE-LOG.md:2128 parses — 4,810,157 sub tokens (QUOTA, real) across n=20. Form OK, `job` absent.
  ▫️  subs-line: notes/_GAUGE-LOG.md:2142 parses — 1,118,354 sub tokens (QUOTA, real) across n=7. Form OK, `job` absent.
  ▫️  subs-line: notes/_GAUGE-LOG.md:2156 parses — 433,075 sub tokens (QUOTA, real) across n=4. Form OK, `job` absent.
  ▫️  subs-line: notes/_GAUGE-LOG.md:2179 parses — 1,430,999 sub tokens (QUOTA, real) across n=9. Form OK, `job` absent.
  ▫️  subs-line: notes/_GAUGE-LOG.md:2191 parses — 922,027 sub tokens (QUOTA, real) across n=8. Form OK, `job` absent.
  ▫️  subs-line: notes/_GAUGE-LOG.md:2211 parses — 805,306 sub tokens (QUOTA, real) across n=4. Form OK, `job` absent.
  ▫️  subs-line: notes/_GAUGE-LOG.md:2230 parses — 1,374,623 sub tokens (QUOTA, real) across n=6. Form OK, `job` absent.
  ▫️  subs-line: notes/_GAUGE-LOG.md:2270 parses — 598,476 sub tokens (QUOTA, real) across n=2. Form OK, `job` absent.
  ▫️  subs-line: notes/_GAUGE-LOG.md:2288 parses — 1,926,223 sub tokens (QUOTA, real) across n=9. Form OK, `job` absent.
  ▫️  subs-line: notes/_GAUGE-LOG.md:2311 parses — 5,428,974 sub tokens (QUOTA, real) across n=27. Form OK, `job` absent.
  ▫️  subs-line: notes/_GAUGE-LOG.md:2333 parses — 2,917,421 sub tokens (QUOTA, real) across n=12. Form OK, `job` absent.
  ▫️  subs-line: notes/_GAUGE-LOG.md:2356 parses — 1,507,353 sub tokens (QUOTA, real) across n=6. Form OK, `job` absent.
  ▫️  subs-line: notes/_GAUGE-LOG.md:2379 parses — 982,359 sub tokens (QUOTA, real) across n=5. Form OK, `job` absent.
  ▫️  subs-line: notes/_GAUGE-LOG.md:2403 parses — 832,599 sub tokens (QUOTA, real) across n=7. Form OK, `job` absent.
  ▫️  subs-line: notes/_GAUGE-LOG.md:2425 parses — 267,739 sub tokens (QUOTA, real) across n=2. Form OK, `job` absent.
  ▫️  subs-line: notes/_GAUGE-LOG.md:2446 parses — 846,101 sub tokens (QUOTA, real) across n=5. Form OK, `job` absent.
  ▫️  subs-line: notes/_GAUGE-LOG.md:2471 parses — 457,291 sub tokens (QUOTA, real) across n=3. Form OK, `job` absent.
  ▫️  subs-line: notes/_GAUGE-LOG.md:2495 parses — 1,512,478 sub tokens (QUOTA, real) across n=9. Form OK, `job` absent.
  ▫️  subs-line: notes/_GAUGE-LOG.md:2518 parses — 571,560 sub tokens (QUOTA, real) across n=2. Form OK, `job` absent.
  ▫️  subs-line: notes/_GAUGE-LOG.md:2541 parses — 708,013 sub tokens (QUOTA, real) across n=3. Form OK, `job` absent.
  ▫️  subs-line: notes/_GAUGE-LOG.md:2561 parses — 1,363,480 sub tokens (QUOTA, real) across n=7. Form OK, `job` absent.
  ▫️  subs-line: notes/_GAUGE-LOG.md:2582 parses — 606,602 sub tokens (QUOTA, real) across n=2. Form OK, `job` absent.
  ▫️  subs-line: notes/_GAUGE-LOG.md:2603 parses — 410,673 sub tokens (QUOTA, real) across n=3. Form OK, `job` absent.
  ▫️  subs-line: notes/_GAUGE-LOG.md:2644 parses — 512,985 sub tokens (QUOTA, real) across n=3. Form OK, `job` absent.
  ▫️  subs-line: notes/_GAUGE-LOG.md:2666 parses — 193,963 sub tokens (QUOTA, real) across n=1. Form OK, `job` absent.
  ▫️  subs-line: notes/_GAUGE-LOG.md:2688 parses — 538,233 sub tokens (QUOTA, real) across n=3. Form OK, `job` absent.
  ▫️  subs-line: notes/_GAUGE-LOG.md:2711 parses — 386,299 sub tokens (QUOTA, real) across n=2. Form OK, `job` absent.
  ▫️  subs-line: notes/_GAUGE-LOG.md:2732 parses — 2,174,666 sub tokens (QUOTA, real) across n=6. Form OK, `job` absent.
  ▫️  subs-line: notes/_GAUGE-LOG.md:2752 parses — 531,802 sub tokens (QUOTA, real) across n=2. Form OK, `job` absent.
  ▫️  subs-line: notes/_GAUGE-LOG.md:2790 parses — 581,601 sub tokens (QUOTA, real) across n=3. Form OK, `job` absent.
  ▫️  subs-line: notes/_GAUGE-LOG.md:2809 parses — 658,904 sub tokens (QUOTA, real) across n=4. Form OK, `job` absent.
  ▫️  subs-line: notes/_GAUGE-LOG.md:2827 parses — 382,211 sub tokens (QUOTA, real) across n=3. Form OK, `job` absent.
  ▫️  subs-line: notes/_GAUGE-LOG.md:2847 parses — 635,456 sub tokens (QUOTA, real) across n=4. Form OK, `job` absent.
  ▫️  subs-line: notes/_GAUGE-LOG.md:2867 parses — 1,604,099 sub tokens (QUOTA, real) across n=7. Form OK, `job` absent.
  ▫️  subs-line: notes/_GAUGE-LOG.md:2887 parses — 1,249,971 sub tokens (QUOTA, real) across n=7. Form OK, `job` absent.
  ▫️  subs-line: notes/_GAUGE-LOG.md:2907 parses — 480,393 sub tokens (QUOTA, real) across n=4. Form OK, `job` absent.
  ▫️  subs-line: notes/_GAUGE-LOG.md:2927 parses — 699,000 sub tokens (QUOTA, real) across n=6. Form OK, `job` absent.
  ▫️  subs-line: notes/_GAUGE-LOG.md:2947 parses — 605,000 sub tokens (QUOTA, real) across n=5. Form OK, `job` absent.
  ▫️  subs-line: notes/_GAUGE-LOG.md:2967 parses — 346,795 sub tokens (QUOTA, real) across n=3. Form OK, `job` absent.
  ▫️  subs-line: notes/_GAUGE-LOG.md:2988 parses — 421,569 sub tokens (QUOTA, real) across n=3. Form OK, `job` absent.
  ▫️  subs-line: notes/_GAUGE-LOG.md:3044 parses — 392,589 sub tokens (QUOTA, real) across n=3. Form OK, `job` absent.
  ▫️  subs-line: notes/_GAUGE-LOG.md:3060 parses — 612,153 sub tokens (QUOTA, real) across n=6. Form OK, `job` absent.
  ▫️  subs-line: notes/_GAUGE-LOG.md:3075 parses — 108,386 sub tokens (QUOTA, real) across n=1. Form OK, `job` absent.
  ▫️  subs-line: notes/_GAUGE-LOG.md:3108 parses — 2,600,000 sub tokens (QUOTA, real) across n=16. Form OK, `job` absent.
  ▫️  subs-line: notes/_GAUGE-LOG.md:3123 parses — 1,337,946 sub tokens (QUOTA, real) across n=7. Form OK, `job` absent.
  ▫️  ds-023 stop line: STATED in all 2 trigger homes (reconciled #54 — the runbook used to contradict itself).
  ▫️  ds-022 (d) unkeyed: 4 session(s) testify in notes/_GAUGE-LOG.md and every one is accounted for — 234 keyed · 22 declared HOLE/ABSENT · 9 unclassified bold-lead mention(s), all of them about accounted sessions. (Said out loud on the passing path: a check that is silent when it succeeds cannot be told apart from one that is dead.)
  ▫️  roll-claim check: the ★ LATEST banner's generated residual line is consistent with the measured tree (> **residual (GENERATED #260):** 2c OK (banners 2/2) · 2d OK (deltas 3/3) · 2f OK (strata 1, log #259) — _roll_state.py · 2026-09-09).
  ▫️  stale-top-item fence (s161-D4): 2 `residual → #N` line(s) scanned across GOOD-MORNING.md + _CHAIN.md ★ LATEST banners, id pattern `s\d+-D\d+`, context ±160 chars — 0 fail(s).
  ▫️  2c carry gate: NOTHING PAIRED — the LATEST banner carries BY REFERENCE (the 'PRIOR CARRIES, AGES +1, WORDING UNCHANGED' sentence pointing at the PRIOR banner) rather than re-typing the list. ⛔ THAT IS NOT A PASS: with no re-typed text there is nothing for this gate to compare, and it says so instead of reporting a clean run [[measuring-tool-must-not-guess]].
  ▫️  2c carry gate (s188-D2): 1 aged carries on the PRIOR residual, 0 paired into LATEST, 0 reworded, 0 without a receipt. ⛔ Pairing key = the age bracket + the title before the em dash (STRUCTURAL); an unpaired carry is NOT graded here — presence is 2c's EXIT CHECK, prose.
  ▫️  TITLE GENERATION: receipt present, both lines well-formed (RENAME session #260, NEXT-TITLE for #261) — #120 residual ⓪.
  ▫️  PRE-FLIGHT stamp: graded in REAL TOKENS (Dave #56 — amber 160,000 · working 200,000 · hard 256,000); the % band's enforcement was RETIRED #74-D3 (history: ledger § #36, runbook ds-023). Whether the fill figure is HONEST is still not observable here — and the wrap term is RING-FENCED at any mid-session re-price (#74-D2, runbook § Half 0b (a′)).
  ▫️  PRE-FLIGHT stamp: FORM checked only. Whether the fill figure is honest, and whether a mid-job re-price actually happened, are NOT observable here — discipline, not enforcement (_RUNBOOK-context-gauge.md § ★ Half 0b).
  ▫️  HONEST SKIP — memory-store checks (MEMORY.md pointers, memory-file fields): outside the repo, invisible to this gate. Session checks them by hand at ritual step 3 (D1a — unenforced by design).
capture gate [wrap]: 199 in scope · 4 fail · 21 warn
⚠ wrap gate RED — visible, not blocking: this commit is DECLARED not-a-wrap (#74-D1).
  The session's FINAL commit must run with --wrap, where red BLOCKS.
  ✓ happy-path: splice lands on a fixture copy, invariants hold
  ✓ idempotency: second run is a no-op
  ✓ refusal: marker-less spine refused loud+named, untouched
  ✓ refusal never half-writes: every failure path leaves the target byte-identical
  ✓ mutation controls: every green above provably able to fail
  ✓ spine-safety: real _LIVE-STATE.md untouched (sha256 identical)
_build_live_state --selftest: all arms green
— spine-writer selftest green (mid-session commit, DECLARED not-a-wrap)
— T3 headline: after #261 2026-09-09 — #261 Ft2: HSBC product wording + full-width footer pane
— AUTO-STAGED (#261 M2): notes/_REHEARSAL-LOG.jsonl — THIS RUN's own gates appended to it (bytes changed
  between script start and staging). Committing it is what leaves a clean tree;
  ⚠ any append another process made to the same file rides along in the blob.
  staged: knowledge/snippets/Footer.reference.html
  staged: notes/_REHEARSAL-LOG.jsonl
  staged: notes/_lanes/261-Ft-footer-review.html
  staged: notes/_lanes/261-Ft2-edit-review.py
  staged: notes/_lanes/261-Ft2-footer-1440.png
  staged: notes/_lanes/261-Ft2-footer-1920.png
  staged: notes/_lanes/261-Ft2-footer-375.png
  staged: notes/_lanes/261-Ft2-msg.txt
  staged: notes/_lanes/261-Ft2-shoot-fullwidth.py
  staged: notes/_subreports/2026-09-08-261-Ft-footer.md
  staged: showroom/footer.html
⚠ 22 dirty path(s) NOT staged — deliberate under explicit-path staging; they stay for the next commit
— mention map is either unchanged or staged (#208 [110] second-half assert)
[master dc8fd0f] after #261 2026-09-09 — #261 Ft2: HSBC product wording + full-width footer pane
 11 files changed, 558 insertions(+), 185 deletions(-)
 create mode 100644 notes/_lanes/261-Ft2-edit-review.py
 create mode 100644 notes/_lanes/261-Ft2-footer-1440.png
 create mode 100644 notes/_lanes/261-Ft2-footer-1920.png
 create mode 100644 notes/_lanes/261-Ft2-footer-375.png
 create mode 100644 notes/_lanes/261-Ft2-msg.txt
 create mode 100644 notes/_lanes/261-Ft2-shoot-fullwidth.py
 rewrite showroom/footer.html (60%)
— committed: dc8fd0f after #261 2026-09-09 — #261 Ft2: HSBC product wording + full-width footer pane
— subject asserted identical to the headline T3 generated (in memory, not re-read from the msgfile — #171)
— subject carries exactly ONE T3 prefix (#208 doubled-subject assert)
✓ done — locks clear, safe for Dave to push via GitHub Desktop
