— 152 steps read from _build_all.STEPS by ast (never imported) · per-step timeout 60s · ALL steps (mutating included)

⚠ --resume: proceeding over a dirty tree. The dirt below must be the PRIOR
  chunk's regeneration — if you cannot name why every path is dirty, STOP.
  (#61's 'gutted' state IS this state: stripped-not-yet-re-enriched, healed
  only by a COMPLETE pass over the remaining steps.)
    M knowledge/_ADVISORY-SIGNALS.md
     M knowledge/_ASSERTIONS.md
     M knowledge/_CAPTURE-GATE.md
     M knowledge/_DARK-MODE-AUDIT.json
     M knowledge/_DARK-MODE-AUDIT.md
     M knowledge/_GRAPH-REPORT.md
     M knowledge/_ICON-CONTRAST-DELTA.md
     M knowledge/_LIVE-STATE-CHECK.md
     M knowledge/_REVIEW-QUEUE.json
     M knowledge/_REVIEW-QUEUE.md
     M knowledge/_RUNBOOKS.md
     M knowledge/_STATES-COMPLETENESS.md
     M knowledge/_SUTHERLAND-FIXTURES.md
     M knowledge/_XREF-INDEX.json
     M knowledge/_XREF-INDEX.md
     M knowledge/compliance/graph-index.json
     M knowledge/compliance/rules/wcag-1.1.1-non-text-content.json
     M knowledge/compliance/rules/wcag-1.2.2-captions-prerecorded.json
     M knowledge/compliance/rules/wcag-1.2.5-audio-description-prerecorded.json
     M knowledge/compliance/rules/wcag-1.3.1-info-and-relationships.json
     M knowledge/compliance/rules/wcag-1.3.2-meaningful-sequence.json
     M knowledge/compliance/rules/wcag-1.3.5-identify-input-purpose.json
     M knowledge/compliance/rules/wcag-1.4.1-use-of-color.json
     M knowledge/compliance/rules/wcag-1.4.10-reflow.json
     M knowledge/compliance/rules/wcag-1.4.11-non-text-contrast.json
     M knowledge/compliance/rules/wcag-1.4.12-text-spacing.json
     M knowledge/compliance/rules/wcag-1.4.13-content-on-hover-or-focus.json
     M knowledge/compliance/rules/wcag-1.4.3-contrast-minimum.json
     M knowledge/compliance/rules/wcag-1.4.4-resize-text.json
     M knowledge/compliance/rules/wcag-2.1.1-keyboard.json
     M knowledge/compliance/rules/wcag-2.1.2-no-keyboard-trap.json
     M knowledge/compliance/rules/wcag-2.2.1-timing-adjustable.json
     M knowledge/compliance/rules/wcag-2.2.2-pause-stop-hide.json
     M knowledge/compliance/rules/wcag-2.3.3-animation-from-interactions.json
     M knowledge/compliance/rules/wcag-2.4.1-bypass-blocks.json
     M knowledge/compliance/rules/wcag-2.4.11-focus-not-obscured-minimum.json
     M knowledge/compliance/rules/wcag-2.4.2-page-titled.json
     M knowledge/compliance/rules/wcag-2.4.3-focus-order.json
     M knowledge/compliance/rules/wcag-2.4.4-link-purpose-in-context.json
     M knowledge/compliance/rules/wcag-2.4.5-multiple-ways.json
     M knowledge/compliance/rules/wcag-2.4.6-headings-and-labels.json
     M knowledge/compliance/rules/wcag-2.4.7-focus-visible.json
     M knowledge/compliance/rules/wcag-2.4.8-location.json
     M knowledge/compliance/rules/wcag-2.5.5-target-size-enhanced.json
     M knowledge/compliance/rules/wcag-2.5.7-dragging-movements.json
     M knowledge/compliance/rules/wcag-2.5.8-target-size-minimum.json
     M knowledge/compliance/rules/wcag-3.2.1-on-focus.json
     M knowledge/compliance/rules/wcag-3.2.3-consistent-navigation.json
     M knowledge/compliance/rules/wcag-3.3.1-error-identification.json
     M knowledge/compliance/rules/wcag-3.3.2-labels-or-instructions.json
     M knowledge/compliance/rules/wcag-3.3.3-error-suggestion.json
     M knowledge/compliance/rules/wcag-4.1.1-parsing.json
     M knowledge/compliance/rules/wcag-4.1.2-name-role-value.json
     M knowledge/compliance/rules/wcag-4.1.3-status-messages.json
     M knowledge/tokens/_manifests/states-probe.json
     M knowledge/tokens/_manifests/sutherland-fixtures.json
     M notes/_BUILD-VERDICT-LOG.jsonl
  ✅ [71] compose gate (orphan wired #119)
  ✅ [72] screen gate — compose+icons+a11y over fitness fixtures (re-wir
  ⏱ [73] state-contrast gate — driven hover/pressed, light+dark (un-exe
  ✅ [74] state-contrast gate selftest — paint stack, report arithmetic,
  ✅ [75] type-composites ratchet — tier (b), debt 1101 shrink-only (Dav
  ✅ [76] type-composites selftest
  ✅ [77] coverage gate
  ✅ [78] pro-forma universal gate
  ✅ [79] pro-forma CSS-governed motion gate (DEF-003)
  ✅ [80] pro-forma no-hardcode styling gate (DEF-004)
  ❌ [81] 4px-grid gate (DEF-005)  exit 1
  ✅ [82] type-binding blast-radius gate (canon/type.css)
  ✅ [83] descender-clip gate (ds-005) — truncating labels stay descende
  ✅ [84] KG edge parse-gate + s135-D4 resolutions-consumed check
  ✅ [85] KG edge gate selftest (6 bites)
  ✅ [86] KG token-group generator drift check — _token_nodes.json vs th
  ✅ [87] KG token-group generator selftest — 8 bites (s277-D12)
  ✅ [88] KG node-title generator drift check — _node_titles.json vs the
  ✅ [89] KG node-title generator selftest — 12 bites (#304 W5c)
  ❌ [90] Token fork-ban gate — undeclared same-scope forks (s136-D1 lan  exit 1
  ✅ [91] Token fork-ban selftest (2-direction)
  ✅ [92] binds shrink-only ratchet (s136-D1 axis A; built #141, wired #
  ✅ [93] DTCG spine conformance gate (s141-D1 axis A; built #141, wired
  ✅ [94] binds-resolve gate — manifest presence + address→store resolut
  ✅ [95] binds-resolve selftest — 5 bites incl. any-store clause (#146)
  ✅ [96] chart-intent resolve gate — meta intent address → chart-intent
  ✅ [97] chart-intent resolve selftest — 4 bites incl. list case + abse
  ❌ [98] roles/answers resolve gate — meta provides/answers/not-with ad  exit 1
  ✅ [99] roles/answers resolve selftest — 15 bites incl. in-role priori
  ✅ [100] DataViz chart gate (semantic SVG + tokens + table spine)

==============================================================================
SURVEY: 26 pass · 3 FAIL · 0 COULD-NOT-ASK (self-declared refusals) · 1 unaskable (missing/timed out) · 0 not asked (mutating) · 122 outside --range 71:100 (not asked)
⚠ 'not asked' is NOT 'passing' — it is excluded from the exit code, deliberately.
⚠ 'COULD-NOT-ASK' is NOT 'passing' either. It is a step that named the input it could
  not reach, so the job does not go red for an ENVIRONMENT fact dressed as an artefact
  verdict (#173/#183, generalised #193). Every one is printed in full below. A step
  that timed out or is MISSING is a different thing and still fails: nobody asked it
  and it never said why.
⚠ A RANGED SURVEY IS A PARTIAL VERDICT: only a full pass over all steps, or consecutive ranges covering them, says anything about the build.

THE FULL FAILURE SET (3) — this is the number no single `_build_all.py` run can tell you:

  [81] 4px-grid gate (DEF-005)
      python3 knowledge/_validate_grid.py    (exit 1)
      ✗ off-grid: padding: 7px  (knowledge/canon/canon.css) — not a 4px multiple

  [90] Token fork-ban gate — undeclared same-scope forks (s136-D1 lane, #139)
      python3 knowledge/_validate_token_forks.py    (exit 1)
      (no ✗/FAIL line — see full output)

  [98] roles/answers resolve gate — meta provides/answers/not-with address → roles.json + chart-intents.json (#253)
      python3 knowledge/_validate_roles_resolve.py    (exit 1)
      data-grid: FAIL [with-resolves] — every `with` entry needs a `slug` string (s251-D6: the slug is REQUIRED, no ref:null seat), got 'selection-controls 

UNASKABLE (1) — nobody asked these and they never said why (missing script / timeout). Counted as failures:
  [73] state-contrast gate — driven hover/pressed, light+dark (un-exempted #125) — TIMEOUT >60s — not a verdict

— recorded → /sessions/rcw-0115rtjy4mpbeejfbjiuhael/f5s/notes/_BUILD-VERDICT-LOG.jsonl
