  [knowledge/_RUNBOOK-compose-from-canon.md] _fitness-test/payments-journey.canon.html  →  named as if it ships; it is not in the pack
  [knowledge/_RUNBOOK-compose-from-canon.md] _DECISION-HISTORY/2026-07-05-register-spread-and-restyle.md  →  named as if it ships; it is not in the pack
  [knowledge/_RUNBOOK-compose-from-canon.md] designer-skills-v2/generate-from-canon/SKILL.md  →  named as if it ships; it is not in the pack
  [knowledge/_RUNBOOK-compose-from-canon.md] notes/_lanes/279/reader/measure.json  →  named as if it ships; it is not in the pack
  [knowledge/_RUNBOOK-consult.md] reviews/CONSOLIDATION-AUDIT-2026-07-18.html  →  named as if it ships; it is not in the pack
  [knowledge/_RUNBOOK-consult.md] knowledge/_build_consult_index.py  →  named as if it ships; it is not in the pack
  [knowledge/_RUNBOOK-consult.md] knowledge/_consult-index.json  →  named as if it ships; it is not in the pack
  [knowledge/_RUNBOOK-consult.md] notes/_MEMENTO-DECISIONS.md  →  named as if it ships; it is not in the pack
  [knowledge/_RUNBOOK-consult.md] knowledge/_search_core.py  →  named as if it ships; it is not in the pack
  [knowledge/_RUNBOOK-consult.md] knowledge/_memento_search.py  →  named as if it ships; it is not in the pack
  [knowledge/_RUNBOOK-consult.md] knowledge/_quote_gate.py  →  named as if it ships; it is not in the pack
  [knowledge/_RUNBOOK-consult.md] knowledge/_ngram.py  →  named as if it ships; it is not in the pack
  [knowledge/_RUNBOOK-consult.md] knowledge/_near_dupes.py  →  named as if it ships; it is not in the pack
  … 160 more distinct name(s) not printed (199 total occurrence(s)); the count above is the honest denominator, not the cap.

220 finding(s). ADVISORY — exiting 0. This gate is not blocking; promotion is Dave's word.
zipping (deterministic: fixed mtimes from the commit, sorted order)…
8a75ce321a0a481553d5dfbd7fc3a10b833df018624cecbe4d90bbee7aff47e3  /sessions/rcw-0115rtjy4mpbeejfbjiuhael/r4a-scratch/cand/out/Apollo-Spider-v1.0.14.zip

pack:  /sessions/rcw-0115rtjy4mpbeejfbjiuhael/r4a-scratch/cand/out/Apollo-Spider-v1.0.14.zip
sha256: 8a75ce321a0a481553d5dfbd7fc3a10b833df018624cecbe4d90bbee7aff47e3
size:  21M
page -> /sessions/rcw-0115rtjy4mpbeejfbjiuhael/r4a-scratch/cand/clone/reviews/RELEASE-SPIDER-2026-08-26-v1.html (145611 bytes)
  NEXT: python3 knowledge/_review/_make_review.py /sessions/rcw-0115rtjy4mpbeejfbjiuhael/r4a-scratch/cand/clone/reviews/RELEASE-SPIDER-2026-08-26-v1.html
        (this write stripped the review pair's stamps — re-inject the overlay)
