2026-09-26T13:05:51.7907084Z Current runner version: '2.337.0'
2026-09-26T13:05:51.7947449Z ##[group]Runner Image Provisioner
2026-09-26T13:05:51.7948270Z Hosted Compute Agent
2026-09-26T13:05:51.7948768Z Version: 20260828.587
2026-09-26T13:05:51.7949356Z Commit: abac92662cab4cc7352de4f9f9d2e2419aad9c29
2026-09-26T13:05:51.7949946Z Build Date: 2026-08-28T16:44:25Z
2026-09-26T13:05:51.7950529Z Worker ID: {cb40846d-17ec-4bf4-8f98-4db283c336c0}
2026-09-26T13:05:51.7951132Z Azure Region: northcentralus
2026-09-26T13:05:51.7951662Z ##[endgroup]
2026-09-26T13:05:51.7953608Z ##[group]Operating System
2026-09-26T13:05:51.7954141Z Ubuntu
2026-09-26T13:05:51.7954915Z 24.04.5
2026-09-26T13:05:51.7955393Z LTS
2026-09-26T13:05:51.7955824Z ##[endgroup]
2026-09-26T13:05:51.7956356Z ##[group]Runner Image
2026-09-26T13:05:51.7956840Z Image: ubuntu-24.04
2026-09-26T13:05:51.7957409Z Version: 20260920.314.1
2026-09-26T13:05:51.7958517Z Included Software: https://github.com/actions/runner-images/blob/ubuntu24/20260920.314/images/ubuntu/Ubuntu2404-Readme.md
2026-09-26T13:05:51.7959800Z Image Release: https://github.com/actions/runner-images/releases/tag/ubuntu24%2F20260920.314
2026-09-26T13:05:51.7960584Z ##[endgroup]
2026-09-26T13:05:51.7961593Z ##[group]GITHUB_TOKEN Permissions
2026-09-26T13:05:51.7963342Z Contents: read
2026-09-26T13:05:51.7963816Z Metadata: read
2026-09-26T13:05:51.7964393Z Packages: read
2026-09-26T13:05:51.7964850Z ##[endgroup]
2026-09-26T13:05:51.7966565Z Secret source: Actions
2026-09-26T13:05:51.7967566Z Cache mode: write
2026-09-26T13:05:51.7968413Z Prepare workflow directory
2026-09-26T13:05:51.8230629Z Prepare all required actions
2026-09-26T13:05:51.8268841Z Getting action download info
2026-09-26T13:05:52.0419904Z Download action repository 'actions/checkout@v6' (SHA:d23441a48e516b6c34aea4fa41551a30e30af803)
2026-09-26T13:05:52.1507895Z Download action repository 'actions/setup-python@v6' (SHA:ece7cb06caefa5fff74198d8649806c4678c61a1)
2026-09-26T13:05:52.4599291Z Complete job name: gates
2026-09-26T13:05:52.5255444Z ##[group]Run actions/checkout@v6
2026-09-26T13:05:52.5256090Z with:
2026-09-26T13:05:52.5256427Z   fetch-depth: 0
2026-09-26T13:05:52.5256792Z   repository: daveasewen/UX-design
2026-09-26T13:05:52.5259840Z   token: ***
2026-09-26T13:05:52.5260181Z   ssh-strict: true
2026-09-26T13:05:52.5260523Z   ssh-user: git
2026-09-26T13:05:52.5260866Z   persist-credentials: true
2026-09-26T13:05:52.5261242Z   clean: true
2026-09-26T13:05:52.5261600Z   sparse-checkout-cone-mode: true
2026-09-26T13:05:52.5262007Z   fetch-tags: false
2026-09-26T13:05:52.5262349Z   show-progress: true
2026-09-26T13:05:52.5262692Z   lfs: false
2026-09-26T13:05:52.5263006Z   submodules: false
2026-09-26T13:05:52.5263354Z   set-safe-directory: true
2026-09-26T13:05:52.5263737Z   allow-unsafe-pr-checkout: false
2026-09-26T13:05:52.5264276Z ##[endgroup]
2026-09-26T13:05:52.6072362Z Syncing repository: daveasewen/UX-design
2026-09-26T13:05:52.6073974Z ##[group]Getting Git version info
2026-09-26T13:05:52.6074756Z Working directory is '/home/runner/work/UX-design/UX-design'
2026-09-26T13:05:52.6075581Z [command]/usr/bin/git version
2026-09-26T13:05:52.6124394Z git version 2.55.0
2026-09-26T13:05:52.6150992Z ##[endgroup]
2026-09-26T13:05:52.6158923Z Temporarily overriding HOME='/home/runner/work/_temp/2439ef7a-bca4-4825-ba8b-85707394868d' before making global git config changes
2026-09-26T13:05:52.6160700Z Adding repository directory to the temporary git global config as a safe directory
2026-09-26T13:05:52.6162116Z [command]/usr/bin/git config --global --add safe.directory /home/runner/work/UX-design/UX-design
2026-09-26T13:05:52.6201722Z Deleting the contents of '/home/runner/work/UX-design/UX-design'
2026-09-26T13:05:52.6206411Z ##[group]Determining repository object format
2026-09-26T13:05:52.6208340Z ##[endgroup]
2026-09-26T13:05:52.6209222Z ##[group]Initializing the repository
2026-09-26T13:05:52.6211875Z [command]/usr/bin/git init /home/runner/work/UX-design/UX-design
2026-09-26T13:05:52.6280067Z hint: Using 'master' as the name for the initial branch. This default branch name
2026-09-26T13:05:52.6281515Z hint: will change to "main" in Git 3.0. To configure the initial branch name
2026-09-26T13:05:52.6282404Z hint: to use in all of your new repositories, which will suppress this warning,
2026-09-26T13:05:52.6282988Z hint: call:
2026-09-26T13:05:52.6283308Z hint:
2026-09-26T13:05:52.6283711Z hint: 	git config --global init.defaultBranch <name>
2026-09-26T13:05:52.6284205Z hint:
2026-09-26T13:05:52.6284658Z hint: Names commonly chosen instead of 'master' are 'main', 'trunk' and
2026-09-26T13:05:52.6285382Z hint: 'development'. The just-created branch can be renamed via this command:
2026-09-26T13:05:52.6285953Z hint:
2026-09-26T13:05:52.6286388Z hint: 	git branch -m <name>
2026-09-26T13:05:52.6286760Z hint:
2026-09-26T13:05:52.6287416Z hint: Disable this message with "git config set advice.defaultBranchName false"
2026-09-26T13:05:52.6292985Z Initialized empty Git repository in /home/runner/work/UX-design/UX-design/.git/
2026-09-26T13:05:52.6301005Z [command]/usr/bin/git remote add origin https://github.com/daveasewen/UX-design
2026-09-26T13:05:52.6371561Z ##[endgroup]
2026-09-26T13:05:52.6372505Z ##[group]Disabling automatic garbage collection
2026-09-26T13:05:52.6375004Z [command]/usr/bin/git config --local gc.auto 0
2026-09-26T13:05:52.6404721Z ##[endgroup]
2026-09-26T13:05:52.6405632Z ##[group]Setting up auth
2026-09-26T13:05:52.6406308Z Removing SSH command configuration
2026-09-26T13:05:52.6411261Z [command]/usr/bin/git config --local --name-only --get-regexp core\.sshCommand
2026-09-26T13:05:52.6440636Z [command]/usr/bin/git submodule foreach --recursive sh -c "git config --local --name-only --get-regexp 'core\.sshCommand' && git config --local --unset-all 'core.sshCommand' || :"
2026-09-26T13:05:52.6720726Z Removing HTTP extra header
2026-09-26T13:05:52.6726808Z [command]/usr/bin/git config --local --name-only --get-regexp http\.https\:\/\/github\.com\/\.extraheader
2026-09-26T13:05:52.6760439Z [command]/usr/bin/git submodule foreach --recursive sh -c "git config --local --name-only --get-regexp 'http\.https\:\/\/github\.com\/\.extraheader' && git config --local --unset-all 'http.https://github.com/.extraheader' || :"
2026-09-26T13:05:52.6944153Z Removing includeIf entries pointing to credentials config files
2026-09-26T13:05:52.6949174Z [command]/usr/bin/git config --local --name-only --get-regexp ^includeIf\.gitdir:
2026-09-26T13:05:52.6977997Z [command]/usr/bin/git submodule foreach --recursive git config --local --show-origin --name-only --get-regexp remote.origin.url
2026-09-26T13:05:52.7167460Z [command]/usr/bin/git config --file /home/runner/work/_temp/git-credentials-6a0f7a05-a2c3-4d87-b323-db0261184abc.config http.https://github.com/.extraheader AUTHORIZATION: basic ***
2026-09-26T13:05:52.7202605Z [command]/usr/bin/git config --local includeIf.gitdir:/home/runner/work/UX-design/UX-design/.git.path /home/runner/work/_temp/git-credentials-6a0f7a05-a2c3-4d87-b323-db0261184abc.config
2026-09-26T13:05:52.7232144Z [command]/usr/bin/git config --local includeIf.gitdir:/home/runner/work/UX-design/UX-design/.git/worktrees/*.path /home/runner/work/_temp/git-credentials-6a0f7a05-a2c3-4d87-b323-db0261184abc.config
2026-09-26T13:05:52.7265115Z [command]/usr/bin/git config --local includeIf.gitdir:/github/workspace/.git.path /github/runner_temp/git-credentials-6a0f7a05-a2c3-4d87-b323-db0261184abc.config
2026-09-26T13:05:52.7297134Z [command]/usr/bin/git config --local includeIf.gitdir:/github/workspace/.git/worktrees/*.path /github/runner_temp/git-credentials-6a0f7a05-a2c3-4d87-b323-db0261184abc.config
2026-09-26T13:05:52.7323336Z ##[endgroup]
2026-09-26T13:05:52.7324236Z ##[group]Fetching the repository
2026-09-26T13:05:52.7330830Z [command]/usr/bin/git -c protocol.version=2 fetch --no-tags --prune --no-recurse-submodules origin +refs/heads/*:refs/remotes/origin/* +refs/tags/*:refs/tags/*
2026-09-26T13:06:17.0947723Z From https://github.com/daveasewen/UX-design
2026-09-26T13:06:17.0948995Z  * [new branch]        master     -> origin/master
2026-09-26T13:06:17.0956857Z [command]/usr/bin/git branch --list --remote origin/master
2026-09-26T13:06:17.0982400Z   origin/master
2026-09-26T13:06:17.0990147Z [command]/usr/bin/git rev-parse refs/remotes/origin/master
2026-09-26T13:06:17.1011389Z efe3bb47408bc4500138bdd19301e17a20a60d49
2026-09-26T13:06:17.1014140Z ##[endgroup]
2026-09-26T13:06:17.1014717Z ##[group]Determining the checkout info
2026-09-26T13:06:17.1019256Z ##[endgroup]
2026-09-26T13:06:17.1025875Z [command]/usr/bin/git sparse-checkout disable
2026-09-26T13:06:17.1594082Z [command]/usr/bin/git config --local --unset-all extensions.worktreeConfig
2026-09-26T13:06:17.1648060Z ##[group]Checking out the ref
2026-09-26T13:06:17.1650961Z [command]/usr/bin/git checkout --progress --force -B master refs/remotes/origin/master
2026-09-26T13:06:18.2022250Z Updating files:  35% (3382/9504)
2026-09-26T13:06:18.2080047Z Updating files:  36% (3422/9504)
2026-09-26T13:06:18.2175745Z Updating files:  37% (3517/9504)
2026-09-26T13:06:18.2232594Z Updating files:  38% (3612/9504)
2026-09-26T13:06:18.2325814Z Updating files:  39% (3707/9504)
2026-09-26T13:06:18.2414264Z Updating files:  40% (3802/9504)
2026-09-26T13:06:18.2879481Z Updating files:  41% (3897/9504)
2026-09-26T13:06:18.2946338Z Updating files:  42% (3992/9504)
2026-09-26T13:06:18.2996548Z Updating files:  43% (4087/9504)
2026-09-26T13:06:18.3298222Z Updating files:  44% (4182/9504)
2026-09-26T13:06:18.3671775Z Updating files:  45% (4277/9504)
2026-09-26T13:06:18.3773857Z Updating files:  46% (4372/9504)
2026-09-26T13:06:18.4006247Z Updating files:  47% (4467/9504)
2026-09-26T13:06:18.4068852Z Updating files:  48% (4562/9504)
2026-09-26T13:06:18.4123277Z Updating files:  49% (4657/9504)
2026-09-26T13:06:18.5040613Z Updating files:  50% (4752/9504)
2026-09-26T13:06:18.6250385Z Updating files:  51% (4848/9504)
2026-09-26T13:06:18.6417760Z Updating files:  52% (4943/9504)
2026-09-26T13:06:18.7077753Z Updating files:  53% (5038/9504)
2026-09-26T13:06:18.8251145Z Updating files:  54% (5133/9504)
2026-09-26T13:06:18.8545586Z Updating files:  55% (5228/9504)
2026-09-26T13:06:18.8783979Z Updating files:  56% (5323/9504)
2026-09-26T13:06:18.9114762Z Updating files:  57% (5418/9504)
2026-09-26T13:06:18.9498192Z Updating files:  58% (5513/9504)
2026-09-26T13:06:18.9672908Z Updating files:  59% (5608/9504)
2026-09-26T13:06:18.9894088Z Updating files:  60% (5703/9504)
2026-09-26T13:06:18.9946236Z Updating files:  61% (5798/9504)
2026-09-26T13:06:19.0054595Z Updating files:  62% (5893/9504)
2026-09-26T13:06:19.0195461Z Updating files:  63% (5988/9504)
2026-09-26T13:06:19.0387600Z Updating files:  64% (6083/9504)
2026-09-26T13:06:19.0791072Z Updating files:  65% (6178/9504)
2026-09-26T13:06:19.1141739Z Updating files:  66% (6273/9504)
2026-09-26T13:06:19.2855965Z Updating files:  67% (6368/9504)
2026-09-26T13:06:19.3284499Z Updating files:  67% (6412/9504)
2026-09-26T13:06:19.3798371Z Updating files:  68% (6463/9504)
2026-09-26T13:06:19.4419559Z Updating files:  69% (6558/9504)
2026-09-26T13:06:19.5058343Z Updating files:  70% (6653/9504)
2026-09-26T13:06:19.5419509Z Updating files:  71% (6748/9504)
2026-09-26T13:06:19.5610828Z Updating files:  72% (6843/9504)
2026-09-26T13:06:19.5668850Z Updating files:  73% (6938/9504)
2026-09-26T13:06:19.5782613Z Updating files:  74% (7033/9504)
2026-09-26T13:06:19.5893830Z Updating files:  75% (7128/9504)
2026-09-26T13:06:19.6000751Z Updating files:  76% (7224/9504)
2026-09-26T13:06:19.6073117Z Updating files:  77% (7319/9504)
2026-09-26T13:06:19.6154182Z Updating files:  78% (7414/9504)
2026-09-26T13:06:19.6278201Z Updating files:  79% (7509/9504)
2026-09-26T13:06:19.6539208Z Updating files:  80% (7604/9504)
2026-09-26T13:06:19.7132810Z Updating files:  81% (7699/9504)
2026-09-26T13:06:19.7236200Z Updating files:  82% (7794/9504)
2026-09-26T13:06:19.7271150Z Updating files:  83% (7889/9504)
2026-09-26T13:06:19.7306320Z Updating files:  84% (7984/9504)
2026-09-26T13:06:19.7527753Z Updating files:  85% (8079/9504)
2026-09-26T13:06:19.7749877Z Updating files:  86% (8174/9504)
2026-09-26T13:06:19.7881560Z Updating files:  87% (8269/9504)
2026-09-26T13:06:19.8400682Z Updating files:  88% (8364/9504)
2026-09-26T13:06:19.9301437Z Updating files:  89% (8459/9504)
2026-09-26T13:06:19.9665983Z Updating files:  90% (8554/9504)
2026-09-26T13:06:19.9807602Z Updating files:  91% (8649/9504)
2026-09-26T13:06:19.9924597Z Updating files:  92% (8744/9504)
2026-09-26T13:06:20.0086949Z Updating files:  93% (8839/9504)
2026-09-26T13:06:20.0486544Z Updating files:  94% (8934/9504)
2026-09-26T13:06:20.0587694Z Updating files:  95% (9029/9504)
2026-09-26T13:06:20.0661348Z Updating files:  96% (9124/9504)
2026-09-26T13:06:20.0715723Z Updating files:  97% (9219/9504)
2026-09-26T13:06:20.0983190Z Updating files:  98% (9314/9504)
2026-09-26T13:06:20.1199415Z Updating files:  99% (9409/9504)
2026-09-26T13:06:20.1199786Z Updating files: 100% (9504/9504)
2026-09-26T13:06:20.1200267Z Updating files: 100% (9504/9504), done.
2026-09-26T13:06:20.2367463Z Reset branch 'master'
2026-09-26T13:06:20.2371626Z branch 'master' set up to track 'origin/master'.
2026-09-26T13:06:20.2446458Z ##[endgroup]
2026-09-26T13:06:20.2486930Z [command]/usr/bin/git log -1 --format=%H
2026-09-26T13:06:20.2511090Z efe3bb47408bc4500138bdd19301e17a20a60d49
2026-09-26T13:06:20.2776825Z ##[group]Run actions/setup-python@v6
2026-09-26T13:06:20.2777052Z with:
2026-09-26T13:06:20.2777223Z   python-version: 3.12
2026-09-26T13:06:20.2777700Z   check-latest: false
2026-09-26T13:06:20.2779462Z   token: ***
2026-09-26T13:06:20.2779640Z   update-environment: true
2026-09-26T13:06:20.2779846Z   allow-prereleases: false
2026-09-26T13:06:20.2780042Z   freethreaded: false
2026-09-26T13:06:20.2780233Z ##[endgroup]
2026-09-26T13:06:20.3813092Z ##[group]Installed versions
2026-09-26T13:06:20.3881994Z Successfully set up CPython (3.12.14)
2026-09-26T13:06:20.3882596Z ##[endgroup]
2026-09-26T13:06:20.4025352Z ##[group]Run pip install tiktoken jsonschema
2026-09-26T13:06:20.4025823Z [36;1mpip install tiktoken jsonschema[0m
2026-09-26T13:06:20.4309080Z shell: /usr/bin/bash -e {0}
2026-09-26T13:06:20.4309323Z env:
2026-09-26T13:06:20.4309559Z   pythonLocation: /opt/hostedtoolcache/Python/3.12.14/x64
2026-09-26T13:06:20.4309924Z   PKG_CONFIG_PATH: /opt/hostedtoolcache/Python/3.12.14/x64/lib/pkgconfig
2026-09-26T13:06:20.4310261Z   Python_ROOT_DIR: /opt/hostedtoolcache/Python/3.12.14/x64
2026-09-26T13:06:20.4310572Z   Python2_ROOT_DIR: /opt/hostedtoolcache/Python/3.12.14/x64
2026-09-26T13:06:20.4310868Z   Python3_ROOT_DIR: /opt/hostedtoolcache/Python/3.12.14/x64
2026-09-26T13:06:20.4311167Z   LD_LIBRARY_PATH: /opt/hostedtoolcache/Python/3.12.14/x64/lib
2026-09-26T13:06:20.4311420Z ##[endgroup]
2026-09-26T13:06:21.1922662Z Collecting tiktoken
2026-09-26T13:06:21.2301114Z   Downloading tiktoken-0.14.0-cp312-cp312-manylinux_2_28_x86_64.whl.metadata (6.7 kB)
2026-09-26T13:06:21.2462501Z Collecting jsonschema
2026-09-26T13:06:21.2492274Z   Downloading jsonschema-4.26.0-py3-none-any.whl.metadata (7.6 kB)
2026-09-26T13:06:21.5355217Z Collecting regex (from tiktoken)
2026-09-26T13:06:21.5387149Z   Downloading regex-2026.9.10-cp312-cp312-manylinux2014_x86_64.manylinux_2_17_x86_64.manylinux_2_28_x86_64.whl.metadata (40 kB)
2026-09-26T13:06:21.5601032Z Collecting requests (from tiktoken)
2026-09-26T13:06:21.5639993Z   Downloading requests-2.34.2-py3-none-any.whl.metadata (4.8 kB)
2026-09-26T13:06:21.5743395Z Collecting attrs>=22.2.0 (from jsonschema)
2026-09-26T13:06:21.5772497Z   Downloading attrs-26.1.0-py3-none-any.whl.metadata (8.8 kB)
2026-09-26T13:06:21.5863278Z Collecting jsonschema-specifications>=2023.03.6 (from jsonschema)
2026-09-26T13:06:21.5892358Z   Downloading jsonschema_specifications-2025.9.1-py3-none-any.whl.metadata (2.9 kB)
2026-09-26T13:06:21.6033468Z Collecting referencing>=0.28.4 (from jsonschema)
2026-09-26T13:06:21.6062382Z   Downloading referencing-0.37.0-py3-none-any.whl.metadata (2.8 kB)
2026-09-26T13:06:21.7792559Z Collecting rpds-py>=0.25.0 (from jsonschema)
2026-09-26T13:06:21.7826180Z   Downloading rpds_py-2026.6.3-cp312-cp312-manylinux_2_17_x86_64.manylinux2014_x86_64.whl.metadata (4.1 kB)
2026-09-26T13:06:21.7965990Z Collecting typing-extensions>=4.4.0 (from referencing>=0.28.4->jsonschema)
2026-09-26T13:06:21.7994957Z   Downloading typing_extensions-4.16.0-py3-none-any.whl.metadata (3.3 kB)
2026-09-26T13:06:21.8908270Z Collecting charset_normalizer<4,>=2 (from requests->tiktoken)
2026-09-26T13:06:21.8943546Z   Downloading charset_normalizer-3.5.1-cp312-cp312-manylinux2014_x86_64.manylinux_2_17_x86_64.manylinux_2_28_x86_64.whl.metadata (45 kB)
2026-09-26T13:06:21.9072101Z Collecting idna<4,>=2.5 (from requests->tiktoken)
2026-09-26T13:06:21.9099959Z   Downloading idna-3.20-py3-none-any.whl.metadata (7.2 kB)
2026-09-26T13:06:21.9251099Z Collecting urllib3<3,>=1.26 (from requests->tiktoken)
2026-09-26T13:06:21.9279277Z   Downloading urllib3-2.8.0-py3-none-any.whl.metadata (7.4 kB)
2026-09-26T13:06:21.9403785Z Collecting certifi>=2023.5.7 (from requests->tiktoken)
2026-09-26T13:06:21.9431300Z   Downloading certifi-2026.7.22-py3-none-any.whl.metadata (2.5 kB)
2026-09-26T13:06:21.9494141Z Downloading tiktoken-0.14.0-cp312-cp312-manylinux_2_28_x86_64.whl (1.2 MB)
2026-09-26T13:06:21.9749803Z    ━━━━━━━━━━━━━━━━━━━━━━━━━━━━━━━━━━━━━━━━ 1.2/1.2 MB 45.8 MB/s  0:00:00
2026-09-26T13:06:21.9777084Z Downloading jsonschema-4.26.0-py3-none-any.whl (90 kB)
2026-09-26T13:06:21.9822872Z Downloading attrs-26.1.0-py3-none-any.whl (67 kB)
2026-09-26T13:06:21.9870069Z Downloading jsonschema_specifications-2025.9.1-py3-none-any.whl (18 kB)
2026-09-26T13:06:21.9913248Z Downloading referencing-0.37.0-py3-none-any.whl (26 kB)
2026-09-26T13:06:21.9957976Z Downloading rpds_py-2026.6.3-cp312-cp312-manylinux_2_17_x86_64.manylinux2014_x86_64.whl (366 kB)
2026-09-26T13:06:22.0012946Z Downloading typing_extensions-4.16.0-py3-none-any.whl (45 kB)
2026-09-26T13:06:22.0062090Z Downloading regex-2026.9.10-cp312-cp312-manylinux2014_x86_64.manylinux_2_17_x86_64.manylinux_2_28_x86_64.whl (804 kB)
2026-09-26T13:06:22.0144672Z    ━━━━━━━━━━━━━━━━━━━━━━━━━━━━━━━━━━━━━━━━ 804.6/804.6 kB 81.4 MB/s  0:00:00
2026-09-26T13:06:22.0172595Z Downloading requests-2.34.2-py3-none-any.whl (73 kB)
2026-09-26T13:06:22.0224826Z Downloading charset_normalizer-3.5.1-cp312-cp312-manylinux2014_x86_64.manylinux_2_17_x86_64.manylinux_2_28_x86_64.whl (248 kB)
2026-09-26T13:06:22.0271859Z Downloading idna-3.20-py3-none-any.whl (69 kB)
2026-09-26T13:06:22.0314539Z Downloading urllib3-2.8.0-py3-none-any.whl (135 kB)
2026-09-26T13:06:22.0361929Z Downloading certifi-2026.7.22-py3-none-any.whl (136 kB)
2026-09-26T13:06:22.1007984Z Installing collected packages: urllib3, typing-extensions, rpds-py, regex, idna, charset_normalizer, certifi, attrs, requests, referencing, tiktoken, jsonschema-specifications, jsonschema
2026-09-26T13:06:22.5459166Z 
2026-09-26T13:06:22.5472931Z Successfully installed attrs-26.1.0 certifi-2026.7.22 charset_normalizer-3.5.1 idna-3.20 jsonschema-4.26.0 jsonschema-specifications-2025.9.1 referencing-0.37.0 regex-2026.9.10 requests-2.34.2 rpds-py-2026.6.3 tiktoken-0.14.0 typing-extensions-4.16.0 urllib3-2.8.0
2026-09-26T13:06:22.6073785Z ##[group]Run python3 knowledge/_build_survey.py --timeout 60
2026-09-26T13:06:22.6074190Z [36;1mpython3 knowledge/_build_survey.py --timeout 60[0m
2026-09-26T13:06:22.6132328Z shell: /usr/bin/bash -e {0}
2026-09-26T13:06:22.6132534Z env:
2026-09-26T13:06:22.6132758Z   pythonLocation: /opt/hostedtoolcache/Python/3.12.14/x64
2026-09-26T13:06:22.6133107Z   PKG_CONFIG_PATH: /opt/hostedtoolcache/Python/3.12.14/x64/lib/pkgconfig
2026-09-26T13:06:22.6133433Z   Python_ROOT_DIR: /opt/hostedtoolcache/Python/3.12.14/x64
2026-09-26T13:06:22.6133727Z   Python2_ROOT_DIR: /opt/hostedtoolcache/Python/3.12.14/x64
2026-09-26T13:06:22.6134030Z   Python3_ROOT_DIR: /opt/hostedtoolcache/Python/3.12.14/x64
2026-09-26T13:06:22.6134336Z   LD_LIBRARY_PATH: /opt/hostedtoolcache/Python/3.12.14/x64/lib
2026-09-26T13:06:22.6134591Z ##[endgroup]
2026-09-26T13:08:55.9548043Z — 146 steps read from _build_all.STEPS by ast (never imported) · per-step timeout 60s · non-mutating steps only
2026-09-26T13:08:55.9548890Z 
2026-09-26T13:08:55.9549439Z   ❌ [ 3] token blast-radius + graph report — determinism/staleness chec  exit 1
2026-09-26T13:08:55.9550539Z   ✅ [ 4] token blast-radius + graph report selftest (#79 P6)
2026-09-26T13:08:55.9551097Z   ✅ [ 9] help-gate selftest — 5 mutation bites (#158 class gate)
2026-09-26T13:08:55.9551585Z   ✅ [11] assertion veracity selftest — verbs bite + registry well-forme
2026-09-26T13:08:55.9551964Z   ❌ [13] capture/provenance selftest (Memento §4.1)  exit 1
2026-09-26T13:08:55.9552339Z   ✅ [14] gauge-tokens selftest -- counting path + cache + degraded-meas
2026-09-26T13:08:55.9552672Z   ✅ [15] roll-state measurer selftest (#77 T1)
2026-09-26T13:08:55.9553019Z   ✅ [16] commit-seam harness — _git_commit.sh fixture-repo arms (#78-D1
2026-09-26T13:08:55.9553379Z   ✅ [17] GM/LS mover selftest — hardened move mechanics (M5)
2026-09-26T13:08:55.9553691Z   ✅ [18] section-usage instrumentation selftest (#23)
2026-09-26T13:08:55.9554191Z   ✅ [20] lane records determinism check (O1′ #24)
2026-09-26T13:08:55.9554549Z   ✅ [21] lane records selftest — schema refusals + routing contract (O1
2026-09-26T13:08:55.9554936Z   ✅ [26] worklist store selftest — schema presence gates incl. priority
2026-09-26T13:08:55.9555309Z   ✅ [28] decision-graph selftest — conflict gate bites on unresolved/op
2026-09-26T13:08:55.9555716Z   ✅ [29] spine-writer selftest — splice invariants + no-half-writes (#7
2026-09-26T13:08:55.9556147Z   ❌ [38] component-partials sync — AUTO-PARTIAL injection + contracts (  exit 1
2026-09-26T13:08:55.9556517Z   ✅ [39] component-partials selftest (ADR-0013)
2026-09-26T13:08:55.9556845Z   ✅ [40] token-set distribution sync — AUTO-TOKENS injection (s121-D1)
2026-09-26T13:08:55.9557170Z   ✅ [41] token-set distribution selftest (s121-D1)
2026-09-26T13:08:55.9557634Z   ✅ [43] Behaviour contract selftest (ADR-0015)
2026-09-26T13:08:55.9557946Z   ✅ [45] canon components determinism check (ADR-0013 ruling 4)
2026-09-26T13:08:55.9558256Z   ✅ [47] partial-ratchet selftest (ADR-0013)
2026-09-26T13:08:55.9558582Z   ✅ [50] theme cascade sync — [data-apollo-theme] layer (ADR-0011)
2026-09-26T13:08:55.9558888Z   ✅ [51] theme cascade selftest (ADR-0014)
2026-09-26T13:08:55.9559137Z   ✅ [53] state-snap selftest (ADR-0014)
2026-09-26T13:08:55.9559471Z   ✅ [55] stale-queue selftest — 13 bites incl. both mutation directions
2026-09-26T13:08:55.9559858Z   ✅ [57] palette-tier selftest — 10 mutation bites (s157-D2)
2026-09-26T13:08:55.9560209Z   ✅ [59] showroom sync — generated component library (RULED 2026-07-21)
2026-09-26T13:08:55.9560599Z   ✅ [60] showroom URL-rebase selftest — the srcdoc base-URL trap (2026-
2026-09-26T13:08:55.9561026Z   ⊘ [61] dashboard sync — generated progress dashboard (RULED #164, bui  COULD-NOT-ASK
2026-09-26T13:08:55.9561415Z   ✅ [67] a11y target-measurement selftest (s114-D5)
2026-09-26T13:08:55.9561692Z   ✅ [70] wiring gate selftest — 4 bites
2026-09-26T13:08:55.9562058Z   ⊘ [74] state-contrast gate selftest — paint stack, report arithmetic,  COULD-NOT-ASK
2026-09-26T13:08:55.9562648Z   ✅ [76] type-composites selftest
2026-09-26T13:08:55.9562899Z   ✅ [85] KG edge gate selftest (6 bites)
2026-09-26T13:08:55.9563157Z   ✅ [87] Token fork-ban selftest (2-direction)
2026-09-26T13:08:55.9563484Z   ✅ [91] binds-resolve selftest — 5 bites incl. any-store clause (#146)
2026-09-26T13:08:55.9563861Z   ✅ [93] chart-intent resolve selftest — 4 bites incl. list case + abse
2026-09-26T13:08:55.9564230Z   ✅ [95] roles/answers resolve selftest — 15 bites incl. in-role priori
2026-09-26T13:08:55.9564602Z   ✅ [97] DataViz gate selftest — bite-tests dv-004 + the dtype vocabula
2026-09-26T13:08:55.9564967Z   ✅ [99] property-resolves gate C2 selftest — 4 bites + a bite-the-bite
2026-09-26T13:08:55.9565341Z   ✅ [101] dataviz var-resolution gate selftest — 8 arms incl. alias chai
2026-09-26T13:08:55.9565725Z   ✅ [103] minted-consumption selftest — 10 arms incl. both false-positiv
2026-09-26T13:08:55.9566100Z   ✅ [105] hidden-attr display selftest — 16 bites incl. the real #218 mu
2026-09-26T13:08:55.9566412Z   ✅ [110] consult tool selftest (advisory)
2026-09-26T13:08:55.9566839Z   ✅ [111] search core selftest — two-stage engine + receipt format (O2′ 
2026-09-26T13:08:55.9567179Z   ✅ [113] memento index determinism check (O2′ #25)
2026-09-26T13:08:55.9567680Z   ✅ [114] memento index selftest — contract refusals + determinism (O2′ 
2026-09-26T13:08:55.9568063Z   ✅ [115] memento search selftest — known-answer retrieval + fetch refus
2026-09-26T13:08:55.9568409Z   ✅ [117] graph mention map determinism check (#115 step 0)
2026-09-26T13:08:55.9568757Z   ✅ [118] graph mention map selftest — hit/miss/refusal bites (#115 step
2026-09-26T13:08:55.9569127Z   ✅ [120] read chain determinism check — stale _CHAIN.md serves a PREVIO
2026-09-26T13:08:55.9569484Z   ✅ [121] read chain selftest — verbatim terms + the CUT + refusal on a 
2026-09-26T13:08:55.9569845Z   ✅ [122] GM size stamp check — a TYPED `size:` figure / drift past the 
2026-09-26T13:08:55.9570211Z   ✅ [123] GM size stamp selftest — the fixed point, the 2-cycle refusal,
2026-09-26T13:08:55.9570633Z   ❌ [125] memento schematic determinism check — a stale diagram publishe  exit 1
2026-09-26T13:08:55.9571047Z   ✅ [126] memento schematic selftest — figure provenance, caption geomet
2026-09-26T13:08:55.9571446Z   ❌ [128] memento-package delta-audit selftest — mutation-tested, all 4   exit 1
2026-09-26T13:08:55.9571808Z   ✅ [130] instrument-fit selftest (advisory, ds-015)
2026-09-26T13:08:55.9572144Z   ✅ [133] could-not-ask convention selftest (#193 — the third verdict's 
2026-09-26T13:08:55.9572534Z   ❌ [136] governs matcher selftest — the [12]/[13] trigger-index arm, na  exit 1
2026-09-26T13:08:55.9572923Z   ✅ [137] frozen-release gate — v1/v2 and any baked Spider surface may n
2026-09-26T13:08:55.9573292Z   ✅ [138] frozen-release selftest — 11 bites on a fixture repo incl. the
2026-09-26T13:08:55.9573665Z   ✅ [139] pack ship-list audit — the manifest is byte-identical to a fre
2026-09-26T13:08:55.9574070Z   ✅ [140] release-audit selftest — manifest compare + the pack arm's res
2026-09-26T13:08:55.9574589Z   ⊘ [141] pack-side CI template — parses, ships what it calls, hides not  COULD-NOT-ASK
2026-09-26T13:08:55.9575051Z   ⊘ [142] pack-side CI template selftest — 10 mutants incl. a smuggled c  COULD-NOT-ASK
2026-09-26T13:08:55.9575454Z   ✅ [145] polarity gate — five refusals + content-fresh derived status/e
2026-09-26T13:08:55.9575826Z   ✅ [146] polarity gate selftest — control + every refusal arm on a copy
2026-09-26T13:08:55.9576028Z 
2026-09-26T13:08:55.9576134Z ==============================================================================
2026-09-26T13:08:55.9576671Z SURVEY: 59 pass · 6 FAIL · 4 COULD-NOT-ASK (self-declared refusals) · 0 unaskable (missing/timed out) · 77 not asked (mutating)
2026-09-26T13:08:55.9577219Z ⚠ 'not asked' is NOT 'passing' — it is excluded from the exit code, deliberately.
2026-09-26T13:08:55.9577804Z ⚠ 'COULD-NOT-ASK' is NOT 'passing' either. It is a step that named the input it could
2026-09-26T13:08:55.9578347Z   not reach, so the job does not go red for an ENVIRONMENT fact dressed as an artefact
2026-09-26T13:08:55.9578767Z   verdict (#173/#183, generalised #193). Every one is printed in full below. A step
2026-09-26T13:08:55.9579163Z   that timed out or is MISSING is a different thing and still fails: nobody asked it
2026-09-26T13:08:55.9579470Z   and it never said why.
2026-09-26T13:08:55.9579583Z 
2026-09-26T13:08:55.9579823Z THE FULL FAILURE SET (6) — this is the number no single `_build_all.py` run can tell you:
2026-09-26T13:08:55.9580066Z 
2026-09-26T13:08:55.9580278Z   [3] token blast-radius + graph report — determinism/staleness check (#79 P6)
2026-09-26T13:08:55.9580664Z       python3 knowledge/tokens/_build_blast_radius.py --check   (exit 1)
2026-09-26T13:08:55.9581111Z       ❌ _build_blast_radius --check FAILED — 2 file(s) out of sync with a fresh compute():
2026-09-26T13:08:55.9581358Z 
2026-09-26T13:08:55.9581490Z   [13] capture/provenance selftest (Memento §4.1)
2026-09-26T13:08:55.9581784Z       python3 knowledge/_capture_gate.py --selftest   (exit 1)
2026-09-26T13:08:55.9582500Z       ❌ FAIL GOOD-MORNING.md: no `pre-flight:` stamp — the handoff must carry the estimate the session was priced with (runbook § ★ Half 0b). Form (Dave #56
2026-09-26T13:08:55.9582897Z 
2026-09-26T13:08:55.9583119Z   [38] component-partials sync — AUTO-PARTIAL injection + contracts (ADR-0013)
2026-09-26T13:08:55.9583488Z       python3 knowledge/gen_component_partials.py --check   (exit 1)
2026-09-26T13:08:55.9583781Z       gen_component_partials CONTRACT FAILURES:
2026-09-26T13:08:55.9583938Z 
2026-09-26T13:08:55.9584190Z   [125] memento schematic determinism check — a stale diagram publishes a PREVIOUS tree (#127)
2026-09-26T13:08:55.9584570Z       python3 knowledge/_gen_schematic.py --check   (exit 1)
2026-09-26T13:08:55.9585174Z       ✗ reviews/MEMENTO-SCHEMATIC-2026-08-07-v2.html is STALE — a figure in it no longer matches disk, so the page is asserting something that has gone fals
2026-09-26T13:08:55.9585571Z 
2026-09-26T13:08:55.9585801Z   [128] memento-package delta-audit selftest — mutation-tested, all 4 arms (#79)
2026-09-26T13:08:55.9586193Z       python3 knowledge/_validate_package_delta.py --selftest   (exit 1)
2026-09-26T13:08:55.9586821Z       ✗ real repo: clean (0 findings; got 4: ['VERBATIM SET: memento-package/machinery/_gen_chain.py DIFFERS from knowledge/_gen_chain.py (copy=machinery/ f
2026-09-26T13:08:55.9587213Z 
2026-09-26T13:08:55.9587598Z   [136] governs matcher selftest — the [12]/[13] trigger-index arm, named (#208 legibility)
2026-09-26T13:08:55.9587956Z       python3 knowledge/_governs.py --selftest   (exit 1)
2026-09-26T13:08:55.9588479Z       FAIL _governs: ruling s282-D2 evidence `col26-012 override cross-ref measured present at colour-standards-2026.md:79-81 before this ruling; grep 'seco
2026-09-26T13:08:55.9588887Z 
2026-09-26T13:08:55.9589102Z COULD-NOT-ASK (4) — each step's OWN words about the input it could not reach.
2026-09-26T13:08:55.9589523Z These do NOT fail the survey; they also do not pass. If one of them is here because the
2026-09-26T13:08:55.9589986Z environment is wrong rather than because the input is genuinely unreachable, FIX THE ENVIRONMENT:
2026-09-26T13:08:55.9590273Z 
2026-09-26T13:08:55.9590476Z   [61] dashboard sync — generated progress dashboard (RULED #164, built #165)
2026-09-26T13:08:55.9590813Z       python3 knowledge/gen_dashboard.py --check   (exit 77)
2026-09-26T13:08:55.9861051Z       COULD-NOT-ASK: dashboard/index.html — the page differs, but a live gate baked into it is reading INPUTS OUTSIDE THE COMMITTED TREE, so its verdict — and therefore this page — cannot be reproduced here: provenance names `knowledge/_tmp/l3-245/rename-plan.json`; provenance names `outputs/_FINDING-canon-pri-hover-brand-mono-fork-2026-08-06-v1.md`; provenance names `outputs/_PARTITION-button-primary-2026-08-06-v1.md`. Every one of those paths is untracked, so an environment that has them and one that does not will render different prose from the SAME commit. This is a REFUSAL, not a staleness verdict in either direction: the page's agreement with the stores is UNKNOWN here and is reported as unknown. Ask it where those inputs are present (a working tree that holds them), or commit them.
2026-09-26T13:08:55.9863148Z 
2026-09-26T13:08:55.9863393Z   [74] state-contrast gate selftest — paint stack, report arithmetic, named args
2026-09-26T13:08:55.9863832Z       python3 knowledge/_validate_state_contrast.py --selftest   (exit 77)
2026-09-26T13:08:55.9865572Z       COULD-NOT-ASK: _validate_state_contrast.py — the 'playwright' module is not installed (ModuleNotFoundError("No module named 'playwright'")) — this gate cannot be proven without it; run `pip install playwright && playwright install chromium` ⇒ THIS IS NOT A SKIP: these arms (including the s152-D1 mutation control) run BLOCKING in the `render` job of .github/workflows/gates.yml, which installs chromium — that job is where this gate's proof of record lives. Nothing here is claimed green; the question was unaskable on this box.
2026-09-26T13:08:55.9866832Z 
2026-09-26T13:08:55.9867104Z   [141] pack-side CI template — parses, ships what it calls, hides nothing (BLOCKING, built #219)
2026-09-26T13:08:55.9867850Z       python3 knowledge/_release/_gate_ci_template.py --check   (exit 77)
2026-09-26T13:08:55.9868891Z       COULD-NOT-ASK: apollo-spider/ci-template/gates.yml — PyYAML is not importable in this environment, and this gate parses the template in YAML rather than guessing at it with string matching. Install it (pip install pyyaml) — the release job in .github/workflows/gates.yml does exactly that
2026-09-26T13:08:55.9869613Z 
2026-09-26T13:08:55.9869862Z   [142] pack-side CI template selftest — 10 mutants incl. a smuggled continue-on-error (#219)
2026-09-26T13:08:55.9870284Z       python3 knowledge/_release/_gate_ci_template.py --selftest   (exit 77)
2026-09-26T13:08:55.9870884Z       COULD-NOT-ASK: the ci-template selftest — PyYAML is not importable, and every arm below parses YAML. Install it (pip install pyyaml).
2026-09-26T13:08:55.9871254Z 
2026-09-26T13:08:55.9871500Z NOT ASKED (77 mutating steps) — run --include-mutating on a clean tree to include them:
2026-09-26T13:08:55.9871843Z   [1] compliance knowledge graph
2026-09-26T13:08:55.9872060Z   [2] token blast-radius + graph report
2026-09-26T13:08:55.9872279Z   [5] guideline rules index (gate)
2026-09-26T13:08:55.9872487Z   [6] runbook index (generated)
2026-09-26T13:08:55.9872705Z   [7] standing-instructions reachability gate
2026-09-26T13:08:55.9873055Z   [8] help-gate — no entry point may write before it reads argv (#158 cl
2026-09-26T13:08:55.9873399Z   [10] assertion veracity gate — claims that can rot
2026-09-26T13:08:55.9873754Z   [12] capture/provenance gate — status+provenance on new notes+dossiers 
2026-09-26T13:08:55.9874065Z   … and 69 more
2026-09-26T13:08:55.9874159Z 
2026-09-26T13:08:55.9874398Z — recorded → /home/runner/work/UX-design/UX-design/notes/_BUILD-VERDICT-LOG.jsonl
2026-09-26T13:08:55.9916724Z ##[error]Process completed with exit code 1.
2026-09-26T13:08:55.9961909Z ##[group]Run python3 knowledge/_build_all.py
2026-09-26T13:08:55.9962215Z [36;1mpython3 knowledge/_build_all.py[0m
2026-09-26T13:08:56.0017472Z shell: /usr/bin/bash -e {0}
2026-09-26T13:08:56.0017678Z env:
2026-09-26T13:08:56.0017892Z   pythonLocation: /opt/hostedtoolcache/Python/3.12.14/x64
2026-09-26T13:08:56.0018236Z   PKG_CONFIG_PATH: /opt/hostedtoolcache/Python/3.12.14/x64/lib/pkgconfig
2026-09-26T13:08:56.0018565Z   Python_ROOT_DIR: /opt/hostedtoolcache/Python/3.12.14/x64
2026-09-26T13:08:56.0018857Z   Python2_ROOT_DIR: /opt/hostedtoolcache/Python/3.12.14/x64
2026-09-26T13:08:56.0019140Z   Python3_ROOT_DIR: /opt/hostedtoolcache/Python/3.12.14/x64
2026-09-26T13:08:56.0019430Z   LD_LIBRARY_PATH: /opt/hostedtoolcache/Python/3.12.14/x64/lib
2026-09-26T13:08:56.0019684Z ##[endgroup]
2026-09-26T13:08:56.0774731Z Wrote 38 rule files to compliance/rules/
2026-09-26T13:08:56.0775142Z Index: 38 SCs x 135 components
2026-09-26T13:08:56.0775454Z Validation errors: none
2026-09-26T13:08:56.0775825Z Levels: {'AA': 17, 'A': 18, 'AAA': 3} | Severities: {'serious': 29, 'critical': 3, 'minor': 6}
2026-09-26T13:08:56.0776181Z AAA (beyond AA bar): ['2.3.3', '2.4.8', '2.5.5']
2026-09-26T13:09:05.4976498Z 
2026-09-26T13:09:05.4977740Z PARKED DUE — 4 parked item(s) are due at token-report — python3 knowledge/_parked.py --due token-report
2026-09-26T13:09:05.4978411Z wrote tokens/_blast-radius.json and _GRAPH-REPORT.md
2026-09-26T13:09:05.4978820Z tokens defined=1043 referenced=140 components=137
2026-09-26T13:09:05.4979733Z top god-nodes: [('text/default', 109), ('background/default', 74), ('tertiary/background/default', 51), ('icon/default', 46), ('border-radius/surface', 43), ('focus/ring', 40), ('border/subtle', 39), ('text/secondary', 37)]
2026-09-26T13:09:05.4980622Z depricate-still-bound components: 19
2026-09-26T13:09:05.4980912Z orphans: 903
2026-09-26T13:09:14.7974284Z 
2026-09-26T13:09:14.7975385Z PARKED DUE — 4 parked item(s) are due at token-report — python3 knowledge/_parked.py --due token-report
2026-09-26T13:09:14.7976508Z ✓ _build_blast_radius --check PASS — tokens/_blast-radius.json and _GRAPH-REPORT.md match a fresh compute() (content, not mtime)
2026-09-26T13:09:33.2521092Z 
2026-09-26T13:09:33.2522163Z PARKED DUE — 4 parked item(s) are due at token-report — python3 knowledge/_parked.py --due token-report
2026-09-26T13:09:33.2522908Z   selftest (a): compute() is deterministic across two calls ✓
2026-09-26T13:09:33.2523412Z   selftest (b1): identical fixture pair reports zero drift ✓
2026-09-26T13:09:33.2523956Z   selftest (b2): a doctored fixture pair is flagged on BOTH files, each named ✓
2026-09-26T13:09:33.2524577Z   selftest (b3): a missing on-disk file is flagged, never silently treated as a match ✓
2026-09-26T13:09:33.2525428Z selftest PASS — compute() deterministic; --check bites on drift, quiet on a match, never silently passes a missing file (#79 P6)
2026-09-26T13:09:33.3011799Z rules index: 474 rules from 35 engine-era files — {'ADVISORY': 322, 'BLOCKING': 62, 'REVIEW': 34, 'TASTE': 56}
2026-09-26T13:09:33.3214486Z runbook index: 17 runbooks -> _RUNBOOKS.md
2026-09-26T13:09:33.7248632Z selftest OK — discovers 28 standing docs by glob + STANDING: self-declaration.
2026-09-26T13:09:33.7249542Z STANDING-INSTRUCTIONS GATE PASS — 28 standing doc(s) reachable from the spine; GOOD-MORNING structure intact.
2026-09-26T13:09:33.7250472Z   NOTE: memory files live outside the repo and CANNOT be checked here — capture-ritual step 3 is still a human step.
2026-09-26T13:09:35.1898753Z help-gate: 264 script(s) scanned, 12 failure(s) — a script that can write before it reads argv is the #157 gen_showroom defect
2026-09-26T13:09:35.1899573Z   ❌ knowledge/_bite_goal.py: NO HELP GATE — add
2026-09-26T13:09:35.1900108Z       from _helpgate import help_gate as _help_gate; _help_gate(__doc__, __name__, __file__)
2026-09-26T13:09:35.1900705Z       near the top (before any executable statement). See knowledge/_helpgate.py.
2026-09-26T13:09:35.1901810Z   ❌ knowledge/_bite_kg_edge_proposal.py: NO HELP GATE — add
2026-09-26T13:09:35.1902364Z       from _helpgate import help_gate as _help_gate; _help_gate(__doc__, __name__, __file__)
2026-09-26T13:09:35.1902970Z       near the top (before any executable statement). See knowledge/_helpgate.py.
2026-09-26T13:09:35.1903511Z   ❌ knowledge/_build_kg_explorer.py: NO HELP GATE — add
2026-09-26T13:09:35.1904051Z       from _helpgate import help_gate as _help_gate; _help_gate(__doc__, __name__, __file__)
2026-09-26T13:09:35.1904735Z       near the top (before any executable statement). See knowledge/_helpgate.py.
2026-09-26T13:09:35.1905410Z   ❌ knowledge/_gen_ruling_edges_from_recs.py: NO HELP GATE — add
2026-09-26T13:09:35.1906033Z       from _helpgate import help_gate as _help_gate; _help_gate(__doc__, __name__, __file__)
2026-09-26T13:09:35.1906674Z       near the top (before any executable statement). See knowledge/_helpgate.py.
2026-09-26T13:09:35.1907355Z   ❌ knowledge/_kg_history.py: NO HELP GATE — add
2026-09-26T13:09:35.1907865Z       from _helpgate import help_gate as _help_gate; _help_gate(__doc__, __name__, __file__)
2026-09-26T13:09:35.1908491Z       near the top (before any executable statement). See knowledge/_helpgate.py.
2026-09-26T13:09:35.1909191Z   ❌ knowledge/_render/verify_demo_slides_268.py: NO HELP GATE — add
2026-09-26T13:09:35.1909827Z       from _helpgate import help_gate as _help_gate; _help_gate(__doc__, __name__, __file__)
2026-09-26T13:09:35.1910496Z       near the top (before any executable statement). See knowledge/_helpgate.py.
2026-09-26T13:09:35.1911210Z   ❌ knowledge/_render/verify_demo_slides_268_v3.py: NO HELP GATE — add
2026-09-26T13:09:35.1911862Z       from _helpgate import help_gate as _help_gate; _help_gate(__doc__, __name__, __file__)
2026-09-26T13:09:35.1912546Z       near the top (before any executable statement). See knowledge/_helpgate.py.
2026-09-26T13:09:35.1913218Z   ❌ knowledge/_render/verify_demo_slides_268_v5.py: NO HELP GATE — add
2026-09-26T13:09:35.1913827Z       from _helpgate import help_gate as _help_gate; _help_gate(__doc__, __name__, __file__)
2026-09-26T13:09:35.1914405Z       near the top (before any executable statement). See knowledge/_helpgate.py.
2026-09-26T13:09:35.1915253Z   ❌ knowledge/_render/verify_demo_slides_268_v6.py: NO HELP GATE — add
2026-09-26T13:09:35.1915836Z       from _helpgate import help_gate as _help_gate; _help_gate(__doc__, __name__, __file__)
2026-09-26T13:09:35.1916475Z       near the top (before any executable statement). See knowledge/_helpgate.py.
2026-09-26T13:09:35.1917128Z   ❌ knowledge/_render/verify_demo_slides_268_v7.py: NO HELP GATE — add
2026-09-26T13:09:35.1917850Z       from _helpgate import help_gate as _help_gate; _help_gate(__doc__, __name__, __file__)
2026-09-26T13:09:35.1918530Z       near the top (before any executable statement). See knowledge/_helpgate.py.
2026-09-26T13:09:35.1919268Z   ❌ knowledge/_render/verify_demo_slides_268_v74_gearbox.py: NO HELP GATE — add
2026-09-26T13:09:35.1919961Z       from _helpgate import help_gate as _help_gate; _help_gate(__doc__, __name__, __file__)
2026-09-26T13:09:35.1920639Z       near the top (before any executable statement). See knowledge/_helpgate.py.
2026-09-26T13:09:35.1921354Z   ❌ knowledge/_render/verify_demo_slides_268_v75_gearbox.py: NO HELP GATE — add
2026-09-26T13:09:35.1921963Z       from _helpgate import help_gate as _help_gate; _help_gate(__doc__, __name__, __file__)
2026-09-26T13:09:35.1922615Z       near the top (before any executable statement). See knowledge/_helpgate.py.
2026-09-26T13:09:35.1966185Z 
2026-09-26T13:09:35.1966707Z === [1/146] compliance knowledge graph — compliance/_build_compliance_kg.py ===
2026-09-26T13:09:35.1967105Z 
2026-09-26T13:09:35.1967560Z === [2/146] token blast-radius + graph report — tokens/_build_blast_radius.py ===
2026-09-26T13:09:35.1967814Z 
2026-09-26T13:09:35.1968181Z === [3/146] token blast-radius + graph report — determinism/staleness check (#79 P6) — tokens/_build_blast_radius.py ===
2026-09-26T13:09:35.1968522Z 
2026-09-26T13:09:35.1968991Z === [4/146] token blast-radius + graph report selftest (#79 P6) — tokens/_build_blast_radius.py ===
2026-09-26T13:09:35.1969270Z 
2026-09-26T13:09:35.1969476Z === [5/146] guideline rules index (gate) — guidelines/gen_rules_index.py ===
2026-09-26T13:09:35.1969700Z 
2026-09-26T13:09:35.1969862Z === [6/146] runbook index (generated) — gen_runbook_index.py ===
2026-09-26T13:09:35.1970052Z 
2026-09-26T13:09:35.1970308Z === [7/146] standing-instructions reachability gate — _validate_standing_instructions.py ===
2026-09-26T13:09:35.1970584Z 
2026-09-26T13:09:35.1970891Z === [8/146] help-gate — no entry point may write before it reads argv (#158 class gate) — _validate_help_gate.py ===
2026-09-26T13:09:35.1971185Z 
2026-09-26T13:09:35.1971496Z ❌ step 'help-gate — no entry point may write before it reads argv (#158 class gate)' failed (exit 1) — aborting
2026-09-26T13:09:35.2013091Z ##[error]Process completed with exit code 1.
2026-09-26T13:09:35.2050363Z ##[group]Run python3 knowledge/_tests/test_gates.py
2026-09-26T13:09:35.2050855Z [36;1mpython3 knowledge/_tests/test_gates.py[0m
2026-09-26T13:09:35.2130899Z shell: /usr/bin/bash -e {0}
2026-09-26T13:09:35.2131236Z env:
2026-09-26T13:09:35.2131576Z   pythonLocation: /opt/hostedtoolcache/Python/3.12.14/x64
2026-09-26T13:09:35.2132158Z   PKG_CONFIG_PATH: /opt/hostedtoolcache/Python/3.12.14/x64/lib/pkgconfig
2026-09-26T13:09:35.2132700Z   Python_ROOT_DIR: /opt/hostedtoolcache/Python/3.12.14/x64
2026-09-26T13:09:35.2133213Z   Python2_ROOT_DIR: /opt/hostedtoolcache/Python/3.12.14/x64
2026-09-26T13:09:35.2133668Z   Python3_ROOT_DIR: /opt/hostedtoolcache/Python/3.12.14/x64
2026-09-26T13:09:35.2134149Z   LD_LIBRARY_PATH: /opt/hostedtoolcache/Python/3.12.14/x64/lib
2026-09-26T13:09:35.2134551Z ##[endgroup]
2026-09-26T13:09:53.8334426Z gate self-test: does every gate BITE what it was built to catch?
2026-09-26T13:09:53.8334686Z 
2026-09-26T13:09:53.8334916Z   PASS  control: pristine copy passes all 6 static gates
2026-09-26T13:09:53.8335213Z   PASS  write-gate bites a bare no-args invocation
2026-09-26T13:09:53.8335488Z   PASS  write-gate control: --write proceeds
2026-09-26T13:09:53.8335806Z   PASS  radius gate's own bites run (8 longhand mutants + token controls, #221)
2026-09-26T13:09:53.8336498Z   PASS  no-hardcode gate's own bites run (8 planted + 8 clean, #221)
2026-09-26T13:09:53.8336867Z   PASS  theme-provenance report order is DERIVED, not filesystem order (#221)
2026-09-26T13:09:53.8337434Z   PASS  wiring gate's own bites run (13, incl. the widened glob + the anti-laundering arm, #221)
2026-09-26T13:09:53.8337855Z   PASS  s263-D10 rulings-page wrap check bites a stale page (4 arms, #265-B)
2026-09-26T13:09:53.8338162Z   PASS  snippet gate bites on token drift
2026-09-26T13:09:53.8338399Z   PASS  snippet gate bites on failing contrast
2026-09-26T13:09:53.8338647Z   PASS  snippet gate bites on icon 4.5 dead-zone
2026-09-26T13:09:53.8338888Z   PASS  snippet gate bites on missing focus
2026-09-26T13:09:53.8339121Z   PASS  snippet gate bites on uppercase CSS
2026-09-26T13:09:53.8339356Z   PASS  snippet gate bites on ALL-CAPS text run
2026-09-26T13:09:53.8339589Z   PASS  snippet gate bites on italics
2026-09-26T13:09:53.8339813Z   PASS  snippet gate bites on text-shadow
2026-09-26T13:09:53.8340041Z   PASS  snippet gate bites on raw red text
2026-09-26T13:09:53.8340272Z   PASS  snippet gate bites on possessive HSBC's
2026-09-26T13:09:53.8340510Z   PASS  snippet gate bites on element-type alt
2026-09-26T13:09:53.8340744Z   PASS  snippet gate bites on bare link text
2026-09-26T13:09:53.8340984Z   PASS  a11y gate bites on missing reduced-motion
2026-09-26T13:09:53.8341225Z   PASS  a11y gate bites on sub-24 target floor
2026-09-26T13:09:53.8341451Z   PASS  icon gate bites on invented path
2026-09-26T13:09:53.8341671Z   PASS  icon gate bites on shape-only icon
2026-09-26T13:09:53.8341902Z   PASS  icon gate bites on mis-twinned fill glyph
2026-09-26T13:09:53.8342150Z   PASS  coverage gate bites on orphan snippet
2026-09-26T13:09:53.8342385Z   PASS  coverage gate bites on meta w/o snippet
2026-09-26T13:09:53.8342617Z   PASS  dark-surface gate bites on flat white
2026-09-26T13:09:53.8342841Z   PASS  compose gate bites on rogue hex
2026-09-26T13:09:53.8343070Z   PASS  compose gate bites on undefined class
2026-09-26T13:09:53.8343314Z   PASS  compose gate bites on class redefinition
2026-09-26T13:09:53.8343560Z   PASS  compose gate bites on duplicate title
2026-09-26T13:09:53.8343712Z 
2026-09-26T13:09:53.8343788Z 32 test(s), 0 failure(s)
2026-09-26T13:09:53.8344078Z skipped by design: state-contrast / screen --render (need a browser; see docstring)
2026-09-26T13:09:53.8418986Z ##[group]Run python3 knowledge/_tests/test_advisory.py
2026-09-26T13:09:53.8419313Z [36;1mpython3 knowledge/_tests/test_advisory.py[0m
2026-09-26T13:09:53.8473155Z shell: /usr/bin/bash -e {0}
2026-09-26T13:09:53.8473361Z env:
2026-09-26T13:09:53.8473579Z   pythonLocation: /opt/hostedtoolcache/Python/3.12.14/x64
2026-09-26T13:09:53.8473932Z   PKG_CONFIG_PATH: /opt/hostedtoolcache/Python/3.12.14/x64/lib/pkgconfig
2026-09-26T13:09:53.8474278Z   Python_ROOT_DIR: /opt/hostedtoolcache/Python/3.12.14/x64
2026-09-26T13:09:53.8474573Z   Python2_ROOT_DIR: /opt/hostedtoolcache/Python/3.12.14/x64
2026-09-26T13:09:53.8474870Z   Python3_ROOT_DIR: /opt/hostedtoolcache/Python/3.12.14/x64
2026-09-26T13:09:53.8475158Z   LD_LIBRARY_PATH: /opt/hostedtoolcache/Python/3.12.14/x64/lib
2026-09-26T13:09:53.8475409Z ##[endgroup]
2026-09-26T13:09:54.2792706Z advisory bite-tests: 19 case(s), all bite ✅ (and none block — exit 0 throughout)
2026-09-26T13:09:54.2875862Z ##[group]Run bash knowledge/_git_commit.sh --selftest
2026-09-26T13:09:54.2876355Z [36;1mbash knowledge/_git_commit.sh --selftest[0m
2026-09-26T13:09:54.2944417Z shell: /usr/bin/bash -e {0}
2026-09-26T13:09:54.2944634Z env:
2026-09-26T13:09:54.2944859Z   pythonLocation: /opt/hostedtoolcache/Python/3.12.14/x64
2026-09-26T13:09:54.2945211Z   PKG_CONFIG_PATH: /opt/hostedtoolcache/Python/3.12.14/x64/lib/pkgconfig
2026-09-26T13:09:54.2945541Z   Python_ROOT_DIR: /opt/hostedtoolcache/Python/3.12.14/x64
2026-09-26T13:09:54.2945846Z   Python2_ROOT_DIR: /opt/hostedtoolcache/Python/3.12.14/x64
2026-09-26T13:09:54.2946142Z   Python3_ROOT_DIR: /opt/hostedtoolcache/Python/3.12.14/x64
2026-09-26T13:09:54.2946632Z   LD_LIBRARY_PATH: /opt/hostedtoolcache/Python/3.12.14/x64/lib
2026-09-26T13:09:54.2946904Z ##[endgroup]
2026-09-26T13:09:54.3160234Z — #208 msgfile-prefix gate selftest
2026-09-26T13:09:54.3323272Z   [OK]   non-wrap prefix (the #170 shape) is seen (expected 1)
2026-09-26T13:09:54.3488636Z   [OK]   WRAP prefix (the shape #170 MISSED) is seen (expected 1)
2026-09-26T13:09:54.3651973Z   [OK]   doubled non-wrap prefix counts 2 (expected 2)
2026-09-26T13:09:54.3815879Z   [OK]   wrap-into-non-wrap stack counts 2 (the hole) (expected 2)
2026-09-26T13:09:54.3980825Z   [OK]   tripled counts 3 (expected 3)
2026-09-26T13:09:54.4142604Z   [OK]   a fresh subject carries no prefix (expected 0)
2026-09-26T13:09:54.4304684Z   [OK]   session ref with no date is not a prefix (expected 0)
2026-09-26T13:09:54.4467519Z   [OK]   date with no session ref is not a prefix (expected 0)
2026-09-26T13:09:54.4631247Z   [OK]   hyphen is not the em-dash separator (expected 0)
2026-09-26T13:09:54.4793214Z   [OK]   prose mentioning a session mid-line (expected 0)
2026-09-26T13:09:54.4956472Z   [OK]   honest subject QUOTING a prior prefix mid-line (expected 1)
2026-09-26T13:09:54.5113148Z   [OK]   a quoted prefix with no prefix of its own (expected 0)
2026-09-26T13:09:54.5274576Z   [OK]   a prefix after a leading word is not a stack (expected 0)
2026-09-26T13:09:54.5287215Z   [OK]   PREFIX_ACK hatch present (declared passes, silent fails)
2026-09-26T13:09:54.5288187Z — s294-D5 push-credential expiry gate selftest (fake clock: APOLLO_FAKE_TODAY)
2026-09-26T13:09:54.5309270Z   [OK]   the stamped expiry is READ from the ledger, one place, one date (expected 2026-11-06)
2026-09-26T13:09:54.5369674Z   [OK]   far out (2026-01-01) ⇒ OK (expected OK)
2026-09-26T13:09:54.5429260Z   [OK]   15 days out (2026-10-22) ⇒ OK — the boundary is NOT off by one (expected OK)
2026-09-26T13:09:54.5488565Z   [OK]   14 days out (2026-10-23) ⇒ WARN (expected WARN)
2026-09-26T13:09:54.5548308Z   [OK]   1 day out (2026-11-05) ⇒ WARN (expected WARN)
2026-09-26T13:09:54.5607932Z   [OK]   the day itself (2026-11-06) ⇒ WARN, not yet expired (expected WARN)
2026-09-26T13:09:54.5666369Z   [OK]   one day past (2026-11-07) ⇒ EXPIRED (expected EXPIRED)
2026-09-26T13:09:54.5725189Z   [OK]   long past (2027-03-01) ⇒ EXPIRED (expected EXPIRED)
2026-09-26T13:09:54.5784292Z   [OK]   days-remaining is COMPUTED, not narrated (2026-10-30 ⇒ 7) (expected 7)
2026-09-26T13:09:54.5806768Z   [OK]   an unreadable stamp ⇒ UNREADABLE (a refusal, never a pass) (expected UNREADABLE)
2026-09-26T13:09:54.5825332Z   [OK]   with no fake clock the gate reads the REAL date (YYYY-MM-DD shape) (expected 1)
2026-09-26T13:09:54.5842904Z   [OK]   no refusal instructs pasting a credential into chat (s294-D5) (expected 0)
2026-09-26T13:09:54.5865962Z   [OK]   the credential is only TESTED, never printed (no unpiped git config remote.origin.url) (expected 0)
2026-09-26T13:09:54.5922909Z   [OK]   the expiry gate sits AFTER the credential check and BEFORE the push (expected 1)
2026-09-26T13:09:54.5923594Z ✓ selftest OK — 28 bites: 6 fire, 7 stay silent, 1 hatch present, 14 on the s294-D5 expiry gate
2026-09-26T13:09:54.5960463Z ##[group]Run python3 knowledge/_validate_evidence.py notes/_claims
2026-09-26T13:09:54.5961080Z [36;1mpython3 knowledge/_validate_evidence.py notes/_claims[0m
2026-09-26T13:09:54.6021637Z shell: /usr/bin/bash -e {0}
2026-09-26T13:09:54.6021842Z env:
2026-09-26T13:09:54.6022059Z   pythonLocation: /opt/hostedtoolcache/Python/3.12.14/x64
2026-09-26T13:09:54.6022414Z   PKG_CONFIG_PATH: /opt/hostedtoolcache/Python/3.12.14/x64/lib/pkgconfig
2026-09-26T13:09:54.6022742Z   Python_ROOT_DIR: /opt/hostedtoolcache/Python/3.12.14/x64
2026-09-26T13:09:54.6023042Z   Python2_ROOT_DIR: /opt/hostedtoolcache/Python/3.12.14/x64
2026-09-26T13:09:54.6023327Z   Python3_ROOT_DIR: /opt/hostedtoolcache/Python/3.12.14/x64
2026-09-26T13:09:54.6023614Z   LD_LIBRARY_PATH: /opt/hostedtoolcache/Python/3.12.14/x64/lib
2026-09-26T13:09:54.6023863Z ##[endgroup]
2026-09-26T13:10:20.4524650Z evidence linter: 336 row(s) from 10 file(s) · 297 mechanical
2026-09-26T13:10:20.4526594Z   ⛔ L1-1 — DEAD POINTER: evidence names `tokens/_blast-radius.json`, which does not exist on disk — a dead pointer reads as evidence. If the ABSENCE is the claim, write `absent:tokens/_blast-radius.json`; if the file lives outside the repo, use the ruled s191-D2 marker `(NON-REPO: <where>)`
2026-09-26T13:10:20.4528706Z   ⛔ L1-4 — s182-D1: MECHANICAL row (tag=PROVEN verdict=None) carries NO probeable token — no command, no existing path, no figure. Evidence: "The verbatim gate line in L1-3. ⛔ Do not quote the brief's numbers"
2026-09-26T13:10:20.4530631Z   ⛔ L1-1 — DEAD POINTER: evidence names `tokens/_blast-radius.json`, which does not exist on disk — a dead pointer reads as evidence. If the ABSENCE is the claim, write `absent:tokens/_blast-radius.json`; if the file lives outside the repo, use the ruled s191-D2 marker `(NON-REPO: <where>)`
2026-09-26T13:10:20.4532519Z   ⛔ C-2 — s182-D1: MECHANICAL row (tag=None verdict=CONFIRMED) carries NO probeable token — no command, no existing path, no figure. Evidence: 'The claim table only counted `PROPOSED` in the snippets. The brief (step 3) requires it in'
2026-09-26T13:10:20.4534285Z   ⛔ H-5 — s182-D1: MECHANICAL row (tag=None verdict=CONFIRMED) carries NO probeable token — no command, no existing path, no figure. Evidence: 'C-6 + L1-10: the six are absent from canon, the generators exist, the reconciliation is av'
2026-09-26T13:10:20.4536198Z   ⛔ W2-13 — DEAD POINTER (truncated): evidence names `notes/x.md…`, and NO path on disk starts with it — the trailing ellipsis does not make a dead pointer legal (#208 laundering hole). Write the full path, or `absent:notes/x.md` if the ABSENCE is the claim, or add the ruled `(NON-REPO: <where>)` marker
2026-09-26T13:10:20.4537363Z ── s182-D1 LINT: 6 failure(s)
2026-09-26T13:10:20.4538706Z ── SAMPLER · seed=205 · pool=230 row(s) with a command · 15 with a declared observation (always drawn) · drawn=20: G-c, W1-5, W2-3, W2-3, W46-11, WIRE-10, WIRE-11, WIRE-13, WIRE-14, WIRE-15, WIRE-18, WIRE-19, WIRE-20, WIRE-21, WIRE-3, WIRE-4, WIRE-5, WIRE-6, WIRE-8, WIRE-9
2026-09-26T13:10:20.4540444Z   ⛔ REFUSED [UNSAFE] G-c — `python3 -c "import _gate_doc_rows as g; g.unrowed(store, pop + [('2026-08-19','notes/_briefs/2026-08`
2026-09-26T13:10:20.4541270Z       `python3 -c` runs arbitrary code — cannot be judged read-only
2026-09-26T13:10:20.4542046Z   ⛔ RC MISMATCH W1-5 — `python3 knowledge/_capture_gate.py --selftest` → rc=1, row declares rc=0
2026-09-26T13:10:20.4542664Z   ⛔ REFUSED [SIDE-EFFECTS] W2-3 — `python3 knowledge/_state.py`
2026-09-26T13:10:20.4544498Z       a bare `python3` REWRITES its tracked audit output; #204 declared this exact stop. Only --check/--selftest/--dry-run forms are sampled
2026-09-26T13:10:20.4545281Z   ⛔ REFUSED [SIDE-EFFECTS] W2-3 — `python3 knowledge/_state.py`
2026-09-26T13:10:20.4546032Z       a bare `python3` REWRITES its tracked audit output; #204 declared this exact stop. Only --check/--selftest/--dry-run forms are sampled
2026-09-26T13:10:20.4547499Z   ⛔ REFUSED [SIDE-EFFECTS] W46-11 — `python3 knowledge/_memento_search.py "brief generator mint open items fences"`
2026-09-26T13:10:20.4548460Z       a bare `python3` REWRITES its tracked audit output; #204 declared this exact stop. Only --check/--selftest/--dry-run forms are sampled
2026-09-26T13:10:20.4549331Z   ⛔ REFUSED [UNSAFE] WIRE-10 — `bash knowledge/_git_commit.sh --selftest`
2026-09-26T13:10:20.4549800Z       head verb 'bash' is not on the read-only allowlist
2026-09-26T13:10:20.4550501Z   ✅ RAN WIRE-11 — `grep -c 'pat.match(s)' knowledge/_git_commit.sh` → rc=0 (matches declared + OBSERVATION)
2026-09-26T13:10:20.4551286Z   ✅ RAN WIRE-13 — `grep -c PREFIX_ACK knowledge/_git_commit.sh` → rc=0 (matches declared + OBSERVATION)
2026-09-26T13:10:20.4551904Z   ⛔ OBSERVATION MISMATCH WIRE-14 — `python3 knowledge/_build_all.py --selftest`
2026-09-26T13:10:20.4552865Z       stdout does NOT contain 'exact-ID failure routing over 127 steps' (declared expect_stdout_contains). First 120 chars of stdout: '  selftest (a): 146 registered step ID(s), each resolves to exactly one route ✓\n  selftest (b): unknown step ID refuses,'
2026-09-26T13:10:20.4554040Z   ✅ RAN WIRE-15 — `python3 knowledge/_probe_registry/_registry.py --run --probe P-3` → rc=77 (matches declared + OBSERVATION)
2026-09-26T13:10:20.4554654Z   ⛔ REFUSED [SIDE-EFFECTS] WIRE-18 — `python3 knowledge/_validate_evidence.py notes/_claims`
2026-09-26T13:10:20.4555223Z       a bare `python3` REWRITES its tracked audit output; #204 declared this exact stop. Only --check/--selftest/--dry-run forms are sampled
2026-09-26T13:10:20.4555958Z   ⛔ REFUSED [SIDE-EFFECTS] WIRE-19 — `python3 knowledge/_join_claim_tables.py notes/_claims/208-wave1-claims.jsonl notes/_claims/208-wave2`
2026-09-26T13:10:20.4556596Z       a bare `python3` REWRITES its tracked audit output; #204 declared this exact stop. Only --check/--selftest/--dry-run forms are sampled
2026-09-26T13:10:20.4557149Z   ⛔ OBSERVATION MISMATCH WIRE-20 — `python3 knowledge/_governs.py --selftest`
2026-09-26T13:10:20.4558225Z       stdout does NOT contain 'all bites green' (declared expect_stdout_contains). First 120 chars of stdout: '_governs: ⬛ DECLARED (#208) — ruling s202-D3 governs the BARE token `knowledge`, which is a real DIRECTORY. Before #208 '
2026-09-26T13:10:20.4559041Z   ⛔ RC MISMATCH WIRE-20 — `python3 knowledge/_governs.py --selftest` → rc=1, row declares rc=0
2026-09-26T13:10:20.4559552Z   ⛔ OBSERVATION MISMATCH WIRE-21 — `grep -c 'fetch-depth: 0' .github/workflows/gates.yml`
2026-09-26T13:10:20.4559908Z       expect_count=3 declared, command observed 4
2026-09-26T13:10:20.4560376Z   ✅ RAN WIRE-3 — `grep -c expect_stdout_contains knowledge/_claimtable.py` → rc=0 (matches declared + OBSERVATION)
2026-09-26T13:10:20.4560964Z   ✅ RAN WIRE-4 — `python3 knowledge/_validate_evidence.py --selftest` → rc=0 (matches declared + OBSERVATION)
2026-09-26T13:10:20.4561527Z   ✅ RAN WIRE-5 — `python3 knowledge/_validate_evidence.py --selftest` → rc=0 (matches declared + OBSERVATION)
2026-09-26T13:10:20.4562095Z   ✅ RAN WIRE-6 — `python3 knowledge/_validate_evidence.py --selftest` → rc=0 (matches declared + OBSERVATION)
2026-09-26T13:10:20.4562646Z   ✅ RAN WIRE-8 — `python3 knowledge/_validate_evidence.py --selftest` → rc=0 (matches declared + OBSERVATION)
2026-09-26T13:10:20.4563297Z   ⛔ REFUSED [SIDE-EFFECTS] WIRE-9 — `python3 knowledge/_validate_evidence.py notes/_claims/208-wave1-claims.jsonl notes/_claims/208-wave2`
2026-09-26T13:10:20.4563959Z       a bare `python3` REWRITES its tracked audit output; #204 declared this exact stop. Only --check/--selftest/--dry-run forms are sampled
2026-09-26T13:10:20.4564627Z ── DECLARED GAP: 8 of 20 sampled row(s) were NOT run. Refusal is the honest answer; none of them is counted as a pass.
2026-09-26T13:10:20.4565124Z ⛔ EVIDENCE GATE FAIL — 6 lint · 0 unparsed · 5 rc/observation mismatch
2026-09-26T13:10:20.4579312Z ##[error]Process completed with exit code 1.
2026-09-26T13:10:20.4605974Z ##[group]Run python3 knowledge/_gate_artefact_fresh.py --check
2026-09-26T13:10:20.4606357Z [36;1mpython3 knowledge/_gate_artefact_fresh.py --check[0m
2026-09-26T13:10:20.4660518Z shell: /usr/bin/bash -e {0}
2026-09-26T13:10:20.4660723Z env:
2026-09-26T13:10:20.4660944Z   pythonLocation: /opt/hostedtoolcache/Python/3.12.14/x64
2026-09-26T13:10:20.4661286Z   PKG_CONFIG_PATH: /opt/hostedtoolcache/Python/3.12.14/x64/lib/pkgconfig
2026-09-26T13:10:20.4661614Z   Python_ROOT_DIR: /opt/hostedtoolcache/Python/3.12.14/x64
2026-09-26T13:10:20.4661905Z   Python2_ROOT_DIR: /opt/hostedtoolcache/Python/3.12.14/x64
2026-09-26T13:10:20.4662188Z   Python3_ROOT_DIR: /opt/hostedtoolcache/Python/3.12.14/x64
2026-09-26T13:10:20.4662481Z   LD_LIBRARY_PATH: /opt/hostedtoolcache/Python/3.12.14/x64/lib
2026-09-26T13:10:20.4662732Z ##[endgroup]
2026-09-26T13:11:02.8234430Z artefact-freshness comparer (⬛ ADVISORY at birth, #221) — 7 declared row(s)
2026-09-26T13:11:02.8235284Z   method: snapshot -> run the writer -> compare -> RESTORE. The tree is byte-identical
2026-09-26T13:11:02.8236150Z   either side; the md5 line below is the receipt, not a promise.
2026-09-26T13:11:02.8236790Z   ✅ _validate_a11y.py                  FRESH          byte-identical (1 artefact(s))
2026-09-26T13:11:02.8237710Z   ⚠ _validate_advisory.py              STALE          _ADVISORY-SIGNALS.md: 255 line(s) -> 263 | - **143 file(s) scanned · 131 signal(s).** | - ## Footer.reference.html — 1 signal(s) | - ## Kpi-tile.refer
2026-09-26T13:11:02.8246384Z   ✅ _validate_theme_provenance.py      FRESH          byte-identical (1 artefact(s))
2026-09-26T13:11:02.8247750Z   ⚠ _build_integrity.py                STALE          _INTEGRITY-REPORT.md: 85 line(s) -> 85 | - - schema: relationships: Additional properties are not allowed ('composes', '$composes-ver | + - schema: re
2026-09-26T13:11:02.8248925Z   ⚠ _build_instrument_fit.py           STALE          _INSTRUMENT-FIT.md: 149 line(s) -> 154 | - | **UNDER-INSTRUMENTED** | 12 | a gate names it but sits BELOW the rung its property needs | - | **TOTAL** 
2026-09-26T13:11:02.8249623Z   ✅ _validate_radius.py                FRESH          byte-identical (1 artefact(s))
2026-09-26T13:11:02.8250043Z   ✅ _validate_no_hardcode.py           FRESH          byte-identical (1 artefact(s))
2026-09-26T13:11:02.8250403Z   tally: 4 FRESH · 3 STALE · 0 COULD-NOT-ASK
2026-09-26T13:11:02.8250785Z   ⚠ A STALE ROW IS A PUBLISHED REPORT THAT NO LONGER DESCRIBES THE TREE. It is not
2026-09-26T13:11:02.8251221Z     a build failure — the fix is to regenerate and commit the artefact, which is a
2026-09-26T13:11:02.8251586Z     REGENERATION and therefore obeys the ordered-serial rule (#210).
2026-09-26T13:11:02.8252017Z       · _validate_advisory.py -> _ADVISORY-SIGNALS.md   [L1: L1: 123 -> 130 signals]
2026-09-26T13:11:02.8252635Z       · _build_integrity.py -> _INTEGRITY-REPORT.md   [L1: L1: 19 -> 21 warnings, 1030 -> 1035 leaf tokens, 41 -> 42 groups; imports jsonschema]
2026-09-26T13:11:02.8253361Z       · _build_instrument_fit.py -> _INSTRUMENT-FIT.md, _instrument-fit.json   [L1: L1: adds the missing _validate_hidden_display.py row]
2026-09-26T13:11:02.8254005Z   ⬛ ADVISORY: exit 0 regardless of drift. Promotion to blocking is DAVE'S (#220-L1 ruling-shaped Q3).
2026-09-26T13:11:02.8320046Z ##[group]Run python3 knowledge/_gate_inline_style_parse.py --check
2026-09-26T13:11:02.8320428Z [36;1mpython3 knowledge/_gate_inline_style_parse.py --check[0m
2026-09-26T13:11:02.8375128Z shell: /usr/bin/bash -e {0}
2026-09-26T13:11:02.8375336Z env:
2026-09-26T13:11:02.8375551Z   pythonLocation: /opt/hostedtoolcache/Python/3.12.14/x64
2026-09-26T13:11:02.8375893Z   PKG_CONFIG_PATH: /opt/hostedtoolcache/Python/3.12.14/x64/lib/pkgconfig
2026-09-26T13:11:02.8376224Z   Python_ROOT_DIR: /opt/hostedtoolcache/Python/3.12.14/x64
2026-09-26T13:11:02.8376522Z   Python2_ROOT_DIR: /opt/hostedtoolcache/Python/3.12.14/x64
2026-09-26T13:11:02.8376815Z   Python3_ROOT_DIR: /opt/hostedtoolcache/Python/3.12.14/x64
2026-09-26T13:11:02.8377107Z   LD_LIBRARY_PATH: /opt/hostedtoolcache/Python/3.12.14/x64/lib
2026-09-26T13:11:02.8377569Z ##[endgroup]
2026-09-26T13:11:02.9540504Z inline-style parse gate (⬛ ADVISORY at birth, #221 — the #122 seed)
2026-09-26T13:11:02.9541152Z   reader: html.parser (stdlib) · population: 11 file(s) · scope: DEF-004's own property families
2026-09-26T13:11:02.9541835Z   259 style attribute(s) parsed · 0 hardcode finding(s) · 0 PARSER-ONLY (the regex is blind) · 1 REGEX-ONLY (the regex hallucinates)
2026-09-26T13:11:02.9542834Z   ⬛ REGEX-ONLY: Tranche-1-interactive.html — the tree's pattern reads this as a live style attribute; a parse of the static document does NOT. It is in a comment, a <script> string, or a text node: 'margin-top:var(--space-8)'
2026-09-26T13:11:02.9543598Z      ⚠ READ THIS CAREFULLY BEFORE ACTING ON IT — a REGEX-ONLY hit is not
2026-09-26T13:11:02.9543995Z        automatically the regex being wrong. The one on this tree today is inside a
2026-09-26T13:11:02.9544448Z        `card.innerHTML='…'` string, so the static parse is right about the DOCUMENT
2026-09-26T13:11:02.9545174Z        and the value is nonetheless real at RUNTIME. The honest conclusion is that
2026-09-26T13:11:02.9545569Z        NEITHER reader is authoritative over injected markup, and this gate reports
2026-09-26T13:11:02.9545973Z        the disagreement rather than picking a winner. [[measure-dont-convert-units]]
2026-09-26T13:11:02.9546582Z   ✅ every style attribute in the population parses, and every declaration in one is either untouched by DEF-004 or already a token.
2026-09-26T13:11:02.9547525Z   ⬛ ADVISORY: exit 0 regardless. This is ONE parser over the NARROWEST population where a parser would have caught a proved false green (#220-L1 finding 12).
2026-09-26T13:11:02.9548312Z   ⬛ Widening it to the other seven regex gates is PRICED, not built, and whether a non-stdlib CSS parser may enter the gate set is DAVE'S.
2026-09-26T13:11:02.9675287Z Post job cleanup.
2026-09-26T13:11:03.0349051Z [command]/usr/bin/git version
2026-09-26T13:11:03.0385064Z git version 2.55.0
2026-09-26T13:11:03.0414548Z Temporarily overriding HOME='/home/runner/work/_temp/adbaca21-743a-4ac2-b068-1260ae47c492' before making global git config changes
2026-09-26T13:11:03.0415538Z Adding repository directory to the temporary git global config as a safe directory
2026-09-26T13:11:03.0418629Z [command]/usr/bin/git config --global --add safe.directory /home/runner/work/UX-design/UX-design
2026-09-26T13:11:03.0447557Z Removing SSH command configuration
2026-09-26T13:11:03.0452795Z [command]/usr/bin/git config --local --name-only --get-regexp core\.sshCommand
2026-09-26T13:11:03.0483310Z [command]/usr/bin/git submodule foreach --recursive sh -c "git config --local --name-only --get-regexp 'core\.sshCommand' && git config --local --unset-all 'core.sshCommand' || :"
2026-09-26T13:11:03.0702809Z Removing HTTP extra header
2026-09-26T13:11:03.0707635Z [command]/usr/bin/git config --local --name-only --get-regexp http\.https\:\/\/github\.com\/\.extraheader
2026-09-26T13:11:03.0745286Z [command]/usr/bin/git submodule foreach --recursive sh -c "git config --local --name-only --get-regexp 'http\.https\:\/\/github\.com\/\.extraheader' && git config --local --unset-all 'http.https://github.com/.extraheader' || :"
2026-09-26T13:11:03.0971118Z Removing includeIf entries pointing to credentials config files
2026-09-26T13:11:03.0978513Z [command]/usr/bin/git config --local --name-only --get-regexp ^includeIf\.gitdir:
2026-09-26T13:11:03.1002938Z includeif.gitdir:/home/runner/work/UX-design/UX-design/.git.path
2026-09-26T13:11:03.1003604Z includeif.gitdir:/home/runner/work/UX-design/UX-design/.git/worktrees/*.path
2026-09-26T13:11:03.1004099Z includeif.gitdir:/github/workspace/.git.path
2026-09-26T13:11:03.1004498Z includeif.gitdir:/github/workspace/.git/worktrees/*.path
2026-09-26T13:11:03.1011883Z [command]/usr/bin/git config --local --get-all includeif.gitdir:/home/runner/work/UX-design/UX-design/.git.path
2026-09-26T13:11:03.1035467Z /home/runner/work/_temp/git-credentials-6a0f7a05-a2c3-4d87-b323-db0261184abc.config
2026-09-26T13:11:03.1046005Z [command]/usr/bin/git config --local --unset includeif.gitdir:/home/runner/work/UX-design/UX-design/.git.path /home/runner/work/_temp/git-credentials-6a0f7a05-a2c3-4d87-b323-db0261184abc.config
2026-09-26T13:11:03.1085544Z [command]/usr/bin/git config --local --get-all includeif.gitdir:/home/runner/work/UX-design/UX-design/.git/worktrees/*.path
2026-09-26T13:11:03.1109947Z /home/runner/work/_temp/git-credentials-6a0f7a05-a2c3-4d87-b323-db0261184abc.config
2026-09-26T13:11:03.1118387Z [command]/usr/bin/git config --local --unset includeif.gitdir:/home/runner/work/UX-design/UX-design/.git/worktrees/*.path /home/runner/work/_temp/git-credentials-6a0f7a05-a2c3-4d87-b323-db0261184abc.config
2026-09-26T13:11:03.1153629Z [command]/usr/bin/git config --local --get-all includeif.gitdir:/github/workspace/.git.path
2026-09-26T13:11:03.1175634Z /github/runner_temp/git-credentials-6a0f7a05-a2c3-4d87-b323-db0261184abc.config
2026-09-26T13:11:03.1182341Z [command]/usr/bin/git config --local --unset includeif.gitdir:/github/workspace/.git.path /github/runner_temp/git-credentials-6a0f7a05-a2c3-4d87-b323-db0261184abc.config
2026-09-26T13:11:03.1213924Z [command]/usr/bin/git config --local --get-all includeif.gitdir:/github/workspace/.git/worktrees/*.path
2026-09-26T13:11:03.1236190Z /github/runner_temp/git-credentials-6a0f7a05-a2c3-4d87-b323-db0261184abc.config
2026-09-26T13:11:03.1244313Z [command]/usr/bin/git config --local --unset includeif.gitdir:/github/workspace/.git/worktrees/*.path /github/runner_temp/git-credentials-6a0f7a05-a2c3-4d87-b323-db0261184abc.config
2026-09-26T13:11:03.1278775Z [command]/usr/bin/git submodule foreach --recursive git config --local --show-origin --name-only --get-regexp remote.origin.url
2026-09-26T13:11:03.1488344Z Removing credentials config '/home/runner/work/_temp/git-credentials-6a0f7a05-a2c3-4d87-b323-db0261184abc.config'
2026-09-26T13:11:03.1614531Z Cleaning up orphan processes
